sysctl: sysctl fmt -1 1024 1: Operation not permitted
sysctl: sysctl fmt -1 1024 1: Operation not permitted
python: 3.9.6 (default, Aug 25 2026, 21:26:21) 
[Clang 21.0.0 (clang-2100.3.34.2)]
executable: /Library/Developer/CommandLineTools/usr/bin/python3
platform: macOS-26.6.2-arm64-arm-64bit
machine: arm64
processor: arm
system: Darwin 25.6.0
torch: not importable: ModuleNotFoundError No module named 'torch'
disk_free_bytes: 767987326976
disk_free_gb: 715.24
vm_stat:
Mach Virtual Memory Statistics: (page size of 16384 bytes)
Pages free:                                    35653.
Pages active:                                 357157.
Pages inactive:                               357720.
Pages speculative:                               804.
Pages throttled:                                   0.
Pages wired down:                             180494.
Pages purgeable:                               20540.
"Translation faults":                     1579975609.
Pages copy-on-write:                        75315029.
Pages zero filled:                        1446192720.
Pages reactivated:                          93126077.
Pages purged:                               35711118.
File-backed pages:                            254951.
Anonymous pages:                              460730.
Pages stored in compressor:                  1644697.
Pages occupied by compressor:                 584924.
Decompressions:                             58871107.
Compressions:                               83440355.
Pageins:                                    61801872.
Pageouts:                                     978510.
Swapins:                                     1091923.
Swapouts:                                    1874399.

ram_probe_error: Command '['pagesize']' returned non-zero exit status 1.
sysctl_error: Command '['sysctl', '-n', 'hw.memsize']' returned non-zero exit status 1.
cwd: /Users/atharv.raotole/Desktop/RAG-WEEK6
uname: uname_result(system='Darwin', node='US-MAC-FDE16.local', release='25.6.0', version='Darwin Kernel Version 25.6.0: Fri Jul 31 19:16:20 PDT 2026; root:xnu-12377.161.14~5/RELEASE_ARM64_T8142', machine='arm64')
ab82d31458879b62fb1fee91a1e5988323819374
## harden/reading-room
 D hybrid_rag_pipeline_ae2a0b9e.plan.md
?? .cursor/
?? VERIFICATION_PROMPT.md
?? docs/verification/
Darwin US-MAC-FDE16.local 25.6.0 Darwin Kernel Version 25.6.0: Fri Jul 31 19:16:20 PDT 2026; root:xnu-12377.161.14~5/RELEASE_ARM64_T8142 arm64
Filesystem        Size    Used   Avail Capacity iused ifree %iused  Mounted on
/dev/disk3s1s1   926Gi    12Gi   715Gi     2%    459k  4.3G    0%   /
sysctl: sysctl fmt -1 1024 1: Operation not permitted
n/a
Mach Virtual Memory Statistics: (page size of 16384 bytes)
Pages free:                                    35673.
Pages active:                                 356529.
Pages inactive:                               357378.
Pages speculative:                               827.
Pages throttled:                                   0.
Pages wired down:                             180960.
Pages purgeable:                               20549.
"Translation faults":                     1579986840.
Pages copy-on-write:                        75316736.
Pages zero filled:                        1446195827.
Pages reactivated:                          93126077.
Pages purged:                               35711118.
File-backed pages:                            254980.
Anonymous pages:                              459754.
Pages stored in compressor:                  1644679.
Pages occupied by compressor:                 584917.
Decompressions:                             58871125.
Compressions:                               83440355.
Pageins:                                    61801929.
Pageouts:                                     978510.
Swapins:                                     1091927.
Swapouts:                                    1874399.
sysctl: sysctl fmt -1 1024 1: Operation not permitted
hw.memsize_bytes: 25769803776
hw.memsize_gb: 24.0
hw.ncpu: 10
pagesize: 16384
docker: Docker version 29.8.0, build 88096ef
docker_compose: Docker Compose version v5.4.0
node: MISSING
npm: MISSING
project_venv_python: Python 3.11.16
