=== docker compose down ===
Tue Sep 22 15:29:19 EDT 2026
 Container rag-week6-web-1 Stopping 
 Container rag-week6-web-1 Stopped 
 Container rag-week6-web-1 Removing 
 Container rag-week6-web-1 Removed 
 Container rag-week6-api-1 Stopping 
 Container rag-week6-api-1 Stopped 
 Container rag-week6-api-1 Removing 
 Container rag-week6-api-1 Removed 
 Network rag-week6_default Removing 
 Network rag-week6_default Removed 
down_exit=0
{"status":"ok"}llama_ok
=== docker compose up --build (detached) ===
 Image rag-week6-api Building 
 Image rag-week6-web Building 
#1 [internal] load local bake definitions
#1 reading from stdin 965B done
#1 DONE 0.0s

#2 [api internal] load build definition from Dockerfile
#2 transferring dockerfile: 705B done
#2 DONE 0.0s

#3 [web internal] load build definition from Dockerfile
#3 transferring dockerfile: 261B done
#3 DONE 0.0s

#4 [web internal] load metadata for docker.io/library/nginx:alpine
#4 ...

#5 [web internal] load metadata for docker.io/library/node:22-alpine
#5 DONE 0.6s

#6 [api internal] load metadata for docker.io/library/python:3.11-slim-bookworm
#6 DONE 0.6s

#7 [api internal] load .dockerignore
#7 transferring context: 147B done
#7 DONE 0.0s

#4 [web internal] load metadata for docker.io/library/nginx:alpine
#4 DONE 0.6s

#8 [web internal] load .dockerignore
#8 transferring context: 58B done
#8 DONE 0.0s

#9 [api  1/10] FROM docker.io/library/python:3.11-slim-bookworm@sha256:a36c24f9cbdf4fd0f52d67f0823eeac19c2028c637cecc392d97f980d4fec56b
#9 resolve docker.io/library/python:3.11-slim-bookworm@sha256:a36c24f9cbdf4fd0f52d67f0823eeac19c2028c637cecc392d97f980d4fec56b 0.0s done
#9 DONE 0.0s

#10 [web build 1/6] FROM docker.io/library/node:22-alpine@sha256:b6f26b36c8ff49624cfdac716b8ea1138d606df02586a77d364bb5536a634f85
#10 resolve docker.io/library/node:22-alpine@sha256:b6f26b36c8ff49624cfdac716b8ea1138d606df02586a77d364bb5536a634f85 done
#10 DONE 0.0s

#11 [web stage-1 1/3] FROM docker.io/library/nginx:alpine@sha256:62ff2089abf5a9ed33bd232895bef5e22f7bb4b200675cec49a5ebc48e3d4ac8
#11 resolve docker.io/library/nginx:alpine@sha256:62ff2089abf5a9ed33bd232895bef5e22f7bb4b200675cec49a5ebc48e3d4ac8 done
#11 DONE 0.0s

#12 [web internal] load build context
#12 transferring context: 111.08kB done
#12 DONE 0.0s

#13 [web build 2/6] WORKDIR /web
#13 CACHED

#14 [api internal] load build context
#14 transferring context: 449.33kB 0.0s done
#14 DONE 0.0s

#15 [api  2/10] WORKDIR /app
#15 CACHED

#16 [api  3/10] RUN apt-get update && apt-get install -y --no-install-recommends build-essential     && rm -rf /var/lib/apt/lists/*
#16 CACHED

#17 [api  4/10] COPY pyproject.toml .
#17 DONE 0.0s

#18 [web build 3/6] COPY package.json ./
#18 DONE 0.0s

#19 [api  5/10] COPY src ./src
#19 DONE 0.0s

#20 [api  6/10] COPY documents ./documents
#20 DONE 0.0s

#21 [web build 4/6] RUN npm install
#21 ...

#22 [api  7/10] COPY evals ./evals
#22 DONE 0.0s

#23 [api  8/10] RUN pip install --no-cache-dir .
#23 0.739 Processing /app
#23 0.741   Installing build dependencies: started
#23 2.219   Installing build dependencies: finished with status 'done'
#23 2.220   Getting requirements to build wheel: started
#23 2.425   Getting requirements to build wheel: finished with status 'done'
#23 2.426   Preparing metadata (pyproject.toml): started
#23 2.668   Preparing metadata (pyproject.toml): finished with status 'done'
#23 3.041 Collecting numpy>=1.26.0 (from rag==0.1.0)
#23 3.165   Downloading numpy-2.4.6-cp311-cp311-manylinux_2_27_aarch64.manylinux_2_28_aarch64.whl.metadata (6.6 kB)
#23 3.190 Collecting sentence-transformers>=3.0.0 (from rag==0.1.0)
#23 3.204   Downloading sentence_transformers-6.1.0-py3-none-any.whl.metadata (20 kB)
#23 3.249 Collecting pdfplumber>=0.11.0 (from rag==0.1.0)
#23 3.284   Downloading pdfplumber-0.11.10-py3-none-any.whl.metadata (43 kB)
#23 3.306      ━━━━━━━━━━━━━━━━━━━━━━━━━━━━━━━━━━━━━━━━ 43.7/43.7 kB 1.9 MB/s eta 0:00:00
#23 3.344 Collecting python-docx>=1.1.0 (from rag==0.1.0)
#23 3.364   Downloading python_docx-1.2.0-py3-none-any.whl.metadata (2.0 kB)
#23 3.423 Collecting fastapi>=0.115.0 (from rag==0.1.0)
#23 3.433   Downloading fastapi-0.141.1-py3-none-any.whl.metadata (27 kB)
#23 3.471 Collecting uvicorn>=0.32.0 (from rag==0.1.0)
#23 3.488   Downloading uvicorn-0.53.0-py3-none-any.whl.metadata (6.6 kB)
#23 3.535 Collecting starlette>=0.46.0 (from fastapi>=0.115.0->rag==0.1.0)
#23 3.554   Downloading starlette-1.6.0-py3-none-any.whl.metadata (6.4 kB)
#23 3.667 Collecting pydantic>=2.9.0 (from fastapi>=0.115.0->rag==0.1.0)
#23 3.687   Downloading pydantic-2.13.5-py3-none-any.whl.metadata (110 kB)
#23 3.705      ━━━━━━━━━━━━━━━━━━━━━━━━━━━━━━━━━━━━━━━ 110.2/110.2 kB 6.1 MB/s eta 0:00:00
#23 3.728 Collecting typing-extensions>=4.8.0 (from fastapi>=0.115.0->rag==0.1.0)
#23 3.761   Downloading typing_extensions-4.16.0-py3-none-any.whl.metadata (3.3 kB)
#23 3.819 Collecting typing-inspection>=0.4.2 (from fastapi>=0.115.0->rag==0.1.0)
#23 3.865   Downloading typing_inspection-0.4.4-py3-none-any.whl.metadata (2.6 kB)
#23 3.898 Collecting annotated-doc>=0.0.2 (from fastapi>=0.115.0->rag==0.1.0)
#23 3.917   Downloading annotated_doc-0.0.5-py3-none-any.whl.metadata (6.5 kB)
#23 3.944 Collecting pdfminer.six==20260107 (from pdfplumber>=0.11.0->rag==0.1.0)
#23 3.964   Downloading pdfminer_six-20260107-py3-none-any.whl.metadata (4.3 kB)
#23 4.072 Collecting Pillow>=12.2.0 (from pdfplumber>=0.11.0->rag==0.1.0)
#23 4.090   Downloading pillow-12.3.0-cp311-cp311-manylinux_2_27_aarch64.manylinux_2_28_aarch64.whl.metadata (9.1 kB)
#23 4.170 Collecting pypdfium2>=5.9.0 (from pdfplumber>=0.11.0->rag==0.1.0)
#23 4.184   Downloading pypdfium2-5.13.0-py3-none-manylinux_2_17_aarch64.manylinux2014_aarch64.whl.metadata (66 kB)
#23 4.190      ━━━━━━━━━━━━━━━━━━━━━━━━━━━━━━━━━━━━━━━━ 66.5/66.5 kB 9.3 MB/s eta 0:00:00
#23 4.283 Collecting charset-normalizer>=2.0.0 (from pdfminer.six==20260107->pdfplumber>=0.11.0->rag==0.1.0)
#23 4.293   Downloading charset_normalizer-3.5.1-cp311-cp311-manylinux2014_aarch64.manylinux_2_17_aarch64.manylinux_2_28_aarch64.whl.metadata (45 kB)
#23 4.295      ━━━━━━━━━━━━━━━━━━━━━━━━━━━━━━━━━━━━━━━━ 45.9/45.9 kB 27.8 MB/s eta 0:00:00
#23 4.453 Collecting cryptography>=36.0.0 (from pdfminer.six==20260107->pdfplumber>=0.11.0->rag==0.1.0)
#23 4.482   Downloading cryptography-50.0.1-cp311-abi3-manylinux_2_34_aarch64.whl.metadata (4.3 kB)
#23 4.688 Collecting lxml>=3.1.0 (from python-docx>=1.1.0->rag==0.1.0)
#23 4.738   Downloading lxml-6.1.3-cp311-cp311-manylinux_2_26_aarch64.manylinux_2_28_aarch64.whl.metadata (3.3 kB)
#23 4.784 Collecting transformers<6.0.0,>=5.0.0 (from sentence-transformers>=3.0.0->rag==0.1.0)
#23 4.807   Downloading transformers-5.17.0-py3-none-any.whl.metadata (32 kB)
#23 5.019 Collecting tokenizers>=0.19 (from sentence-transformers>=3.0.0->rag==0.1.0)
#23 5.082   Downloading tokenizers-0.23.2-cp310-abi3-manylinux_2_17_aarch64.manylinux2014_aarch64.whl.metadata (9.8 kB)
#23 5.153 Collecting huggingface-hub<2.0.0,>=1.3.0 (from sentence-transformers>=3.0.0->rag==0.1.0)
#23 5.165   Downloading huggingface_hub-1.32.0-py3-none-any.whl.metadata (16 kB)
#23 5.237 Collecting torch>=2.2 (from sentence-transformers>=3.0.0->rag==0.1.0)
#23 5.302   Downloading torch-2.14.0-cp311-cp311-manylinux_2_28_aarch64.whl.metadata (37 kB)
#23 5.368 Collecting scikit-learn>=1.1.0 (from sentence-transformers>=3.0.0->rag==0.1.0)
#23 5.381   Downloading scikit_learn-1.9.1-cp311-cp311-manylinux_2_27_aarch64.manylinux_2_28_aarch64.whl.metadata (9.3 kB)
#23 5.450 Collecting scipy>=1.0.0 (from sentence-transformers>=3.0.0->rag==0.1.0)
#23 5.462   Downloading scipy-1.17.1-cp311-cp311-manylinux_2_27_aarch64.manylinux_2_28_aarch64.whl.metadata (62 kB)
#23 5.464      ━━━━━━━━━━━━━━━━━━━━━━━━━━━━━━━━━━━━━━━━ 62.1/62.1 kB 71.4 MB/s eta 0:00:00
#23 5.513 Collecting tqdm>=4.0.0 (from sentence-transformers>=3.0.0->rag==0.1.0)
#23 5.522   Downloading tqdm-4.70.1-py3-none-any.whl.metadata (57 kB)
#23 5.524      ━━━━━━━━━━━━━━━━━━━━━━━━━━━━━━━━━━━━━━━━ 57.4/57.4 kB 40.6 MB/s eta 0:00:00
#23 5.544 Collecting click>=7.0 (from uvicorn>=0.32.0->rag==0.1.0)
#23 5.571   Downloading click-8.5.0-py3-none-any.whl.metadata (2.6 kB)
#23 5.585 Collecting h11>=0.8 (from uvicorn>=0.32.0->rag==0.1.0)
#23 5.596   Downloading h11-0.16.0-py3-none-any.whl.metadata (8.3 kB)
#23 5.669 Collecting filelock>=3.10.0 (from huggingface-hub<2.0.0,>=1.3.0->sentence-transformers>=3.0.0->rag==0.1.0)
#23 5.683   Downloading filelock-4.0.1-py3-none-any.whl.metadata (2.0 kB)
#23 5.721 Collecting fsspec>=2023.5.0 (from huggingface-hub<2.0.0,>=1.3.0->sentence-transformers>=3.0.0->rag==0.1.0)
#23 5.733   Downloading fsspec-2026.9.0-py3-none-any.whl.metadata (10 kB)
#23 5.796 Collecting hf-xet<2.0.0,>=1.5.2 (from huggingface-hub<2.0.0,>=1.3.0->sentence-transformers>=3.0.0->rag==0.1.0)
#23 5.822   Downloading hf_xet-1.6.0-cp38-abi3-manylinux_2_28_aarch64.whl.metadata (4.9 kB)
#23 5.842 Collecting httpx<1,>=0.23.0 (from huggingface-hub<2.0.0,>=1.3.0->sentence-transformers>=3.0.0->rag==0.1.0)
#23 5.873   Downloading httpx-0.28.1-py3-none-any.whl.metadata (7.1 kB)
#23 5.875 Requirement already satisfied: packaging>=20.9 in /usr/local/lib/python3.11/site-packages (from huggingface-hub<2.0.0,>=1.3.0->sentence-transformers>=3.0.0->rag==0.1.0) (26.3)
#23 5.902 Collecting pyyaml>=5.1 (from huggingface-hub<2.0.0,>=1.3.0->sentence-transformers>=3.0.0->rag==0.1.0)
#23 5.919   Downloading pyyaml-6.0.3-cp311-cp311-manylinux2014_aarch64.manylinux_2_17_aarch64.manylinux_2_28_aarch64.whl.metadata (2.4 kB)
#23 5.980 Collecting annotated-types>=0.6.0 (from pydantic>=2.9.0->fastapi>=0.115.0->rag==0.1.0)
#23 5.991   Downloading annotated_types-0.8.0-py3-none-any.whl.metadata (15 kB)
#23 6.336 Collecting pydantic-core==2.46.5 (from pydantic>=2.9.0->fastapi>=0.115.0->rag==0.1.0)
#23 6.351   Downloading pydantic_core-2.46.5-cp311-cp311-manylinux_2_17_aarch64.manylinux2014_aarch64.whl.metadata (6.6 kB)
#23 6.380 Collecting joblib>=1.4.0 (from scikit-learn>=1.1.0->sentence-transformers>=3.0.0->rag==0.1.0)
#23 6.391   Downloading joblib-1.6.0-py3-none-any.whl.metadata (6.5 kB)
#23 6.428 Collecting narwhals>=2.0.1 (from scikit-learn>=1.1.0->sentence-transformers>=3.0.0->rag==0.1.0)
#23 6.439   Downloading narwhals-2.26.0-py3-none-any.whl.metadata (15 kB)
#23 6.512 Collecting threadpoolctl>=3.5.0 (from scikit-learn>=1.1.0->sentence-transformers>=3.0.0->rag==0.1.0)
#23 6.576   Downloading threadpoolctl-3.7.0-py3-none-any.whl.metadata (24 kB)
#23 6.619 Collecting anyio<5,>=3.6.2 (from starlette>=0.46.0->fastapi>=0.115.0->rag==0.1.0)
#23 6.645   Downloading anyio-4.15.1-py3-none-any.whl.metadata (4.7 kB)
#23 6.664 Requirement already satisfied: setuptools>=77.0.3 in /usr/local/lib/python3.11/site-packages (from torch>=2.2->sentence-transformers>=3.0.0->rag==0.1.0) (79.0.1)
#23 6.698 Collecting sympy>=1.13.3 (from torch>=2.2->sentence-transformers>=3.0.0->rag==0.1.0)
#23 6.709   Downloading sympy-1.14.0-py3-none-any.whl.metadata (12 kB)
#23 6.733 Collecting networkx>=2.5.1 (from torch>=2.2->sentence-transformers>=3.0.0->rag==0.1.0)
#23 6.748   Downloading networkx-3.6.1-py3-none-any.whl.metadata (6.8 kB)
#23 6.766 Collecting jinja2 (from torch>=2.2->sentence-transformers>=3.0.0->rag==0.1.0)
#23 6.775   Downloading jinja2-3.1.6-py3-none-any.whl.metadata (2.9 kB)
#23 6.791 Collecting cuda-toolkit==13.0.3 (from cuda-toolkit[cublas,cudart,cufft,cufile,cupti,curand,cusolver,cusparse,nvjitlink,nvrtc,nvtx]==13.0.3; platform_system == "Linux"->torch>=2.2->sentence-transformers>=3.0.0->rag==0.1.0)
#23 6.800   Downloading cuda_toolkit-13.0.3.0-py2.py3-none-any.whl.metadata (17 kB)
#23 6.825 Collecting cuda-bindings<14,>=13.0.3 (from torch>=2.2->sentence-transformers>=3.0.0->rag==0.1.0)
#23 6.836   Downloading cuda_bindings-13.4.2-cp311-cp311-manylinux_2_24_aarch64.manylinux_2_28_aarch64.whl.metadata (2.4 kB)
#23 6.861 Collecting nvidia-cudnn-cu13==9.24.0.43 (from torch>=2.2->sentence-transformers>=3.0.0->rag==0.1.0)
#23 6.872   Downloading nvidia_cudnn_cu13-9.24.0.43-py3-none-manylinux_2_27_aarch64.whl.metadata (1.9 kB)
#23 6.895 Collecting nvidia-cusparselt-cu13==0.8.1 (from torch>=2.2->sentence-transformers>=3.0.0->rag==0.1.0)
#23 6.911   Downloading nvidia_cusparselt_cu13-0.8.1-py3-none-manylinux2014_aarch64.whl.metadata (12 kB)
#23 6.930 Collecting nvidia-nccl-cu13==2.30.7 (from torch>=2.2->sentence-transformers>=3.0.0->rag==0.1.0)
#23 6.942   Downloading nvidia_nccl_cu13-2.30.7-py3-none-manylinux_2_18_aarch64.whl.metadata (2.1 kB)
#23 6.957 Collecting nvidia-nvshmem-cu13==3.4.5 (from torch>=2.2->sentence-transformers>=3.0.0->rag==0.1.0)
#23 6.970   Downloading nvidia_nvshmem_cu13-3.4.5-py3-none-manylinux2014_aarch64.manylinux_2_17_aarch64.whl.metadata (2.1 kB)
#23 7.002 Collecting triton~=3.8.0 (from torch>=2.2->sentence-transformers>=3.0.0->rag==0.1.0)
#23 7.012   Downloading triton-3.8.0-cp311-cp311-manylinux_2_27_aarch64.manylinux_2_28_aarch64.whl.metadata (978 bytes)
#23 7.140 Collecting nvidia-cublas==13.1.1.3.* (from cuda-toolkit[cublas,cudart,cufft,cufile,cupti,curand,cusolver,cusparse,nvjitlink,nvrtc,nvtx]==13.0.3; platform_system == "Linux"->torch>=2.2->sentence-transformers>=3.0.0->rag==0.1.0)
#23 7.151   Downloading nvidia_cublas-13.1.1.3-py3-none-manylinux_2_27_aarch64.whl.metadata (1.8 kB)
#23 7.169 Collecting nvidia-cuda-nvrtc==13.0.88.* (from cuda-toolkit[cublas,cudart,cufft,cufile,cupti,curand,cusolver,cusparse,nvjitlink,nvrtc,nvtx]==13.0.3; platform_system == "Linux"->torch>=2.2->sentence-transformers>=3.0.0->rag==0.1.0)
#23 7.180   Downloading nvidia_cuda_nvrtc-13.0.88-py3-none-manylinux2014_aarch64.manylinux_2_17_aarch64.whl.metadata (1.7 kB)
#23 7.220 Collecting nvidia-cuda-runtime==13.0.96.* (from cuda-toolkit[cublas,cudart,cufft,cufile,cupti,curand,cusolver,cusparse,nvjitlink,nvrtc,nvtx]==13.0.3; platform_system == "Linux"->torch>=2.2->sentence-transformers>=3.0.0->rag==0.1.0)
#23 7.232   Downloading nvidia_cuda_runtime-13.0.96-py3-none-manylinux2014_aarch64.manylinux_2_17_aarch64.whl.metadata (1.7 kB)
#23 7.246 Collecting nvidia-cufft==12.0.0.61.* (from cuda-toolkit[cublas,cudart,cufft,cufile,cupti,curand,cusolver,cusparse,nvjitlink,nvrtc,nvtx]==13.0.3; platform_system == "Linux"->torch>=2.2->sentence-transformers>=3.0.0->rag==0.1.0)
#23 7.257   Downloading nvidia_cufft-12.0.0.61-py3-none-manylinux2014_aarch64.manylinux_2_17_aarch64.whl.metadata (1.8 kB)
#23 7.270 Collecting nvidia-nvjitlink<14,>=13.0.88 (from cuda-toolkit[cublas,cudart,cufft,cufile,cupti,curand,cusolver,cusparse,nvjitlink,nvrtc,nvtx]==13.0.3; platform_system == "Linux"->torch>=2.2->sentence-transformers>=3.0.0->rag==0.1.0)
#23 7.281   Downloading nvidia_nvjitlink-13.4.92-py3-none-manylinux2014_aarch64.manylinux_2_17_aarch64.whl.metadata (1.8 kB)
#23 7.299 Collecting nvidia-cufile==1.15.1.6.* (from cuda-toolkit[cublas,cudart,cufft,cufile,cupti,curand,cusolver,cusparse,nvjitlink,nvrtc,nvtx]==13.0.3; platform_system == "Linux"->torch>=2.2->sentence-transformers>=3.0.0->rag==0.1.0)
#23 7.307   Downloading nvidia_cufile-1.15.1.6-py3-none-manylinux_2_27_aarch64.whl.metadata (1.7 kB)
#23 7.321 Collecting nvidia-cuda-cupti==13.0.85.* (from cuda-toolkit[cublas,cudart,cufft,cufile,cupti,curand,cusolver,cusparse,nvjitlink,nvrtc,nvtx]==13.0.3; platform_system == "Linux"->torch>=2.2->sentence-transformers>=3.0.0->rag==0.1.0)
#23 7.333   Downloading nvidia_cuda_cupti-13.0.85-py3-none-manylinux_2_25_aarch64.whl.metadata (1.7 kB)
#23 7.361 Collecting nvidia-curand==10.4.0.35.* (from cuda-toolkit[cublas,cudart,cufft,cufile,cupti,curand,cusolver,cusparse,nvjitlink,nvrtc,nvtx]==13.0.3; platform_system == "Linux"->torch>=2.2->sentence-transformers>=3.0.0->rag==0.1.0)
#23 7.391   Downloading nvidia_curand-10.4.0.35-py3-none-manylinux_2_27_aarch64.whl.metadata (1.7 kB)
#23 7.409 Collecting nvidia-cusolver==12.0.4.66.* (from cuda-toolkit[cublas,cudart,cufft,cufile,cupti,curand,cusolver,cusparse,nvjitlink,nvrtc,nvtx]==13.0.3; platform_system == "Linux"->torch>=2.2->sentence-transformers>=3.0.0->rag==0.1.0)
#23 7.424   Downloading nvidia_cusolver-12.0.4.66-py3-none-manylinux_2_27_aarch64.whl.metadata (1.8 kB)
#23 7.441 Collecting nvidia-cusparse==12.6.3.3.* (from cuda-toolkit[cublas,cudart,cufft,cufile,cupti,curand,cusolver,cusparse,nvjitlink,nvrtc,nvtx]==13.0.3; platform_system == "Linux"->torch>=2.2->sentence-transformers>=3.0.0->rag==0.1.0)
#23 7.449   Downloading nvidia_cusparse-12.6.3.3-py3-none-manylinux2014_aarch64.manylinux_2_17_aarch64.whl.metadata (1.8 kB)
#23 7.464 Collecting nvidia-nvtx==13.0.85.* (from cuda-toolkit[cublas,cudart,cufft,cufile,cupti,curand,cusolver,cusparse,nvjitlink,nvrtc,nvtx]==13.0.3; platform_system == "Linux"->torch>=2.2->sentence-transformers>=3.0.0->rag==0.1.0)
#23 7.473   Downloading nvidia_nvtx-13.0.85-py3-none-manylinux2014_aarch64.manylinux_2_17_aarch64.whl.metadata (1.8 kB)
#23 7.827 Collecting regex>=2025.10.22 (from transformers<6.0.0,>=5.0.0->sentence-transformers>=3.0.0->rag==0.1.0)
#23 7.849   Downloading regex-2026.9.10-cp311-cp311-manylinux2014_aarch64.manylinux_2_17_aarch64.manylinux_2_28_aarch64.whl.metadata (40 kB)
#23 7.850      ━━━━━━━━━━━━━━━━━━━━━━━━━━━━━━━━━━━━━━━ 40.6/40.6 kB 633.4 MB/s eta 0:00:00
#23 7.877 Collecting typer (from transformers<6.0.0,>=5.0.0->sentence-transformers>=3.0.0->rag==0.1.0)
#23 7.883   Downloading typer-0.27.2-py3-none-any.whl.metadata (16 kB)
#23 7.955 Collecting safetensors>=0.8.0 (from transformers<6.0.0,>=5.0.0->sentence-transformers>=3.0.0->rag==0.1.0)
#23 8.023   Downloading safetensors-0.8.0-cp310-abi3-manylinux_2_17_aarch64.manylinux2014_aarch64.whl.metadata (4.2 kB)
#23 8.057 Collecting idna>=2.8 (from anyio<5,>=3.6.2->starlette>=0.46.0->fastapi>=0.115.0->rag==0.1.0)
#23 8.067   Downloading idna-3.20-py3-none-any.whl.metadata (7.2 kB)
#23 8.134 Collecting cffi>=2.0.0 (from cryptography>=36.0.0->pdfminer.six==20260107->pdfplumber>=0.11.0->rag==0.1.0)
#23 8.166   Downloading cffi-2.1.1-cp311-cp311-manylinux2014_aarch64.manylinux_2_17_aarch64.whl.metadata (2.5 kB)
#23 8.186 Collecting cuda-pathfinder>=1.4.2 (from cuda-bindings<14,>=13.0.3->torch>=2.2->sentence-transformers>=3.0.0->rag==0.1.0)
#23 8.194   Downloading cuda_pathfinder-1.8.2-py3-none-any.whl.metadata (1.9 kB)
#23 8.245 Collecting certifi (from httpx<1,>=0.23.0->huggingface-hub<2.0.0,>=1.3.0->sentence-transformers>=3.0.0->rag==0.1.0)
#23 8.258   Downloading certifi-2026.7.22-py3-none-any.whl.metadata (2.5 kB)
#23 8.272 Collecting httpcore==1.* (from httpx<1,>=0.23.0->huggingface-hub<2.0.0,>=1.3.0->sentence-transformers>=3.0.0->rag==0.1.0)
#23 8.285   Downloading httpcore-1.0.9-py3-none-any.whl.metadata (21 kB)
#23 8.309 Collecting cloudpickle>=3.0 (from joblib>=1.4.0->scikit-learn>=1.1.0->sentence-transformers>=3.0.0->rag==0.1.0)
#23 8.321   Downloading cloudpickle-3.1.2-py3-none-any.whl.metadata (7.1 kB)
#23 8.386 Collecting mpmath<1.4,>=1.1.0 (from sympy>=1.13.3->torch>=2.2->sentence-transformers>=3.0.0->rag==0.1.0)
#23 8.402   Downloading mpmath-1.3.0-py3-none-any.whl.metadata (8.6 kB)
#23 8.444 Collecting MarkupSafe>=2.0 (from jinja2->torch>=2.2->sentence-transformers>=3.0.0->rag==0.1.0)
#23 8.458   Downloading markupsafe-3.0.3-cp311-cp311-manylinux2014_aarch64.manylinux_2_17_aarch64.manylinux_2_28_aarch64.whl.metadata (2.7 kB)
#23 8.474 Collecting shellingham>=1.3.0 (from typer->transformers<6.0.0,>=5.0.0->sentence-transformers>=3.0.0->rag==0.1.0)
#23 8.483   Downloading shellingham-1.5.4-py2.py3-none-any.whl.metadata (3.5 kB)
#23 8.511 Collecting rich>=13.8.0 (from typer->transformers<6.0.0,>=5.0.0->sentence-transformers>=3.0.0->rag==0.1.0)
#23 8.528   Downloading rich-15.0.0-py3-none-any.whl.metadata (18 kB)
#23 8.558 Collecting pycparser (from cffi>=2.0.0->cryptography>=36.0.0->pdfminer.six==20260107->pdfplumber>=0.11.0->rag==0.1.0)
#23 8.578   Downloading pycparser-3.0-py3-none-any.whl.metadata (8.2 kB)
#23 8.626 Collecting markdown-it-py>=2.2.0 (from rich>=13.8.0->typer->transformers<6.0.0,>=5.0.0->sentence-transformers>=3.0.0->rag==0.1.0)
#23 8.647   Downloading markdown_it_py-4.2.0-py3-none-any.whl.metadata (7.4 kB)
#23 8.664 Collecting pygments<3.0.0,>=2.13.0 (from rich>=13.8.0->typer->transformers<6.0.0,>=5.0.0->sentence-transformers>=3.0.0->rag==0.1.0)
#23 8.683   Downloading pygments-2.21.0-py3-none-any.whl.metadata (2.5 kB)
#23 8.729 Collecting mdurl~=0.1 (from markdown-it-py>=2.2.0->rich>=13.8.0->typer->transformers<6.0.0,>=5.0.0->sentence-transformers>=3.0.0->rag==0.1.0)
#23 8.738   Downloading mdurl-0.1.2-py3-none-any.whl.metadata (1.6 kB)
#23 8.764 Downloading fastapi-0.141.1-py3-none-any.whl (131 kB)
#23 8.782    ━━━━━━━━━━━━━━━━━━━━━━━━━━━━━━━━━━━━━━━━ 132.0/132.0 kB 8.2 MB/s eta 0:00:00
#23 8.798 Downloading numpy-2.4.6-cp311-cp311-manylinux_2_27_aarch64.manylinux_2_28_aarch64.whl (16.0 MB)
#23 9.812    ━━━━━━━━━━━━━━━━━━━━━━━━━━━━━━━━━━━━━━━━ 16.0/16.0 MB 16.1 MB/s eta 0:00:00
#23 9.932 Downloading pdfplumber-0.11.10-py3-none-any.whl (60 kB)
#23 9.963    ━━━━━━━━━━━━━━━━━━━━━━━━━━━━━━━━━━━━━━━━ 60.0/60.0 kB 1.7 MB/s eta 0:00:00
#23 10.07 Downloading pdfminer_six-20260107-py3-none-any.whl (6.6 MB)
#23 10.37    ━━━━━━━━━━━━━━━━━━━━━━━━━━━━━━━━━━━━━━━━ 6.6/6.6 MB 22.5 MB/s eta 0:00:00
#23 10.39 Downloading python_docx-1.2.0-py3-none-any.whl (252 kB)
#23 10.40    ━━━━━━━━━━━━━━━━━━━━━━━━━━━━━━━━━━━━━━━━ 253.0/253.0 kB 23.1 MB/s eta 0:00:00
#23 10.41 Downloading sentence_transformers-6.1.0-py3-none-any.whl (740 kB)
#23 10.44    ━━━━━━━━━━━━━━━━━━━━━━━━━━━━━━━━━━━━━━━━ 740.6/740.6 kB 26.0 MB/s eta 0:00:00
#23 10.45 Downloading uvicorn-0.53.0-py3-none-any.whl (87 kB)
#23 10.48    ━━━━━━━━━━━━━━━━━━━━━━━━━━━━━━━━━━━━━━━━ 87.1/87.1 kB 2.8 MB/s eta 0:00:00
#23 10.49 Downloading annotated_doc-0.0.5-py3-none-any.whl (5.3 kB)
#23 10.51 Downloading click-8.5.0-py3-none-any.whl (125 kB)
#23 10.51    ━━━━━━━━━━━━━━━━━━━━━━━━━━━━━━━━━━━━━━━━ 125.3/125.3 kB 15.2 MB/s eta 0:00:00
#23 10.53 Downloading h11-0.16.0-py3-none-any.whl (37 kB)
#23 10.56 Downloading huggingface_hub-1.32.0-py3-none-any.whl (842 kB)
#23 10.60    ━━━━━━━━━━━━━━━━━━━━━━━━━━━━━━━━━━━━━━━━ 842.9/842.9 kB 23.1 MB/s eta 0:00:00
#23 10.62 Downloading lxml-6.1.3-cp311-cp311-manylinux_2_26_aarch64.manylinux_2_28_aarch64.whl (5.0 MB)
#23 10.82    ━━━━━━━━━━━━━━━━━━━━━━━━━━━━━━━━━━━━━━━━ 5.0/5.0 MB 24.6 MB/s eta 0:00:00
#23 10.84 Downloading pillow-12.3.0-cp311-cp311-manylinux_2_27_aarch64.manylinux_2_28_aarch64.whl (6.3 MB)
#23 11.06    ━━━━━━━━━━━━━━━━━━━━━━━━━━━━━━━━━━━━━━━━ 6.3/6.3 MB 28.9 MB/s eta 0:00:00
#23 11.08 Downloading pydantic-2.13.5-py3-none-any.whl (472 kB)
#23 11.10    ━━━━━━━━━━━━━━━━━━━━━━━━━━━━━━━━━━━━━━━━ 472.6/472.6 kB 22.1 MB/s eta 0:00:00
#23 11.13 Downloading pydantic_core-2.46.5-cp311-cp311-manylinux_2_17_aarch64.manylinux2014_aarch64.whl (1.9 MB)
#23 ...

#21 [web build 4/6] RUN npm install
#21 11.24 
#21 11.24 added 103 packages, and audited 104 packages in 11s
#21 11.24 
#21 11.24 19 packages are looking for funding
#21 11.24   run `npm fund` for details
#21 11.24 
#21 11.24 2 moderate severity vulnerabilities
#21 11.24 
#21 11.24 To address all issues (including breaking changes), run:
#21 11.24   npm audit fix --force
#21 11.24 
#21 11.24 Run `npm audit` for details.
#21 11.24 npm notice
#21 11.24 npm notice New major version of npm available! 10.9.8 -> 12.0.2
#21 11.24 npm notice Changelog: https://github.com/npm/cli/releases/tag/v12.0.2
#21 11.24 npm notice To update run: npm install -g npm@12.0.2
#21 11.24 npm notice
#21 DONE 11.5s

#23 [api  8/10] RUN pip install --no-cache-dir .
#23 11.20    ━━━━━━━━━━━━━━━━━━━━━━━━━━━━━━━━━━━━━━━━ 1.9/1.9 MB 26.0 MB/s eta 0:00:00
#23 11.22 Downloading pypdfium2-5.13.0-py3-none-manylinux_2_17_aarch64.manylinux2014_aarch64.whl (3.7 MB)
#23 11.31    ━━━━━━━━━━━━━━━━━━━━━━━━━━━━━━━━━━━━━━━━ 3.7/3.7 MB 40.8 MB/s eta 0:00:00
#23 11.33 Downloading scikit_learn-1.9.1-cp311-cp311-manylinux_2_27_aarch64.manylinux_2_28_aarch64.whl (9.0 MB)

#23 ...

#24 [web build 5/6] COPY . .
#24 DONE 0.1s

#23 [api  8/10] RUN pip install --no-cache-dir .
#23 11.65    ━━━━━━━━━━━━━━━━━━━━━━━━━━━━━━━━━━━━━━━━ 9.0/9.0 MB 33.3 MB/s eta 0:00:00
#23 11.67 Downloading scipy-1.17.1-cp311-cp311-manylinux_2_27_aarch64.manylinux_2_28_aarch64.whl (33.1 MB)
#23 12.64    ━━━━━━━━━━━━━━━━━━━━━━━━━━━━━━━━━━━━━━━━ 33.1/33.1 MB 35.6 MB/s eta 0:00:00
#23 12.65 Downloading starlette-1.6.0-py3-none-any.whl (75 kB)
#23 12.66    ━━━━━━━━━━━━━━━━━━━━━━━━━━━━━━━━━━━━━━━━ 76.0/76.0 kB 15.8 MB/s eta 0:00:00
#23 12.70 Downloading tokenizers-0.23.2-cp310-abi3-manylinux_2_17_aarch64.manylinux2014_aarch64.whl (3.5 MB)
#23 ...

#25 [web build 6/6] RUN npm run build
#25 0.128 
#25 0.128 > build
#25 0.128 > vite build
#25 0.128 
#25 0.247 vite v7.3.6 building client environment for production...
#25 0.272 transforming...
#25 1.194 ✓ 2297 modules transformed.
#25 1.319 rendering chunks...
#25 1.327 computing gzip size...
#25 1.335 dist/index.html                   0.62 kB │ gzip:   0.33 kB
#25 1.335 dist/assets/index-zwZEHptw.css    8.69 kB │ gzip:   2.42 kB
#25 1.335 dist/assets/index-ChC0P1sj.js   367.65 kB │ gzip: 117.95 kB
#25 1.335 ✓ built in 1.08s
#25 DONE 1.4s

#23 [api  8/10] RUN pip install --no-cache-dir .
#23 12.86    ━━━━━━━━━━━━━━━━━━━━━━━━━━━━━━━━━━━━━━━━ 3.5/3.5 MB 20.8 MB/s eta 0:00:00
#23 12.88 Downloading torch-2.14.0-cp311-cp311-manylinux_2_28_aarch64.whl (454.0 MB)
#23 ...

#26 [web stage-1 2/3] COPY nginx.conf /etc/nginx/conf.d/default.conf
#26 CACHED

#27 [web stage-1 3/3] COPY --from=build /web/dist /usr/share/nginx/html
#27 DONE 0.0s

#28 [web] exporting to image
#28 exporting layers 0.0s done
#28 exporting manifest sha256:8dbfa214cefba281dc424842bc9f2d06ffb62af100a51a6ad65f68d96517e7bc done
#28 exporting config sha256:ff79b10639805e74ba967cc8733fd8bb945e8c97afa9b946c62e177fd216c05b done
#28 exporting attestation manifest sha256:f5f3451c431b022cb3dc54c4e53913f8ac86bb1c1d18a1abe08dcbe4076fa33b done
#28 exporting manifest list sha256:07129024b7b9e14d816a0a7ae7eab7c5c7ef8a08b68409fa1eb1c0764631ee15 done
#28 naming to docker.io/library/rag-week6-web:latest done
#28 unpacking to docker.io/library/rag-week6-web:latest 0.0s done
#28 DONE 0.1s

#29 [web] resolving provenance for metadata file
#29 DONE 0.0s

#23 [api  8/10] RUN pip install --no-cache-dir .
#23 24.50    ━━━━━━━━━━━━━━━━━━━━━━━━━━━━━━━━━━━━━━━━ 454.0/454.0 MB 40.8 MB/s eta 0:00:00
#23 24.51 Downloading cuda_toolkit-13.0.3.0-py2.py3-none-any.whl (2.5 kB)
#23 24.53 Downloading nvidia_cudnn_cu13-9.24.0.43-py3-none-manylinux_2_27_aarch64.whl (651.0 MB)
#23 43.32    ━━━━━━━━━━━━━━━━━━━━━━━━━━━━━━━━━━━━━━━━ 651.0/651.0 MB 18.2 MB/s eta 0:00:00
#23 43.35 Downloading nvidia_cusparselt_cu13-0.8.1-py3-none-manylinux2014_aarch64.whl (221.1 MB)
#23 49.36    ━━━━━━━━━━━━━━━━━━━━━━━━━━━━━━━━━━━━━━━━ 221.1/221.1 MB 36.4 MB/s eta 0:00:00
#23 49.38 Downloading nvidia_nccl_cu13-2.30.7-py3-none-manylinux_2_18_aarch64.whl (216.0 MB)
#23 55.74    ━━━━━━━━━━━━━━━━━━━━━━━━━━━━━━━━━━━━━━━━ 216.0/216.0 MB 33.5 MB/s eta 0:00:00
#23 55.77 Downloading nvidia_nvshmem_cu13-3.4.5-py3-none-manylinux2014_aarch64.manylinux_2_17_aarch64.whl (60.2 MB)
#23 57.67    ━━━━━━━━━━━━━━━━━━━━━━━━━━━━━━━━━━━━━━━━ 60.2/60.2 MB 40.6 MB/s eta 0:00:00
#23 57.69 Downloading nvidia_cublas-13.1.1.3-py3-none-manylinux_2_27_aarch64.whl (542.8 MB)
#23 74.20    ━━━━━━━━━━━━━━━━━━━━━━━━━━━━━━━━━━━━━━━━ 542.8/542.8 MB 35.9 MB/s eta 0:00:00
#23 74.23 Downloading nvidia_cuda_cupti-13.0.85-py3-none-manylinux_2_25_aarch64.whl (10.3 MB)
#23 74.54    ━━━━━━━━━━━━━━━━━━━━━━━━━━━━━━━━━━━━━━━━ 10.3/10.3 MB 34.1 MB/s eta 0:00:00
#23 74.55 Downloading nvidia_cuda_nvrtc-13.0.88-py3-none-manylinux2014_aarch64.manylinux_2_17_aarch64.whl (43.0 MB)
#23 75.88    ━━━━━━━━━━━━━━━━━━━━━━━━━━━━━━━━━━━━━━━━ 43.0/43.0 MB 32.0 MB/s eta 0:00:00
#23 75.90 Downloading nvidia_cuda_runtime-13.0.96-py3-none-manylinux2014_aarch64.manylinux_2_17_aarch64.whl (2.3 MB)
#23 75.96    ━━━━━━━━━━━━━━━━━━━━━━━━━━━━━━━━━━━━━━━━ 2.3/2.3 MB 40.8 MB/s eta 0:00:00
#23 75.97 Downloading nvidia_cufft-12.0.0.61-py3-none-manylinux2014_aarch64.manylinux_2_17_aarch64.whl (214.1 MB)
#23 82.62    ━━━━━━━━━━━━━━━━━━━━━━━━━━━━━━━━━━━━━━━━ 214.1/214.1 MB 29.9 MB/s eta 0:00:00
#23 82.66 Downloading nvidia_cufile-1.15.1.6-py3-none-manylinux_2_27_aarch64.whl (1.1 MB)
#23 82.69    ━━━━━━━━━━━━━━━━━━━━━━━━━━━━━━━━━━━━━━━━ 1.1/1.1 MB 41.1 MB/s eta 0:00:00
#23 82.72 Downloading nvidia_curand-10.4.0.35-py3-none-manylinux_2_27_aarch64.whl (62.0 MB)
#23 84.67    ━━━━━━━━━━━━━━━━━━━━━━━━━━━━━━━━━━━━━━━━ 62.0/62.0 MB 31.8 MB/s eta 0:00:00
#23 84.69 Downloading nvidia_cusolver-12.0.4.66-py3-none-manylinux_2_27_aarch64.whl (223.5 MB)
#23 91.62    ━━━━━━━━━━━━━━━━━━━━━━━━━━━━━━━━━━━━━━━━ 223.5/223.5 MB 33.2 MB/s eta 0:00:00
#23 91.64 Downloading nvidia_cusparse-12.6.3.3-py3-none-manylinux2014_aarch64.manylinux_2_17_aarch64.whl (162.2 MB)
#23 96.05    ━━━━━━━━━━━━━━━━━━━━━━━━━━━━━━━━━━━━━━━━ 162.2/162.2 MB 37.1 MB/s eta 0:00:00
#23 96.07 Downloading nvidia_nvtx-13.0.85-py3-none-manylinux2014_aarch64.manylinux_2_17_aarch64.whl (148 kB)
#23 96.08    ━━━━━━━━━━━━━━━━━━━━━━━━━━━━━━━━━━━━━━━ 148.9/148.9 kB 112.9 MB/s eta 0:00:00
#23 96.08 Downloading tqdm-4.70.1-py3-none-any.whl (80 kB)
#23 96.09    ━━━━━━━━━━━━━━━━━━━━━━━━━━━━━━━━━━━━━━━━ 80.2/80.2 kB 22.0 MB/s eta 0:00:00
#23 96.11 Downloading transformers-5.17.0-py3-none-any.whl (12.3 MB)
#23 96.40    ━━━━━━━━━━━━━━━━━━━━━━━━━━━━━━━━━━━━━━━━ 12.3/12.3 MB 39.1 MB/s eta 0:00:00
#23 96.42 Downloading typing_extensions-4.16.0-py3-none-any.whl (45 kB)
#23 96.42    ━━━━━━━━━━━━━━━━━━━━━━━━━━━━━━━━━━━━━━━━ 45.6/45.6 kB 146.6 MB/s eta 0:00:00
#23 96.43 Downloading typing_inspection-0.4.4-py3-none-any.whl (14 kB)
#23 96.44 Downloading annotated_types-0.8.0-py3-none-any.whl (13 kB)
#23 96.46 Downloading anyio-4.15.1-py3-none-any.whl (132 kB)
#23 96.46    ━━━━━━━━━━━━━━━━━━━━━━━━━━━━━━━━━━━━━━━ 132.1/132.1 kB 158.1 MB/s eta 0:00:00
#23 96.47 Downloading charset_normalizer-3.5.1-cp311-cp311-manylinux2014_aarch64.manylinux_2_17_aarch64.manylinux_2_28_aarch64.whl (251 kB)
#23 96.48    ━━━━━━━━━━━━━━━━━━━━━━━━━━━━━━━━━━━━━━━ 251.2/251.2 kB 198.3 MB/s eta 0:00:00
#23 96.49 Downloading cryptography-50.0.1-cp311-abi3-manylinux_2_34_aarch64.whl (4.7 MB)
#23 96.60    ━━━━━━━━━━━━━━━━━━━━━━━━━━━━━━━━━━━━━━━━ 4.7/4.7 MB 42.9 MB/s eta 0:00:00
#23 96.62 Downloading cuda_bindings-13.4.2-cp311-cp311-manylinux_2_24_aarch64.manylinux_2_28_aarch64.whl (6.5 MB)
#23 96.77    ━━━━━━━━━━━━━━━━━━━━━━━━━━━━━━━━━━━━━━━━ 6.5/6.5 MB 46.0 MB/s eta 0:00:00
#23 96.80 Downloading filelock-4.0.1-py3-none-any.whl (106 kB)
#23 96.81    ━━━━━━━━━━━━━━━━━━━━━━━━━━━━━━━━━━━━━━━ 106.2/106.2 kB 181.7 MB/s eta 0:00:00
#23 96.82 Downloading fsspec-2026.9.0-py3-none-any.whl (221 kB)
#23 96.83    ━━━━━━━━━━━━━━━━━━━━━━━━━━━━━━━━━━━━━━━ 221.7/221.7 kB 137.8 MB/s eta 0:00:00
#23 96.84 Downloading hf_xet-1.6.0-cp38-abi3-manylinux_2_28_aarch64.whl (4.3 MB)
#23 96.93    ━━━━━━━━━━━━━━━━━━━━━━━━━━━━━━━━━━━━━━━━ 4.3/4.3 MB 48.6 MB/s eta 0:00:00
#23 96.94 Downloading httpx-0.28.1-py3-none-any.whl (73 kB)
#23 96.94    ━━━━━━━━━━━━━━━━━━━━━━━━━━━━━━━━━━━━━━━━ 73.5/73.5 kB 310.8 MB/s eta 0:00:00
#23 96.95 Downloading httpcore-1.0.9-py3-none-any.whl (78 kB)
#23 96.95    ━━━━━━━━━━━━━━━━━━━━━━━━━━━━━━━━━━━━━━━━ 78.8/78.8 kB 47.7 MB/s eta 0:00:00
#23 96.96 Downloading joblib-1.6.0-py3-none-any.whl (306 kB)
#23 96.97    ━━━━━━━━━━━━━━━━━━━━━━━━━━━━━━━━━━━━━━━━ 306.1/306.1 kB 74.6 MB/s eta 0:00:00
#23 96.98 Downloading narwhals-2.26.0-py3-none-any.whl (474 kB)
#23 96.98    ━━━━━━━━━━━━━━━━━━━━━━━━━━━━━━━━━━━━━━━━ 474.0/474.0 kB 76.6 MB/s eta 0:00:00
#23 96.99 Downloading networkx-3.6.1-py3-none-any.whl (2.1 MB)
#23 97.04    ━━━━━━━━━━━━━━━━━━━━━━━━━━━━━━━━━━━━━━━━ 2.1/2.1 MB 49.2 MB/s eta 0:00:00
#23 97.05 Downloading pyyaml-6.0.3-cp311-cp311-manylinux2014_aarch64.manylinux_2_17_aarch64.manylinux_2_28_aarch64.whl (775 kB)
#23 97.06    ━━━━━━━━━━━━━━━━━━━━━━━━━━━━━━━━━━━━━━━━ 775.6/775.6 kB 72.0 MB/s eta 0:00:00
#23 97.07 Downloading regex-2026.9.10-cp311-cp311-manylinux2014_aarch64.manylinux_2_17_aarch64.manylinux_2_28_aarch64.whl (796 kB)
#23 97.09    ━━━━━━━━━━━━━━━━━━━━━━━━━━━━━━━━━━━━━━━━ 796.4/796.4 kB 70.7 MB/s eta 0:00:00
#23 97.11 Downloading safetensors-0.8.0-cp310-abi3-manylinux_2_17_aarch64.manylinux2014_aarch64.whl (502 kB)
#23 97.13    ━━━━━━━━━━━━━━━━━━━━━━━━━━━━━━━━━━━━━━━━ 502.8/502.8 kB 40.6 MB/s eta 0:00:00
#23 97.16 Downloading sympy-1.14.0-py3-none-any.whl (6.3 MB)
#23 97.31    ━━━━━━━━━━━━━━━━━━━━━━━━━━━━━━━━━━━━━━━━ 6.3/6.3 MB 44.0 MB/s eta 0:00:00
#23 97.33 Downloading threadpoolctl-3.7.0-py3-none-any.whl (26 kB)
#23 97.35 Downloading triton-3.8.0-cp311-cp311-manylinux_2_27_aarch64.manylinux_2_28_aarch64.whl (226.5 MB)
#23 103.2    ━━━━━━━━━━━━━━━━━━━━━━━━━━━━━━━━━━━━━━━━ 226.5/226.5 MB 37.2 MB/s eta 0:00:00
#23 103.2 Downloading jinja2-3.1.6-py3-none-any.whl (134 kB)
#23 103.2    ━━━━━━━━━━━━━━━━━━━━━━━━━━━━━━━━━━━━━━━━ 134.9/134.9 kB 49.5 MB/s eta 0:00:00
#23 103.2 Downloading typer-0.27.2-py3-none-any.whl (123 kB)
#23 103.2    ━━━━━━━━━━━━━━━━━━━━━━━━━━━━━━━━━━━━━━━ 123.1/123.1 kB 261.7 MB/s eta 0:00:00
#23 103.2 Downloading cffi-2.1.1-cp311-cp311-manylinux2014_aarch64.manylinux_2_17_aarch64.whl (218 kB)
#23 103.2    ━━━━━━━━━━━━━━━━━━━━━━━━━━━━━━━━━━━━━━━ 218.7/218.7 kB 329.4 MB/s eta 0:00:00
#23 103.2 Downloading cloudpickle-3.1.2-py3-none-any.whl (22 kB)
#23 103.3 Downloading cuda_pathfinder-1.8.2-py3-none-any.whl (62 kB)
#23 103.3    ━━━━━━━━━━━━━━━━━━━━━━━━━━━━━━━━━━━━━━━━ 62.6/62.6 kB 311.5 MB/s eta 0:00:00
#23 103.3 Downloading idna-3.20-py3-none-any.whl (69 kB)
#23 103.3    ━━━━━━━━━━━━━━━━━━━━━━━━━━━━━━━━━━━━━━━━ 69.6/69.6 kB 378.1 MB/s eta 0:00:00
#23 103.3 Downloading markupsafe-3.0.3-cp311-cp311-manylinux2014_aarch64.manylinux_2_17_aarch64.manylinux_2_28_aarch64.whl (24 kB)
#23 103.3 Downloading mpmath-1.3.0-py3-none-any.whl (536 kB)
#23 103.3    ━━━━━━━━━━━━━━━━━━━━━━━━━━━━━━━━━━━━━━━ 536.2/536.2 kB 161.4 MB/s eta 0:00:00
#23 103.3 Downloading nvidia_nvjitlink-13.4.92-py3-none-manylinux2014_aarch64.manylinux_2_17_aarch64.whl (40.4 MB)
#23 104.4    ━━━━━━━━━━━━━━━━━━━━━━━━━━━━━━━━━━━━━━━━ 40.4/40.4 MB 31.6 MB/s eta 0:00:00
#23 104.4 Downloading rich-15.0.0-py3-none-any.whl (310 kB)
#23 104.4    ━━━━━━━━━━━━━━━━━━━━━━━━━━━━━━━━━━━━━━━━ 310.7/310.7 kB 54.1 MB/s eta 0:00:00
#23 104.4 Downloading shellingham-1.5.4-py2.py3-none-any.whl (9.8 kB)
#23 104.4 Downloading certifi-2026.7.22-py3-none-any.whl (136 kB)
#23 104.4    ━━━━━━━━━━━━━━━━━━━━━━━━━━━━━━━━━━━━━━━━ 137.0/137.0 kB 34.9 MB/s eta 0:00:00
#23 104.4 Downloading markdown_it_py-4.2.0-py3-none-any.whl (91 kB)
#23 104.4    ━━━━━━━━━━━━━━━━━━━━━━━━━━━━━━━━━━━━━━━━ 91.7/91.7 kB 61.6 MB/s eta 0:00:00
#23 104.4 Downloading pygments-2.21.0-py3-none-any.whl (1.3 MB)
#23 104.5    ━━━━━━━━━━━━━━━━━━━━━━━━━━━━━━━━━━━━━━━━ 1.3/1.3 MB 65.0 MB/s eta 0:00:00
#23 104.5 Downloading pycparser-3.0-py3-none-any.whl (48 kB)
#23 104.5    ━━━━━━━━━━━━━━━━━━━━━━━━━━━━━━━━━━━━━━━━ 48.2/48.2 kB 22.7 MB/s eta 0:00:00
#23 104.5 Downloading mdurl-0.1.2-py3-none-any.whl (10.0 kB)
#23 106.6 Building wheels for collected packages: rag
#23 106.6   Building wheel for rag (pyproject.toml): started
#23 106.9   Building wheel for rag (pyproject.toml): finished with status 'done'
#23 106.9   Created wheel for rag: filename=rag-0.1.0-py3-none-any.whl size=46992 sha256=e0b69641de5c2a2672d29cba84c7ed728197286d104334bfb22d5da97d48c5b8
#23 106.9   Stored in directory: /tmp/pip-ephem-wheel-cache-4r6ufcbc/wheels/57/0f/98/bb57b2b57b95807699b822a35c022f139d38a02c27922f27ce
#23 106.9 Successfully built rag
#23 107.1 Installing collected packages: nvidia-cusparselt-cu13, mpmath, cuda-toolkit, typing-extensions, triton, tqdm, threadpoolctl, sympy, shellingham, safetensors, regex, pyyaml, pypdfium2, pygments, pycparser, Pillow, nvidia-nvtx, nvidia-nvshmem-cu13, nvidia-nvjitlink, nvidia-nccl-cu13, nvidia-curand, nvidia-cufile, nvidia-cuda-runtime, nvidia-cuda-nvrtc, nvidia-cuda-cupti, numpy, networkx, narwhals, mdurl, MarkupSafe, lxml, idna, hf-xet, h11, fsspec, filelock, cuda-pathfinder, cloudpickle, click, charset-normalizer, certifi, annotated-types, annotated-doc, uvicorn, typing-inspection, scipy, python-docx, pydantic-core, nvidia-cusparse, nvidia-cufft, nvidia-cublas, markdown-it-py, joblib, jinja2, httpcore, cuda-bindings, cffi, anyio, starlette, scikit-learn, rich, pydantic, nvidia-cusolver, nvidia-cudnn-cu13, httpx, cryptography, typer, pdfminer.six, huggingface-hub, fastapi, torch, tokenizers, pdfplumber, transformers, sentence-transformers, rag
#23 141.0 Successfully installed MarkupSafe-3.0.3 Pillow-12.3.0 annotated-doc-0.0.5 annotated-types-0.8.0 anyio-4.15.1 certifi-2026.7.22 cffi-2.1.1 charset-normalizer-3.5.1 click-8.5.0 cloudpickle-3.1.2 cryptography-50.0.1 cuda-bindings-13.4.2 cuda-pathfinder-1.8.2 cuda-toolkit-13.0.3.0 fastapi-0.141.1 filelock-4.0.1 fsspec-2026.9.0 h11-0.16.0 hf-xet-1.6.0 httpcore-1.0.9 httpx-0.28.1 huggingface-hub-1.32.0 idna-3.20 jinja2-3.1.6 joblib-1.6.0 lxml-6.1.3 markdown-it-py-4.2.0 mdurl-0.1.2 mpmath-1.3.0 narwhals-2.26.0 networkx-3.6.1 numpy-2.4.6 nvidia-cublas-13.1.1.3 nvidia-cuda-cupti-13.0.85 nvidia-cuda-nvrtc-13.0.88 nvidia-cuda-runtime-13.0.96 nvidia-cudnn-cu13-9.24.0.43 nvidia-cufft-12.0.0.61 nvidia-cufile-1.15.1.6 nvidia-curand-10.4.0.35 nvidia-cusolver-12.0.4.66 nvidia-cusparse-12.6.3.3 nvidia-cusparselt-cu13-0.8.1 nvidia-nccl-cu13-2.30.7 nvidia-nvjitlink-13.4.92 nvidia-nvshmem-cu13-3.4.5 nvidia-nvtx-13.0.85 pdfminer.six-20260107 pdfplumber-0.11.10 pycparser-3.0 pydantic-2.13.5 pydantic-core-2.46.5 pygments-2.21.0 pypdfium2-5.13.0 python-docx-1.2.0 pyyaml-6.0.3 rag-0.1.0 regex-2026.9.10 rich-15.0.0 safetensors-0.8.0 scikit-learn-1.9.1 scipy-1.17.1 sentence-transformers-6.1.0 shellingham-1.5.4 starlette-1.6.0 sympy-1.14.0 threadpoolctl-3.7.0 tokenizers-0.23.2 torch-2.14.0 tqdm-4.70.1 transformers-5.17.0 triton-3.8.0 typer-0.27.2 typing-extensions-4.16.0 typing-inspection-0.4.4 uvicorn-0.53.0
#23 141.0 WARNING: Running pip as the 'root' user can result in broken permissions and conflicting behaviour with the system package manager. It is recommended to use a virtual environment instead: https://pip.pypa.io/warnings/venv
#23 141.1 
#23 141.1 [notice] A new release of pip is available: 24.0 -> 26.2.1
#23 141.1 [notice] To update, run: pip install --upgrade pip
#23 DONE 142.2s

#30 [api  9/10] COPY docker/entrypoint.sh /entrypoint.sh
#30 DONE 0.1s

#31 [api 10/10] RUN chmod +x /entrypoint.sh
#31 DONE 0.1s

#32 [api] exporting to image
#32 exporting layers
#32 exporting layers 79.4s done
#32 exporting manifest sha256:5fc0437e09b14b59383f3dbb037e6eba01e645cc73f13534dea432aacbf6107f 0.0s done
#32 exporting config sha256:1ea64679d84bd3c67182ab00b0c04e5926ecc7e28ca9df2759c767945ff375b1 done
#32 exporting attestation manifest sha256:314c139a163361940b9b24e3ce1ab849cf1c7cc71c12d1216fc7ff2ee1f83bfb done
#32 exporting manifest list sha256:42f16d644e511fa8e411bf9b30426fb6646d4c469f040fe9eff33242ad337a7b done
#32 naming to docker.io/library/rag-week6-api:latest done
#32 unpacking to docker.io/library/rag-week6-api:latest
#32 unpacking to docker.io/library/rag-week6-api:latest 15.2s done
#32 DONE 94.7s

#33 [api] resolving provenance for metadata file
#33 DONE 0.0s
 Image rag-week6-api Built 
 Image rag-week6-web Built 
 Network rag-week6_default Creating 
 Network rag-week6_default Creating 
 Network rag-week6_default Created 
 Network rag-week6_default Created 
 Container rag-week6-api-1 Creating 
 Container rag-week6-api-1 Created 
 Container rag-week6-web-1 Creating 
 Container rag-week6-web-1 Created 
 Container rag-week6-api-1 Starting 
 Container rag-week6-api-1 Started 
 Container rag-week6-api-1 Waiting 
 Container rag-week6-api-1 Healthy 
 Container rag-week6-web-1 Starting 
 Container rag-week6-web-1 Started 
compose_up_exit=0
compose_up_seconds=245
#23 103.2 Downloading cloudpickle-3.1.2-py3-none-any.whl (22 kB)
#23 103.3 Downloading cuda_pathfinder-1.8.2-py3-none-any.whl (62 kB)
#23 103.3    ━━━━━━━━━━━━━━━━━━━━━━━━━━━━━━━━━━━━━━━━ 62.6/62.6 kB 311.5 MB/s eta 0:00:00
#23 103.3 Downloading idna-3.20-py3-none-any.whl (69 kB)
#23 103.3    ━━━━━━━━━━━━━━━━━━━━━━━━━━━━━━━━━━━━━━━━ 69.6/69.6 kB 378.1 MB/s eta 0:00:00
#23 103.3 Downloading markupsafe-3.0.3-cp311-cp311-manylinux2014_aarch64.manylinux_2_17_aarch64.manylinux_2_28_aarch64.whl (24 kB)
#23 103.3 Downloading mpmath-1.3.0-py3-none-any.whl (536 kB)
#23 103.3    ━━━━━━━━━━━━━━━━━━━━━━━━━━━━━━━━━━━━━━━ 536.2/536.2 kB 161.4 MB/s eta 0:00:00
#23 103.3 Downloading nvidia_nvjitlink-13.4.92-py3-none-manylinux2014_aarch64.manylinux_2_17_aarch64.whl (40.4 MB)
#23 104.4    ━━━━━━━━━━━━━━━━━━━━━━━━━━━━━━━━━━━━━━━━ 40.4/40.4 MB 31.6 MB/s eta 0:00:00
#23 104.4 Downloading rich-15.0.0-py3-none-any.whl (310 kB)
#23 104.4    ━━━━━━━━━━━━━━━━━━━━━━━━━━━━━━━━━━━━━━━━ 310.7/310.7 kB 54.1 MB/s eta 0:00:00
#23 104.4 Downloading shellingham-1.5.4-py2.py3-none-any.whl (9.8 kB)
#23 104.4 Downloading certifi-2026.7.22-py3-none-any.whl (136 kB)
#23 104.4    ━━━━━━━━━━━━━━━━━━━━━━━━━━━━━━━━━━━━━━━━ 137.0/137.0 kB 34.9 MB/s eta 0:00:00
#23 104.4 Downloading markdown_it_py-4.2.0-py3-none-any.whl (91 kB)
#23 104.4    ━━━━━━━━━━━━━━━━━━━━━━━━━━━━━━━━━━━━━━━━ 91.7/91.7 kB 61.6 MB/s eta 0:00:00
#23 104.4 Downloading pygments-2.21.0-py3-none-any.whl (1.3 MB)
#23 104.5    ━━━━━━━━━━━━━━━━━━━━━━━━━━━━━━━━━━━━━━━━ 1.3/1.3 MB 65.0 MB/s eta 0:00:00
#23 104.5 Downloading pycparser-3.0-py3-none-any.whl (48 kB)
#23 104.5    ━━━━━━━━━━━━━━━━━━━━━━━━━━━━━━━━━━━━━━━━ 48.2/48.2 kB 22.7 MB/s eta 0:00:00
#23 104.5 Downloading mdurl-0.1.2-py3-none-any.whl (10.0 kB)
#23 106.6 Building wheels for collected packages: rag
#23 106.6   Building wheel for rag (pyproject.toml): started
#23 106.9   Building wheel for rag (pyproject.toml): finished with status 'done'
#23 106.9   Created wheel for rag: filename=rag-0.1.0-py3-none-any.whl size=46992 sha256=e0b69641de5c2a2672d29cba84c7ed728197286d104334bfb22d5da97d48c5b8
#23 106.9   Stored in directory: /tmp/pip-ephem-wheel-cache-4r6ufcbc/wheels/57/0f/98/bb57b2b57b95807699b822a35c022f139d38a02c27922f27ce
#23 106.9 Successfully built rag
#23 107.1 Installing collected packages: nvidia-cusparselt-cu13, mpmath, cuda-toolkit, typing-extensions, triton, tqdm, threadpoolctl, sympy, shellingham, safetensors, regex, pyyaml, pypdfium2, pygments, pycparser, Pillow, nvidia-nvtx, nvidia-nvshmem-cu13, nvidia-nvjitlink, nvidia-nccl-cu13, nvidia-curand, nvidia-cufile, nvidia-cuda-runtime, nvidia-cuda-nvrtc, nvidia-cuda-cupti, numpy, networkx, narwhals, mdurl, MarkupSafe, lxml, idna, hf-xet, h11, fsspec, filelock, cuda-pathfinder, cloudpickle, click, charset-normalizer, certifi, annotated-types, annotated-doc, uvicorn, typing-inspection, scipy, python-docx, pydantic-core, nvidia-cusparse, nvidia-cufft, nvidia-cublas, markdown-it-py, joblib, jinja2, httpcore, cuda-bindings, cffi, anyio, starlette, scikit-learn, rich, pydantic, nvidia-cusolver, nvidia-cudnn-cu13, httpx, cryptography, typer, pdfminer.six, huggingface-hub, fastapi, torch, tokenizers, pdfplumber, transformers, sentence-transformers, rag
#23 141.0 Successfully installed MarkupSafe-3.0.3 Pillow-12.3.0 annotated-doc-0.0.5 annotated-types-0.8.0 anyio-4.15.1 certifi-2026.7.22 cffi-2.1.1 charset-normalizer-3.5.1 click-8.5.0 cloudpickle-3.1.2 cryptography-50.0.1 cuda-bindings-13.4.2 cuda-pathfinder-1.8.2 cuda-toolkit-13.0.3.0 fastapi-0.141.1 filelock-4.0.1 fsspec-2026.9.0 h11-0.16.0 hf-xet-1.6.0 httpcore-1.0.9 httpx-0.28.1 huggingface-hub-1.32.0 idna-3.20 jinja2-3.1.6 joblib-1.6.0 lxml-6.1.3 markdown-it-py-4.2.0 mdurl-0.1.2 mpmath-1.3.0 narwhals-2.26.0 networkx-3.6.1 numpy-2.4.6 nvidia-cublas-13.1.1.3 nvidia-cuda-cupti-13.0.85 nvidia-cuda-nvrtc-13.0.88 nvidia-cuda-runtime-13.0.96 nvidia-cudnn-cu13-9.24.0.43 nvidia-cufft-12.0.0.61 nvidia-cufile-1.15.1.6 nvidia-curand-10.4.0.35 nvidia-cusolver-12.0.4.66 nvidia-cusparse-12.6.3.3 nvidia-cusparselt-cu13-0.8.1 nvidia-nccl-cu13-2.30.7 nvidia-nvjitlink-13.4.92 nvidia-nvshmem-cu13-3.4.5 nvidia-nvtx-13.0.85 pdfminer.six-20260107 pdfplumber-0.11.10 pycparser-3.0 pydantic-2.13.5 pydantic-core-2.46.5 pygments-2.21.0 pypdfium2-5.13.0 python-docx-1.2.0 pyyaml-6.0.3 rag-0.1.0 regex-2026.9.10 rich-15.0.0 safetensors-0.8.0 scikit-learn-1.9.1 scipy-1.17.1 sentence-transformers-6.1.0 shellingham-1.5.4 starlette-1.6.0 sympy-1.14.0 threadpoolctl-3.7.0 tokenizers-0.23.2 torch-2.14.0 tqdm-4.70.1 transformers-5.17.0 triton-3.8.0 typer-0.27.2 typing-extensions-4.16.0 typing-inspection-0.4.4 uvicorn-0.53.0
#23 141.0 WARNING: Running pip as the 'root' user can result in broken permissions and conflicting behaviour with the system package manager. It is recommended to use a virtual environment instead: https://pip.pypa.io/warnings/venv
#23 141.1 
#23 141.1 [notice] A new release of pip is available: 24.0 -> 26.2.1
#23 141.1 [notice] To update, run: pip install --upgrade pip
#23 DONE 142.2s

#30 [api  9/10] COPY docker/entrypoint.sh /entrypoint.sh
#30 DONE 0.1s

#31 [api 10/10] RUN chmod +x /entrypoint.sh
#31 DONE 0.1s

#32 [api] exporting to image
#32 exporting layers
#32 exporting layers 79.4s done
#32 exporting manifest sha256:5fc0437e09b14b59383f3dbb037e6eba01e645cc73f13534dea432aacbf6107f 0.0s done
#32 exporting config sha256:1ea64679d84bd3c67182ab00b0c04e5926ecc7e28ca9df2759c767945ff375b1 done
#32 exporting attestation manifest sha256:314c139a163361940b9b24e3ce1ab849cf1c7cc71c12d1216fc7ff2ee1f83bfb done
#32 exporting manifest list sha256:42f16d644e511fa8e411bf9b30426fb6646d4c469f040fe9eff33242ad337a7b done
#32 naming to docker.io/library/rag-week6-api:latest done
#32 unpacking to docker.io/library/rag-week6-api:latest
#32 unpacking to docker.io/library/rag-week6-api:latest 15.2s done
#32 DONE 94.7s

#33 [api] resolving provenance for metadata file
#33 DONE 0.0s
 Image rag-week6-api Built 
 Image rag-week6-web Built 
 Network rag-week6_default Creating 
 Network rag-week6_default Creating 
 Network rag-week6_default Created 
 Network rag-week6_default Created 
 Container rag-week6-api-1 Creating 
 Container rag-week6-api-1 Created 
 Container rag-week6-web-1 Creating 
 Container rag-week6-web-1 Created 
 Container rag-week6-api-1 Starting 
 Container rag-week6-api-1 Started 
 Container rag-week6-api-1 Waiting 
 Container rag-week6-api-1 Healthy 
 Container rag-week6-web-1 Starting 
 Container rag-week6-web-1 Started 
compose_up_exit=0
compose_up_seconds=245

---
exit_code: 0
elapsed_ms: 247231
ended_at: 2026-09-22T19:33:27.152Z
---
