=== index volume contents ===
total 652
drwxr-xr-x 3 root root   4096 Sep 22 19:33 .
drwxr-xr-x 1 root root   4096 Sep 22 19:33 ..
drwxr-xr-x 4 root root   4096 Sep 22 17:12 chroma
-rw-r--r-- 1 root root   4096 Sep 22 19:33 rag.sqlite
-rw-r--r-- 1 root root  32768 Sep 22 19:33 rag.sqlite-shm
-rw-r--r-- 1 root root 119512 Sep 22 19:33 rag.sqlite-wal
-rw-r--r-- 1 root root 491520 Sep 22 00:43 side.sqlite
=== sqlite tables / counts ===
=== entrypoint ===
#!/bin/sh
set -e
INDEX_DIR="${INDEX_DIR:-index}"
CORPUS="${CORPUS:-documents}"
if [ ! -f "$INDEX_DIR/side.sqlite" ]; then
  python -m rag ingest "$CORPUS" --index "$INDEX_DIR"
fi
exec python -m rag.server
=== documents in container ===
total 864
drwxr-xr-x 6 root root    192 Sep 22 17:45 .
drwxr-xr-x 1 root root   4096 Sep 22 19:31 ..
-rw-r--r-- 1 root root 112926 Sep 21 21:57 Carbon_New_2040.pdf
-rw-r--r-- 1 root root 202013 Sep 21 21:57 Envi_2040-1.pdf
-rw-r--r-- 1 root root 268090 Sep 22 17:45 Environmental_Sustainability_Policy_2025.pdf
-rw-r--r-- 1 root root 230331 Sep 21 21:57 Water-Management-Policy.pdf
