=== manual ingest inside api container (entrypoint skipped due to legacy side.sqlite) ===
Tue Sep 22 15:34:31 EDT 2026
Warning: You are sending unauthenticated requests to the HF Hub. Please set a HF_TOKEN to enable higher rate limits and faster downloads.
Loading weights:   0%|          | 0/310 [00:00<?, ?it/s]Loading weights: 100%|██████████| 310/310 [00:00<00:00, 9398.49it/s]
indexed  Carbon_New_2040.pdf  16
indexed  Envi_2040-1.pdf  19
indexed  Environmental_Sustainability_Policy_2025.pdf  19
indexed  Water-Management-Policy.pdf  26
ingest_exit=0
ingest_seconds=126
=== index counts ===
/index/side.sqlite 491520
  meta 4
  files 3
  chunks_fts 64
  chunks_fts_data 14
  chunks_fts_idx 12
  chunks_fts_content 64
  chunks_fts_docsize 64
  chunks_fts_config 1
  embeddings 64
  tau 1
/index/rag.sqlite 4096
  meta 5
  documents 4
  parents 21
  children 80
  vectors 80
  embed_cache 65
  thresholds 0
  children_fts 80
  children_fts_data 18
  children_fts_idx 15
  children_fts_content 80
  children_fts_docsize 80
  children_fts_config 1
=== query after ingest ===
event: meta
data: {"hits": [], "reason": "", "mode": "rrf", "retrieve_ms": 0, "stages_ms": {"embed": 294.1148329991847, "dense": 0.0020000006770715117, "lexical": 0.48920800327323377, "gate": 0.0012919990695081651, "total": 294.6334590014885}, "cached": true, "request_id": "8540ed27f71f", "degraded": [], "index_generation": 0}

event: done
data: {"first_token_ms": 0, "answer": "", "cached": true, "request_id": "8540ed27f71f"}


query_seconds=0
total_seconds=126
Tue Sep 22 15:36:37 EDT 2026
