{"ts": "2026-09-23T01:34:23.494931+00:00", "event": "ingest_start", "file_total": 4, "trace_id": "01a0cbe6-4f06-7f85-bc18-60ae1ee03c40"}
{"ts": "2026-09-23T01:34:23.495346+00:00", "event": "ingest_progress", "file": "Carbon_Reduction_Plan.pdf", "file_index": 1, "file_total": 4, "trace_id": "01a0cbe6-4f06-7f85-bc18-60ae1ee03c40"}
{"ts": "2026-09-23T01:34:23.496109+00:00", "trace_id": "01a0cbe6-4f06-7f85-bc18-60ae1ee03c40", "stage": "parse", "event": "start", "file": "Carbon_Reduction_Plan.pdf", "file_index": 1, "file_total": 4}
{"ts": "2026-09-23T01:34:23.680082+00:00", "event": "ingest_page", "file": "Carbon_Reduction_Plan.pdf", "file_index": 1, "file_total": 4, "page": 1, "page_total": 3, "trace_id": "01a0cbe6-4f06-7f85-bc18-60ae1ee03c40"}
{"ts": "2026-09-23T01:34:23.680127+00:00", "event": "ingest_page", "file": "Carbon_Reduction_Plan.pdf", "file_index": 1, "file_total": 4, "page": 2, "page_total": 3, "trace_id": "01a0cbe6-4f06-7f85-bc18-60ae1ee03c40"}
{"ts": "2026-09-23T01:34:23.680137+00:00", "event": "ingest_page", "file": "Carbon_Reduction_Plan.pdf", "file_index": 1, "file_total": 4, "page": 3, "page_total": 3, "trace_id": "01a0cbe6-4f06-7f85-bc18-60ae1ee03c40"}
{"ts": "2026-09-23T01:34:23.680157+00:00", "trace_id": "01a0cbe6-4f06-7f85-bc18-60ae1ee03c40", "stage": "parse", "event": "finish", "duration_ms": 184.049, "file": "Carbon_Reduction_Plan.pdf", "file_index": 1, "file_total": 4, "page_total": 3, "layout_escalations": 0, "ocr_pages": 0}
{"ts": "2026-09-23T01:34:23.680183+00:00", "trace_id": "01a0cbe6-4f06-7f85-bc18-60ae1ee03c40", "stage": "normalize", "event": "start", "file": "Carbon_Reduction_Plan.pdf"}
{"ts": "2026-09-23T01:34:23.680588+00:00", "trace_id": "01a0cbe6-4f06-7f85-bc18-60ae1ee03c40", "stage": "normalize", "event": "finish", "duration_ms": 0.405, "file": "Carbon_Reduction_Plan.pdf"}
{"ts": "2026-09-23T01:34:23.680612+00:00", "trace_id": "01a0cbe6-4f06-7f85-bc18-60ae1ee03c40", "stage": "chunk", "event": "start", "file": "Carbon_Reduction_Plan.pdf"}
{"ts": "2026-09-23T01:34:26.958117+00:00", "trace_id": "01a0cbe6-4f06-7f85-bc18-60ae1ee03c40", "stage": "chunk", "event": "error", "duration_ms": 3277.46, "file": "Carbon_Reduction_Plan.pdf", "error_type": "ProxyError", "error": "403 Forbidden"}
Traceback (most recent call last):
  File "/Users/atharv.raotole/Desktop/RAG-WEEK6/.venv/lib/python3.11/site-packages/httpx/_transports/default.py", line 101, in map_httpcore_exceptions
    yield
  File "/Users/atharv.raotole/Desktop/RAG-WEEK6/.venv/lib/python3.11/site-packages/httpx/_transports/default.py", line 250, in handle_request
    resp = self._pool.handle_request(req)
           ^^^^^^^^^^^^^^^^^^^^^^^^^^^^^^
  File "/Users/atharv.raotole/Desktop/RAG-WEEK6/.venv/lib/python3.11/site-packages/httpcore/_sync/connection_pool.py", line 256, in handle_request
    raise exc from None
  File "/Users/atharv.raotole/Desktop/RAG-WEEK6/.venv/lib/python3.11/site-packages/httpcore/_sync/connection_pool.py", line 236, in handle_request
    response = connection.handle_request(
               ^^^^^^^^^^^^^^^^^^^^^^^^^^
  File "/Users/atharv.raotole/Desktop/RAG-WEEK6/.venv/lib/python3.11/site-packages/httpcore/_sync/http_proxy.py", line 297, in handle_request
    raise ProxyError(msg)
httpcore.ProxyError: 403 Forbidden

The above exception was the direct cause of the following exception:

Traceback (most recent call last):
  File "<frozen runpy>", line 198, in _run_module_as_main
  File "<frozen runpy>", line 88, in _run_code
  File "/Users/atharv.raotole/Desktop/RAG-WEEK6/src/rag/__main__.py", line 5, in <module>
    sys.exit(main())
             ^^^^^^
  File "/Users/atharv.raotole/Desktop/RAG-WEEK6/src/rag/cli.py", line 65, in main
    for item in ingest(args.path, args.index):
                ^^^^^^^^^^^^^^^^^^^^^^^^^^^^^
  File "/Users/atharv.raotole/Desktop/RAG-WEEK6/src/rag/pipeline.py", line 62, in ingest
    _ingest_one(
  File "/Users/atharv.raotole/Desktop/RAG-WEEK6/src/rag/pipeline.py", line 171, in _ingest_one
    _parents, children = chunk_document(doc_id, blocks, count_tokens, context_fn=None)
                         ^^^^^^^^^^^^^^^^^^^^^^^^^^^^^^^^^^^^^^^^^^^^^^^^^^^^^^^^^^^^^
  File "/Users/atharv.raotole/Desktop/RAG-WEEK6/src/rag/chunk.py", line 27, in chunk_document
    for parent in _pack_section(doc_id, section, count_tokens, len(parents)):
                  ^^^^^^^^^^^^^^^^^^^^^^^^^^^^^^^^^^^^^^^^^^^^^^^^^^^^^^^^^^
  File "/Users/atharv.raotole/Desktop/RAG-WEEK6/src/rag/chunk.py", line 112, in _pack_section
    total = count_tokens(text)
            ^^^^^^^^^^^^^^^^^^
  File "/Users/atharv.raotole/Desktop/RAG-WEEK6/src/rag/embed.py", line 81, in count_tokens
    return len(load_embedder().tokenizer.encode(text, add_special_tokens=False))
               ^^^^^^^^^^^^^^^
  File "/Users/atharv.raotole/Desktop/RAG-WEEK6/src/rag/embed.py", line 89, in load_embedder
    _embedder = SentenceTransformer(
                ^^^^^^^^^^^^^^^^^^^^
  File "/Users/atharv.raotole/Desktop/RAG-WEEK6/.venv/lib/python3.11/site-packages/sentence_transformers/util/decorators.py", line 46, in wrapper
    return func(*args, **kwargs)
           ^^^^^^^^^^^^^^^^^^^^^
  File "/Users/atharv.raotole/Desktop/RAG-WEEK6/.venv/lib/python3.11/site-packages/sentence_transformers/sentence_transformer/model.py", line 194, in __init__
    super().__init__(
  File "/Users/atharv.raotole/Desktop/RAG-WEEK6/.venv/lib/python3.11/site-packages/sentence_transformers/base/model.py", line 236, in __init__
    modules, self.module_kwargs = self._load_modules(
                                  ^^^^^^^^^^^^^^^^^^^
  File "/Users/atharv.raotole/Desktop/RAG-WEEK6/.venv/lib/python3.11/site-packages/sentence_transformers/base/model.py", line 1081, in _load_modules
    return self._load_config_modules(model_name_or_path, **load_kwargs)
           ^^^^^^^^^^^^^^^^^^^^^^^^^^^^^^^^^^^^^^^^^^^^^^^^^^^^^^^^^^^^
  File "/Users/atharv.raotole/Desktop/RAG-WEEK6/.venv/lib/python3.11/site-packages/sentence_transformers/base/model.py", line 1298, in _load_config_modules
    module = module_class.load(
             ^^^^^^^^^^^^^^^^^^
  File "/Users/atharv.raotole/Desktop/RAG-WEEK6/.venv/lib/python3.11/site-packages/sentence_transformers/base/modules/transformer.py", line 2619, in load
    init_kwargs = cls._load_init_kwargs(
                  ^^^^^^^^^^^^^^^^^^^^^^
  File "/Users/atharv.raotole/Desktop/RAG-WEEK6/.venv/lib/python3.11/site-packages/sentence_transformers/base/modules/transformer.py", line 2659, in _load_init_kwargs
    config = cls.load_config(
             ^^^^^^^^^^^^^^^^
  File "/Users/atharv.raotole/Desktop/RAG-WEEK6/.venv/lib/python3.11/site-packages/sentence_transformers/base/modules/transformer.py", line 2736, in load_config
    config = super().load_config(
             ^^^^^^^^^^^^^^^^^^^^
  File "/Users/atharv.raotole/Desktop/RAG-WEEK6/.venv/lib/python3.11/site-packages/sentence_transformers/base/modules/module.py", line 209, in load_config
    config_path = load_file_path(
                  ^^^^^^^^^^^^^^^
  File "/Users/atharv.raotole/Desktop/RAG-WEEK6/.venv/lib/python3.11/site-packages/sentence_transformers/util/file_io.py", line 116, in load_file_path
    return hf_hub_download(
           ^^^^^^^^^^^^^^^^
  File "/Users/atharv.raotole/Desktop/RAG-WEEK6/.venv/lib/python3.11/site-packages/huggingface_hub/utils/_validators.py", line 91, in _inner_fn
    return fn(*args, **kwargs)
           ^^^^^^^^^^^^^^^^^^^
  File "/Users/atharv.raotole/Desktop/RAG-WEEK6/.venv/lib/python3.11/site-packages/huggingface_hub/utils/_http.py", line 266, in _inner
    return fn(*args, **kwargs)
           ^^^^^^^^^^^^^^^^^^^
  File "/Users/atharv.raotole/Desktop/RAG-WEEK6/.venv/lib/python3.11/site-packages/huggingface_hub/file_download.py", line 1043, in hf_hub_download
    return _hf_hub_download_to_cache_dir(
           ^^^^^^^^^^^^^^^^^^^^^^^^^^^^^^
  File "/Users/atharv.raotole/Desktop/RAG-WEEK6/.venv/lib/python3.11/site-packages/huggingface_hub/file_download.py", line 1113, in _hf_hub_download_to_cache_dir
    (url_to_download, etag, commit_hash, expected_size, xet_file_data, head_call_error) = _get_metadata_or_catch_error(
                                                                                          ^^^^^^^^^^^^^^^^^^^^^^^^^^^^^
  File "/Users/atharv.raotole/Desktop/RAG-WEEK6/.venv/lib/python3.11/site-packages/huggingface_hub/file_download.py", line 1758, in _get_metadata_or_catch_error
    metadata = get_hf_file_metadata(
               ^^^^^^^^^^^^^^^^^^^^^
  File "/Users/atharv.raotole/Desktop/RAG-WEEK6/.venv/lib/python3.11/site-packages/huggingface_hub/utils/_validators.py", line 91, in _inner_fn
    return fn(*args, **kwargs)
           ^^^^^^^^^^^^^^^^^^^
  File "/Users/atharv.raotole/Desktop/RAG-WEEK6/.venv/lib/python3.11/site-packages/huggingface_hub/file_download.py", line 1665, in get_hf_file_metadata
    response = _httpx_follow_hub_redirects_with_backoff(
               ^^^^^^^^^^^^^^^^^^^^^^^^^^^^^^^^^^^^^^^^^
  File "/Users/atharv.raotole/Desktop/RAG-WEEK6/.venv/lib/python3.11/site-packages/huggingface_hub/utils/_http.py", line 754, in _httpx_follow_hub_redirects_with_backoff
    response = http_backoff(
               ^^^^^^^^^^^^^
  File "/Users/atharv.raotole/Desktop/RAG-WEEK6/.venv/lib/python3.11/site-packages/huggingface_hub/utils/_http.py", line 627, in http_backoff
    return next(
           ^^^^^
  File "/Users/atharv.raotole/Desktop/RAG-WEEK6/.venv/lib/python3.11/site-packages/huggingface_hub/utils/_http.py", line 535, in _http_backoff_base
    response = client.request(method=method, url=url, **kwargs)
               ^^^^^^^^^^^^^^^^^^^^^^^^^^^^^^^^^^^^^^^^^^^^^^^^
  File "/Users/atharv.raotole/Desktop/RAG-WEEK6/.venv/lib/python3.11/site-packages/httpx/_client.py", line 825, in request
    return self.send(request, auth=auth, follow_redirects=follow_redirects)
           ^^^^^^^^^^^^^^^^^^^^^^^^^^^^^^^^^^^^^^^^^^^^^^^^^^^^^^^^^^^^^^^^
  File "/Users/atharv.raotole/Desktop/RAG-WEEK6/.venv/lib/python3.11/site-packages/httpx/_client.py", line 914, in send
    response = self._send_handling_auth(
               ^^^^^^^^^^^^^^^^^^^^^^^^^
  File "/Users/atharv.raotole/Desktop/RAG-WEEK6/.venv/lib/python3.11/site-packages/httpx/_client.py", line 942, in _send_handling_auth
    response = self._send_handling_redirects(
               ^^^^^^^^^^^^^^^^^^^^^^^^^^^^^^
  File "/Users/atharv.raotole/Desktop/RAG-WEEK6/.venv/lib/python3.11/site-packages/httpx/_client.py", line 979, in _send_handling_redirects
    response = self._send_single_request(request)
               ^^^^^^^^^^^^^^^^^^^^^^^^^^^^^^^^^^
  File "/Users/atharv.raotole/Desktop/RAG-WEEK6/.venv/lib/python3.11/site-packages/httpx/_client.py", line 1014, in _send_single_request
    response = transport.handle_request(request)
               ^^^^^^^^^^^^^^^^^^^^^^^^^^^^^^^^^
  File "/Users/atharv.raotole/Desktop/RAG-WEEK6/.venv/lib/python3.11/site-packages/httpx/_transports/default.py", line 249, in handle_request
    with map_httpcore_exceptions():
  File "/Users/atharv.raotole/.local/share/uv/python/cpython-3.11.16-macos-aarch64-none/lib/python3.11/contextlib.py", line 158, in __exit__
    self.gen.throw(typ, value, traceback)
  File "/Users/atharv.raotole/Desktop/RAG-WEEK6/.venv/lib/python3.11/site-packages/httpx/_transports/default.py", line 118, in map_httpcore_exceptions
    raise mapped_exc(message) from exc
httpx.ProxyError: 403 Forbidden
EXIT:1
