Resolved 29 packages in 444ms
Downloading pip (1.7MiB)
 Downloaded pip
Prepared 16 packages in 216ms
Installed 16 packages in 13ms
 + boolean-py==5.0
 + cachecontrol==0.14.4
 + cyclonedx-python-lib==11.12.0
 + defusedxml==0.7.1
 + license-expression==30.4.4
 + msgpack==1.2.2
 + packageurl-python==0.17.6
 + pip==26.2.1
 + pip-api==0.0.35
 + pip-audit==2.10.1
 + pip-requirements-parser==32.0.1
 + py-serializable==2.1.0
 + pyparsing==3.3.3
 + sortedcontainers==2.4.0
 + tomli==2.4.1
 + tomli-w==1.2.0
EXIT:0
