=== rebuild api with Part B telemetry ===
Tue Sep 22 15:53:54 EDT 2026
 Image rag-week6-api Building 
#1 [internal] load local bake definitions
#1 reading from stdin 522B done
#1 DONE 0.0s

#2 [internal] load build definition from Dockerfile
#2 transferring dockerfile: 705B done
#2 DONE 0.0s

#3 [internal] load metadata for docker.io/library/python:3.11-slim-bookworm
#3 DONE 0.4s

#4 [internal] load .dockerignore
#4 transferring context: 147B done
#4 DONE 0.0s

#5 [ 1/10] FROM docker.io/library/python:3.11-slim-bookworm@sha256:a36c24f9cbdf4fd0f52d67f0823eeac19c2028c637cecc392d97f980d4fec56b
#5 resolve docker.io/library/python:3.11-slim-bookworm@sha256:a36c24f9cbdf4fd0f52d67f0823eeac19c2028c637cecc392d97f980d4fec56b done
#5 DONE 0.0s

#6 [internal] load build context
#6 transferring context: 60.51kB done
#6 DONE 0.0s

#7 [ 3/10] RUN apt-get update && apt-get install -y --no-install-recommends build-essential     && rm -rf /var/lib/apt/lists/*
#7 CACHED

#8 [ 2/10] WORKDIR /app
#8 CACHED

#9 [ 4/10] COPY pyproject.toml .
#9 CACHED

#10 [ 5/10] COPY src ./src
#10 DONE 0.0s

#11 [ 6/10] COPY documents ./documents
#11 DONE 0.0s

#12 [ 7/10] COPY evals ./evals
#12 DONE 0.0s

#13 [ 8/10] RUN pip install --no-cache-dir .
#13 0.648 Processing /app
#13 0.650   Installing build dependencies: started
#13 1.848   Installing build dependencies: finished with status 'done'
#13 1.848   Getting requirements to build wheel: started
#13 2.057   Getting requirements to build wheel: finished with status 'done'
#13 2.058   Preparing metadata (pyproject.toml): started
#13 2.251   Preparing metadata (pyproject.toml): finished with status 'done'
#13 2.436 Collecting numpy>=1.26.0 (from rag==0.1.0)
#13 2.487   Downloading numpy-2.4.6-cp311-cp311-manylinux_2_27_aarch64.manylinux_2_28_aarch64.whl.metadata (6.6 kB)
#13 2.507 Collecting sentence-transformers>=3.0.0 (from rag==0.1.0)
#13 2.518   Downloading sentence_transformers-6.1.0-py3-none-any.whl.metadata (20 kB)
#13 2.544 Collecting pdfplumber>=0.11.0 (from rag==0.1.0)
#13 2.556   Downloading pdfplumber-0.11.10-py3-none-any.whl.metadata (43 kB)
#13 2.560      ━━━━━━━━━━━━━━━━━━━━━━━━━━━━━━━━━━━━━━━━ 43.7/43.7 kB 12.7 MB/s eta 0:00:00
#13 2.572 Collecting python-docx>=1.1.0 (from rag==0.1.0)
#13 2.581   Downloading python_docx-1.2.0-py3-none-any.whl.metadata (2.0 kB)
#13 2.621 Collecting fastapi>=0.115.0 (from rag==0.1.0)
#13 2.629   Downloading fastapi-0.141.1-py3-none-any.whl.metadata (27 kB)
#13 2.654 Collecting uvicorn>=0.32.0 (from rag==0.1.0)
#13 2.681   Downloading uvicorn-0.53.0-py3-none-any.whl.metadata (6.6 kB)
#13 2.732 Collecting starlette>=0.46.0 (from fastapi>=0.115.0->rag==0.1.0)
#13 2.741   Downloading starlette-1.6.0-py3-none-any.whl.metadata (6.4 kB)
#13 2.811 Collecting pydantic>=2.9.0 (from fastapi>=0.115.0->rag==0.1.0)
#13 2.824   Downloading pydantic-2.13.5-py3-none-any.whl.metadata (110 kB)
#13 2.838      ━━━━━━━━━━━━━━━━━━━━━━━━━━━━━━━━━━━━━━━ 110.2/110.2 kB 7.3 MB/s eta 0:00:00
#13 2.864 Collecting typing-extensions>=4.8.0 (from fastapi>=0.115.0->rag==0.1.0)
#13 2.885   Downloading typing_extensions-4.16.0-py3-none-any.whl.metadata (3.3 kB)
#13 2.905 Collecting typing-inspection>=0.4.2 (from fastapi>=0.115.0->rag==0.1.0)
#13 2.915   Downloading typing_inspection-0.4.4-py3-none-any.whl.metadata (2.6 kB)
#13 2.935 Collecting annotated-doc>=0.0.2 (from fastapi>=0.115.0->rag==0.1.0)
#13 2.980   Downloading annotated_doc-0.0.5-py3-none-any.whl.metadata (6.5 kB)
#13 2.999 Collecting pdfminer.six==20260107 (from pdfplumber>=0.11.0->rag==0.1.0)
#13 3.012   Downloading pdfminer_six-20260107-py3-none-any.whl.metadata (4.3 kB)
#13 3.107 Collecting Pillow>=12.2.0 (from pdfplumber>=0.11.0->rag==0.1.0)
#13 3.119   Downloading pillow-12.3.0-cp311-cp311-manylinux_2_27_aarch64.manylinux_2_28_aarch64.whl.metadata (9.1 kB)
#13 3.184 Collecting pypdfium2>=5.9.0 (from pdfplumber>=0.11.0->rag==0.1.0)
#13 3.197   Downloading pypdfium2-5.13.0-py3-none-manylinux_2_17_aarch64.manylinux2014_aarch64.whl.metadata (66 kB)
#13 3.199      ━━━━━━━━━━━━━━━━━━━━━━━━━━━━━━━━━━━━━━━ 66.5/66.5 kB 126.0 MB/s eta 0:00:00
#13 3.305 Collecting charset-normalizer>=2.0.0 (from pdfminer.six==20260107->pdfplumber>=0.11.0->rag==0.1.0)
#13 3.334   Downloading charset_normalizer-3.5.1-cp311-cp311-manylinux2014_aarch64.manylinux_2_17_aarch64.manylinux_2_28_aarch64.whl.metadata (45 kB)
#13 3.334      ━━━━━━━━━━━━━━━━━━━━━━━━━━━━━━━━━━━━━━━ 45.9/45.9 kB 528.8 MB/s eta 0:00:00
#13 3.430 Collecting cryptography>=36.0.0 (from pdfminer.six==20260107->pdfplumber>=0.11.0->rag==0.1.0)
#13 3.438   Downloading cryptography-50.0.1-cp311-abi3-manylinux_2_34_aarch64.whl.metadata (4.3 kB)
#13 3.560 Collecting lxml>=3.1.0 (from python-docx>=1.1.0->rag==0.1.0)
#13 3.580   Downloading lxml-6.1.3-cp311-cp311-manylinux_2_26_aarch64.manylinux_2_28_aarch64.whl.metadata (3.3 kB)
#13 3.623 Collecting transformers<6.0.0,>=5.0.0 (from sentence-transformers>=3.0.0->rag==0.1.0)
#13 3.636   Downloading transformers-5.17.0-py3-none-any.whl.metadata (32 kB)
#13 3.759 Collecting tokenizers>=0.19 (from sentence-transformers>=3.0.0->rag==0.1.0)
#13 3.770   Downloading tokenizers-0.23.2-cp310-abi3-manylinux_2_17_aarch64.manylinux2014_aarch64.whl.metadata (9.8 kB)
#13 3.814 Collecting huggingface-hub<2.0.0,>=1.3.0 (from sentence-transformers>=3.0.0->rag==0.1.0)
#13 3.833   Downloading huggingface_hub-1.32.0-py3-none-any.whl.metadata (16 kB)
#13 3.864 Collecting torch>=2.2 (from sentence-transformers>=3.0.0->rag==0.1.0)
#13 3.886   Downloading torch-2.14.0-cp311-cp311-manylinux_2_28_aarch64.whl.metadata (37 kB)
#13 3.954 Collecting scikit-learn>=1.1.0 (from sentence-transformers>=3.0.0->rag==0.1.0)
#13 3.978   Downloading scikit_learn-1.9.1-cp311-cp311-manylinux_2_27_aarch64.manylinux_2_28_aarch64.whl.metadata (9.3 kB)
#13 4.047 Collecting scipy>=1.0.0 (from sentence-transformers>=3.0.0->rag==0.1.0)
#13 4.059   Downloading scipy-1.17.1-cp311-cp311-manylinux_2_27_aarch64.manylinux_2_28_aarch64.whl.metadata (62 kB)
#13 4.071      ━━━━━━━━━━━━━━━━━━━━━━━━━━━━━━━━━━━━━━━ 62.1/62.1 kB 530.7 MB/s eta 0:00:00
#13 4.127 Collecting tqdm>=4.0.0 (from sentence-transformers>=3.0.0->rag==0.1.0)
#13 4.149   Downloading tqdm-4.70.1-py3-none-any.whl.metadata (57 kB)
#13 4.150      ━━━━━━━━━━━━━━━━━━━━━━━━━━━━━━━━━━━━━━━ 57.4/57.4 kB 204.2 MB/s eta 0:00:00
#13 4.179 Collecting click>=7.0 (from uvicorn>=0.32.0->rag==0.1.0)
#13 4.189   Downloading click-8.5.0-py3-none-any.whl.metadata (2.6 kB)
#13 4.207 Collecting h11>=0.8 (from uvicorn>=0.32.0->rag==0.1.0)
#13 4.220   Downloading h11-0.16.0-py3-none-any.whl.metadata (8.3 kB)
#13 4.268 Collecting filelock>=3.10.0 (from huggingface-hub<2.0.0,>=1.3.0->sentence-transformers>=3.0.0->rag==0.1.0)
#13 4.289   Downloading filelock-4.0.1-py3-none-any.whl.metadata (2.0 kB)
#13 4.321 Collecting fsspec>=2023.5.0 (from huggingface-hub<2.0.0,>=1.3.0->sentence-transformers>=3.0.0->rag==0.1.0)
#13 4.334   Downloading fsspec-2026.9.0-py3-none-any.whl.metadata (10 kB)
#13 4.415 Collecting hf-xet<2.0.0,>=1.5.2 (from huggingface-hub<2.0.0,>=1.3.0->sentence-transformers>=3.0.0->rag==0.1.0)
#13 4.441   Downloading hf_xet-1.6.0-cp38-abi3-manylinux_2_28_aarch64.whl.metadata (4.9 kB)
#13 4.465 Collecting httpx<1,>=0.23.0 (from huggingface-hub<2.0.0,>=1.3.0->sentence-transformers>=3.0.0->rag==0.1.0)
#13 4.476   Downloading httpx-0.28.1-py3-none-any.whl.metadata (7.1 kB)
#13 4.479 Requirement already satisfied: packaging>=20.9 in /usr/local/lib/python3.11/site-packages (from huggingface-hub<2.0.0,>=1.3.0->sentence-transformers>=3.0.0->rag==0.1.0) (26.3)
#13 4.503 Collecting pyyaml>=5.1 (from huggingface-hub<2.0.0,>=1.3.0->sentence-transformers>=3.0.0->rag==0.1.0)
#13 4.535   Downloading pyyaml-6.0.3-cp311-cp311-manylinux2014_aarch64.manylinux_2_17_aarch64.manylinux_2_28_aarch64.whl.metadata (2.4 kB)
#13 4.570 Collecting annotated-types>=0.6.0 (from pydantic>=2.9.0->fastapi>=0.115.0->rag==0.1.0)
#13 4.587   Downloading annotated_types-0.8.0-py3-none-any.whl.metadata (15 kB)
#13 4.933 Collecting pydantic-core==2.46.5 (from pydantic>=2.9.0->fastapi>=0.115.0->rag==0.1.0)
#13 4.951   Downloading pydantic_core-2.46.5-cp311-cp311-manylinux_2_17_aarch64.manylinux2014_aarch64.whl.metadata (6.6 kB)
#13 4.977 Collecting joblib>=1.4.0 (from scikit-learn>=1.1.0->sentence-transformers>=3.0.0->rag==0.1.0)
#13 4.993   Downloading joblib-1.6.0-py3-none-any.whl.metadata (6.5 kB)
#13 5.025 Collecting narwhals>=2.0.1 (from scikit-learn>=1.1.0->sentence-transformers>=3.0.0->rag==0.1.0)
#13 5.038   Downloading narwhals-2.26.0-py3-none-any.whl.metadata (15 kB)
#13 5.059 Collecting threadpoolctl>=3.5.0 (from scikit-learn>=1.1.0->sentence-transformers>=3.0.0->rag==0.1.0)
#13 5.075   Downloading threadpoolctl-3.7.0-py3-none-any.whl.metadata (24 kB)
#13 5.126 Collecting anyio<5,>=3.6.2 (from starlette>=0.46.0->fastapi>=0.115.0->rag==0.1.0)
#13 5.139   Downloading anyio-4.15.1-py3-none-any.whl.metadata (4.7 kB)
#13 5.159 Requirement already satisfied: setuptools>=77.0.3 in /usr/local/lib/python3.11/site-packages (from torch>=2.2->sentence-transformers>=3.0.0->rag==0.1.0) (79.0.1)
#13 5.183 Collecting sympy>=1.13.3 (from torch>=2.2->sentence-transformers>=3.0.0->rag==0.1.0)
#13 5.207   Downloading sympy-1.14.0-py3-none-any.whl.metadata (12 kB)
#13 5.229 Collecting networkx>=2.5.1 (from torch>=2.2->sentence-transformers>=3.0.0->rag==0.1.0)
#13 5.252   Downloading networkx-3.6.1-py3-none-any.whl.metadata (6.8 kB)
#13 5.281 Collecting jinja2 (from torch>=2.2->sentence-transformers>=3.0.0->rag==0.1.0)
#13 5.291   Downloading jinja2-3.1.6-py3-none-any.whl.metadata (2.9 kB)
#13 5.313 Collecting cuda-toolkit==13.0.3 (from cuda-toolkit[cublas,cudart,cufft,cufile,cupti,curand,cusolver,cusparse,nvjitlink,nvrtc,nvtx]==13.0.3; platform_system == "Linux"->torch>=2.2->sentence-transformers>=3.0.0->rag==0.1.0)
#13 5.336   Downloading cuda_toolkit-13.0.3.0-py2.py3-none-any.whl.metadata (17 kB)
#13 5.378 Collecting cuda-bindings<14,>=13.0.3 (from torch>=2.2->sentence-transformers>=3.0.0->rag==0.1.0)
#13 5.397   Downloading cuda_bindings-13.4.2-cp311-cp311-manylinux_2_24_aarch64.manylinux_2_28_aarch64.whl.metadata (2.4 kB)
#13 5.417 Collecting nvidia-cudnn-cu13==9.24.0.43 (from torch>=2.2->sentence-transformers>=3.0.0->rag==0.1.0)
#13 5.426   Downloading nvidia_cudnn_cu13-9.24.0.43-py3-none-manylinux_2_27_aarch64.whl.metadata (1.9 kB)
#13 5.457 Collecting nvidia-cusparselt-cu13==0.8.1 (from torch>=2.2->sentence-transformers>=3.0.0->rag==0.1.0)
#13 5.492   Downloading nvidia_cusparselt_cu13-0.8.1-py3-none-manylinux2014_aarch64.whl.metadata (12 kB)
#13 5.513 Collecting nvidia-nccl-cu13==2.30.7 (from torch>=2.2->sentence-transformers>=3.0.0->rag==0.1.0)
#13 5.548   Downloading nvidia_nccl_cu13-2.30.7-py3-none-manylinux_2_18_aarch64.whl.metadata (2.1 kB)
#13 5.598 Collecting nvidia-nvshmem-cu13==3.4.5 (from torch>=2.2->sentence-transformers>=3.0.0->rag==0.1.0)
#13 5.618   Downloading nvidia_nvshmem_cu13-3.4.5-py3-none-manylinux2014_aarch64.manylinux_2_17_aarch64.whl.metadata (2.1 kB)
#13 5.661 Collecting triton~=3.8.0 (from torch>=2.2->sentence-transformers>=3.0.0->rag==0.1.0)
#13 5.674   Downloading triton-3.8.0-cp311-cp311-manylinux_2_27_aarch64.manylinux_2_28_aarch64.whl.metadata (978 bytes)
#13 5.828 Collecting nvidia-cublas==13.1.1.3.* (from cuda-toolkit[cublas,cudart,cufft,cufile,cupti,curand,cusolver,cusparse,nvjitlink,nvrtc,nvtx]==13.0.3; platform_system == "Linux"->torch>=2.2->sentence-transformers>=3.0.0->rag==0.1.0)
#13 5.859   Downloading nvidia_cublas-13.1.1.3-py3-none-manylinux_2_27_aarch64.whl.metadata (1.8 kB)
#13 5.900 Collecting nvidia-cuda-nvrtc==13.0.88.* (from cuda-toolkit[cublas,cudart,cufft,cufile,cupti,curand,cusolver,cusparse,nvjitlink,nvrtc,nvtx]==13.0.3; platform_system == "Linux"->torch>=2.2->sentence-transformers>=3.0.0->rag==0.1.0)
#13 5.913   Downloading nvidia_cuda_nvrtc-13.0.88-py3-none-manylinux2014_aarch64.manylinux_2_17_aarch64.whl.metadata (1.7 kB)
#13 5.966 Collecting nvidia-cuda-runtime==13.0.96.* (from cuda-toolkit[cublas,cudart,cufft,cufile,cupti,curand,cusolver,cusparse,nvjitlink,nvrtc,nvtx]==13.0.3; platform_system == "Linux"->torch>=2.2->sentence-transformers>=3.0.0->rag==0.1.0)
#13 5.980   Downloading nvidia_cuda_runtime-13.0.96-py3-none-manylinux2014_aarch64.manylinux_2_17_aarch64.whl.metadata (1.7 kB)
#13 6.006 Collecting nvidia-cufft==12.0.0.61.* (from cuda-toolkit[cublas,cudart,cufft,cufile,cupti,curand,cusolver,cusparse,nvjitlink,nvrtc,nvtx]==13.0.3; platform_system == "Linux"->torch>=2.2->sentence-transformers>=3.0.0->rag==0.1.0)
#13 6.028   Downloading nvidia_cufft-12.0.0.61-py3-none-manylinux2014_aarch64.manylinux_2_17_aarch64.whl.metadata (1.8 kB)
#13 6.050 Collecting nvidia-nvjitlink<14,>=13.0.88 (from cuda-toolkit[cublas,cudart,cufft,cufile,cupti,curand,cusolver,cusparse,nvjitlink,nvrtc,nvtx]==13.0.3; platform_system == "Linux"->torch>=2.2->sentence-transformers>=3.0.0->rag==0.1.0)
#13 6.069   Downloading nvidia_nvjitlink-13.4.92-py3-none-manylinux2014_aarch64.manylinux_2_17_aarch64.whl.metadata (1.8 kB)
#13 6.101 Collecting nvidia-cufile==1.15.1.6.* (from cuda-toolkit[cublas,cudart,cufft,cufile,cupti,curand,cusolver,cusparse,nvjitlink,nvrtc,nvtx]==13.0.3; platform_system == "Linux"->torch>=2.2->sentence-transformers>=3.0.0->rag==0.1.0)
#13 6.122   Downloading nvidia_cufile-1.15.1.6-py3-none-manylinux_2_27_aarch64.whl.metadata (1.7 kB)
#13 6.158 Collecting nvidia-cuda-cupti==13.0.85.* (from cuda-toolkit[cublas,cudart,cufft,cufile,cupti,curand,cusolver,cusparse,nvjitlink,nvrtc,nvtx]==13.0.3; platform_system == "Linux"->torch>=2.2->sentence-transformers>=3.0.0->rag==0.1.0)
#13 6.174   Downloading nvidia_cuda_cupti-13.0.85-py3-none-manylinux_2_25_aarch64.whl.metadata (1.7 kB)
#13 6.194 Collecting nvidia-curand==10.4.0.35.* (from cuda-toolkit[cublas,cudart,cufft,cufile,cupti,curand,cusolver,cusparse,nvjitlink,nvrtc,nvtx]==13.0.3; platform_system == "Linux"->torch>=2.2->sentence-transformers>=3.0.0->rag==0.1.0)
#13 6.224   Downloading nvidia_curand-10.4.0.35-py3-none-manylinux_2_27_aarch64.whl.metadata (1.7 kB)
#13 6.258 Collecting nvidia-cusolver==12.0.4.66.* (from cuda-toolkit[cublas,cudart,cufft,cufile,cupti,curand,cusolver,cusparse,nvjitlink,nvrtc,nvtx]==13.0.3; platform_system == "Linux"->torch>=2.2->sentence-transformers>=3.0.0->rag==0.1.0)
#13 6.271   Downloading nvidia_cusolver-12.0.4.66-py3-none-manylinux_2_27_aarch64.whl.metadata (1.8 kB)
#13 6.298 Collecting nvidia-cusparse==12.6.3.3.* (from cuda-toolkit[cublas,cudart,cufft,cufile,cupti,curand,cusolver,cusparse,nvjitlink,nvrtc,nvtx]==13.0.3; platform_system == "Linux"->torch>=2.2->sentence-transformers>=3.0.0->rag==0.1.0)
#13 6.318   Downloading nvidia_cusparse-12.6.3.3-py3-none-manylinux2014_aarch64.manylinux_2_17_aarch64.whl.metadata (1.8 kB)
#13 6.344 Collecting nvidia-nvtx==13.0.85.* (from cuda-toolkit[cublas,cudart,cufft,cufile,cupti,curand,cusolver,cusparse,nvjitlink,nvrtc,nvtx]==13.0.3; platform_system == "Linux"->torch>=2.2->sentence-transformers>=3.0.0->rag==0.1.0)
#13 6.359   Downloading nvidia_nvtx-13.0.85-py3-none-manylinux2014_aarch64.manylinux_2_17_aarch64.whl.metadata (1.8 kB)
#13 6.683 Collecting regex>=2025.10.22 (from transformers<6.0.0,>=5.0.0->sentence-transformers>=3.0.0->rag==0.1.0)
#13 6.711   Downloading regex-2026.9.10-cp311-cp311-manylinux2014_aarch64.manylinux_2_17_aarch64.manylinux_2_28_aarch64.whl.metadata (40 kB)
#13 6.712      ━━━━━━━━━━━━━━━━━━━━━━━━━━━━━━━━━━━━━━━ 40.6/40.6 kB 419.2 MB/s eta 0:00:00
#13 6.737 Collecting typer (from transformers<6.0.0,>=5.0.0->sentence-transformers>=3.0.0->rag==0.1.0)
#13 6.755   Downloading typer-0.27.2-py3-none-any.whl.metadata (16 kB)
#13 6.811 Collecting safetensors>=0.8.0 (from transformers<6.0.0,>=5.0.0->sentence-transformers>=3.0.0->rag==0.1.0)
#13 6.827   Downloading safetensors-0.8.0-cp310-abi3-manylinux_2_17_aarch64.manylinux2014_aarch64.whl.metadata (4.2 kB)
#13 6.858 Collecting idna>=2.8 (from anyio<5,>=3.6.2->starlette>=0.46.0->fastapi>=0.115.0->rag==0.1.0)
#13 6.866   Downloading idna-3.20-py3-none-any.whl.metadata (7.2 kB)
#13 6.922 Collecting cffi>=2.0.0 (from cryptography>=36.0.0->pdfminer.six==20260107->pdfplumber>=0.11.0->rag==0.1.0)
#13 6.934   Downloading cffi-2.1.1-cp311-cp311-manylinux2014_aarch64.manylinux_2_17_aarch64.whl.metadata (2.5 kB)
#13 6.954 Collecting cuda-pathfinder>=1.4.2 (from cuda-bindings<14,>=13.0.3->torch>=2.2->sentence-transformers>=3.0.0->rag==0.1.0)
#13 6.972   Downloading cuda_pathfinder-1.8.2-py3-none-any.whl.metadata (1.9 kB)
#13 7.017 Collecting certifi (from httpx<1,>=0.23.0->huggingface-hub<2.0.0,>=1.3.0->sentence-transformers>=3.0.0->rag==0.1.0)
#13 7.043   Downloading certifi-2026.7.22-py3-none-any.whl.metadata (2.5 kB)
#13 7.070 Collecting httpcore==1.* (from httpx<1,>=0.23.0->huggingface-hub<2.0.0,>=1.3.0->sentence-transformers>=3.0.0->rag==0.1.0)
#13 7.085   Downloading httpcore-1.0.9-py3-none-any.whl.metadata (21 kB)
#13 7.123 Collecting cloudpickle>=3.0 (from joblib>=1.4.0->scikit-learn>=1.1.0->sentence-transformers>=3.0.0->rag==0.1.0)
#13 7.138   Downloading cloudpickle-3.1.2-py3-none-any.whl.metadata (7.1 kB)
#13 7.216 Collecting mpmath<1.4,>=1.1.0 (from sympy>=1.13.3->torch>=2.2->sentence-transformers>=3.0.0->rag==0.1.0)
#13 7.227   Downloading mpmath-1.3.0-py3-none-any.whl.metadata (8.6 kB)
#13 7.265 Collecting MarkupSafe>=2.0 (from jinja2->torch>=2.2->sentence-transformers>=3.0.0->rag==0.1.0)
#13 7.275   Downloading markupsafe-3.0.3-cp311-cp311-manylinux2014_aarch64.manylinux_2_17_aarch64.manylinux_2_28_aarch64.whl.metadata (2.7 kB)
#13 7.297 Collecting shellingham>=1.3.0 (from typer->transformers<6.0.0,>=5.0.0->sentence-transformers>=3.0.0->rag==0.1.0)
#13 7.311   Downloading shellingham-1.5.4-py2.py3-none-any.whl.metadata (3.5 kB)
#13 7.343 Collecting rich>=13.8.0 (from typer->transformers<6.0.0,>=5.0.0->sentence-transformers>=3.0.0->rag==0.1.0)
#13 7.352   Downloading rich-15.0.0-py3-none-any.whl.metadata (18 kB)
#13 7.370 Collecting pycparser (from cffi>=2.0.0->cryptography>=36.0.0->pdfminer.six==20260107->pdfplumber>=0.11.0->rag==0.1.0)
#13 7.389   Downloading pycparser-3.0-py3-none-any.whl.metadata (8.2 kB)
#13 7.445 Collecting markdown-it-py>=2.2.0 (from rich>=13.8.0->typer->transformers<6.0.0,>=5.0.0->sentence-transformers>=3.0.0->rag==0.1.0)
#13 7.453   Downloading markdown_it_py-4.2.0-py3-none-any.whl.metadata (7.4 kB)
#13 7.471 Collecting pygments<3.0.0,>=2.13.0 (from rich>=13.8.0->typer->transformers<6.0.0,>=5.0.0->sentence-transformers>=3.0.0->rag==0.1.0)
#13 7.481   Downloading pygments-2.21.0-py3-none-any.whl.metadata (2.5 kB)
#13 7.508 Collecting mdurl~=0.1 (from markdown-it-py>=2.2.0->rich>=13.8.0->typer->transformers<6.0.0,>=5.0.0->sentence-transformers>=3.0.0->rag==0.1.0)
#13 7.518   Downloading mdurl-0.1.2-py3-none-any.whl.metadata (1.6 kB)
#13 7.555 Downloading fastapi-0.141.1-py3-none-any.whl (131 kB)
#13 7.578    ━━━━━━━━━━━━━━━━━━━━━━━━━━━━━━━━━━━━━━━━ 132.0/132.0 kB 5.7 MB/s eta 0:00:00
#13 7.587 Downloading numpy-2.4.6-cp311-cp311-manylinux_2_27_aarch64.manylinux_2_28_aarch64.whl (16.0 MB)
#13 8.032    ━━━━━━━━━━━━━━━━━━━━━━━━━━━━━━━━━━━━━━━━ 16.0/16.0 MB 44.7 MB/s eta 0:00:00
#13 8.050 Downloading pdfplumber-0.11.10-py3-none-any.whl (60 kB)
#13 8.052    ━━━━━━━━━━━━━━━━━━━━━━━━━━━━━━━━━━━━━━━━ 60.0/60.0 kB 172.9 MB/s eta 0:00:00
#13 8.067 Downloading pdfminer_six-20260107-py3-none-any.whl (6.6 MB)
#13 8.241    ━━━━━━━━━━━━━━━━━━━━━━━━━━━━━━━━━━━━━━━━ 6.6/6.6 MB 38.6 MB/s eta 0:00:00
#13 8.261 Downloading python_docx-1.2.0-py3-none-any.whl (252 kB)
#13 8.264    ━━━━━━━━━━━━━━━━━━━━━━━━━━━━━━━━━━━━━━━ 253.0/253.0 kB 247.0 MB/s eta 0:00:00
#13 8.289 Downloading sentence_transformers-6.1.0-py3-none-any.whl (740 kB)
#13 8.317    ━━━━━━━━━━━━━━━━━━━━━━━━━━━━━━━━━━━━━━━━ 740.6/740.6 kB 29.7 MB/s eta 0:00:00
#13 8.341 Downloading uvicorn-0.53.0-py3-none-any.whl (87 kB)
#13 8.343    ━━━━━━━━━━━━━━━━━━━━━━━━━━━━━━━━━━━━━━━━ 87.1/87.1 kB 200.9 MB/s eta 0:00:00
#13 8.356 Downloading annotated_doc-0.0.5-py3-none-any.whl (5.3 kB)
#13 8.369 Downloading click-8.5.0-py3-none-any.whl (125 kB)
#13 8.374    ━━━━━━━━━━━━━━━━━━━━━━━━━━━━━━━━━━━━━━━ 125.3/125.3 kB 205.7 MB/s eta 0:00:00
#13 8.399 Downloading h11-0.16.0-py3-none-any.whl (37 kB)
#13 8.425 Downloading huggingface_hub-1.32.0-py3-none-any.whl (842 kB)
#13 8.438    ━━━━━━━━━━━━━━━━━━━━━━━━━━━━━━━━━━━━━━━━ 842.9/842.9 kB 76.9 MB/s eta 0:00:00
#13 8.455 Downloading lxml-6.1.3-cp311-cp311-manylinux_2_26_aarch64.manylinux_2_28_aarch64.whl (5.0 MB)
#13 8.567    ━━━━━━━━━━━━━━━━━━━━━━━━━━━━━━━━━━━━━━━━ 5.0/5.0 MB 46.8 MB/s eta 0:00:00
#13 8.587 Downloading pillow-12.3.0-cp311-cp311-manylinux_2_27_aarch64.manylinux_2_28_aarch64.whl (6.3 MB)
#13 8.766    ━━━━━━━━━━━━━━━━━━━━━━━━━━━━━━━━━━━━━━━━ 6.3/6.3 MB 35.6 MB/s eta 0:00:00
#13 8.787 Downloading pydantic-2.13.5-py3-none-any.whl (472 kB)
#13 8.792    ━━━━━━━━━━━━━━━━━━━━━━━━━━━━━━━━━━━━━━━ 472.6/472.6 kB 194.3 MB/s eta 0:00:00
#13 8.809 Downloading pydantic_core-2.46.5-cp311-cp311-manylinux_2_17_aarch64.manylinux2014_aarch64.whl (1.9 MB)
#13 8.858    ━━━━━━━━━━━━━━━━━━━━━━━━━━━━━━━━━━━━━━━━ 1.9/1.9 MB 42.4 MB/s eta 0:00:00
#13 8.876 Downloading pypdfium2-5.13.0-py3-none-manylinux_2_17_aarch64.manylinux2014_aarch64.whl (3.7 MB)
#13 8.956    ━━━━━━━━━━━━━━━━━━━━━━━━━━━━━━━━━━━━━━━━ 3.7/3.7 MB 47.1 MB/s eta 0:00:00
#13 8.982 Downloading scikit_learn-1.9.1-cp311-cp311-manylinux_2_27_aarch64.manylinux_2_28_aarch64.whl (9.0 MB)
#13 9.182    ━━━━━━━━━━━━━━━━━━━━━━━━━━━━━━━━━━━━━━━━ 9.0/9.0 MB 46.0 MB/s eta 0:00:00
#13 9.196 Downloading scipy-1.17.1-cp311-cp311-manylinux_2_27_aarch64.manylinux_2_28_aarch64.whl (33.1 MB)
#13 9.949    ━━━━━━━━━━━━━━━━━━━━━━━━━━━━━━━━━━━━━━━━ 33.1/33.1 MB 45.6 MB/s eta 0:00:00
#13 9.973 Downloading starlette-1.6.0-py3-none-any.whl (75 kB)
#13 9.976    ━━━━━━━━━━━━━━━━━━━━━━━━━━━━━━━━━━━━━━━━ 76.0/76.0 kB 149.7 MB/s eta 0:00:00
#13 9.990 Downloading tokenizers-0.23.2-cp310-abi3-manylinux_2_17_aarch64.manylinux2014_aarch64.whl (3.5 MB)
#13 10.07    ━━━━━━━━━━━━━━━━━━━━━━━━━━━━━━━━━━━━━━━━ 3.5/3.5 MB 42.6 MB/s eta 0:00:00
#13 10.08 Downloading torch-2.14.0-cp311-cp311-manylinux_2_28_aarch64.whl (454.0 MB)
#13 20.73    ━━━━━━━━━━━━━━━━━━━━━━━━━━━━━━━━━━━━━━━━ 454.0/454.0 MB 42.8 MB/s eta 0:00:00
#13 20.74 Downloading cuda_toolkit-13.0.3.0-py2.py3-none-any.whl (2.5 kB)
#13 20.75 Downloading nvidia_cudnn_cu13-9.24.0.43-py3-none-manylinux_2_27_aarch64.whl (651.0 MB)
#13 37.14    ━━━━━━━━━━━━━━━━━━━━━━━━━━━━━━━━━━━━━━━━ 651.0/651.0 MB 32.9 MB/s eta 0:00:00
#13 37.21 Downloading nvidia_cusparselt_cu13-0.8.1-py3-none-manylinux2014_aarch64.whl (221.1 MB)
#13 45.48    ━━━━━━━━━━━━━━━━━━━━━━━━━━━━━━━━━━━━━━━━ 221.1/221.1 MB 27.0 MB/s eta 0:00:00
#13 45.55 Downloading nvidia_nccl_cu13-2.30.7-py3-none-manylinux_2_18_aarch64.whl (216.0 MB)
#13 53.90    ━━━━━━━━━━━━━━━━━━━━━━━━━━━━━━━━━━━━━━━━ 216.0/216.0 MB 23.5 MB/s eta 0:00:00
#13 53.97 Downloading nvidia_nvshmem_cu13-3.4.5-py3-none-manylinux2014_aarch64.manylinux_2_17_aarch64.whl (60.2 MB)
#13 56.44    ━━━━━━━━━━━━━━━━━━━━━━━━━━━━━━━━━━━━━━━━ 60.2/60.2 MB 22.8 MB/s eta 0:00:00
#13 56.51 Downloading nvidia_cublas-13.1.1.3-py3-none-manylinux_2_27_aarch64.whl (542.8 MB)
#13 72.10    ━━━━━━━━━━━━━━━━━━━━━━━━━━━━━━━━━━━━━━━━ 542.8/542.8 MB 39.0 MB/s eta 0:00:00
#13 72.12 Downloading nvidia_cuda_cupti-13.0.85-py3-none-manylinux_2_25_aarch64.whl (10.3 MB)
#13 72.36    ━━━━━━━━━━━━━━━━━━━━━━━━━━━━━━━━━━━━━━━━ 10.3/10.3 MB 42.8 MB/s eta 0:00:00
#13 72.37 Downloading nvidia_cuda_nvrtc-13.0.88-py3-none-manylinux2014_aarch64.manylinux_2_17_aarch64.whl (43.0 MB)
#13 73.46    ━━━━━━━━━━━━━━━━━━━━━━━━━━━━━━━━━━━━━━━━ 43.0/43.0 MB 39.0 MB/s eta 0:00:00
#13 73.48 Downloading nvidia_cuda_runtime-13.0.96-py3-none-manylinux2014_aarch64.manylinux_2_17_aarch64.whl (2.3 MB)
#13 73.52    ━━━━━━━━━━━━━━━━━━━━━━━━━━━━━━━━━━━━━━━━ 2.3/2.3 MB 57.2 MB/s eta 0:00:00
#13 73.53 Downloading nvidia_cufft-12.0.0.61-py3-none-manylinux2014_aarch64.manylinux_2_17_aarch64.whl (214.1 MB)
#13 79.03    ━━━━━━━━━━━━━━━━━━━━━━━━━━━━━━━━━━━━━━━━ 214.1/214.1 MB 39.1 MB/s eta 0:00:00
#13 79.04 Downloading nvidia_cufile-1.15.1.6-py3-none-manylinux_2_27_aarch64.whl (1.1 MB)
#13 79.07    ━━━━━━━━━━━━━━━━━━━━━━━━━━━━━━━━━━━━━━━━ 1.1/1.1 MB 41.4 MB/s eta 0:00:00
#13 79.08 Downloading nvidia_curand-10.4.0.35-py3-none-manylinux_2_27_aarch64.whl (62.0 MB)
#13 80.66    ━━━━━━━━━━━━━━━━━━━━━━━━━━━━━━━━━━━━━━━━ 62.0/62.0 MB 40.0 MB/s eta 0:00:00
#13 80.67 Downloading nvidia_cusolver-12.0.4.66-py3-none-manylinux_2_27_aarch64.whl (223.5 MB)
#13 86.25    ━━━━━━━━━━━━━━━━━━━━━━━━━━━━━━━━━━━━━━━━ 223.5/223.5 MB 41.0 MB/s eta 0:00:00
#13 86.27 Downloading nvidia_cusparse-12.6.3.3-py3-none-manylinux2014_aarch64.manylinux_2_17_aarch64.whl (162.2 MB)
#13 90.16    ━━━━━━━━━━━━━━━━━━━━━━━━━━━━━━━━━━━━━━━━ 162.2/162.2 MB 41.6 MB/s eta 0:00:00
#13 90.18 Downloading nvidia_nvtx-13.0.85-py3-none-manylinux2014_aarch64.manylinux_2_17_aarch64.whl (148 kB)
#13 90.18    ━━━━━━━━━━━━━━━━━━━━━━━━━━━━━━━━━━━━━━━ 148.9/148.9 kB 248.1 MB/s eta 0:00:00
#13 90.19 Downloading tqdm-4.70.1-py3-none-any.whl (80 kB)
#13 90.19    ━━━━━━━━━━━━━━━━━━━━━━━━━━━━━━━━━━━━━━━━ 80.2/80.2 kB 222.5 MB/s eta 0:00:00
#13 90.21 Downloading transformers-5.17.0-py3-none-any.whl (12.3 MB)
#13 90.48    ━━━━━━━━━━━━━━━━━━━━━━━━━━━━━━━━━━━━━━━━ 12.3/12.3 MB 43.5 MB/s eta 0:00:00
#13 90.50 Downloading typing_extensions-4.16.0-py3-none-any.whl (45 kB)
#13 90.50    ━━━━━━━━━━━━━━━━━━━━━━━━━━━━━━━━━━━━━━━━ 45.6/45.6 kB 215.5 MB/s eta 0:00:00
#13 90.52 Downloading typing_inspection-0.4.4-py3-none-any.whl (14 kB)
#13 90.53 Downloading annotated_types-0.8.0-py3-none-any.whl (13 kB)
#13 90.54 Downloading anyio-4.15.1-py3-none-any.whl (132 kB)
#13 90.54    ━━━━━━━━━━━━━━━━━━━━━━━━━━━━━━━━━━━━━━━ 132.1/132.1 kB 199.0 MB/s eta 0:00:00
#13 90.56 Downloading charset_normalizer-3.5.1-cp311-cp311-manylinux2014_aarch64.manylinux_2_17_aarch64.manylinux_2_28_aarch64.whl (251 kB)
#13 90.56    ━━━━━━━━━━━━━━━━━━━━━━━━━━━━━━━━━━━━━━━━ 251.2/251.2 kB 51.7 MB/s eta 0:00:00
#13 90.57 Downloading cryptography-50.0.1-cp311-abi3-manylinux_2_34_aarch64.whl (4.7 MB)
#13 90.68    ━━━━━━━━━━━━━━━━━━━━━━━━━━━━━━━━━━━━━━━━ 4.7/4.7 MB 44.8 MB/s eta 0:00:00
#13 90.71 Downloading cuda_bindings-13.4.2-cp311-cp311-manylinux_2_24_aarch64.manylinux_2_28_aarch64.whl (6.5 MB)
#13 90.85    ━━━━━━━━━━━━━━━━━━━━━━━━━━━━━━━━━━━━━━━━ 6.5/6.5 MB 45.4 MB/s eta 0:00:00
#13 90.87 Downloading filelock-4.0.1-py3-none-any.whl (106 kB)
#13 90.88    ━━━━━━━━━━━━━━━━━━━━━━━━━━━━━━━━━━━━━━━━ 106.2/106.2 kB 7.4 MB/s eta 0:00:00
#13 90.90 Downloading fsspec-2026.9.0-py3-none-any.whl (221 kB)
#13 90.90    ━━━━━━━━━━━━━━━━━━━━━━━━━━━━━━━━━━━━━━━ 221.7/221.7 kB 138.5 MB/s eta 0:00:00
#13 90.93 Downloading hf_xet-1.6.0-cp38-abi3-manylinux_2_28_aarch64.whl (4.3 MB)
#13 91.02    ━━━━━━━━━━━━━━━━━━━━━━━━━━━━━━━━━━━━━━━━ 4.3/4.3 MB 46.6 MB/s eta 0:00:00
#13 91.03 Downloading httpx-0.28.1-py3-none-any.whl (73 kB)
#13 91.04    ━━━━━━━━━━━━━━━━━━━━━━━━━━━━━━━━━━━━━━━━ 73.5/73.5 kB 354.2 MB/s eta 0:00:00
#13 91.05 Downloading httpcore-1.0.9-py3-none-any.whl (78 kB)
#13 91.06    ━━━━━━━━━━━━━━━━━━━━━━━━━━━━━━━━━━━━━━━━ 78.8/78.8 kB 46.0 MB/s eta 0:00:00
#13 91.07 Downloading joblib-1.6.0-py3-none-any.whl (306 kB)
#13 91.07    ━━━━━━━━━━━━━━━━━━━━━━━━━━━━━━━━━━━━━━━━ 306.1/306.1 kB 86.4 MB/s eta 0:00:00
#13 91.08 Downloading narwhals-2.26.0-py3-none-any.whl (474 kB)
#13 91.09    ━━━━━━━━━━━━━━━━━━━━━━━━━━━━━━━━━━━━━━━━ 474.0/474.0 kB 44.7 MB/s eta 0:00:00
#13 91.10 Downloading networkx-3.6.1-py3-none-any.whl (2.1 MB)
#13 91.14    ━━━━━━━━━━━━━━━━━━━━━━━━━━━━━━━━━━━━━━━━ 2.1/2.1 MB 51.6 MB/s eta 0:00:00
#13 91.15 Downloading pyyaml-6.0.3-cp311-cp311-manylinux2014_aarch64.manylinux_2_17_aarch64.manylinux_2_28_aarch64.whl (775 kB)
#13 91.16    ━━━━━━━━━━━━━━━━━━━━━━━━━━━━━━━━━━━━━━━━ 775.6/775.6 kB 91.9 MB/s eta 0:00:00
#13 91.20 Downloading regex-2026.9.10-cp311-cp311-manylinux2014_aarch64.manylinux_2_17_aarch64.manylinux_2_28_aarch64.whl (796 kB)
#13 91.21    ━━━━━━━━━━━━━━━━━━━━━━━━━━━━━━━━━━━━━━━━ 796.4/796.4 kB 67.3 MB/s eta 0:00:00
#13 91.22 Downloading safetensors-0.8.0-cp310-abi3-manylinux_2_17_aarch64.manylinux2014_aarch64.whl (502 kB)
#13 91.23    ━━━━━━━━━━━━━━━━━━━━━━━━━━━━━━━━━━━━━━━━ 502.8/502.8 kB 85.5 MB/s eta 0:00:00
#13 91.24 Downloading sympy-1.14.0-py3-none-any.whl (6.3 MB)
#13 91.39    ━━━━━━━━━━━━━━━━━━━━━━━━━━━━━━━━━━━━━━━━ 6.3/6.3 MB 44.7 MB/s eta 0:00:00
#13 91.40 Downloading threadpoolctl-3.7.0-py3-none-any.whl (26 kB)
#13 91.44 Downloading triton-3.8.0-cp311-cp311-manylinux_2_27_aarch64.manylinux_2_28_aarch64.whl (226.5 MB)
#13 96.88    ━━━━━━━━━━━━━━━━━━━━━━━━━━━━━━━━━━━━━━━━ 226.5/226.5 MB 40.4 MB/s eta 0:00:00
#13 96.89 Downloading jinja2-3.1.6-py3-none-any.whl (134 kB)
#13 96.89    ━━━━━━━━━━━━━━━━━━━━━━━━━━━━━━━━━━━━━━━ 134.9/134.9 kB 106.2 MB/s eta 0:00:00
#13 96.90 Downloading typer-0.27.2-py3-none-any.whl (123 kB)
#13 96.91    ━━━━━━━━━━━━━━━━━━━━━━━━━━━━━━━━━━━━━━━ 123.1/123.1 kB 315.8 MB/s eta 0:00:00
#13 96.92 Downloading cffi-2.1.1-cp311-cp311-manylinux2014_aarch64.manylinux_2_17_aarch64.whl (218 kB)
#13 96.92    ━━━━━━━━━━━━━━━━━━━━━━━━━━━━━━━━━━━━━━━━ 218.7/218.7 kB 76.2 MB/s eta 0:00:00
#13 96.93 Downloading cloudpickle-3.1.2-py3-none-any.whl (22 kB)
#13 96.94 Downloading cuda_pathfinder-1.8.2-py3-none-any.whl (62 kB)
#13 96.94    ━━━━━━━━━━━━━━━━━━━━━━━━━━━━━━━━━━━━━━━━ 62.6/62.6 kB 319.3 MB/s eta 0:00:00
#13 96.95 Downloading idna-3.20-py3-none-any.whl (69 kB)
#13 96.95    ━━━━━━━━━━━━━━━━━━━━━━━━━━━━━━━━━━━━━━━━ 69.6/69.6 kB 450.6 MB/s eta 0:00:00
#13 96.97 Downloading markupsafe-3.0.3-cp311-cp311-manylinux2014_aarch64.manylinux_2_17_aarch64.manylinux_2_28_aarch64.whl (24 kB)
#13 96.98 Downloading mpmath-1.3.0-py3-none-any.whl (536 kB)
#13 96.98    ━━━━━━━━━━━━━━━━━━━━━━━━━━━━━━━━━━━━━━━ 536.2/536.2 kB 121.3 MB/s eta 0:00:00
#13 96.99 Downloading nvidia_nvjitlink-13.4.92-py3-none-manylinux2014_aarch64.manylinux_2_17_aarch64.whl (40.4 MB)
#13 97.97    ━━━━━━━━━━━━━━━━━━━━━━━━━━━━━━━━━━━━━━━━ 40.4/40.4 MB 37.9 MB/s eta 0:00:00
#13 97.98 Downloading rich-15.0.0-py3-none-any.whl (310 kB)
#13 97.99    ━━━━━━━━━━━━━━━━━━━━━━━━━━━━━━━━━━━━━━━━ 310.7/310.7 kB 95.6 MB/s eta 0:00:00
#13 98.00 Downloading shellingham-1.5.4-py2.py3-none-any.whl (9.8 kB)
#13 98.01 Downloading certifi-2026.7.22-py3-none-any.whl (136 kB)
#13 98.01    ━━━━━━━━━━━━━━━━━━━━━━━━━━━━━━━━━━━━━━━ 137.0/137.0 kB 316.7 MB/s eta 0:00:00
#13 98.02 Downloading markdown_it_py-4.2.0-py3-none-any.whl (91 kB)
#13 98.02    ━━━━━━━━━━━━━━━━━━━━━━━━━━━━━━━━━━━━━━━━ 91.7/91.7 kB 130.5 MB/s eta 0:00:00
#13 98.04 Downloading pygments-2.21.0-py3-none-any.whl (1.3 MB)
#13 98.06    ━━━━━━━━━━━━━━━━━━━━━━━━━━━━━━━━━━━━━━━━ 1.3/1.3 MB 56.2 MB/s eta 0:00:00
#13 98.07 Downloading pycparser-3.0-py3-none-any.whl (48 kB)
#13 98.07    ━━━━━━━━━━━━━━━━━━━━━━━━━━━━━━━━━━━━━━━━ 48.2/48.2 kB 374.2 MB/s eta 0:00:00
#13 98.08 Downloading mdurl-0.1.2-py3-none-any.whl (10.0 kB)
#13 99.97 Building wheels for collected packages: rag
#13 99.98   Building wheel for rag (pyproject.toml): started
#13 100.3   Building wheel for rag (pyproject.toml): finished with status 'done'
#13 100.3   Created wheel for rag: filename=rag-0.1.0-py3-none-any.whl size=51612 sha256=f05cc658594ca59175de0bab28082f81b0f1b4751f19fb5fe96c47a41526675f
#13 100.3   Stored in directory: /tmp/pip-ephem-wheel-cache-jwp796we/wheels/57/0f/98/bb57b2b57b95807699b822a35c022f139d38a02c27922f27ce
#13 100.3 Successfully built rag
#13 100.6 Installing collected packages: nvidia-cusparselt-cu13, mpmath, cuda-toolkit, typing-extensions, triton, tqdm, threadpoolctl, sympy, shellingham, safetensors, regex, pyyaml, pypdfium2, pygments, pycparser, Pillow, nvidia-nvtx, nvidia-nvshmem-cu13, nvidia-nvjitlink, nvidia-nccl-cu13, nvidia-curand, nvidia-cufile, nvidia-cuda-runtime, nvidia-cuda-nvrtc, nvidia-cuda-cupti, numpy, networkx, narwhals, mdurl, MarkupSafe, lxml, idna, hf-xet, h11, fsspec, filelock, cuda-pathfinder, cloudpickle, click, charset-normalizer, certifi, annotated-types, annotated-doc, uvicorn, typing-inspection, scipy, python-docx, pydantic-core, nvidia-cusparse, nvidia-cufft, nvidia-cublas, markdown-it-py, joblib, jinja2, httpcore, cuda-bindings, cffi, anyio, starlette, scikit-learn, rich, pydantic, nvidia-cusolver, nvidia-cudnn-cu13, httpx, cryptography, typer, pdfminer.six, huggingface-hub, fastapi, torch, tokenizers, pdfplumber, transformers, sentence-transformers, rag
#13 125.4 Successfully installed MarkupSafe-3.0.3 Pillow-12.3.0 annotated-doc-0.0.5 annotated-types-0.8.0 anyio-4.15.1 certifi-2026.7.22 cffi-2.1.1 charset-normalizer-3.5.1 click-8.5.0 cloudpickle-3.1.2 cryptography-50.0.1 cuda-bindings-13.4.2 cuda-pathfinder-1.8.2 cuda-toolkit-13.0.3.0 fastapi-0.141.1 filelock-4.0.1 fsspec-2026.9.0 h11-0.16.0 hf-xet-1.6.0 httpcore-1.0.9 httpx-0.28.1 huggingface-hub-1.32.0 idna-3.20 jinja2-3.1.6 joblib-1.6.0 lxml-6.1.3 markdown-it-py-4.2.0 mdurl-0.1.2 mpmath-1.3.0 narwhals-2.26.0 networkx-3.6.1 numpy-2.4.6 nvidia-cublas-13.1.1.3 nvidia-cuda-cupti-13.0.85 nvidia-cuda-nvrtc-13.0.88 nvidia-cuda-runtime-13.0.96 nvidia-cudnn-cu13-9.24.0.43 nvidia-cufft-12.0.0.61 nvidia-cufile-1.15.1.6 nvidia-curand-10.4.0.35 nvidia-cusolver-12.0.4.66 nvidia-cusparse-12.6.3.3 nvidia-cusparselt-cu13-0.8.1 nvidia-nccl-cu13-2.30.7 nvidia-nvjitlink-13.4.92 nvidia-nvshmem-cu13-3.4.5 nvidia-nvtx-13.0.85 pdfminer.six-20260107 pdfplumber-0.11.10 pycparser-3.0 pydantic-2.13.5 pydantic-core-2.46.5 pygments-2.21.0 pypdfium2-5.13.0 python-docx-1.2.0 pyyaml-6.0.3 rag-0.1.0 regex-2026.9.10 rich-15.0.0 safetensors-0.8.0 scikit-learn-1.9.1 scipy-1.17.1 sentence-transformers-6.1.0 shellingham-1.5.4 starlette-1.6.0 sympy-1.14.0 threadpoolctl-3.7.0 tokenizers-0.23.2 torch-2.14.0 tqdm-4.70.1 transformers-5.17.0 triton-3.8.0 typer-0.27.2 typing-extensions-4.16.0 typing-inspection-0.4.4 uvicorn-0.53.0
#13 125.4 WARNING: Running pip as the 'root' user can result in broken permissions and conflicting behaviour with the system package manager. It is recommended to use a virtual environment instead: https://pip.pypa.io/warnings/venv
#13 125.5 
#13 125.5 [notice] A new release of pip is available: 24.0 -> 26.2.1
#13 125.5 [notice] To update, run: pip install --upgrade pip
#13 DONE 126.4s

#14 [ 9/10] COPY docker/entrypoint.sh /entrypoint.sh
#14 DONE 0.1s

#15 [10/10] RUN chmod +x /entrypoint.sh
#15 DONE 0.1s

#16 exporting to image
#16 exporting layers
#16 exporting layers 74.7s done
#16 exporting manifest sha256:ae5ce01174db765032d2294558ec93043e0b328f67b2b1ff9127dec7c4fab7de done
#16 exporting config sha256:ad880643102a1f627ef4e532fa2dc850f27dee547a4aa73f3d33d77774d236ae done
#16 exporting attestation manifest sha256:fff8575c8b9e19c150d05eaa0fd1215f505b8400b6b5fe9ee4067e46f8fe1dc3 done
#16 exporting manifest list sha256:f325e92c781736c535c92344abc96df20e19bde544755b17a32d21452c2f5ec4 done
#16 naming to docker.io/library/rag-week6-api:latest done
#16 unpacking to docker.io/library/rag-week6-api:latest
#16 unpacking to docker.io/library/rag-week6-api:latest 14.2s done
#16 DONE 88.9s

#17 resolving provenance for metadata file
#17 DONE 0.1s
 Image rag-week6-api Built 
build_exit=0
 Container rag-week6-api-1 Recreate 
 Container rag-week6-api-1 Recreated 
 Container rag-week6-api-1 Starting 
 Container rag-week6-api-1 Started 
up_exit=0
ready={"ready":true,"index_generation":4}
