Found 5 known vulnerabilities in 1 package
Name     Version ID              Fix Versions
-------- ------- --------------- ------------
chromadb 1.5.9   PYSEC-2026-311
chromadb 1.5.9   PYSEC-2026-311
chromadb 1.5.9   PYSEC-2026-3814
chromadb 1.5.9   PYSEC-2026-3815
chromadb 1.5.9   PYSEC-2026-3813
EXIT:1
--- lockfiles ---
ls: Pipfile.lock: No such file or directory
ls: pdm.lock: No such file or directory
ls: poetry.lock: No such file or directory
ls: requirements.txt: No such file or directory
ls: uv.lock: No such file or directory
--- pins ---

name = "rag"
version = "0.1.0"
description = "Local hybrid retrieval over your own files."
requires-python = ">=3.11"
dependencies = [
    "numpy>=1.26.0",
    "sentence-transformers>=3.0.0",
    "pdfplumber>=0.11.0",
    "python-docx>=1.1.0",
    "fastapi>=0.115.0",
    "uvicorn>=0.32.0",
    "pyyaml>=6.0",
]


