 Image rag-week6-api Building 
 Image rag-week6-web Building 
#1 [internal] load local bake definitions
#1 reading from stdin 965B done
#1 DONE 0.0s

#2 [api internal] load build definition from Dockerfile
#2 transferring dockerfile: 859B done
#2 DONE 0.0s

#3 [web internal] load build definition from Dockerfile
#3 transferring dockerfile: 261B done
#3 DONE 0.0s

#4 [web internal] load metadata for docker.io/library/node:22-alpine
#4 DONE 0.0s

#5 [api internal] load metadata for docker.io/library/python:3.11-slim-bookworm
#5 DONE 0.5s

#6 [web internal] load metadata for docker.io/library/nginx:alpine
#6 ...

#7 [api internal] load .dockerignore
#7 transferring context: 147B done
#7 DONE 0.0s

#8 [api  1/10] FROM docker.io/library/python:3.11-slim-bookworm@sha256:a36c24f9cbdf4fd0f52d67f0823eeac19c2028c637cecc392d97f980d4fec56b
#8 resolve docker.io/library/python:3.11-slim-bookworm@sha256:a36c24f9cbdf4fd0f52d67f0823eeac19c2028c637cecc392d97f980d4fec56b 0.0s done
#8 DONE 0.0s

#9 [api internal] load build context
#9 transferring context: 209.97kB done
#9 DONE 0.0s

#10 [api  2/10] WORKDIR /app
#10 CACHED

#11 [api  3/10] RUN apt-get update && apt-get install -y --no-install-recommends build-essential     && rm -rf /var/lib/apt/lists/*
#11 CACHED

#12 [api  4/10] COPY pyproject.toml .
#12 DONE 0.0s

#13 [api  5/10] COPY src ./src
#13 DONE 0.0s

#14 [api  6/10] COPY documents ./documents
#14 DONE 0.0s

#15 [api  7/10] COPY evals ./evals
#15 DONE 0.0s

#16 [api  8/10] RUN pip install --no-cache-dir .
#16 ...

#6 [web internal] load metadata for docker.io/library/nginx:alpine
#6 DONE 0.8s

#17 [web internal] load .dockerignore
#17 transferring context: 58B done
#17 DONE 0.0s

#18 [web build 1/6] FROM docker.io/library/node:22-alpine@sha256:b6f26b36c8ff49624cfdac716b8ea1138d606df02586a77d364bb5536a634f85
#18 resolve docker.io/library/node:22-alpine@sha256:b6f26b36c8ff49624cfdac716b8ea1138d606df02586a77d364bb5536a634f85 done
#18 DONE 0.0s

#19 [web internal] load build context
#19 transferring context: 108.01kB done
#19 DONE 0.0s

#20 [web build 2/6] WORKDIR /web
#20 CACHED

#21 [web build 3/6] COPY package.json ./
#21 DONE 0.0s

#22 [web stage-1 1/3] FROM docker.io/library/nginx:alpine@sha256:1ed1b0e1d7652937d6cbdaf4018c7b6fc009a7dd6c3047351e2eddda745de43f
#22 resolve docker.io/library/nginx:alpine@sha256:1ed1b0e1d7652937d6cbdaf4018c7b6fc009a7dd6c3047351e2eddda745de43f done
#22 sha256:d766d06974faca2e3bc47f067832c4d6469e6db75cbb597baa943ab30b822e60 1.40kB / 1.40kB 0.1s done
#22 sha256:1efec2485f4576f8c9fd4f47113769b2de974cece2fec5ecc95e521254da869f 0B / 20.09MB 0.2s
#22 sha256:bc862a9910f586c671851634646f9747fdad971ca2988bf1c36b333a26677daf 1.21kB / 1.21kB 0.2s done
#22 sha256:943c389642fab1a496f66d9b0ae09288798bb42bd6cd7fb0c06f5e48ad788474 403B / 403B 0.2s done
#22 sha256:ccea4a153c591cd6756c0a003489efb511a7d9692e5a8463b3152efce5f671e6 964B / 964B 0.1s done
#22 sha256:766d3311d5dfcea79009b222ef4b3f88dfb0fa79944ccdd730ad164a01598605 628B / 628B 0.1s done
#22 sha256:1efec2485f4576f8c9fd4f47113769b2de974cece2fec5ecc95e521254da869f 20.09MB / 20.09MB 0.4s done
#22 sha256:858f76146c129bf634d0fef4a2780c3a34b40ba9bf9ef45173e0553414be267f 0B / 1.95MB 0.2s
#22 sha256:858f76146c129bf634d0fef4a2780c3a34b40ba9bf9ef45173e0553414be267f 1.95MB / 1.95MB 0.3s done
#22 extracting sha256:858f76146c129bf634d0fef4a2780c3a34b40ba9bf9ef45173e0553414be267f
#22 extracting sha256:858f76146c129bf634d0fef4a2780c3a34b40ba9bf9ef45173e0553414be267f 0.1s done
#22 extracting sha256:766d3311d5dfcea79009b222ef4b3f88dfb0fa79944ccdd730ad164a01598605 0.0s done
#22 extracting sha256:ccea4a153c591cd6756c0a003489efb511a7d9692e5a8463b3152efce5f671e6 done
#22 DONE 0.7s

#23 [web build 4/6] RUN npm install
#23 ...

#22 [web stage-1 1/3] FROM docker.io/library/nginx:alpine@sha256:1ed1b0e1d7652937d6cbdaf4018c7b6fc009a7dd6c3047351e2eddda745de43f
#22 extracting sha256:943c389642fab1a496f66d9b0ae09288798bb42bd6cd7fb0c06f5e48ad788474 done
#22 extracting sha256:bc862a9910f586c671851634646f9747fdad971ca2988bf1c36b333a26677daf done
#22 extracting sha256:d766d06974faca2e3bc47f067832c4d6469e6db75cbb597baa943ab30b822e60 done
#22 extracting sha256:1efec2485f4576f8c9fd4f47113769b2de974cece2fec5ecc95e521254da869f 0.3s done
#22 DONE 1.1s

#24 [web stage-1 2/3] COPY nginx.conf /etc/nginx/conf.d/default.conf
#24 DONE 0.1s

#23 [web build 4/6] RUN npm install
#23 ...

#16 [api  8/10] RUN pip install --no-cache-dir .
#16 1.597 Processing /app
#16 1.599   Installing build dependencies: started
#16 3.157   Installing build dependencies: finished with status 'done'
#16 3.158   Getting requirements to build wheel: started
#16 3.371   Getting requirements to build wheel: finished with status 'done'
#16 3.371   Preparing metadata (pyproject.toml): started
#16 3.613   Preparing metadata (pyproject.toml): finished with status 'done'
#16 3.904 Collecting numpy>=1.26.0 (from rag==0.1.0)
#16 4.099   Downloading numpy-2.4.6-cp311-cp311-manylinux_2_27_aarch64.manylinux_2_28_aarch64.whl.metadata (6.6 kB)
#16 4.135 Collecting sentence-transformers>=3.0.0 (from rag==0.1.0)
#16 4.176   Downloading sentence_transformers-6.1.0-py3-none-any.whl.metadata (20 kB)
#16 4.240 Collecting pdfplumber>=0.11.0 (from rag==0.1.0)
#16 4.270   Downloading pdfplumber-0.11.10-py3-none-any.whl.metadata (43 kB)
#16 4.301      ━━━━━━━━━━━━━━━━━━━━━━━━━━━━━━━━━━━━━━━━ 43.7/43.7 kB 1.8 MB/s eta 0:00:00
#16 4.332 Collecting python-docx>=1.1.0 (from rag==0.1.0)
#16 4.357   Downloading python_docx-1.2.0-py3-none-any.whl.metadata (2.0 kB)
#16 4.413 Collecting fastapi>=0.115.0 (from rag==0.1.0)
#16 4.431   Downloading fastapi-0.141.1-py3-none-any.whl.metadata (27 kB)
#16 4.475 Collecting uvicorn>=0.32.0 (from rag==0.1.0)
#16 4.494   Downloading uvicorn-0.53.0-py3-none-any.whl.metadata (6.6 kB)
#16 4.548 Collecting pyyaml>=6.0 (from rag==0.1.0)
#16 4.577   Downloading pyyaml-6.0.3-cp311-cp311-manylinux2014_aarch64.manylinux_2_17_aarch64.manylinux_2_28_aarch64.whl.metadata (2.4 kB)
#16 4.623 Collecting starlette>=0.46.0 (from fastapi>=0.115.0->rag==0.1.0)
#16 4.643   Downloading starlette-1.6.0-py3-none-any.whl.metadata (6.4 kB)
#16 4.721 Collecting pydantic>=2.9.0 (from fastapi>=0.115.0->rag==0.1.0)
#16 4.751   Downloading pydantic-2.13.5-py3-none-any.whl.metadata (110 kB)
#16 4.770      ━━━━━━━━━━━━━━━━━━━━━━━━━━━━━━━━━━━━━━━ 110.2/110.2 kB 6.2 MB/s eta 0:00:00
#16 4.800 Collecting typing-extensions>=4.8.0 (from fastapi>=0.115.0->rag==0.1.0)
#16 4.827   Downloading typing_extensions-4.16.0-py3-none-any.whl.metadata (3.3 kB)
#16 4.861 Collecting typing-inspection>=0.4.2 (from fastapi>=0.115.0->rag==0.1.0)
#16 4.899   Downloading typing_inspection-0.4.4-py3-none-any.whl.metadata (2.6 kB)
#16 4.929 Collecting annotated-doc>=0.0.2 (from fastapi>=0.115.0->rag==0.1.0)
#16 4.954   Downloading annotated_doc-0.0.5-py3-none-any.whl.metadata (6.5 kB)
#16 4.987 Collecting pdfminer.six==20260107 (from pdfplumber>=0.11.0->rag==0.1.0)
#16 5.008   Downloading pdfminer_six-20260107-py3-none-any.whl.metadata (4.3 kB)
#16 5.116 Collecting Pillow>=12.2.0 (from pdfplumber>=0.11.0->rag==0.1.0)
#16 5.136   Downloading pillow-12.3.0-cp311-cp311-manylinux_2_27_aarch64.manylinux_2_28_aarch64.whl.metadata (9.1 kB)
#16 5.217 Collecting pypdfium2>=5.9.0 (from pdfplumber>=0.11.0->rag==0.1.0)
#16 5.266   Downloading pypdfium2-5.13.0-py3-none-manylinux_2_17_aarch64.manylinux2014_aarch64.whl.metadata (66 kB)
#16 5.271      ━━━━━━━━━━━━━━━━━━━━━━━━━━━━━━━━━━━━━━━━ 66.5/66.5 kB 20.2 MB/s eta 0:00:00
#16 5.346 Collecting charset-normalizer>=2.0.0 (from pdfminer.six==20260107->pdfplumber>=0.11.0->rag==0.1.0)
#16 5.369   Downloading charset_normalizer-3.5.1-cp311-cp311-manylinux2014_aarch64.manylinux_2_17_aarch64.manylinux_2_28_aarch64.whl.metadata (45 kB)
#16 5.373      ━━━━━━━━━━━━━━━━━━━━━━━━━━━━━━━━━━━━━━━━ 45.9/45.9 kB 11.8 MB/s eta 0:00:00
#16 5.482 Collecting cryptography>=36.0.0 (from pdfminer.six==20260107->pdfplumber>=0.11.0->rag==0.1.0)
#16 5.516   Downloading cryptography-50.0.1-cp311-abi3-manylinux_2_34_aarch64.whl.metadata (4.3 kB)
#16 5.716 Collecting lxml>=3.1.0 (from python-docx>=1.1.0->rag==0.1.0)
#16 5.738   Downloading lxml-6.1.3-cp311-cp311-manylinux_2_26_aarch64.manylinux_2_28_aarch64.whl.metadata (3.3 kB)
#16 5.796 Collecting transformers<6.0.0,>=5.0.0 (from sentence-transformers>=3.0.0->rag==0.1.0)
#16 5.826   Downloading transformers-5.17.0-py3-none-any.whl.metadata (32 kB)
#16 5.982 Collecting tokenizers>=0.19 (from sentence-transformers>=3.0.0->rag==0.1.0)
#16 6.003   Downloading tokenizers-0.23.2-cp310-abi3-manylinux_2_17_aarch64.manylinux2014_aarch64.whl.metadata (9.8 kB)
#16 6.069 Collecting huggingface-hub<2.0.0,>=1.3.0 (from sentence-transformers>=3.0.0->rag==0.1.0)
#16 6.091   Downloading huggingface_hub-1.32.0-py3-none-any.whl.metadata (16 kB)
#16 6.145 Collecting torch>=2.2 (from sentence-transformers>=3.0.0->rag==0.1.0)
#16 6.176   Downloading torch-2.14.0-cp311-cp311-manylinux_2_28_aarch64.whl.metadata (37 kB)
#16 6.284 Collecting scikit-learn>=1.1.0 (from sentence-transformers>=3.0.0->rag==0.1.0)
#16 6.312   Downloading scikit_learn-1.9.1-cp311-cp311-manylinux_2_27_aarch64.manylinux_2_28_aarch64.whl.metadata (9.3 kB)
#16 6.472 Collecting scipy>=1.0.0 (from sentence-transformers>=3.0.0->rag==0.1.0)
#16 6.497   Downloading scipy-1.17.1-cp311-cp311-manylinux_2_27_aarch64.manylinux_2_28_aarch64.whl.metadata (62 kB)
#16 6.501      ━━━━━━━━━━━━━━━━━━━━━━━━━━━━━━━━━━━━━━━━ 62.1/62.1 kB 26.2 MB/s eta 0:00:00
#16 6.550 Collecting tqdm>=4.0.0 (from sentence-transformers>=3.0.0->rag==0.1.0)
#16 6.568   Downloading tqdm-4.70.1-py3-none-any.whl.metadata (57 kB)
#16 6.572      ━━━━━━━━━━━━━━━━━━━━━━━━━━━━━━━━━━━━━━━━ 57.4/57.4 kB 26.6 MB/s eta 0:00:00
#16 6.634 Collecting click>=7.0 (from uvicorn>=0.32.0->rag==0.1.0)
#16 6.659   Downloading click-8.5.0-py3-none-any.whl.metadata (2.6 kB)
#16 6.682 Collecting h11>=0.8 (from uvicorn>=0.32.0->rag==0.1.0)
#16 6.713   Downloading h11-0.16.0-py3-none-any.whl.metadata (8.3 kB)
#16 6.777 Collecting filelock>=3.10.0 (from huggingface-hub<2.0.0,>=1.3.0->sentence-transformers>=3.0.0->rag==0.1.0)
#16 6.798   Downloading filelock-4.0.1-py3-none-any.whl.metadata (2.0 kB)
#16 6.836 Collecting fsspec>=2023.5.0 (from huggingface-hub<2.0.0,>=1.3.0->sentence-transformers>=3.0.0->rag==0.1.0)
#16 6.857   Downloading fsspec-2026.9.0-py3-none-any.whl.metadata (10 kB)
#16 6.904 Collecting hf-xet<2.0.0,>=1.5.2 (from huggingface-hub<2.0.0,>=1.3.0->sentence-transformers>=3.0.0->rag==0.1.0)
#16 6.932   Downloading hf_xet-1.6.0-cp38-abi3-manylinux_2_28_aarch64.whl.metadata (4.9 kB)
#16 6.962 Collecting httpx<1,>=0.23.0 (from huggingface-hub<2.0.0,>=1.3.0->sentence-transformers>=3.0.0->rag==0.1.0)
#16 7.006   Downloading httpx-0.28.1-py3-none-any.whl.metadata (7.1 kB)
#16 7.009 Requirement already satisfied: packaging>=20.9 in /usr/local/lib/python3.11/site-packages (from huggingface-hub<2.0.0,>=1.3.0->sentence-transformers>=3.0.0->rag==0.1.0) (26.3)
#16 7.056 Collecting annotated-types>=0.6.0 (from pydantic>=2.9.0->fastapi>=0.115.0->rag==0.1.0)
#16 7.085   Downloading annotated_types-0.8.0-py3-none-any.whl.metadata (15 kB)
#16 7.622 Collecting pydantic-core==2.46.5 (from pydantic>=2.9.0->fastapi>=0.115.0->rag==0.1.0)
#16 7.647   Downloading pydantic_core-2.46.5-cp311-cp311-manylinux_2_17_aarch64.manylinux2014_aarch64.whl.metadata (6.6 kB)
#16 7.687 Collecting joblib>=1.4.0 (from scikit-learn>=1.1.0->sentence-transformers>=3.0.0->rag==0.1.0)
#16 7.707   Downloading joblib-1.6.0-py3-none-any.whl.metadata (6.5 kB)
#16 7.762 Collecting narwhals>=2.0.1 (from scikit-learn>=1.1.0->sentence-transformers>=3.0.0->rag==0.1.0)
#16 7.786   Downloading narwhals-2.26.0-py3-none-any.whl.metadata (15 kB)
#16 7.822 Collecting threadpoolctl>=3.5.0 (from scikit-learn>=1.1.0->sentence-transformers>=3.0.0->rag==0.1.0)
#16 7.844   Downloading threadpoolctl-3.7.0-py3-none-any.whl.metadata (24 kB)
#16 7.894 Collecting anyio<5,>=3.6.2 (from starlette>=0.46.0->fastapi>=0.115.0->rag==0.1.0)
#16 7.918   Downloading anyio-4.15.1-py3-none-any.whl.metadata (4.7 kB)
#16 7.935 Requirement already satisfied: setuptools>=77.0.3 in /usr/local/lib/python3.11/site-packages (from torch>=2.2->sentence-transformers>=3.0.0->rag==0.1.0) (79.0.1)
#16 7.960 Collecting sympy>=1.13.3 (from torch>=2.2->sentence-transformers>=3.0.0->rag==0.1.0)
#16 7.981   Downloading sympy-1.14.0-py3-none-any.whl.metadata (12 kB)
#16 8.014 Collecting networkx>=2.5.1 (from torch>=2.2->sentence-transformers>=3.0.0->rag==0.1.0)
#16 8.039   Downloading networkx-3.6.1-py3-none-any.whl.metadata (6.8 kB)
#16 8.084 Collecting jinja2 (from torch>=2.2->sentence-transformers>=3.0.0->rag==0.1.0)
#16 8.110   Downloading jinja2-3.1.6-py3-none-any.whl.metadata (2.9 kB)
#16 8.142 Collecting cuda-toolkit==13.0.3 (from cuda-toolkit[cublas,cudart,cufft,cufile,cupti,curand,cusolver,cusparse,nvjitlink,nvrtc,nvtx]==13.0.3; platform_system == "Linux"->torch>=2.2->sentence-transformers>=3.0.0->rag==0.1.0)
#16 8.166   Downloading cuda_toolkit-13.0.3.0-py2.py3-none-any.whl.metadata (17 kB)
#16 8.202 Collecting cuda-bindings<14,>=13.0.3 (from torch>=2.2->sentence-transformers>=3.0.0->rag==0.1.0)
#16 8.224   Downloading cuda_bindings-13.4.2-cp311-cp311-manylinux_2_24_aarch64.manylinux_2_28_aarch64.whl.metadata (2.4 kB)
#16 8.261 Collecting nvidia-cudnn-cu13==9.24.0.43 (from torch>=2.2->sentence-transformers>=3.0.0->rag==0.1.0)
#16 8.291   Downloading nvidia_cudnn_cu13-9.24.0.43-py3-none-manylinux_2_27_aarch64.whl.metadata (1.9 kB)
#16 8.320 Collecting nvidia-cusparselt-cu13==0.8.1 (from torch>=2.2->sentence-transformers>=3.0.0->rag==0.1.0)
#16 8.344   Downloading nvidia_cusparselt_cu13-0.8.1-py3-none-manylinux2014_aarch64.whl.metadata (12 kB)
#16 8.373 Collecting nvidia-nccl-cu13==2.30.7 (from torch>=2.2->sentence-transformers>=3.0.0->rag==0.1.0)
#16 8.398   Downloading nvidia_nccl_cu13-2.30.7-py3-none-manylinux_2_18_aarch64.whl.metadata (2.1 kB)
#16 8.429 Collecting nvidia-nvshmem-cu13==3.4.5 (from torch>=2.2->sentence-transformers>=3.0.0->rag==0.1.0)
#16 8.453   Downloading nvidia_nvshmem_cu13-3.4.5-py3-none-manylinux2014_aarch64.manylinux_2_17_aarch64.whl.metadata (2.1 kB)
#16 8.483 Collecting triton~=3.8.0 (from torch>=2.2->sentence-transformers>=3.0.0->rag==0.1.0)
#16 8.506   Downloading triton-3.8.0-cp311-cp311-manylinux_2_27_aarch64.manylinux_2_28_aarch64.whl.metadata (978 bytes)
#16 8.691 Collecting nvidia-cublas==13.1.1.3.* (from cuda-toolkit[cublas,cudart,cufft,cufile,cupti,curand,cusolver,cusparse,nvjitlink,nvrtc,nvtx]==13.0.3; platform_system == "Linux"->torch>=2.2->sentence-transformers>=3.0.0->rag==0.1.0)
#16 8.722   Downloading nvidia_cublas-13.1.1.3-py3-none-manylinux_2_27_aarch64.whl.metadata (1.8 kB)
#16 8.748 Collecting nvidia-cuda-nvrtc==13.0.88.* (from cuda-toolkit[cublas,cudart,cufft,cufile,cupti,curand,cusolver,cusparse,nvjitlink,nvrtc,nvtx]==13.0.3; platform_system == "Linux"->torch>=2.2->sentence-transformers>=3.0.0->rag==0.1.0)
#16 8.778   Downloading nvidia_cuda_nvrtc-13.0.88-py3-none-manylinux2014_aarch64.manylinux_2_17_aarch64.whl.metadata (1.7 kB)
#16 8.807 Collecting nvidia-cuda-runtime==13.0.96.* (from cuda-toolkit[cublas,cudart,cufft,cufile,cupti,curand,cusolver,cusparse,nvjitlink,nvrtc,nvtx]==13.0.3; platform_system == "Linux"->torch>=2.2->sentence-transformers>=3.0.0->rag==0.1.0)
#16 8.834   Downloading nvidia_cuda_runtime-13.0.96-py3-none-manylinux2014_aarch64.manylinux_2_17_aarch64.whl.metadata (1.7 kB)
#16 8.872 Collecting nvidia-cufft==12.0.0.61.* (from cuda-toolkit[cublas,cudart,cufft,cufile,cupti,curand,cusolver,cusparse,nvjitlink,nvrtc,nvtx]==13.0.3; platform_system == "Linux"->torch>=2.2->sentence-transformers>=3.0.0->rag==0.1.0)
#16 8.897   Downloading nvidia_cufft-12.0.0.61-py3-none-manylinux2014_aarch64.manylinux_2_17_aarch64.whl.metadata (1.8 kB)
#16 8.932 Collecting nvidia-nvjitlink<14,>=13.0.88 (from cuda-toolkit[cublas,cudart,cufft,cufile,cupti,curand,cusolver,cusparse,nvjitlink,nvrtc,nvtx]==13.0.3; platform_system == "Linux"->torch>=2.2->sentence-transformers>=3.0.0->rag==0.1.0)
#16 8.956   Downloading nvidia_nvjitlink-13.4.92-py3-none-manylinux2014_aarch64.manylinux_2_17_aarch64.whl.metadata (1.8 kB)
#16 8.990 Collecting nvidia-cufile==1.15.1.6.* (from cuda-toolkit[cublas,cudart,cufft,cufile,cupti,curand,cusolver,cusparse,nvjitlink,nvrtc,nvtx]==13.0.3; platform_system == "Linux"->torch>=2.2->sentence-transformers>=3.0.0->rag==0.1.0)
#16 9.013   Downloading nvidia_cufile-1.15.1.6-py3-none-manylinux_2_27_aarch64.whl.metadata (1.7 kB)
#16 9.045 Collecting nvidia-cuda-cupti==13.0.85.* (from cuda-toolkit[cublas,cudart,cufft,cufile,cupti,curand,cusolver,cusparse,nvjitlink,nvrtc,nvtx]==13.0.3; platform_system == "Linux"->torch>=2.2->sentence-transformers>=3.0.0->rag==0.1.0)
#16 9.103   Downloading nvidia_cuda_cupti-13.0.85-py3-none-manylinux_2_25_aarch64.whl.metadata (1.7 kB)
#16 9.133 Collecting nvidia-curand==10.4.0.35.* (from cuda-toolkit[cublas,cudart,cufft,cufile,cupti,curand,cusolver,cusparse,nvjitlink,nvrtc,nvtx]==13.0.3; platform_system == "Linux"->torch>=2.2->sentence-transformers>=3.0.0->rag==0.1.0)
#16 9.158   Downloading nvidia_curand-10.4.0.35-py3-none-manylinux_2_27_aarch64.whl.metadata (1.7 kB)
#16 9.216 Collecting nvidia-cusolver==12.0.4.66.* (from cuda-toolkit[cublas,cudart,cufft,cufile,cupti,curand,cusolver,cusparse,nvjitlink,nvrtc,nvtx]==13.0.3; platform_system == "Linux"->torch>=2.2->sentence-transformers>=3.0.0->rag==0.1.0)
#16 9.235   Downloading nvidia_cusolver-12.0.4.66-py3-none-manylinux_2_27_aarch64.whl.metadata (1.8 kB)
#16 9.268 Collecting nvidia-cusparse==12.6.3.3.* (from cuda-toolkit[cublas,cudart,cufft,cufile,cupti,curand,cusolver,cusparse,nvjitlink,nvrtc,nvtx]==13.0.3; platform_system == "Linux"->torch>=2.2->sentence-transformers>=3.0.0->rag==0.1.0)
#16 9.302   Downloading nvidia_cusparse-12.6.3.3-py3-none-manylinux2014_aarch64.manylinux_2_17_aarch64.whl.metadata (1.8 kB)
#16 9.333 Collecting nvidia-nvtx==13.0.85.* (from cuda-toolkit[cublas,cudart,cufft,cufile,cupti,curand,cusolver,cusparse,nvjitlink,nvrtc,nvtx]==13.0.3; platform_system == "Linux"->torch>=2.2->sentence-transformers>=3.0.0->rag==0.1.0)
#16 9.356   Downloading nvidia_nvtx-13.0.85-py3-none-manylinux2014_aarch64.manylinux_2_17_aarch64.whl.metadata (1.8 kB)
#16 9.703 Collecting regex>=2025.10.22 (from transformers<6.0.0,>=5.0.0->sentence-transformers>=3.0.0->rag==0.1.0)
#16 9.724   Downloading regex-2026.9.10-cp311-cp311-manylinux2014_aarch64.manylinux_2_17_aarch64.manylinux_2_28_aarch64.whl.metadata (40 kB)
#16 9.728      ━━━━━━━━━━━━━━━━━━━━━━━━━━━━━━━━━━━━━━━━ 40.6/40.6 kB 14.0 MB/s eta 0:00:00
#16 9.760 Collecting typer (from transformers<6.0.0,>=5.0.0->sentence-transformers>=3.0.0->rag==0.1.0)
#16 9.782   Downloading typer-0.27.2-py3-none-any.whl.metadata (16 kB)
#16 9.855 Collecting safetensors>=0.8.0 (from transformers<6.0.0,>=5.0.0->sentence-transformers>=3.0.0->rag==0.1.0)
#16 9.894   Downloading safetensors-0.8.0-cp310-abi3-manylinux_2_17_aarch64.manylinux2014_aarch64.whl.metadata (4.2 kB)
#16 9.936 Collecting idna>=2.8 (from anyio<5,>=3.6.2->starlette>=0.46.0->fastapi>=0.115.0->rag==0.1.0)
#16 9.958   Downloading idna-3.20-py3-none-any.whl.metadata (7.2 kB)
#16 10.05 Collecting cffi>=2.0.0 (from cryptography>=36.0.0->pdfminer.six==20260107->pdfplumber>=0.11.0->rag==0.1.0)
#16 10.07   Downloading cffi-2.1.1-cp311-cp311-manylinux2014_aarch64.manylinux_2_17_aarch64.whl.metadata (2.5 kB)
#16 10.11 Collecting cuda-pathfinder>=1.4.2 (from cuda-bindings<14,>=13.0.3->torch>=2.2->sentence-transformers>=3.0.0->rag==0.1.0)
#16 10.15   Downloading cuda_pathfinder-1.8.2-py3-none-any.whl.metadata (1.9 kB)
#16 10.22 Collecting certifi (from httpx<1,>=0.23.0->huggingface-hub<2.0.0,>=1.3.0->sentence-transformers>=3.0.0->rag==0.1.0)
#16 10.26   Downloading certifi-2026.7.22-py3-none-any.whl.metadata (2.5 kB)
#16 10.30 Collecting httpcore==1.* (from httpx<1,>=0.23.0->huggingface-hub<2.0.0,>=1.3.0->sentence-transformers>=3.0.0->rag==0.1.0)
#16 10.33   Downloading httpcore-1.0.9-py3-none-any.whl.metadata (21 kB)
#16 10.39 Collecting cloudpickle>=3.0 (from joblib>=1.4.0->scikit-learn>=1.1.0->sentence-transformers>=3.0.0->rag==0.1.0)
#16 10.43   Downloading cloudpickle-3.1.2-py3-none-any.whl.metadata (7.1 kB)
#16 10.51 Collecting mpmath<1.4,>=1.1.0 (from sympy>=1.13.3->torch>=2.2->sentence-transformers>=3.0.0->rag==0.1.0)
#16 10.54   Downloading mpmath-1.3.0-py3-none-any.whl.metadata (8.6 kB)
#16 10.61 Collecting MarkupSafe>=2.0 (from jinja2->torch>=2.2->sentence-transformers>=3.0.0->rag==0.1.0)
#16 10.63   Downloading markupsafe-3.0.3-cp311-cp311-manylinux2014_aarch64.manylinux_2_17_aarch64.manylinux_2_28_aarch64.whl.metadata (2.7 kB)
#16 10.67 Collecting shellingham>=1.3.0 (from typer->transformers<6.0.0,>=5.0.0->sentence-transformers>=3.0.0->rag==0.1.0)
#16 10.71   Downloading shellingham-1.5.4-py2.py3-none-any.whl.metadata (3.5 kB)
#16 10.84 Collecting rich>=13.8.0 (from typer->transformers<6.0.0,>=5.0.0->sentence-transformers>=3.0.0->rag==0.1.0)
#16 10.87   Downloading rich-15.0.0-py3-none-any.whl.metadata (18 kB)
#16 10.90 Collecting pycparser (from cffi>=2.0.0->cryptography>=36.0.0->pdfminer.six==20260107->pdfplumber>=0.11.0->rag==0.1.0)
#16 10.92   Downloading pycparser-3.0-py3-none-any.whl.metadata (8.2 kB)
#16 10.97 Collecting markdown-it-py>=2.2.0 (from rich>=13.8.0->typer->transformers<6.0.0,>=5.0.0->sentence-transformers>=3.0.0->rag==0.1.0)
#16 11.00   Downloading markdown_it_py-4.2.0-py3-none-any.whl.metadata (7.4 kB)
#16 11.03 Collecting pygments<3.0.0,>=2.13.0 (from rich>=13.8.0->typer->transformers<6.0.0,>=5.0.0->sentence-transformers>=3.0.0->rag==0.1.0)
#16 11.05   Downloading pygments-2.21.0-py3-none-any.whl.metadata (2.5 kB)
#16 11.09 Collecting mdurl~=0.1 (from markdown-it-py>=2.2.0->rich>=13.8.0->typer->transformers<6.0.0,>=5.0.0->sentence-transformers>=3.0.0->rag==0.1.0)
#16 11.12   Downloading mdurl-0.1.2-py3-none-any.whl.metadata (1.6 kB)
#16 11.16 Downloading fastapi-0.141.1-py3-none-any.whl (131 kB)
#16 11.17    ━━━━━━━━━━━━━━━━━━━━━━━━━━━━━━━━━━━━━━━━ 132.0/132.0 kB 22.1 MB/s eta 0:00:00
#16 11.19 Downloading numpy-2.4.6-cp311-cp311-manylinux_2_27_aarch64.manylinux_2_28_aarch64.whl (16.0 MB)
#16 11.39    ━━━━━━━━━━━━━━━━━━━━━━━━━━━━━━━━━━━━━━━━ 16.0/16.0 MB 129.4 MB/s eta 0:00:00
#16 11.42 Downloading pdfplumber-0.11.10-py3-none-any.whl (60 kB)
#16 11.42    ━━━━━━━━━━━━━━━━━━━━━━━━━━━━━━━━━━━━━━━━ 60.0/60.0 kB 63.5 MB/s eta 0:00:00
#16 11.47 Downloading pdfminer_six-20260107-py3-none-any.whl (6.6 MB)
#16 11.52    ━━━━━━━━━━━━━━━━━━━━━━━━━━━━━━━━━━━━━━━━ 6.6/6.6 MB 130.8 MB/s eta 0:00:00
#16 11.55 Downloading python_docx-1.2.0-py3-none-any.whl (252 kB)
#16 11.55    ━━━━━━━━━━━━━━━━━━━━━━━━━━━━━━━━━━━━━━━━ 253.0/253.0 kB 81.4 MB/s eta 0:00:00
#16 11.59 Downloading pyyaml-6.0.3-cp311-cp311-manylinux2014_aarch64.manylinux_2_17_aarch64.manylinux_2_28_aarch64.whl (775 kB)
#16 11.59    ━━━━━━━━━━━━━━━━━━━━━━━━━━━━━━━━━━━━━━━ 775.6/775.6 kB 104.6 MB/s eta 0:00:00
#16 11.63 Downloading sentence_transformers-6.1.0-py3-none-any.whl (740 kB)
#16 11.63    ━━━━━━━━━━━━━━━━━━━━━━━━━━━━━━━━━━━━━━━ 740.6/740.6 kB 205.6 MB/s eta 0:00:00
#16 11.66 Downloading uvicorn-0.53.0-py3-none-any.whl (87 kB)
#16 11.66    ━━━━━━━━━━━━━━━━━━━━━━━━━━━━━━━━━━━━━━━━ 87.1/87.1 kB 735.0 MB/s eta 0:00:00
#16 11.68 Downloading annotated_doc-0.0.5-py3-none-any.whl (5.3 kB)
#16 11.71 Downloading click-8.5.0-py3-none-any.whl (125 kB)
#16 11.71    ━━━━━━━━━━━━━━━━━━━━━━━━━━━━━━━━━━━━━━━ 125.3/125.3 kB 199.5 MB/s eta 0:00:00
#16 11.74 Downloading h11-0.16.0-py3-none-any.whl (37 kB)
#16 11.76 Downloading huggingface_hub-1.32.0-py3-none-any.whl (842 kB)
#16 11.76    ━━━━━━━━━━━━━━━━━━━━━━━━━━━━━━━━━━━━━━━ 842.9/842.9 kB 164.8 MB/s eta 0:00:00
#16 11.79 Downloading lxml-6.1.3-cp311-cp311-manylinux_2_26_aarch64.manylinux_2_28_aarch64.whl (5.0 MB)
#16 11.83    ━━━━━━━━━━━━━━━━━━━━━━━━━━━━━━━━━━━━━━━━ 5.0/5.0 MB 143.7 MB/s eta 0:00:00
#16 11.86 Downloading pillow-12.3.0-cp311-cp311-manylinux_2_27_aarch64.manylinux_2_28_aarch64.whl (6.3 MB)
#16 11.91    ━━━━━━━━━━━━━━━━━━━━━━━━━━━━━━━━━━━━━━━━ 6.3/6.3 MB 134.0 MB/s eta 0:00:00
#16 11.93 Downloading pydantic-2.13.5-py3-none-any.whl (472 kB)
#16 11.93    ━━━━━━━━━━━━━━━━━━━━━━━━━━━━━━━━━━━━━━━ 472.6/472.6 kB 144.8 MB/s eta 0:00:00
#16 11.96 Downloading pydantic_core-2.46.5-cp311-cp311-manylinux_2_17_aarch64.manylinux2014_aarch64.whl (1.9 MB)
#16 11.98    ━━━━━━━━━━━━━━━━━━━━━━━━━━━━━━━━━━━━━━━━ 1.9/1.9 MB 125.3 MB/s eta 0:00:00
#16 12.00 Downloading pypdfium2-5.13.0-py3-none-manylinux_2_17_aarch64.manylinux2014_aarch64.whl (3.7 MB)
#16 12.04    ━━━━━━━━━━━━━━━━━━━━━━━━━━━━━━━━━━━━━━━━ 3.7/3.7 MB 125.6 MB/s eta 0:00:00
#16 12.06 Downloading scikit_learn-1.9.1-cp311-cp311-manylinux_2_27_aarch64.manylinux_2_28_aarch64.whl (9.0 MB)
#16 12.14    ━━━━━━━━━━━━━━━━━━━━━━━━━━━━━━━━━━━━━━━━ 9.0/9.0 MB 122.6 MB/s eta 0:00:00
#16 12.17 Downloading scipy-1.17.1-cp311-cp311-manylinux_2_27_aarch64.manylinux_2_28_aarch64.whl (33.1 MB)
#16 12.43    ━━━━━━━━━━━━━━━━━━━━━━━━━━━━━━━━━━━━━━━━ 33.1/33.1 MB 134.6 MB/s eta 0:00:00
#16 12.46 Downloading starlette-1.6.0-py3-none-any.whl (75 kB)
#16 12.46    ━━━━━━━━━━━━━━━━━━━━━━━━━━━━━━━━━━━━━━━━ 76.0/76.0 kB 923.0 MB/s eta 0:00:00
#16 12.49 Downloading tokenizers-0.23.2-cp310-abi3-manylinux_2_17_aarch64.manylinux2014_aarch64.whl (3.5 MB)
#16 12.52    ━━━━━━━━━━━━━━━━━━━━━━━━━━━━━━━━━━━━━━━━ 3.5/3.5 MB 140.0 MB/s eta 0:00:00
#16 12.54 Downloading torch-2.14.0-cp311-cp311-manylinux_2_28_aarch64.whl (454.0 MB)
#16 ...

#23 [web build 4/6] RUN npm install
#23 10.27 npm warn deprecated glob@10.5.0: Old versions of glob are not supported, and contain widely publicized security vulnerabilities, which have been fixed in the current version. Please update. Support for old versions may be purchased (at exorbitant rates) by contacting i@izs.me
#23 11.88 
#23 11.88 added 166 packages, and audited 167 packages in 11s
#23 11.88 
#23 11.88 36 packages are looking for funding
#23 11.88   run `npm fund` for details
#23 11.89 
#23 11.89 3 vulnerabilities (1 moderate, 2 critical)
#23 11.89 
#23 11.89 To address all issues, run:
#23 11.89   npm audit fix --force
#23 11.89 
#23 11.89 Run `npm audit` for details.
#23 11.89 npm notice
#23 11.89 npm notice New major version of npm available! 10.9.8 -> 12.1.0
#23 11.89 npm notice Changelog: https://github.com/npm/cli/releases/tag/v12.1.0
#23 11.89 npm notice To update run: npm install -g npm@12.1.0
#23 11.89 npm notice
#23 DONE 12.3s

#25 [web build 5/6] COPY . .
#25 DONE 0.1s

#26 [web build 6/6] RUN npm run build
#26 0.126 
#26 0.126 > build
#26 0.126 > vite build
#26 0.126 
#26 0.261 vite v7.3.6 building client environment for production...
#26 0.289 transforming...
#26 1.274 ✓ 2297 modules transformed.
#26 1.392 rendering chunks...
#26 1.402 computing gzip size...
#26 1.417 dist/index.html                   0.62 kB │ gzip:   0.33 kB
#26 1.417 dist/assets/index-xLr3gz-H.css   11.10 kB │ gzip:   2.92 kB
#26 1.417 dist/assets/index-wpPpVEqj.js   374.94 kB │ gzip: 120.08 kB
#26 1.418 ✓ built in 1.14s
#26 DONE 1.5s

#16 [api  8/10] RUN pip install --no-cache-dir .
#16 ...

#27 [web stage-1 3/3] COPY --from=build /web/dist /usr/share/nginx/html
#27 DONE 0.0s

#28 [web] exporting to image
#28 exporting layers 0.0s done
#28 exporting manifest sha256:e3abcb30ef83647c4abeae9c642d002757728da2b064411a9dc70a9826fa1c2f done
#28 exporting config sha256:33814c43c4e9444c789c36d46135c2a2af23b4833f184c49d067288975337806 done
#28 exporting attestation manifest sha256:a687a271e96f55237f4bfb485ee96dbf37ef2962c2185e661e1d513b4c10d12a done
#28 exporting manifest list sha256:7031a3d5c3c5a671f0db46bf716a5c6a8dbb0208350dcfd11e7ad0e5bea2a125 done
#28 naming to docker.io/library/rag-week6-web:latest done
#28 unpacking to docker.io/library/rag-week6-web:latest 0.0s done
#28 DONE 0.1s

#29 [web] resolving provenance for metadata file
#29 DONE 0.0s

#16 [api  8/10] RUN pip install --no-cache-dir .
#16 16.14    ━━━━━━━━━━━━━━━━━━━━━━━━━━━━━━━━━━━━━━━ 454.0/454.0 MB 107.3 MB/s eta 0:00:00
#16 16.16 Downloading cuda_toolkit-13.0.3.0-py2.py3-none-any.whl (2.5 kB)
#16 16.19 Downloading nvidia_cudnn_cu13-9.24.0.43-py3-none-manylinux_2_27_aarch64.whl (651.0 MB)
#16 21.12    ━━━━━━━━━━━━━━━━━━━━━━━━━━━━━━━━━━━━━━━ 651.0/651.0 MB 144.5 MB/s eta 0:00:00
#16 21.15 Downloading nvidia_cusparselt_cu13-0.8.1-py3-none-manylinux2014_aarch64.whl (221.1 MB)
#16 22.82    ━━━━━━━━━━━━━━━━━━━━━━━━━━━━━━━━━━━━━━━ 221.1/221.1 MB 133.1 MB/s eta 0:00:00
#16 22.85 Downloading nvidia_nccl_cu13-2.30.7-py3-none-manylinux_2_18_aarch64.whl (216.0 MB)
#16 24.65    ━━━━━━━━━━━━━━━━━━━━━━━━━━━━━━━━━━━━━━━ 216.0/216.0 MB 113.6 MB/s eta 0:00:00
#16 24.68 Downloading nvidia_nvshmem_cu13-3.4.5-py3-none-manylinux2014_aarch64.manylinux_2_17_aarch64.whl (60.2 MB)
#16 25.16    ━━━━━━━━━━━━━━━━━━━━━━━━━━━━━━━━━━━━━━━━ 60.2/60.2 MB 138.8 MB/s eta 0:00:00
#16 25.18 Downloading nvidia_cublas-13.1.1.3-py3-none-manylinux_2_27_aarch64.whl (542.8 MB)
#16 39.46    ━━━━━━━━━━━━━━━━━━━━━━━━━━━━━━━━━━━━━━━ 542.8/542.8 MB 209.9 MB/s eta 0:00:00
#16 39.49 Downloading nvidia_cuda_cupti-13.0.85-py3-none-manylinux_2_25_aarch64.whl (10.3 MB)
#16 39.57    ━━━━━━━━━━━━━━━━━━━━━━━━━━━━━━━━━━━━━━━━ 10.3/10.3 MB 133.0 MB/s eta 0:00:00
#16 39.59 Downloading nvidia_cuda_nvrtc-13.0.88-py3-none-manylinux2014_aarch64.manylinux_2_17_aarch64.whl (43.0 MB)
#16 40.00    ━━━━━━━━━━━━━━━━━━━━━━━━━━━━━━━━━━━━━━━━ 43.0/43.0 MB 99.5 MB/s eta 0:00:00
#16 40.03 Downloading nvidia_cuda_runtime-13.0.96-py3-none-manylinux2014_aarch64.manylinux_2_17_aarch64.whl (2.3 MB)
#16 40.07    ━━━━━━━━━━━━━━━━━━━━━━━━━━━━━━━━━━━━━━━━ 2.3/2.3 MB 59.3 MB/s eta 0:00:00
#16 40.08 Downloading nvidia_cufft-12.0.0.61-py3-none-manylinux2014_aarch64.manylinux_2_17_aarch64.whl (214.1 MB)
#16 43.08    ━━━━━━━━━━━━━━━━━━━━━━━━━━━━━━━━━━━━━━━━ 214.1/214.1 MB 35.2 MB/s eta 0:00:00
#16 43.11 Downloading nvidia_cufile-1.15.1.6-py3-none-manylinux_2_27_aarch64.whl (1.1 MB)
#16 43.12    ━━━━━━━━━━━━━━━━━━━━━━━━━━━━━━━━━━━━━━━━ 1.1/1.1 MB 93.0 MB/s eta 0:00:00
#16 43.15 Downloading nvidia_curand-10.4.0.35-py3-none-manylinux_2_27_aarch64.whl (62.0 MB)
#16 43.65    ━━━━━━━━━━━━━━━━━━━━━━━━━━━━━━━━━━━━━━━━ 62.0/62.0 MB 116.8 MB/s eta 0:00:00
#16 43.68 Downloading nvidia_cusolver-12.0.4.66-py3-none-manylinux_2_27_aarch64.whl (223.5 MB)
#16 45.80    ━━━━━━━━━━━━━━━━━━━━━━━━━━━━━━━━━━━━━━━ 223.5/223.5 MB 114.6 MB/s eta 0:00:00
#16 45.82 Downloading nvidia_cusparse-12.6.3.3-py3-none-manylinux2014_aarch64.manylinux_2_17_aarch64.whl (162.2 MB)
#16 47.28    ━━━━━━━━━━━━━━━━━━━━━━━━━━━━━━━━━━━━━━━━ 162.2/162.2 MB 95.9 MB/s eta 0:00:00
#16 47.31 Downloading nvidia_nvtx-13.0.85-py3-none-manylinux2014_aarch64.manylinux_2_17_aarch64.whl (148 kB)
#16 47.31    ━━━━━━━━━━━━━━━━━━━━━━━━━━━━━━━━━━━━━━━ 148.9/148.9 kB 132.4 MB/s eta 0:00:00
#16 47.33 Downloading tqdm-4.70.1-py3-none-any.whl (80 kB)
#16 47.34    ━━━━━━━━━━━━━━━━━━━━━━━━━━━━━━━━━━━━━━━━ 80.2/80.2 kB 581.0 MB/s eta 0:00:00
#16 47.36 Downloading transformers-5.17.0-py3-none-any.whl (12.3 MB)
#16 47.46    ━━━━━━━━━━━━━━━━━━━━━━━━━━━━━━━━━━━━━━━━ 12.3/12.3 MB 135.0 MB/s eta 0:00:00
#16 47.49 Downloading typing_extensions-4.16.0-py3-none-any.whl (45 kB)
#16 47.49    ━━━━━━━━━━━━━━━━━━━━━━━━━━━━━━━━━━━━━━━━ 45.6/45.6 kB 191.5 MB/s eta 0:00:00
#16 47.52 Downloading typing_inspection-0.4.4-py3-none-any.whl (14 kB)
#16 47.55 Downloading annotated_types-0.8.0-py3-none-any.whl (13 kB)
#16 47.57 Downloading anyio-4.15.1-py3-none-any.whl (132 kB)
#16 47.58    ━━━━━━━━━━━━━━━━━━━━━━━━━━━━━━━━━━━━━━━ 132.1/132.1 kB 149.3 MB/s eta 0:00:00
#16 47.60 Downloading charset_normalizer-3.5.1-cp311-cp311-manylinux2014_aarch64.manylinux_2_17_aarch64.manylinux_2_28_aarch64.whl (251 kB)
#16 47.61    ━━━━━━━━━━━━━━━━━━━━━━━━━━━━━━━━━━━━━━━ 251.2/251.2 kB 101.1 MB/s eta 0:00:00
#16 47.63 Downloading cryptography-50.0.1-cp311-abi3-manylinux_2_34_aarch64.whl (4.7 MB)
#16 47.81    ━━━━━━━━━━━━━━━━━━━━━━━━━━━━━━━━━━━━━━━━ 4.7/4.7 MB 26.5 MB/s eta 0:00:00
#16 47.83 Downloading cuda_bindings-13.4.2-cp311-cp311-manylinux_2_24_aarch64.manylinux_2_28_aarch64.whl (6.5 MB)
#16 47.97    ━━━━━━━━━━━━━━━━━━━━━━━━━━━━━━━━━━━━━━━━ 6.5/6.5 MB 49.7 MB/s eta 0:00:00
#16 47.99 Downloading filelock-4.0.1-py3-none-any.whl (106 kB)
#16 48.00    ━━━━━━━━━━━━━━━━━━━━━━━━━━━━━━━━━━━━━━━ 106.2/106.2 kB 117.6 MB/s eta 0:00:00
#16 48.03 Downloading fsspec-2026.9.0-py3-none-any.whl (221 kB)
#16 48.03    ━━━━━━━━━━━━━━━━━━━━━━━━━━━━━━━━━━━━━━━━ 221.7/221.7 kB 78.4 MB/s eta 0:00:00
#16 48.06 Downloading hf_xet-1.6.0-cp38-abi3-manylinux_2_28_aarch64.whl (4.3 MB)
#16 48.10    ━━━━━━━━━━━━━━━━━━━━━━━━━━━━━━━━━━━━━━━━ 4.3/4.3 MB 111.8 MB/s eta 0:00:00
#16 48.13 Downloading httpx-0.28.1-py3-none-any.whl (73 kB)
#16 48.13    ━━━━━━━━━━━━━━━━━━━━━━━━━━━━━━━━━━━━━━━━ 73.5/73.5 kB 89.5 MB/s eta 0:00:00
#16 48.16 Downloading httpcore-1.0.9-py3-none-any.whl (78 kB)
#16 48.16    ━━━━━━━━━━━━━━━━━━━━━━━━━━━━━━━━━━━━━━━━ 78.8/78.8 kB 299.8 MB/s eta 0:00:00
#16 48.19 Downloading joblib-1.6.0-py3-none-any.whl (306 kB)
#16 48.19    ━━━━━━━━━━━━━━━━━━━━━━━━━━━━━━━━━━━━━━━━ 306.1/306.1 kB 67.4 MB/s eta 0:00:00
#16 48.23 Downloading narwhals-2.26.0-py3-none-any.whl (474 kB)
#16 48.23    ━━━━━━━━━━━━━━━━━━━━━━━━━━━━━━━━━━━━━━━ 474.0/474.0 kB 134.8 MB/s eta 0:00:00
#16 48.26 Downloading networkx-3.6.1-py3-none-any.whl (2.1 MB)
#16 48.28    ━━━━━━━━━━━━━━━━━━━━━━━━━━━━━━━━━━━━━━━━ 2.1/2.1 MB 119.9 MB/s eta 0:00:00
#16 48.32 Downloading regex-2026.9.10-cp311-cp311-manylinux2014_aarch64.manylinux_2_17_aarch64.manylinux_2_28_aarch64.whl (796 kB)
#16 48.32    ━━━━━━━━━━━━━━━━━━━━━━━━━━━━━━━━━━━━━━━ 796.4/796.4 kB 156.3 MB/s eta 0:00:00
#16 48.35 Downloading safetensors-0.8.0-cp310-abi3-manylinux_2_17_aarch64.manylinux2014_aarch64.whl (502 kB)
#16 48.36    ━━━━━━━━━━━━━━━━━━━━━━━━━━━━━━━━━━━━━━━ 502.8/502.8 kB 118.2 MB/s eta 0:00:00
#16 48.39 Downloading sympy-1.14.0-py3-none-any.whl (6.3 MB)
#16 48.44    ━━━━━━━━━━━━━━━━━━━━━━━━━━━━━━━━━━━━━━━━ 6.3/6.3 MB 123.5 MB/s eta 0:00:00
#16 48.47 Downloading threadpoolctl-3.7.0-py3-none-any.whl (26 kB)
#16 48.50 Downloading triton-3.8.0-cp311-cp311-manylinux_2_27_aarch64.manylinux_2_28_aarch64.whl (226.5 MB)
#16 50.37    ━━━━━━━━━━━━━━━━━━━━━━━━━━━━━━━━━━━━━━━ 226.5/226.5 MB 132.8 MB/s eta 0:00:00
#16 50.39 Downloading jinja2-3.1.6-py3-none-any.whl (134 kB)
#16 50.40    ━━━━━━━━━━━━━━━━━━━━━━━━━━━━━━━━━━━━━━━ 134.9/134.9 kB 199.0 MB/s eta 0:00:00
#16 50.42 Downloading typer-0.27.2-py3-none-any.whl (123 kB)
#16 50.42    ━━━━━━━━━━━━━━━━━━━━━━━━━━━━━━━━━━━━━━━ 123.1/123.1 kB 232.7 MB/s eta 0:00:00
#16 50.45 Downloading cffi-2.1.1-cp311-cp311-manylinux2014_aarch64.manylinux_2_17_aarch64.whl (218 kB)
#16 50.46    ━━━━━━━━━━━━━━━━━━━━━━━━━━━━━━━━━━━━━━━━ 218.7/218.7 kB 98.5 MB/s eta 0:00:00
#16 50.48 Downloading cloudpickle-3.1.2-py3-none-any.whl (22 kB)
#16 50.51 Downloading cuda_pathfinder-1.8.2-py3-none-any.whl (62 kB)
#16 50.51    ━━━━━━━━━━━━━━━━━━━━━━━━━━━━━━━━━━━━━━━━ 62.6/62.6 kB 320.1 MB/s eta 0:00:00
#16 50.54 Downloading idna-3.20-py3-none-any.whl (69 kB)
#16 50.54    ━━━━━━━━━━━━━━━━━━━━━━━━━━━━━━━━━━━━━━━━ 69.6/69.6 kB 57.8 MB/s eta 0:00:00
#16 50.56 Downloading markupsafe-3.0.3-cp311-cp311-manylinux2014_aarch64.manylinux_2_17_aarch64.manylinux_2_28_aarch64.whl (24 kB)
#16 50.59 Downloading mpmath-1.3.0-py3-none-any.whl (536 kB)
#16 50.60    ━━━━━━━━━━━━━━━━━━━━━━━━━━━━━━━━━━━━━━━━ 536.2/536.2 kB 78.8 MB/s eta 0:00:00
#16 50.63 Downloading nvidia_nvjitlink-13.4.92-py3-none-manylinux2014_aarch64.manylinux_2_17_aarch64.whl (40.4 MB)
#16 50.93    ━━━━━━━━━━━━━━━━━━━━━━━━━━━━━━━━━━━━━━━━ 40.4/40.4 MB 206.6 MB/s eta 0:00:00
#16 50.96 Downloading rich-15.0.0-py3-none-any.whl (310 kB)
#16 50.96    ━━━━━━━━━━━━━━━━━━━━━━━━━━━━━━━━━━━━━━━ 310.7/310.7 kB 156.8 MB/s eta 0:00:00
#16 51.00 Downloading shellingham-1.5.4-py2.py3-none-any.whl (9.8 kB)
#16 51.03 Downloading certifi-2026.7.22-py3-none-any.whl (136 kB)
#16 51.03    ━━━━━━━━━━━━━━━━━━━━━━━━━━━━━━━━━━━━━━━━ 137.0/137.0 kB 58.5 MB/s eta 0:00:00
#16 51.06 Downloading markdown_it_py-4.2.0-py3-none-any.whl (91 kB)
#16 51.06    ━━━━━━━━━━━━━━━━━━━━━━━━━━━━━━━━━━━━━━━━ 91.7/91.7 kB 170.7 MB/s eta 0:00:00
#16 51.08 Downloading pygments-2.21.0-py3-none-any.whl (1.3 MB)
#16 51.10    ━━━━━━━━━━━━━━━━━━━━━━━━━━━━━━━━━━━━━━━━ 1.3/1.3 MB 129.5 MB/s eta 0:00:00
#16 51.16 Downloading pycparser-3.0-py3-none-any.whl (48 kB)
#16 51.16    ━━━━━━━━━━━━━━━━━━━━━━━━━━━━━━━━━━━━━━━━ 48.2/48.2 kB 85.4 MB/s eta 0:00:00
#16 51.18 Downloading mdurl-0.1.2-py3-none-any.whl (10.0 kB)
#16 54.16 Building wheels for collected packages: rag
#16 54.16   Building wheel for rag (pyproject.toml): started
#16 54.77   Building wheel for rag (pyproject.toml): finished with status 'done'
#16 54.78   Created wheel for rag: filename=rag-0.1.0-py3-none-any.whl size=65681 sha256=448caac7b470daee05d28781382e9e7811f0052d494b3799cff1248949e75af4
#16 54.78   Stored in directory: /tmp/pip-ephem-wheel-cache-suaoq96q/wheels/57/0f/98/bb57b2b57b95807699b822a35c022f139d38a02c27922f27ce
#16 54.78 Successfully built rag
#16 55.30 Installing collected packages: nvidia-cusparselt-cu13, mpmath, cuda-toolkit, typing-extensions, triton, tqdm, threadpoolctl, sympy, shellingham, safetensors, regex, pyyaml, pypdfium2, pygments, pycparser, Pillow, nvidia-nvtx, nvidia-nvshmem-cu13, nvidia-nvjitlink, nvidia-nccl-cu13, nvidia-curand, nvidia-cufile, nvidia-cuda-runtime, nvidia-cuda-nvrtc, nvidia-cuda-cupti, numpy, networkx, narwhals, mdurl, MarkupSafe, lxml, idna, hf-xet, h11, fsspec, filelock, cuda-pathfinder, cloudpickle, click, charset-normalizer, certifi, annotated-types, annotated-doc, uvicorn, typing-inspection, scipy, python-docx, pydantic-core, nvidia-cusparse, nvidia-cufft, nvidia-cublas, markdown-it-py, joblib, jinja2, httpcore, cuda-bindings, cffi, anyio, starlette, scikit-learn, rich, pydantic, nvidia-cusolver, nvidia-cudnn-cu13, httpx, cryptography, typer, pdfminer.six, huggingface-hub, fastapi, torch, tokenizers, pdfplumber, transformers, sentence-transformers, rag
#16 101.7 Successfully installed MarkupSafe-3.0.3 Pillow-12.3.0 annotated-doc-0.0.5 annotated-types-0.8.0 anyio-4.15.1 certifi-2026.7.22 cffi-2.1.1 charset-normalizer-3.5.1 click-8.5.0 cloudpickle-3.1.2 cryptography-50.0.1 cuda-bindings-13.4.2 cuda-pathfinder-1.8.2 cuda-toolkit-13.0.3.0 fastapi-0.141.1 filelock-4.0.1 fsspec-2026.9.0 h11-0.16.0 hf-xet-1.6.0 httpcore-1.0.9 httpx-0.28.1 huggingface-hub-1.32.0 idna-3.20 jinja2-3.1.6 joblib-1.6.0 lxml-6.1.3 markdown-it-py-4.2.0 mdurl-0.1.2 mpmath-1.3.0 narwhals-2.26.0 networkx-3.6.1 numpy-2.4.6 nvidia-cublas-13.1.1.3 nvidia-cuda-cupti-13.0.85 nvidia-cuda-nvrtc-13.0.88 nvidia-cuda-runtime-13.0.96 nvidia-cudnn-cu13-9.24.0.43 nvidia-cufft-12.0.0.61 nvidia-cufile-1.15.1.6 nvidia-curand-10.4.0.35 nvidia-cusolver-12.0.4.66 nvidia-cusparse-12.6.3.3 nvidia-cusparselt-cu13-0.8.1 nvidia-nccl-cu13-2.30.7 nvidia-nvjitlink-13.4.92 nvidia-nvshmem-cu13-3.4.5 nvidia-nvtx-13.0.85 pdfminer.six-20260107 pdfplumber-0.11.10 pycparser-3.0 pydantic-2.13.5 pydantic-core-2.46.5 pygments-2.21.0 pypdfium2-5.13.0 python-docx-1.2.0 pyyaml-6.0.3 rag-0.1.0 regex-2026.9.10 rich-15.0.0 safetensors-0.8.0 scikit-learn-1.9.1 scipy-1.17.1 sentence-transformers-6.1.0 shellingham-1.5.4 starlette-1.6.0 sympy-1.14.0 threadpoolctl-3.7.0 tokenizers-0.23.2 torch-2.14.0 tqdm-4.70.1 transformers-5.17.0 triton-3.8.0 typer-0.27.2 typing-extensions-4.16.0 typing-inspection-0.4.4 uvicorn-0.53.0
#16 101.7 WARNING: Running pip as the 'root' user can result in broken permissions and conflicting behaviour with the system package manager. It is recommended to use a virtual environment instead: https://pip.pypa.io/warnings/venv
#16 101.8 
#16 101.8 [notice] A new release of pip is available: 24.0 -> 26.2.1
#16 101.8 [notice] To update, run: pip install --upgrade pip
#16 DONE 102.8s

#30 [api  9/10] COPY docker/entrypoint.sh /entrypoint.sh
#30 DONE 0.1s

#31 [api 10/10] RUN chmod +x /entrypoint.sh     && useradd --create-home --uid 1000 --shell /bin/sh rag     && mkdir -p /index /cache/hf     && chown -R rag:rag /app /index /cache/hf
#31 DONE 0.1s

#32 [api] exporting to image
#32 exporting layers
#32 exporting layers 82.5s done
#32 exporting manifest sha256:5f84c5f8b42125f6e7b63891c2699b95a2776e055965d0949ee7222c00e03553 0.0s done
#32 exporting config sha256:ff0705c0c1a2da66a7705618fe0eccdd53df0cf14ecb8373752033a762ec72f2 done
#32 exporting attestation manifest sha256:6c3b905226811467922c443ecae95f964864b267b6726289c4aa4ca3b93b08ec done
#32 exporting manifest list sha256:9246b074c6f39109d86d4bd78989ca9cf4c6b57e9d0756f54fe4b94a7e3b8134 done
#32 naming to docker.io/library/rag-week6-api:latest done
#32 unpacking to docker.io/library/rag-week6-api:latest
#32 unpacking to docker.io/library/rag-week6-api:latest 14.7s done
#32 DONE 97.2s

#33 [api] resolving provenance for metadata file
#33 DONE 0.0s
 Image rag-week6-api Built 
 Image rag-week6-web Built 
 Container rag-week6-api-1 Creating 
 Container rag-week6-api-1 Created 
 Container rag-week6-web-1 Recreate 
 Container rag-week6-web-1 Recreated 
 Container rag-week6-api-1 Starting 
 Container rag-week6-api-1 Started 
 Container rag-week6-api-1 Waiting 
 Container rag-week6-api-1 Error dependency api failed to start
dependency failed to start: container rag-week6-api-1 exited (1)
UP_EXIT:1
