    rag.gates.x_check_form__mutmut_3: survived
    rag.gates.x_check_form__mutmut_5: survived
    rag.gates.x_check_form__mutmut_6: survived
    rag.gates.x_check_form__mutmut_7: survived
    rag.gates.x_check_form__mutmut_9: survived
    rag.gates.x_check_form__mutmut_10: survived
    rag.gates.x_check_form__mutmut_12: survived
    rag.gates.x_check_form__mutmut_13: survived
    rag.gates.x_check_form__mutmut_14: survived
    rag.gates.x_check_form__mutmut_15: survived
    rag.gates.x_check_form__mutmut_19: survived
    rag.gates.x_check_form__mutmut_20: survived
    rag.gates.x_check_form__mutmut_21: survived
    rag.gates.x_check_form__mutmut_23: survived
    rag.gates.x_check_form__mutmut_24: survived
    rag.gates.x_check_form__mutmut_26: survived
    rag.gates.x_check_form__mutmut_27: survived
    rag.gates.x_check_form__mutmut_28: survived
    rag.gates.x_check_form__mutmut_29: survived
    rag.gates.x_check_form__mutmut_50: survived
    rag.gates.x_check_form__mutmut_52: survived
    rag.gates.x_check_form__mutmut_55: survived
    rag.gates.x_check_form__mutmut_59: survived
    rag.gates.x_check_form__mutmut_60: survived
    rag.gates.x_check_form__mutmut_66: survived
    rag.gates.x_check_form__mutmut_67: survived
    rag.gates.x_check_form__mutmut_68: survived
    rag.gates.x_check_form__mutmut_70: survived
    rag.gates.x_check_form__mutmut_71: survived
    rag.gates.x_check_form__mutmut_73: survived
    rag.gates.x_check_form__mutmut_74: survived
    rag.gates.x_check_form__mutmut_75: survived
    rag.gates.x_check_form__mutmut_76: survived
    rag.gates.x_check_form__mutmut_78: survived
    rag.gates.x_check_form__mutmut_80: survived
    rag.gates.x_check_form__mutmut_82: survived
    rag.gates.x__norm_quantity__mutmut_6: survived
    rag.gates.x__norm_quantity__mutmut_7: survived
    rag.gates.x__norm_quantity__mutmut_17: survived
    rag.gates.x__norm_quantity__mutmut_18: survived
    rag.gates.x__norm_quantity__mutmut_19: survived
    rag.gates.x__norm_quantity__mutmut_20: survived
    rag.gates.x__norm_quantity__mutmut_21: survived
    rag.gates.x__norm_quantity__mutmut_22: survived
    rag.gates.x__norm_quantity__mutmut_30: survived
    rag.gates.x__norm_quantity__mutmut_31: survived
    rag.gates.x__passage_blob__mutmut_8: survived
    rag.gates.x__passage_blob__mutmut_11: survived
    rag.gates.x__passage_blob__mutmut_14: survived
    rag.gates.x__passage_blob__mutmut_17: survived
    rag.gates.x__passage_blob__mutmut_18: survived
    rag.gates.x__passage_blob__mutmut_22: survived
    rag.gates.x_check_grounding__mutmut_7: survived
    rag.gates.x_check_grounding__mutmut_16: survived
    rag.gates.x_check_grounding__mutmut_26: survived
    rag.gates.x_check_grounding__mutmut_28: survived
    rag.gates.x_check_grounding__mutmut_30: survived
    rag.gates.x_check_grounding__mutmut_33: survived
    rag.gates.x_check_grounding__mutmut_35: survived
    rag.gates.x_check_grounding__mutmut_39: survived
    rag.gates.x_check_grounding__mutmut_40: survived
    rag.gates.x_check_grounding__mutmut_41: survived
    rag.gates.x_check_grounding__mutmut_43: survived
    rag.gates.x_check_grounding__mutmut_44: survived
    rag.gates.x_check_grounding__mutmut_45: survived
    rag.gates.x_check_grounding__mutmut_47: survived
    rag.gates.x_check_grounding__mutmut_48: survived
    rag.gates.x_check_grounding__mutmut_49: survived
    rag.gates.x_check_grounding__mutmut_51: survived
    rag.gates.x_check_grounding__mutmut_52: survived
    rag.gates.x_check_grounding__mutmut_53: survived
    rag.gates.x_check_grounding__mutmut_54: survived
    rag.gates.x_coverage_state__mutmut_1: no tests
    rag.gates.x_coverage_state__mutmut_2: no tests
    rag.gates.x_coverage_state__mutmut_3: no tests
    rag.gates.x_coverage_state__mutmut_4: no tests
    rag.gates.x_coverage_state__mutmut_5: no tests
    rag.gates.x_coverage_state__mutmut_6: no tests
    rag.gates.x_coverage_state__mutmut_7: no tests
    rag.gates.x_coverage_state__mutmut_8: no tests
    rag.gates.x_coverage_state__mutmut_9: no tests
    rag.gates.x_coverage_state__mutmut_10: no tests
    rag.gates.x_check_conflict__mutmut_1: survived
    rag.gates.x_check_conflict__mutmut_3: survived
    rag.gates.x_check_conflict__mutmut_10: survived
    rag.gates.x_check_conflict__mutmut_11: survived
    rag.gates.x_check_conflict__mutmut_12: survived
    rag.gates.x_check_conflict__mutmut_13: survived
    rag.gates.x_check_conflict__mutmut_14: survived
    rag.gates.x_check_conflict__mutmut_15: survived
    rag.gates.x_check_conflict__mutmut_16: survived
    rag.gates.x_check_conflict__mutmut_17: survived
    rag.gates.x_check_conflict__mutmut_18: survived
    rag.gates.x_check_conflict__mutmut_19: survived
    rag.gates.x_check_conflict__mutmut_20: survived
    rag.gates.x_check_conflict__mutmut_21: survived
    rag.gates.x_check_conflict__mutmut_22: survived
    rag.gates.x_check_conflict__mutmut_25: survived
    rag.gates.x_check_conflict__mutmut_26: survived
    rag.gates.x_check_conflict__mutmut_27: survived
    rag.gates.x_check_conflict__mutmut_30: survived
    rag.gates.x_check_conflict__mutmut_31: survived
    rag.gates.x_check_conflict__mutmut_32: survived
    rag.gates.x_check_conflict__mutmut_33: survived
    rag.gates.x_check_conflict__mutmut_34: survived
    rag.gates.x_check_conflict__mutmut_35: survived
    rag.gates.x_check_conflict__mutmut_36: survived
    rag.gates.x_check_conflict__mutmut_37: survived
    rag.gates.x_check_conflict__mutmut_38: survived
    rag.gates.x_check_conflict__mutmut_39: survived
    rag.gates.x_check_conflict__mutmut_40: survived
    rag.gates.x_check_conflict__mutmut_41: survived
    rag.gates.x_check_conflict__mutmut_42: survived
    rag.gates.x_check_conflict__mutmut_43: survived
    rag.gates.x_check_conflict__mutmut_44: survived
    rag.gates.x_check_conflict__mutmut_45: survived
    rag.gates.x_check_conflict__mutmut_46: survived
    rag.gates.x_check_all__mutmut_1: survived
    rag.gates.x_check_all__mutmut_2: survived
    rag.gates.x_check_all__mutmut_3: survived
    rag.gates.x_check_all__mutmut_4: survived
    rag.gates.x_check_all__mutmut_8: survived
    rag.gates.x_check_all__mutmut_11: survived
    rag.gates.x_check_all__mutmut_12: survived
    rag.gates.x_check_all__mutmut_13: survived
    rag.gates.x_check_all__mutmut_14: survived
    rag.gates.x_check_all__mutmut_15: survived
    rag.gates.x_check_all__mutmut_16: survived
    rag.gates.x_check_all__mutmut_17: survived
    rag.gates.x_check_all__mutmut_18: survived
    rag.gates.x_check_all__mutmut_19: survived
    rag.gates.x_check_all__mutmut_20: survived
    rag.gates.x_check_all__mutmut_21: survived
    rag.gates.x_check_all__mutmut_22: survived
    rag.gates.x_check_all__mutmut_23: survived
    rag.gates.x_check_all__mutmut_24: survived
    rag.gates.x_check_all__mutmut_26: survived
    rag.gates.x_check_all__mutmut_27: survived
    rag.gates.x_check_all__mutmut_28: survived
    rag.gates.x_check_all__mutmut_29: survived
    rag.gates.x_check_all__mutmut_30: survived
    rag.gates.x_check_all__mutmut_31: survived
    rag.gates.x_check_all__mutmut_32: survived
    rag.gates.x_check_all__mutmut_33: survived
    rag.gates.x_check_all__mutmut_34: survived
    rag.gates.x_check_all__mutmut_35: survived
    rag.gates.x_check_all__mutmut_37: survived
    rag.gates.x_check_all__mutmut_41: survived
    rag.gates.x_check_all__mutmut_42: survived
    rag.gates.x_check_all__mutmut_43: survived
    rag.gates.x_check_all__mutmut_45: survived
    rag.gates.x_check_all__mutmut_46: survived
    rag.gates.x_check_all__mutmut_47: survived
    rag.gates.x_check_all__mutmut_48: survived
    rag.gates.x_check_all__mutmut_49: survived
    rag.gates.x_check_all__mutmut_50: survived
    rag.gates.x_check_all__mutmut_51: survived
    rag.gates.x_check_all__mutmut_53: survived
    rag.gates.x_check_all__mutmut_54: survived
    rag.gates.x_check_all__mutmut_55: survived
    rag.gates.x_check_all__mutmut_58: survived
    rag.gates.x_check_all__mutmut_59: survived
    rag.gates.x_check_all__mutmut_61: survived
    rag.gates.x_check_all__mutmut_62: survived
    rag.gates.x_check_all__mutmut_63: survived
    rag.gates.x_check_all__mutmut_65: survived
    rag.gates.x_check_all__mutmut_66: survived
    rag.gates.x_check_all__mutmut_67: survived
    rag.gates.x_check_all__mutmut_68: survived
    rag.gates.x_check_all__mutmut_69: survived
    rag.gates.x_check_all__mutmut_70: survived
    rag.gates.x_check_all__mutmut_71: survived
    rag.gates.x_check_all__mutmut_72: survived
    rag.gates.x_check_all__mutmut_73: survived
    rag.gates.x_check_all__mutmut_74: survived
    rag.gates.x_check_all__mutmut_75: survived
    rag.gates.x_check_all__mutmut_76: survived
    rag.gates.x_check_all__mutmut_77: survived
    rag.gates.x_check_all__mutmut_79: survived
    rag.gates.x_check_all__mutmut_80: survived
    rag.gates.x_check_all__mutmut_81: survived
    rag.gates.x_check_all__mutmut_82: survived
    rag.gates.x_check_all__mutmut_85: survived
    rag.gates.x_check_all__mutmut_86: survived
    rag.gates.x_check_all__mutmut_87: survived
    rag.gates.x_check_all__mutmut_88: survived
    rag.gates.x_check_all__mutmut_89: survived
    rag.gates.x_check_all__mutmut_92: survived
    rag.gates.x_check_all__mutmut_93: survived
    rag.gates.x_check_all__mutmut_94: survived
    rag.gates.x_check_all__mutmut_95: survived
    rag.gates.x_check_all__mutmut_96: survived
    rag.gates.x_check_all__mutmut_97: survived
    rag.gates.x_check_all__mutmut_99: survived
    rag.gates.x_check_all__mutmut_100: survived
    rag.gates.x_check_all__mutmut_101: survived
    rag.gates.x_check_all__mutmut_102: survived
    rag.gates.x_check_all__mutmut_103: survived
    rag.gates.x_check_all__mutmut_106: survived
    rag.gates.x_check_all__mutmut_107: survived
    rag.gates.x_check_all__mutmut_108: survived
    rag.gates.x_check_all__mutmut_109: survived
    rag.gates.x_check_all__mutmut_110: survived
    rag.gates.x_check_all__mutmut_111: survived
    rag.gates.x_check_all__mutmut_112: survived
    rag.gates.x_check_all__mutmut_113: survived
    rag.gates.x_check_all__mutmut_114: survived
    rag.gates.x_check_all__mutmut_115: survived
    rag.gates.x_check_all__mutmut_116: survived
    rag.gates.x_check_all__mutmut_117: survived
    rag.gates.x_check_all__mutmut_118: survived
    rag.gates.x_check_all__mutmut_119: survived
    rag.gates.x_check_all__mutmut_120: survived
    rag.gates.x_check_all__mutmut_121: survived
    rag.gates.x_check_all__mutmut_122: survived
    rag.gates.x_check_all__mutmut_123: survived
    rag.gates.x_check_all__mutmut_124: survived
    rag.gates.x_check_all__mutmut_125: survived
    rag.gates.x_check_all__mutmut_126: survived
    rag.gates.x_check_all__mutmut_127: survived
    rag.gates.x_check_all__mutmut_128: survived
    rag.gates.x_check_all__mutmut_129: survived
    rag.gates.x_check_all__mutmut_131: survived
    rag.gates.x_check_all__mutmut_137: survived
    rag.gates.x_check_all__mutmut_138: survived
    rag.gates.x_check_all__mutmut_139: survived
    rag.gates.x_check_all__mutmut_140: survived
    rag.gates.x_check_all__mutmut_141: survived
    rag.gates.x_check_all__mutmut_142: survived
    rag.gates.x_check_all__mutmut_143: survived
    rag.gates.x_check_all__mutmut_144: survived
    rag.gates.x_check_all__mutmut_146: survived
    rag.gates.x_check_all__mutmut_147: survived
    rag.gates.x_check_all__mutmut_148: survived
    rag.gates.x_check_all__mutmut_149: survived
    rag.gates.x_check_all__mutmut_150: survived
    rag.gates.x_check_all__mutmut_151: survived
    rag.gates.x_check_all__mutmut_154: survived
    rag.gates.x_check_all__mutmut_155: survived
    rag.gates.x_check_all__mutmut_156: survived
    rag.gates.x_check_all__mutmut_157: survived
    rag.gates.x_check_all__mutmut_158: survived
    rag.gates.x_check_all__mutmut_159: survived
    rag.gates.x_check_all__mutmut_160: survived
    rag.gates.x_check_all__mutmut_164: survived
    rag.gates.x_check_all__mutmut_165: survived
    rag.gates.x_check_all__mutmut_166: survived
    rag.gates.x_check_all__mutmut_167: survived
    rag.gates.x_check_all__mutmut_169: survived
    rag.gates.x_check_all__mutmut_172: survived
    rag.gates.x_check_all__mutmut_173: survived
    rag.gates.x_check_all__mutmut_174: survived
    rag.gates.x_check_all__mutmut_175: survived
    rag.gates.x_check_all__mutmut_176: survived
    rag.gates.x_check_all__mutmut_177: survived
    rag.gates.x_check_all__mutmut_178: survived
    rag.gates.x_check_all__mutmut_179: survived
    rag.gates.x_check_all__mutmut_180: survived
    rag.gates.x_check_all__mutmut_181: survived
    rag.gates.x_check_all__mutmut_182: survived
    rag.gates.x_check_all__mutmut_183: survived
    rag.gates.x_check_all__mutmut_184: survived
    rag.gates.x_check_all__mutmut_185: survived
    rag.gates.x_check_all__mutmut_186: survived
    rag.gates.x_check_all__mutmut_187: survived
    rag.gates.x_check_all__mutmut_188: survived
    rag.gates.x_check_all__mutmut_189: survived
    rag.gates.x_check_all__mutmut_190: survived
    rag.chunk.x_chunk_document__mutmut_40: survived
    rag.chunk.x__sections__mutmut_3: survived
    rag.chunk.x__sections__mutmut_7: survived
    rag.chunk.x__sections__mutmut_8: survived
    rag.chunk.x__sections__mutmut_9: survived
    rag.chunk.x__sections__mutmut_10: survived
    rag.chunk.x__sections__mutmut_12: survived
    rag.chunk.x__sections__mutmut_13: survived
    rag.chunk.x__sections__mutmut_24: survived
    rag.chunk.x__sections__mutmut_25: survived
    rag.chunk.x__sections__mutmut_26: survived
    rag.chunk.x__sections__mutmut_27: survived
    rag.chunk.x__sections__mutmut_35: survived
    rag.chunk.x__sections__mutmut_36: survived
    rag.chunk.x__sections__mutmut_37: survived
    rag.chunk.x__sections__mutmut_38: survived
    rag.chunk.x__sections__mutmut_39: survived
    rag.chunk.x__sections__mutmut_40: survived
    rag.chunk.x__sections__mutmut_44: survived
    rag.chunk.x__sections__mutmut_45: survived
    rag.chunk.x__sections__mutmut_46: survived
    rag.chunk.x__sections__mutmut_47: survived
    rag.chunk.x__sections__mutmut_48: survived
    rag.chunk.x__sections__mutmut_49: survived
    rag.chunk.x__sections__mutmut_50: survived
    rag.chunk.x__sections__mutmut_51: survived
    rag.chunk.x__sections__mutmut_52: survived
    rag.chunk.x__sections__mutmut_53: survived
    rag.chunk.x__sections__mutmut_54: survived
    rag.chunk.x__sections__mutmut_55: survived
    rag.chunk.x__sections__mutmut_56: survived
    rag.chunk.x__pack_section__mutmut_5: survived
    rag.chunk.x__pack_section__mutmut_8: survived
    rag.chunk.x__pack_section__mutmut_9: survived
    rag.chunk.x__pack_section__mutmut_11: survived
    rag.chunk.x__pack_section__mutmut_12: survived
    rag.chunk.x__pack_section__mutmut_13: survived
    rag.chunk.x__pack_section__mutmut_14: survived
    rag.chunk.x__pack_section__mutmut_16: survived
    rag.chunk.x__pack_section__mutmut_17: survived
    rag.chunk.x__pack_section__mutmut_18: survived
    rag.chunk.x__pack_section__mutmut_19: survived
    rag.chunk.x__pack_section__mutmut_21: survived
    rag.chunk.x__pack_section__mutmut_28: survived
    rag.chunk.x__pack_section__mutmut_29: survived
    rag.chunk.x__pack_section__mutmut_31: survived
    rag.chunk.x__pack_section__mutmut_40: survived
    rag.chunk.x__pack_section__mutmut_49: survived
    rag.chunk.x__pack_section__mutmut_50: survived
    rag.chunk.x__pack_section__mutmut_51: survived
    rag.chunk.x__pack_section__mutmut_52: survived
    rag.chunk.x__pack_section__mutmut_53: survived
    rag.chunk.x__pack_section__mutmut_54: survived
    rag.chunk.x__pack_section__mutmut_55: survived
    rag.chunk.x__pack_section__mutmut_56: survived
    rag.chunk.x__pack_section__mutmut_57: survived
    rag.chunk.x__pack_section__mutmut_58: survived
    rag.chunk.x__pack_section__mutmut_59: survived
    rag.chunk.x__pack_section__mutmut_60: survived
    rag.chunk.x__pack_section__mutmut_61: survived
    rag.chunk.x__pack_section__mutmut_62: survived
    rag.chunk.x__pack_section__mutmut_63: survived
    rag.chunk.x__pack_section__mutmut_64: survived
    rag.chunk.x__pack_section__mutmut_65: survived
    rag.chunk.x__pack_section__mutmut_66: survived
    rag.chunk.x__pack_section__mutmut_67: survived
    rag.chunk.x__pack_section__mutmut_68: survived
    rag.chunk.x__pack_section__mutmut_69: survived
    rag.chunk.x__pack_section__mutmut_70: survived
    rag.chunk.x__pack_section__mutmut_71: survived
    rag.chunk.x__pack_section__mutmut_72: survived
    rag.chunk.x__pack_section__mutmut_73: survived
    rag.chunk.x__pack_section__mutmut_74: survived
    rag.chunk.x__pack_section__mutmut_75: survived
    rag.chunk.x__pack_section__mutmut_76: survived
    rag.chunk.x__pack_section__mutmut_77: survived
    rag.chunk.x__pack_section__mutmut_78: survived
    rag.chunk.x__pack_section__mutmut_79: survived
    rag.chunk.x__pack_section__mutmut_80: survived
    rag.chunk.x__pack_section__mutmut_81: survived
    rag.chunk.x__pack_section__mutmut_82: survived
    rag.chunk.x__pack_section__mutmut_83: survived
    rag.chunk.x__pack_section__mutmut_84: survived
    rag.chunk.x__pack_section__mutmut_85: survived
    rag.chunk.x__pack_section__mutmut_86: survived
    rag.chunk.x__pack_section__mutmut_87: survived
    rag.chunk.x__pack_section__mutmut_88: survived
    rag.chunk.x__pack_section__mutmut_89: survived
    rag.chunk.x__pack_section__mutmut_92: survived
    rag.chunk.x__pack_section__mutmut_99: survived
    rag.chunk.x__pack_section__mutmut_100: survived
    rag.chunk.x__pack_section__mutmut_102: survived
    rag.chunk.x__pack_section__mutmut_111: survived
    rag.chunk.x__pack_section__mutmut_114: survived
    rag.chunk.x__pack_section__mutmut_144: survived
    rag.chunk.x__pack_section__mutmut_145: survived
    rag.chunk.x__pack_section__mutmut_146: survived
    rag.chunk.x__pack_section__mutmut_150: survived
    rag.chunk.x__pack_section__mutmut_160: survived
    rag.chunk.x__parents_from_windows__mutmut_1: survived
    rag.chunk.x__parents_from_windows__mutmut_7: survived
    rag.chunk.x__parents_from_windows__mutmut_9: survived
    rag.chunk.x__parents_from_windows__mutmut_14: survived
    rag.chunk.x__parents_from_windows__mutmut_15: survived
    rag.chunk.x__parents_from_windows__mutmut_16: survived
    rag.chunk.x__parents_from_windows__mutmut_17: survived
    rag.chunk.x__parents_from_windows__mutmut_19: survived
    rag.chunk.x__parents_from_windows__mutmut_28: survived
    rag.chunk.x__parents_from_windows__mutmut_29: survived
    rag.chunk.x__parents_from_windows__mutmut_30: survived
    rag.chunk.x__parents_from_windows__mutmut_31: survived
    rag.chunk.x__parents_from_windows__mutmut_34: survived
    rag.chunk.x__children_for__mutmut_15: survived
    rag.chunk.x__children_for__mutmut_16: survived
    rag.chunk.x__children_for__mutmut_28: survived
    rag.chunk.x__children_for__mutmut_30: survived
    rag.chunk.x__children_for__mutmut_31: survived
    rag.chunk.x__children_for__mutmut_32: survived
    rag.chunk.x__children_for__mutmut_33: survived
    rag.chunk.x__children_for__mutmut_34: survived
    rag.chunk.x__children_for__mutmut_35: survived
    rag.chunk.x__children_for__mutmut_36: survived
    rag.chunk.x__children_for__mutmut_37: survived
    rag.chunk.x__children_for__mutmut_38: survived
    rag.chunk.x__children_for__mutmut_39: survived
    rag.chunk.x__children_for__mutmut_40: survived
    rag.chunk.x__children_for__mutmut_41: survived
    rag.chunk.x__children_for__mutmut_43: survived
    rag.chunk.x__children_for__mutmut_44: survived
    rag.chunk.x__children_for__mutmut_45: survived
    rag.chunk.x__children_for__mutmut_46: survived
    rag.chunk.x__children_for__mutmut_51: survived
    rag.chunk.x__children_for__mutmut_54: survived
    rag.chunk.x__children_for__mutmut_63: survived
    rag.chunk.x__children_for__mutmut_64: survived
    rag.chunk.x__children_for__mutmut_65: survived
    rag.chunk.x__children_for__mutmut_66: survived
    rag.chunk.x__children_for__mutmut_67: survived
    rag.chunk.x__children_for__mutmut_68: survived
    rag.chunk.x__children_for__mutmut_70: survived
    rag.chunk.x__children_for__mutmut_72: survived
    rag.chunk.x__children_for__mutmut_82: survived
    rag.chunk.x__children_for__mutmut_91: survived
    rag.chunk.x__children_for__mutmut_96: survived
    rag.chunk.x__children_for__mutmut_100: survived
    rag.chunk.x__children_for__mutmut_101: survived
    rag.chunk.x__children_for__mutmut_113: survived
    rag.chunk.x__table_summary_child__mutmut_6: survived
    rag.chunk.x__table_summary_child__mutmut_7: survived
    rag.chunk.x__table_summary_child__mutmut_8: survived
    rag.chunk.x__table_summary_child__mutmut_14: survived
    rag.chunk.x__table_summary_child__mutmut_15: survived
    rag.chunk.x__table_summary_child__mutmut_17: survived
    rag.chunk.x__table_summary_child__mutmut_20: survived
    rag.chunk.x__table_summary_child__mutmut_21: survived
    rag.chunk.x__table_summary_child__mutmut_23: survived
    rag.chunk.x__table_summary_child__mutmut_26: survived
    rag.chunk.x__table_summary_child__mutmut_38: survived
    rag.chunk.x__looks_like_unit__mutmut_3: survived
    rag.chunk.x__looks_like_unit__mutmut_4: survived
    rag.chunk.x__looks_like_unit__mutmut_5: survived
    rag.chunk.x__looks_like_unit__mutmut_6: survived
    rag.chunk.x__looks_like_unit__mutmut_7: survived
    rag.chunk.x__looks_like_unit__mutmut_8: survived
    rag.chunk.x__looks_like_unit__mutmut_9: survived
    rag.chunk.x__looks_like_unit__mutmut_10: survived
    rag.chunk.x__looks_like_unit__mutmut_11: survived
    rag.chunk.x__looks_like_unit__mutmut_12: survived
    rag.chunk.x__label_row__mutmut_14: survived
    rag.chunk.x__label_row__mutmut_15: survived
    rag.chunk.x__label_row__mutmut_17: survived
    rag.chunk.x__label_row__mutmut_18: survived
    rag.chunk.x__child__mutmut_17: survived
    rag.chunk.x__child__mutmut_18: survived
    rag.chunk.x__child__mutmut_20: survived
    rag.chunk.x__child__mutmut_35: survived
    rag.chunk.x__child__mutmut_39: survived
    rag.chunk.x__child__mutmut_40: survived
    rag.chunk.x__child__mutmut_42: survived
    rag.chunk.x__child__mutmut_43: survived
    rag.chunk.x__table_pieces__mutmut_10: survived
    rag.chunk.x__table_pieces__mutmut_11: survived
    rag.chunk.x__table_pieces__mutmut_12: survived
    rag.chunk.x__table_pieces__mutmut_13: survived
    rag.chunk.x__table_pieces__mutmut_22: survived
    rag.chunk.x__table_pieces__mutmut_24: survived
    rag.chunk.x__table_pieces__mutmut_36: survived
    rag.chunk.x__table_pieces__mutmut_49: survived
    rag.chunk.x__table_pieces__mutmut_50: survived
    rag.chunk.x__table_pieces__mutmut_52: survived
    rag.chunk.x__table_pieces__mutmut_55: survived
    rag.chunk.x__table_pieces__mutmut_59: survived
    rag.chunk.x__merge_tiny__mutmut_1: survived
    rag.chunk.x__merge_tiny__mutmut_2: survived
    rag.chunk.x__merge_tiny__mutmut_9: survived
    rag.chunk.x__merge_tiny__mutmut_12: survived
    rag.chunk.x__merge_tiny__mutmut_16: survived
    rag.chunk.x__merge_tiny__mutmut_17: survived
    rag.chunk.x__merge_tiny__mutmut_18: survived
    rag.chunk.x__merge_tiny__mutmut_19: survived
    rag.chunk.x__merge_tiny__mutmut_22: survived
    rag.chunk.x__merge_tiny__mutmut_23: survived
    rag.chunk.x__merge_tiny__mutmut_25: survived
    rag.chunk.x__merge_tiny__mutmut_26: survived
    rag.chunk.x__merge_tiny__mutmut_27: survived
    rag.chunk.x__merge_tiny__mutmut_28: survived
    rag.chunk.x__merge_tiny__mutmut_29: survived
    rag.chunk.x__merge_tiny__mutmut_30: survived
    rag.chunk.x__merge_tiny__mutmut_31: survived
    rag.chunk.x__merge_tiny__mutmut_32: survived
    rag.chunk.x__merge_tiny__mutmut_33: survived
    rag.chunk.x__merge_tiny__mutmut_34: survived
    rag.chunk.x__merge_tiny__mutmut_35: survived
    rag.chunk.x__merge_tiny__mutmut_36: survived
    rag.chunk.x__merge_tiny__mutmut_37: survived
    rag.chunk.x__merge_tiny__mutmut_38: survived
    rag.chunk.x__merge_tiny__mutmut_39: survived
    rag.chunk.x__merge_tiny__mutmut_40: survived
    rag.chunk.x__merge_tiny__mutmut_41: survived
    rag.chunk.x__merge_tiny__mutmut_42: survived
    rag.chunk.x__merge_tiny__mutmut_43: survived
    rag.chunk.x__merge_tiny__mutmut_44: survived
    rag.chunk.x__merge_tiny__mutmut_45: survived
    rag.chunk.x__merge_tiny__mutmut_46: survived
    rag.chunk.x__merge_tiny__mutmut_47: survived
    rag.chunk.x__merge_tiny__mutmut_48: survived
    rag.chunk.x__merge_tiny__mutmut_49: survived
    rag.chunk.x__merge_tiny__mutmut_50: survived
    rag.chunk.x__merge_tiny__mutmut_51: survived
    rag.chunk.x__merge_tiny__mutmut_52: survived
    rag.chunk.x__merge_tiny__mutmut_53: survived
    rag.chunk.x__merge_tiny__mutmut_54: survived
    rag.chunk.x__merge_tiny__mutmut_55: survived
    rag.chunk.x__merge_tiny__mutmut_56: survived
    rag.chunk.x__merge_tiny__mutmut_57: survived
    rag.chunk.x__merge_tiny__mutmut_58: survived
    rag.chunk.x__merge_tiny__mutmut_59: survived
    rag.chunk.x__merge_tiny__mutmut_60: survived
    rag.chunk.x__merge_tiny__mutmut_61: survived
    rag.chunk.x__merge_tiny__mutmut_62: survived
    rag.chunk.x__merge_tiny__mutmut_63: survived
    rag.chunk.x__merge_tiny__mutmut_64: survived
    rag.chunk.x__merge_tiny__mutmut_65: survived
    rag.chunk.x__merge_tiny__mutmut_66: survived
    rag.chunk.x__merge_tiny__mutmut_67: survived
    rag.chunk.x__merge_tiny__mutmut_68: survived
    rag.chunk.x__merge_tiny__mutmut_69: survived
    rag.chunk.x__merge_tiny__mutmut_70: survived
    rag.chunk.x__merge_tiny__mutmut_71: survived
    rag.chunk.x__merge_tiny__mutmut_72: survived
    rag.chunk.x__merge_tiny__mutmut_73: survived
    rag.chunk.x__merge_tiny__mutmut_74: survived
    rag.chunk.x__merge_tiny__mutmut_75: survived
    rag.chunk.x__merge_tiny__mutmut_76: survived
    rag.chunk.x__merge_tiny__mutmut_77: survived
    rag.chunk.x__merge_tiny__mutmut_78: survived
    rag.chunk.x__merge_tiny__mutmut_79: survived
    rag.chunk.x__merge_tiny__mutmut_80: survived
    rag.chunk.x__apply_context__mutmut_5: survived
    rag.chunk.x__apply_context__mutmut_8: survived
    rag.chunk.x__apply_context__mutmut_9: survived
    rag.chunk.x__apply_context__mutmut_12: survived
    rag.chunk.x__apply_context__mutmut_13: survived
    rag.chunk.x__apply_context__mutmut_14: survived
    rag.chunk.x__apply_context__mutmut_16: survived
    rag.chunk.x__apply_context__mutmut_19: survived
    rag.chunk.x__apply_context__mutmut_21: survived
    rag.chunk.x__apply_context__mutmut_25: survived
    rag.chunk.x__apply_context__mutmut_26: survived
    rag.chunk.x__apply_context__mutmut_27: survived
    rag.chunk.x__apply_context__mutmut_28: survived
    rag.chunk.x__make_parent__mutmut_1: survived
    rag.chunk.x__make_parent__mutmut_12: survived
    rag.chunk.x__make_parent__mutmut_14: survived
    rag.chunk.x__make_parent__mutmut_26: survived
    rag.chunk.x__make_parent__mutmut_31: survived
    rag.chunk.x__make_parent__mutmut_32: survived
    rag.chunk.x__make_parent__mutmut_33: survived
    rag.chunk.x__make_parent__mutmut_34: survived
    rag.chunk.x__make_parent__mutmut_35: survived
    rag.chunk.x__make_parent__mutmut_36: survived
    rag.chunk.x__make_parent__mutmut_37: survived
    rag.chunk.x__make_parent__mutmut_38: survived
    rag.chunk.x__make_parent__mutmut_39: survived
    rag.chunk.x__make_parent__mutmut_41: survived
    rag.chunk.x__make_parent__mutmut_42: survived
    rag.chunk.x__make_parent__mutmut_43: survived
    rag.chunk.x__make_parent__mutmut_45: survived
    rag.chunk.x__make_parent__mutmut_47: survived
    rag.chunk.x__make_parent__mutmut_48: survived
    rag.chunk.x__make_parent__mutmut_49: survived
    rag.chunk.x__make_parent__mutmut_50: survived
    rag.chunk.x__section_kind__mutmut_3: survived
    rag.chunk.x__section_kind__mutmut_4: survived
    rag.chunk.x__section_kind__mutmut_8: survived
    rag.chunk.x__section_kind__mutmut_9: survived
    rag.chunk.x__section_kind__mutmut_13: survived
    rag.chunk.x__section_kind__mutmut_14: survived
    rag.chunk.x__section_kind__mutmut_15: survived
    rag.chunk.x__section_kind__mutmut_16: survived
    rag.chunk.x__section_kind__mutmut_17: survived
    rag.chunk.x__section_kind__mutmut_18: survived
    rag.chunk.x__section_kind__mutmut_19: survived
    rag.chunk.x__section_kind__mutmut_20: survived
    rag.chunk.x__piece_spans__mutmut_4: survived
    rag.chunk.x__piece_spans__mutmut_9: survived
    rag.chunk.x__piece_spans__mutmut_18: survived
    rag.chunk.x__split_long__mutmut_5: survived
    rag.chunk.x__split_long__mutmut_9: survived
    rag.chunk.x__split_long__mutmut_10: survived
    rag.chunk.x__paragraph_spans__mutmut_4: survived
    rag.chunk.x__paragraph_spans__mutmut_7: timeout
    rag.chunk.x__paragraph_spans__mutmut_9: timeout
    rag.chunk.x__paragraph_spans__mutmut_10: survived
    rag.chunk.x__paragraph_spans__mutmut_11: survived
    rag.chunk.x__paragraph_spans__mutmut_12: survived
    rag.chunk.x__paragraph_spans__mutmut_13: survived
    rag.chunk.x__paragraph_spans__mutmut_18: timeout
    rag.chunk.x__paragraph_spans__mutmut_19: survived
    rag.chunk.x__sentence_spans__mutmut_5: survived
    rag.chunk.x__sentence_spans__mutmut_7: survived
    rag.chunk.x__sentence_spans__mutmut_9: survived
    rag.chunk.x__sentence_spans__mutmut_12: survived
    rag.chunk.x__sentence_spans__mutmut_15: survived
    rag.chunk.x__sentence_spans__mutmut_16: survived
    rag.chunk.x__sentence_spans__mutmut_18: survived
    rag.chunk.x__sentence_spans__mutmut_19: survived
    rag.chunk.x__sentence_spans__mutmut_20: survived
    rag.chunk.x__sentence_spans__mutmut_21: survived
    rag.chunk.x__word_spans__mutmut_3: survived
    rag.chunk.x__word_spans__mutmut_5: survived
    rag.chunk.x__word_spans__mutmut_6: survived
    rag.chunk.x__word_spans__mutmut_9: timeout
    rag.chunk.x__word_spans__mutmut_11: timeout
    rag.chunk.x__word_spans__mutmut_15: survived
    rag.chunk.x__word_spans__mutmut_16: timeout
    rag.chunk.x__word_spans__mutmut_17: survived
    rag.chunk.x__word_spans__mutmut_18: survived
    rag.chunk.x__word_spans__mutmut_19: survived
    rag.chunk.x__word_spans__mutmut_21: survived
    rag.chunk.x__word_spans__mutmut_23: survived
    rag.chunk.x__word_spans__mutmut_24: survived
    rag.chunk.x__word_spans__mutmut_28: survived
    rag.chunk.x__word_spans__mutmut_31: survived
    rag.chunk.x__word_spans__mutmut_33: survived
    rag.chunk.x__word_spans__mutmut_34: survived
    rag.chunk.x__word_spans__mutmut_38: survived
    rag.chunk.x__word_spans__mutmut_39: survived
    rag.chunk.x__word_spans__mutmut_40: timeout
    rag.chunk.x__word_spans__mutmut_41: survived
    rag.chunk.x__line_spans__mutmut_4: survived
    rag.chunk.x__line_spans__mutmut_7: timeout
    rag.chunk.x__line_spans__mutmut_9: timeout
    rag.chunk.x__line_spans__mutmut_12: survived
    rag.chunk.x__line_spans__mutmut_13: survived
    rag.chunk.x__line_spans__mutmut_14: survived
    rag.chunk.x__line_spans__mutmut_17: survived
    rag.chunk.x__line_spans__mutmut_20: timeout
    rag.chunk.x__line_spans__mutmut_23: survived
    rag.chunk.x__line_spans__mutmut_24: survived
    rag.chunk.x__line_spans__mutmut_25: survived
    rag.chunk.x__windows__mutmut_2: survived
    rag.chunk.x__windows__mutmut_3: survived
    rag.chunk.x__windows__mutmut_6: survived
    rag.chunk.x__windows__mutmut_10: survived
    rag.chunk.x__windows__mutmut_19: survived
    rag.chunk.x__windows__mutmut_22: survived
    rag.chunk.x__windows__mutmut_30: survived
    rag.chunk.x__windows__mutmut_31: survived
    rag.chunk.x__windows__mutmut_32: survived
    rag.chunk.x__windows__mutmut_33: survived
    rag.chunk.x__windows__mutmut_34: survived
    rag.chunk.x__windows__mutmut_35: survived
    rag.chunk.x__windows__mutmut_37: survived
    rag.chunk.x__windows__mutmut_38: survived
    rag.chunk.x__windows__mutmut_39: survived
    rag.chunk.x__windows__mutmut_40: survived
    rag.chunk.x__windows__mutmut_41: survived
    rag.chunk.x__windows__mutmut_45: timeout
    rag.chunk.x__windows__mutmut_49: survived
    rag.chunk.x__windows__mutmut_50: survived
    rag.chunk.x__windows__mutmut_51: survived
    rag.chunk.x__windows__mutmut_57: survived
    rag.chunk.x__windows__mutmut_70: timeout
    rag.chunk.x__windows__mutmut_72: timeout
    rag.chunk.x__windows__mutmut_74: survived
    rag.chunk.x__retreat__mutmut_2: survived
    rag.chunk.x__retreat__mutmut_4: survived
    rag.chunk.x__retreat__mutmut_5: survived
    rag.chunk.x__retreat__mutmut_9: survived
    rag.chunk.x__retreat__mutmut_10: survived
    rag.chunk.x__retreat__mutmut_12: survived
    rag.chunk.x__retreat__mutmut_14: survived
    rag.chunk.x__retreat__mutmut_15: survived
    rag.chunk.x__retreat__mutmut_16: survived
    rag.chunk.x__retreat__mutmut_18: survived
    rag.chunk.x__retreat__mutmut_19: survived
    rag.chunk.x__retreat__mutmut_20: survived
    rag.chunk.x__retreat__mutmut_21: survived
    rag.chunk.x__retreat__mutmut_22: survived
    rag.chunk.x__retreat__mutmut_24: survived
    rag.chunk.x__retreat__mutmut_26: survived
    rag.chunk.x__retreat__mutmut_27: survived
    rag.chunk.x__retreat__mutmut_28: survived
    rag.chunk.x__dedupe__mutmut_4: survived
    rag.chunk.x__content_id__mutmut_4: survived
    rag.chunk.x__content_id__mutmut_5: survived
    rag.retrieve.x_fuse__mutmut_7: survived
    rag.retrieve.x_fuse__mutmut_8: survived
    rag.retrieve.x_fuse__mutmut_13: survived
    rag.retrieve.x_fuse__mutmut_23: survived
    rag.retrieve.x_fuse__mutmut_25: survived
    rag.retrieve.x_agreed_parent__mutmut_1: survived
    rag.retrieve.x_agreed_parent__mutmut_2: survived
    rag.retrieve.x_agreed_parent__mutmut_8: survived
    rag.retrieve.x_agreed_parent__mutmut_16: survived
    rag.retrieve.x_retrieve__mutmut_6: survived
    rag.retrieve.x_retrieve__mutmut_7: survived
    rag.retrieve.x_retrieve__mutmut_8: survived
    rag.retrieve.x_retrieve__mutmut_16: survived
    rag.retrieve.x_retrieve__mutmut_26: survived
    rag.retrieve.x_retrieve__mutmut_27: survived
    rag.retrieve.x_retrieve__mutmut_29: survived
    rag.retrieve.x_retrieve__mutmut_30: survived
    rag.retrieve.x_retrieve__mutmut_31: survived
    rag.retrieve.x_retrieve__mutmut_39: survived
    rag.retrieve.x_retrieve__mutmut_40: survived
    rag.retrieve.x_retrieve__mutmut_41: survived
    rag.retrieve.x_retrieve__mutmut_42: survived
    rag.retrieve.x_retrieve__mutmut_43: survived
    rag.retrieve.x_retrieve__mutmut_44: survived
    rag.retrieve.x_retrieve__mutmut_47: survived
    rag.retrieve.x_retrieve__mutmut_48: survived
    rag.retrieve.x_retrieve__mutmut_49: survived
    rag.retrieve.x_retrieve__mutmut_52: survived
    rag.retrieve.x_retrieve__mutmut_53: survived
    rag.retrieve.x_retrieve__mutmut_54: survived
    rag.retrieve.x_retrieve__mutmut_55: survived
    rag.retrieve.x_retrieve__mutmut_56: survived
    rag.retrieve.x_retrieve__mutmut_57: survived
    rag.retrieve.x__gate__mutmut_1: survived
    rag.retrieve.x__gate__mutmut_6: survived
    rag.retrieve.x__gate__mutmut_7: survived
    rag.retrieve.x__gate__mutmut_8: survived
    rag.retrieve.x__gate__mutmut_9: survived
    rag.retrieve.x__gate__mutmut_10: survived
    rag.retrieve.x__gate__mutmut_13: survived
    rag.retrieve.x__gate__mutmut_21: survived
    rag.retrieve.x__gate__mutmut_22: survived
    rag.retrieve.x__gate__mutmut_43: survived
    rag.retrieve.x__retain_superseded_siblings__mutmut_1: survived
    rag.retrieve.x__retain_superseded_siblings__mutmut_2: survived
    rag.retrieve.x__retain_superseded_siblings__mutmut_6: survived
    rag.retrieve.x__retain_superseded_siblings__mutmut_7: survived
    rag.retrieve.x__retain_superseded_siblings__mutmut_8: survived
    rag.retrieve.x__retain_superseded_siblings__mutmut_9: survived
    rag.retrieve.x__retain_superseded_siblings__mutmut_10: survived
    rag.retrieve.x__retain_superseded_siblings__mutmut_14: survived
    rag.retrieve.x__retain_superseded_siblings__mutmut_15: survived
    rag.retrieve.x__retain_superseded_siblings__mutmut_16: survived
    rag.retrieve.x__retain_superseded_siblings__mutmut_17: survived
    rag.retrieve.x__retain_superseded_siblings__mutmut_18: survived
    rag.retrieve.x__retain_superseded_siblings__mutmut_20: survived
    rag.retrieve.x__retain_superseded_siblings__mutmut_23: survived
    rag.retrieve.x__retain_superseded_siblings__mutmut_24: survived
    rag.retrieve.x__retain_superseded_siblings__mutmut_25: survived
    rag.retrieve.x__retain_superseded_siblings__mutmut_26: survived
    rag.retrieve.x__retain_superseded_siblings__mutmut_27: survived
    rag.retrieve.x__retain_superseded_siblings__mutmut_31: survived
    rag.retrieve.x__retain_superseded_siblings__mutmut_32: survived
    rag.retrieve.x__retain_superseded_siblings__mutmut_36: survived
    rag.retrieve.x__retain_superseded_siblings__mutmut_37: survived
    rag.retrieve.x__retain_superseded_siblings__mutmut_38: survived
    rag.retrieve.x__retain_superseded_siblings__mutmut_39: survived
    rag.retrieve.x__retain_superseded_siblings__mutmut_40: survived
    rag.retrieve.x__retain_superseded_siblings__mutmut_41: survived
    rag.retrieve.x__retain_superseded_siblings__mutmut_42: survived
    rag.retrieve.x__retain_superseded_siblings__mutmut_43: survived
    rag.retrieve.x__retain_superseded_siblings__mutmut_44: survived
    rag.retrieve.x__retain_superseded_siblings__mutmut_46: survived
    rag.retrieve.x__retain_superseded_siblings__mutmut_49: survived
    rag.retrieve.x__retain_superseded_siblings__mutmut_50: survived
    rag.retrieve.x__retain_superseded_siblings__mutmut_51: survived
    rag.retrieve.x__retain_superseded_siblings__mutmut_52: survived
    rag.retrieve.x__retain_superseded_siblings__mutmut_53: survived
    rag.retrieve.x__retain_superseded_siblings__mutmut_54: survived
    rag.retrieve.x__retain_superseded_siblings__mutmut_55: survived
    rag.retrieve.x__retain_superseded_siblings__mutmut_56: survived
    rag.retrieve.x__retain_superseded_siblings__mutmut_57: survived
    rag.retrieve.x__retain_superseded_siblings__mutmut_58: survived
    rag.retrieve.x__retain_superseded_siblings__mutmut_59: survived
    rag.retrieve.x__retain_superseded_siblings__mutmut_60: survived
    rag.retrieve.x__retrieve__mutmut_4: survived
    rag.retrieve.x__retrieve__mutmut_5: survived
    rag.retrieve.x__retrieve__mutmut_6: survived
    rag.retrieve.x__retrieve__mutmut_7: survived
    rag.retrieve.x__retrieve__mutmut_9: survived
    rag.retrieve.x__retrieve__mutmut_10: survived
    rag.retrieve.x__retrieve__mutmut_11: survived
    rag.retrieve.x__retrieve__mutmut_12: survived
    rag.retrieve.x__retrieve__mutmut_14: survived
    rag.retrieve.x__retrieve__mutmut_17: survived
    rag.retrieve.x__retrieve__mutmut_18: survived
    rag.retrieve.x__retrieve__mutmut_19: survived
    rag.retrieve.x__retrieve__mutmut_22: survived
    rag.retrieve.x__retrieve__mutmut_23: survived
    rag.retrieve.x__retrieve__mutmut_24: survived
    rag.retrieve.x__retrieve__mutmut_28: survived
    rag.retrieve.x__retrieve__mutmut_31: survived
    rag.retrieve.x__retrieve__mutmut_32: survived
    rag.retrieve.x__retrieve__mutmut_33: survived
    rag.retrieve.x__retrieve__mutmut_34: survived
    rag.retrieve.x__retrieve__mutmut_36: survived
    rag.retrieve.x__retrieve__mutmut_37: survived
    rag.retrieve.x__retrieve__mutmut_38: survived
    rag.retrieve.x__retrieve__mutmut_39: survived
    rag.retrieve.x__retrieve__mutmut_40: survived
    rag.retrieve.x__retrieve__mutmut_44: survived
    rag.retrieve.x__retrieve__mutmut_47: survived
    rag.retrieve.x__retrieve__mutmut_48: survived
    rag.retrieve.x__retrieve__mutmut_49: survived
    rag.retrieve.x__retrieve__mutmut_50: survived
    rag.retrieve.x__retrieve__mutmut_54: survived
    rag.retrieve.x__retrieve__mutmut_69: survived
    rag.retrieve.x__retrieve__mutmut_70: survived
    rag.retrieve.x__retrieve__mutmut_72: survived
    rag.retrieve.x__retrieve__mutmut_73: survived
    rag.retrieve.x__retrieve__mutmut_74: survived
    rag.retrieve.x__retrieve__mutmut_75: survived
    rag.retrieve.x__retrieve__mutmut_84: survived
    rag.retrieve.x__retrieve__mutmut_85: survived
    rag.retrieve.x__retrieve__mutmut_86: survived
    rag.retrieve.x__retrieve__mutmut_87: survived
    rag.retrieve.x__retrieve__mutmut_88: survived
    rag.retrieve.x__retrieve__mutmut_89: survived
    rag.retrieve.x__retrieve__mutmut_96: survived
    rag.retrieve.x__retrieve__mutmut_97: survived
    rag.retrieve.x__retrieve__mutmut_100: survived
    rag.retrieve.x__retrieve__mutmut_103: survived
    rag.retrieve.x__retrieve__mutmut_104: survived
    rag.retrieve.x__retrieve__mutmut_109: survived
    rag.retrieve.x__retrieve__mutmut_113: survived
    rag.retrieve.x__retrieve__mutmut_119: survived
    rag.retrieve.x__retrieve__mutmut_120: survived
    rag.retrieve.x__retrieve__mutmut_126: survived
    rag.retrieve.x__retrieve__mutmut_127: survived
    rag.retrieve.x__retrieve__mutmut_128: survived
    rag.retrieve.x__retrieve__mutmut_143: survived
    rag.retrieve.x__retrieve__mutmut_147: survived
    rag.retrieve.x__retrieve__mutmut_153: survived
    rag.retrieve.x__retrieve__mutmut_162: survived
    rag.retrieve.x__retrieve__mutmut_164: survived
    rag.retrieve.x__retrieve__mutmut_165: survived
    rag.retrieve.x__retrieve__mutmut_172: survived
    rag.retrieve.x__retrieve__mutmut_176: survived
    rag.retrieve.x__retrieve__mutmut_182: survived
    rag.retrieve.x__retrieve__mutmut_183: survived
    rag.retrieve.x__retrieve__mutmut_189: survived
    rag.retrieve.x__retrieve__mutmut_190: survived
    rag.retrieve.x__retrieve__mutmut_191: survived
    rag.retrieve.x__retrieve__mutmut_207: survived
    rag.retrieve.x__retrieve__mutmut_208: survived
    rag.retrieve.x__retrieve__mutmut_214: survived
    rag.retrieve.x__retrieve__mutmut_215: survived
    rag.retrieve.x__retrieve__mutmut_217: survived
    rag.retrieve.x__retrieve__mutmut_222: survived
    rag.retrieve.x__retrieve__mutmut_223: survived
    rag.retrieve.x__retrieve__mutmut_224: survived
    rag.retrieve.x__retrieve__mutmut_225: survived
    rag.retrieve.x__retrieve__mutmut_226: survived
    rag.retrieve.x__retrieve__mutmut_228: survived
    rag.retrieve.x__retrieve__mutmut_229: survived
    rag.retrieve.x__retrieve__mutmut_230: survived
    rag.retrieve.x__retrieve__mutmut_240: survived
    rag.retrieve.x__retrieve__mutmut_241: survived
    rag.retrieve.x__retrieve__mutmut_242: survived
    rag.retrieve.x__retrieve__mutmut_245: survived
    rag.retrieve.x__retrieve__mutmut_247: survived
    rag.retrieve.x__retrieve__mutmut_250: survived
    rag.retrieve.x__retrieve__mutmut_251: survived
    rag.retrieve.x__retrieve__mutmut_252: survived
    rag.retrieve.x__retrieve__mutmut_253: survived
    rag.retrieve.x__retrieve__mutmut_254: survived
    rag.retrieve.x__retrieve__mutmut_255: survived
    rag.retrieve.x__retrieve__mutmut_256: survived
    rag.retrieve.x__retrieve__mutmut_266: survived
    rag.retrieve.x__retrieve__mutmut_271: survived
    rag.retrieve.x__retrieve__mutmut_272: survived
    rag.retrieve.x__retrieve__mutmut_273: survived
    rag.retrieve.x__retrieve__mutmut_278: survived
    rag.retrieve.x__retrieve__mutmut_282: survived
    rag.retrieve.x__retrieve__mutmut_287: survived
    rag.retrieve.x__retrieve__mutmut_288: survived
    rag.retrieve.x__retrieve__mutmut_293: survived
    rag.retrieve.x__retrieve__mutmut_294: survived
    rag.retrieve.x__retrieve__mutmut_295: survived
    rag.retrieve.x__retrieve__mutmut_297: survived
    rag.retrieve.x__retrieve__mutmut_302: survived
    rag.retrieve.x__retrieve__mutmut_306: survived
    rag.retrieve.x__retrieve__mutmut_311: survived
    rag.retrieve.x__retrieve__mutmut_312: survived
    rag.retrieve.x__retrieve__mutmut_317: survived
    rag.retrieve.x__retrieve__mutmut_318: survived
    rag.retrieve.x__retrieve__mutmut_319: survived
    rag.retrieve.x__stored_tau_key__mutmut_1: survived
    rag.retrieve.x__stored_tau_key__mutmut_2: survived
    rag.retrieve.x__stored_tau_key__mutmut_3: survived
    rag.retrieve.x__stored_tau_key__mutmut_4: survived
    rag.retrieve.x__stored_tau_key__mutmut_5: survived
    rag.retrieve.x__stored_tau_key__mutmut_6: survived
    rag.retrieve.x__stored_tau_key__mutmut_7: survived
    rag.retrieve.x__stored_tau_key__mutmut_8: survived
    rag.retrieve.x__stored_tau_key__mutmut_9: survived
    rag.retrieve.x__stored_tau_key__mutmut_11: survived
    rag.retrieve.x__stored_tau_key__mutmut_14: survived
    rag.retrieve.x__stored_tau_key__mutmut_15: survived
    rag.retrieve.x__stored_tau_key__mutmut_16: survived
    rag.retrieve.x__stored_tau_key__mutmut_17: survived
    rag.retrieve.x__stored_tau_key__mutmut_19: survived
    rag.retrieve.x__stored_tau_key__mutmut_22: survived
    rag.retrieve.x__stored_tau_key__mutmut_23: survived
    rag.retrieve.x__stored_tau_key__mutmut_24: survived
    rag.retrieve.x__in_band__mutmut_1: survived
    rag.retrieve.x__parent_scores_from_chunks__mutmut_14: survived
    rag.retrieve.x__parent_scores_from_chunks__mutmut_19: survived
    rag.retrieve.x__parent_scores_from_chunks__mutmut_23: survived
    rag.retrieve.x__parent_scores_from_chunks__mutmut_25: survived
    rag.retrieve.x__parent_scores_from_chunks__mutmut_27: survived
    rag.retrieve.x__order_current_first__mutmut_1: survived
    rag.retrieve.x__order_current_first__mutmut_2: survived
    rag.retrieve.x__order_current_first__mutmut_3: survived
    rag.retrieve.x__order_current_first__mutmut_15: survived
    rag.retrieve.x__order_current_first__mutmut_17: survived
    rag.retrieve.x__order_current_first__mutmut_18: survived
    rag.retrieve.x__order_current_first__mutmut_24: survived
    rag.retrieve.x__order_current_first__mutmut_25: survived
    rag.retrieve.x__order_current_first__mutmut_26: survived
    rag.retrieve.x__order_current_first__mutmut_27: survived
    rag.retrieve.x__order_current_first__mutmut_28: survived
    rag.retrieve.x__order_current_first__mutmut_29: survived
    rag.retrieve.x__order_current_first__mutmut_30: survived
    rag.retrieve.x__order_current_first__mutmut_31: survived
    rag.retrieve.x__order_current_first__mutmut_32: survived
    rag.retrieve.x__order_current_first__mutmut_33: survived
    rag.retrieve.x__order_current_first__mutmut_34: survived
    rag.retrieve.x__order_current_first__mutmut_35: survived
    rag.retrieve.x__order_current_first__mutmut_36: survived
    rag.retrieve.x__order_current_first__mutmut_37: survived
    rag.retrieve.x__order_current_first__mutmut_38: survived
    rag.retrieve.x__order_current_first__mutmut_39: survived
    rag.retrieve.x__order_current_first__mutmut_45: survived
    rag.retrieve.x__order_current_first__mutmut_46: survived
    rag.retrieve.x__order_current_first__mutmut_47: survived
    rag.retrieve.x__order_current_first__mutmut_49: survived
    rag.retrieve.x__parent_order__mutmut_7: survived
    rag.retrieve.x__parent_order__mutmut_8: survived
    rag.retrieve.x__rank_scores__mutmut_2: survived
    rag.retrieve.x__rank_scores__mutmut_4: survived
    rag.retrieve.x__from_parent_ids__mutmut_1: survived
    rag.retrieve.x__from_parent_ids__mutmut_12: survived
    rag.retrieve.x__from_parent_ids__mutmut_19: survived
    rag.retrieve.x__from_parent_ids__mutmut_21: survived
    rag.retrieve.x__from_parent_ids__mutmut_26: survived
    rag.retrieve.x__best_child__mutmut_1: survived
    rag.retrieve.x__best_child__mutmut_2: survived
    rag.retrieve.x__best_child__mutmut_4: survived
    rag.retrieve.x__best_child__mutmut_5: survived
    rag.retrieve.x__best_child__mutmut_6: survived
    rag.retrieve.x__best_child__mutmut_7: survived
    rag.retrieve.x__best_child__mutmut_8: survived
    rag.retrieve.x__best_child__mutmut_11: survived
    rag.retrieve.x__best_child__mutmut_14: survived
    rag.retrieve.x__best_child__mutmut_18: survived
    rag.retrieve.x__emit__mutmut_1: survived
    rag.retrieve.x__emit__mutmut_7: survived
    rag.retrieve.x__emit__mutmut_11: survived
    rag.retrieve.x__emit__mutmut_12: survived
    rag.retrieve.x__emit__mutmut_13: survived
    rag.retrieve.x__emit__mutmut_14: survived
    rag.retrieve.x__emit__mutmut_15: survived
    rag.retrieve.x__emit__mutmut_16: survived
    rag.retrieve.x__emit__mutmut_18: survived
    rag.retrieve.x__emit__mutmut_22: survived
    rag.retrieve.x__emit__mutmut_26: survived
    rag.retrieve.x__emit__mutmut_28: survived
    rag.retrieve.x__emit__mutmut_29: survived
    rag.retrieve.x__emit__mutmut_31: survived
    rag.retrieve.x__emit__mutmut_32: survived
    rag.retrieve.x__emit__mutmut_33: survived
    rag.retrieve.x__emit__mutmut_34: survived
    rag.retrieve.x__emit__mutmut_35: survived
    rag.retrieve.x__emit__mutmut_36: survived
    rag.retrieve.x__emit__mutmut_37: survived
    rag.retrieve.x__emit__mutmut_38: survived
    rag.retrieve.x__emit__mutmut_39: survived
    rag.retrieve.x__emit__mutmut_52: survived
    rag.retrieve.x__emit__mutmut_53: survived
    rag.retrieve.x__emit__mutmut_54: survived
    rag.retrieve.x__emit__mutmut_55: survived
    rag.retrieve.x__emit__mutmut_56: survived
    rag.retrieve.x__emit__mutmut_57: survived
    rag.retrieve.x__emit__mutmut_58: survived
    rag.retrieve.x__emit__mutmut_59: survived
    rag.retrieve.x__emit__mutmut_62: survived
    rag.retrieve.x__emit__mutmut_63: survived
    rag.retrieve.x__emit__mutmut_64: survived
    rag.retrieve.x__emit__mutmut_65: survived
    rag.retrieve.x__emit__mutmut_66: survived
    rag.retrieve.x__emit__mutmut_71: survived
    rag.retrieve.x__emit__mutmut_76: survived
    rag.retrieve.x__emit__mutmut_82: survived
    rag.retrieve.x__emit__mutmut_84: survived
    rag.retrieve.x__emit__mutmut_85: survived
    rag.retrieve.x__emit__mutmut_86: survived
    rag.retrieve.x__emit__mutmut_87: survived
    rag.retrieve.x__emit__mutmut_88: survived
    rag.retrieve.x__emit__mutmut_94: survived
    rag.retrieve.x__emit__mutmut_96: survived
    rag.retrieve.x__emit__mutmut_97: survived
    rag.retrieve.x__emit__mutmut_98: survived
    rag.retrieve.x__emit__mutmut_99: survived
    rag.retrieve.x__emit__mutmut_100: survived
    rag.retrieve.x__emit__mutmut_102: survived
    rag.retrieve.x__emit__mutmut_103: survived
    rag.retrieve.x__emit__mutmut_104: survived
    rag.retrieve.x__emit__mutmut_105: survived
    rag.retrieve.x__emit__mutmut_106: survived
    rag.retrieve.x__emit__mutmut_107: survived
    rag.retrieve.x__emit__mutmut_108: survived
    rag.retrieve.x__emit__mutmut_109: survived
    rag.retrieve.x__emit__mutmut_110: survived
    rag.retrieve.x__emit__mutmut_112: survived
    rag.retrieve.x__emit__mutmut_113: survived
    rag.retrieve.x__emit__mutmut_114: survived
    rag.retrieve.x__emit__mutmut_115: survived
    rag.retrieve.x__emit__mutmut_116: survived
    rag.retrieve.x__emit__mutmut_117: survived
    rag.retrieve.x__emit__mutmut_118: survived
    rag.retrieve.x__emit__mutmut_119: survived
    rag.retrieve.x__emit__mutmut_120: survived
    rag.retrieve.x__emit__mutmut_121: survived
    rag.retrieve.x__emit__mutmut_122: survived
    rag.retrieve.x__emit__mutmut_123: survived
    rag.retrieve.x__emit__mutmut_124: survived
    rag.retrieve.x__emit__mutmut_125: survived
    rag.retrieve.x__emit__mutmut_126: survived
    rag.retrieve.x__emit__mutmut_127: survived
    rag.retrieve.x__emit__mutmut_128: survived
EXIT:0
