==== normal ====
Q: What were India baseline total emissions in tCO2e for FY24?
event: meta
data: {"hits": [{"parent_id": "c922ac3d1a0ac6f4", "text": "| Baseline Year: 2023–2024 (India operations) | | | |\n| Additional details relating to the baseline emissions calculations | | | |\nThe baseline emission calculations were done for our operations in India which is the most\nsignificant part of the business. We have already taken significant initiatives to reduce the carbon\nfootprint and continue the process. | | | | |\n| Baseline year emissions – Total (tCO e) – FY24\n2 | | | |\nEMISSIONS | | | India | |\nScope 1 | | | 413 | |\nScope 2 | | | 8,688 | |\nScope 3 | | | 5,543 | |\n| Total emissions | | | 14,644 |", "heading": "", "source": "Carbon_Reduction_Plan.pdf", "title": "Carbon Reduction Plan", "cite": 1, "page_start": 1, "page_end": 1, "norm_start": 823, "norm_end": 1379, "score": 0.03278688524590164, "confident": false, "derived": false, "ocr": false, "superseded": false, "status": "current", "version_group": null, "superseded_by": null, "supersedes": null, "review_date": null}, {"parent_id": "3f048d8cc097ce1f", "text": "Baseline Year: 2023–2024 (UK operations) | | | | |\nAdditional details relating to the baseline emissions calculations | | | | |\nCoforge is committed to demonstrate strong green credentials and achieve net zero emissions in\nyears to come. In comparison to India operations, international business operations are smaller, and\nheadcount is significantly lower.\nTo support our carbon footprint management journey, we have partnered wit
---
event: meta
data: {"hits": [{"parent_id": "c922ac3d1a0ac6f4", "text": "| Baseline Year: 2023–2024 (India operations) | | | |\n| Additional details relating to the baseline emissions calculations | | | |\nThe baseline emission calculations were done for our operations in India which is the most\nsignificant part of the business. We have already taken significant initiatives to reduce the carbon\nfootprint and continue the process. | | | | |\n| Baseline year emissions – Total (tCO e) – FY24\n2 | | | |\nEMISSIONS | | | India | |\nScope 1 | | | 413 | |\nScope 2 | | | 8,688 | |\nScope 3 | | | 5,543 | |\n| Total emissions | | | 14,644 |", "heading": "", "source": "Carbon_Reduction_Plan.pdf", "title": "Carbon Reduction Plan", "cite": 1, "page_start": 1, "page_end": 1, "norm_start": 823, "norm_end": 1379, "score": 0.03278688524590164, "confident": false, "derived": false, "ocr": false, "superseded": false, "status": "current", "version_group": null, "superseded_by": null, "supersedes": null, "review_date": null}, {"parent_id": "3f048d8cc097ce1f", "text": "Baseline Year: 2023–2024 (UK operations) | | | | |\nAdditional details relating to the baseline emissions calculations | | | | |\nCoforge is committed to demonstrate strong green credentials and achieve net zero emissions in\nyears to come. In comparison to India operations, international business operations are smaller, and\nheadcount is significantly lower.\nTo support our carbon footprint management journey, we have partnered wit
---
event: done
data: {"first_token_ms": 1705, "answer": "The documents do not say.", "request_id": "01a0cc0d-a6d6-7db0-8ae9-edb8c1977464", "trace_id": "01a0cc0d-a6d6-7db0-8ae9-edb8c1977464", "verification": {"state": "withheld", "reason": "missing_citation", "unsupported": []}}
---
ANSWER: The documents do not say.

==== carbon ====
Q: By when does Coforge commit to becoming carbon neutral in its operations?
event: meta
data: {"hits": [{"parent_id": "491905e6def27101", "text": "Carbon Reduction Initiatives\nIn alignment with our goal to be “net-zero by 2040”, we have undertaken the following initiatives and\nare actively integrating carbon reduction plans in our global operations:\n1. Coforge has obtained certain global certifications that allow us to reduce our overall carbon\nemissions across our operations:\n• Environment, Health, and Safety Management System has been implemented in\nconformance to ISO 14001:2015 and ISO 45001:2018 standards.\n• Coforge owns USGBC (US Green Building Council)-rated Platinum green campuses.\n2. We are committed to the utilization of clean fuel and a transition to renewable energy in our\noperations. This covers a wide variety of our operations, including transportation, cafeteria\noperations and electricity consumption.\n• 100% conversion of company cabs and buses to Compressed Natural Gas (CNG).\n• Introduce electric vehicle fleets (for employees’ transport system) and target 10%\nintegration by 2028 and ~50% by 2032.\n• 100% utilization of Piped Natural Gas (PNG) in cafeteria operations.\n• Procure 10% green energy, contributing to total energy consumption by 2025 and\nachieve ~ 50% by 2030.\n• Support transition to 100% renewable energy by 2040 by committing to the RE100\nglobal initiative. Through this, we pledge to have 100% of our electricity sourced from\nrenewable sources.", "heading": "Carbon Reduction Initiatives", "source": "Carbon_Re
---
event: meta
data: {"hits": [{"parent_id": "491905e6def27101", "text": "Carbon Reduction Initiatives\nIn alignment with our goal to be “net-zero by 2040”, we have undertaken the following initiatives and\nare actively integrating carbon reduction plans in our global operations:\n1. Coforge has obtained certain global certifications that allow us to reduce our overall carbon\nemissions across our operations:\n• Environment, Health, and Safety Management System has been implemented in\nconformance to ISO 14001:2015 and ISO 45001:2018 standards.\n• Coforge owns USGBC (US Green Building Council)-rated Platinum green campuses.\n2. We are committed to the utilization of clean fuel and a transition to renewable energy in our\noperations. This covers a wide variety of our operations, including transportation, cafeteria\noperations and electricity consumption.\n• 100% conversion of company cabs and buses to Compressed Natural Gas (CNG).\n• Introduce electric vehicle fleets (for employees’ transport system) and target 10%\nintegration by 2028 and ~50% by 2032.\n• 100% utilization of Piped Natural Gas (PNG) in cafeteria operations.\n• Procure 10% green energy, contributing to total energy consumption by 2025 and\nachieve ~ 50% by 2030.\n• Support transition to 100% renewable energy by 2040 by committing to the RE100\nglobal initiative. Through this, we pledge to have 100% of our electricity sourced from\nrenewable sources.", "heading": "Carbon Reduction Initiatives", "source": "Carbon_Re
---
event: done
data: {"first_token_ms": 963, "answer": "The documents do not say.", "request_id": "01a0cc0d-b0ab-736d-9c34-decc9cf064d9", "trace_id": "01a0cc0d-b0ab-736d-9c34-decc9cf064d9", "verification": {"state": "withheld", "reason": "missing_citation", "unsupported": []}}
---
ANSWER: The documents do not say.

==== signer ====
Q: Who signed the Carbon Reduction Plan?
event: meta
data: {"hits": [{"parent_id": "b2d973c362607cac", "text": "Declaration and Sign Off\nThis Carbon Reduction Plan has been completed in accordance with PPN 06/21 and associated\nguidance and reporting standard for Carbon Reduction Plans. Emissions have been reported and\nrecorded in accordance with the published reporting standard for Carbon Reduction Plans and the\nGHG Reporting Protocol corporate standard and uses the appropriate Government emission\nconversion factors for greenhouse gas company reporting.\nScope 1 and Scope 2 emissions have been reported in accordance with SECR requirements, and the\nrequired subset of Scope 3 emissions have been reported in accordance with the published reporting\nstandard for Carbon Reduction Plans and the Corporate Value Chain (Scope 3) Standard.\nThis Carbon Reduction Plan has been reviewed and signed off by the board of directors (or equivalent\nmanagement body).\nSigned on behalf of the Supplier:", "heading": "Declaration and Sign Off", "source": "Carbon_Reduction_Plan.pdf", "title": "Carbon Reduction Plan", "cite": 1, "page_start": 3, "page_end": 3, "norm_start": 7970, "norm_end": 8850, "score": 0.03278688524590164, "confident": false, "derived": false, "ocr": false, "superseded": false, "status": "current", "version_group": null, "superseded_by": null, "supersedes": null, "review_date": null}, {"parent_id": "da3e90b6a7f54e71", "text": "Carbon Reduction Plan\nSupplier name: Coforge Limited & All International Locations (in
---
event: meta
data: {"hits": [{"parent_id": "b2d973c362607cac", "text": "Declaration and Sign Off\nThis Carbon Reduction Plan has been completed in accordance with PPN 06/21 and associated\nguidance and reporting standard for Carbon Reduction Plans. Emissions have been reported and\nrecorded in accordance with the published reporting standard for Carbon Reduction Plans and the\nGHG Reporting Protocol corporate standard and uses the appropriate Government emission\nconversion factors for greenhouse gas company reporting.\nScope 1 and Scope 2 emissions have been reported in accordance with SECR requirements, and the\nrequired subset of Scope 3 emissions have been reported in accordance with the published reporting\nstandard for Carbon Reduction Plans and the Corporate Value Chain (Scope 3) Standard.\nThis Carbon Reduction Plan has been reviewed and signed off by the board of directors (or equivalent\nmanagement body).\nSigned on behalf of the Supplier:", "heading": "Declaration and Sign Off", "source": "Carbon_Reduction_Plan.pdf", "title": "Carbon Reduction Plan", "cite": 1, "page_start": 3, "page_end": 3, "norm_start": 7970, "norm_end": 8850, "score": 0.03278688524590164, "confident": false, "derived": false, "ocr": false, "superseded": false, "status": "current", "version_group": null, "superseded_by": null, "supersedes": null, "review_date": null}, {"parent_id": "da3e90b6a7f54e71", "text": "Carbon Reduction Plan\nSupplier name: Coforge Limited & All International Locations (in
---
event: done
data: {"first_token_ms": 1063, "answer": "The documents do not say.", "request_id": "01a0cc0d-b6d7-7a86-b60e-3bf72f96178f", "trace_id": "01a0cc0d-b6d7-7a86-b60e-3bf72f96178f", "verification": {"state": "withheld", "reason": "missing_citation", "unsupported": []}}
---
ANSWER: The documents do not say.

==== unanswerable ====
Q: What is John Speight's annual salary?
event: meta
data: {"hits": [{"parent_id": "cf55ade419d17bd6", "text": "John Speight\nPresident, Executive Director", "heading": "John Speight", "source": "Environmental_Sustainability_Policy_2026.pdf", "title": "Sustainability Policy", "cite": 1, "page_start": 6, "page_end": 6, "norm_start": 12601, "norm_end": 12643, "score": 0.03252247488101534, "confident": false, "derived": false, "ocr": false, "superseded": false, "status": "current", "version_group": "vg_environmentalsustainabil_environmentalsustainabil", "superseded_by": null, "supersedes": "Environmental_Sustainability_Policy_2025.pdf", "review_date": "2026-03-10"}, {"parent_id": "9a0a7f53e50f45c3", "text": "John Speight\nPresident, Executive Director", "heading": "John Speight", "source": "Water_Management_Policy.pdf", "title": "Water Management", "cite": 2, "page_start": 7, "page_end": 7, "norm_start": 17816, "norm_end": 17858, "score": 0.031746031746031744, "confident": false, "derived": false, "ocr": false, "superseded": false, "status": "current", "version_group": null, "superseded_by": null, "supersedes": null, "review_date": "2026-08-10"}, {"parent_id": "c80835524f7e97a0", "text": "John Speight\nPresident and Head of Europe (EVP)", "heading": "John Speight", "source": "Carbon_Reduction_Plan.pdf", "title": "Carbon Reduction Plan", "cite": 3, "page_start": 3, "page_end": 3, "norm_start": 8851, "norm_end": 8898, "score": 0.03125, "confident": false, "derived": false, "ocr": false, "superseded": false, "status": "cu
---
event: done
data: {"first_token_ms": 685, "answer": "The documents do not say.", "request_id": "01a0cc0d-bd8d-7ece-9c3e-b3c08b40b1e4", "trace_id": "01a0cc0d-bd8d-7ece-9c3e-b3c08b40b1e4", "verification": {"state": "withheld", "reason": "declined", "groundedness": null, "citation_precision": null, "citation_recall": null, "coverage": 1.0, "conflict": null}, "conflict": null}
---
ANSWER: The documents do not say.

==== table ====
Q: What was the UK baseline total emissions in tCO2e for FY24?
event: meta
data: {"hits": [{"parent_id": "3f048d8cc097ce1f", "text": "Baseline Year: 2023–2024 (UK operations) | | | | |\nAdditional details relating to the baseline emissions calculations | | | | |\nCoforge is committed to demonstrate strong green credentials and achieve net zero emissions in\nyears to come. In comparison to India operations, international business operations are smaller, and\nheadcount is significantly lower.\nTo support our carbon footprint management journey, we have partnered with \"Carbon Footprint\"\nwho have comprehensive experience in this area. From 2022, all international business operations\n(outside India) are included in carbon emissions assessment calculations. The baseline assessment\nundertaken follows the principles outlined by the Greenhouse Gas Protocol and the UK\nGovernment's Guidelines on Greenhouse Gas reporting. | | | | |\nBaseline year emissions: FY24 Total (tCO2e) | | | | |\nEMISSIONS | | | UK | |\nScope 1 | | | 0* | |\nScope 2 | | | 22.38 | |\nScope 3 | | | 892.00 | |\n| Total emissions | | | 914.38 |", "heading": "", "source": "Carbon_Reduction_Plan.pdf", "title": "Carbon Reduction Plan", "cite": 1, "page_start": 1, "page_end": 1, "norm_start": 1418, "norm_end": 2392, "score": 0.03278688524590164, "confident": false, "derived": false, "ocr": false, "superseded": false, "status": "current", "version_group": null, "superseded_by": null, "supersedes": null, "review_date": null}, {"parent_id": "c922ac3d1a0ac6f4", "text": "| Baseline 
---
event: meta
data: {"hits": [{"parent_id": "3f048d8cc097ce1f", "text": "Baseline Year: 2023–2024 (UK operations) | | | | |\nAdditional details relating to the baseline emissions calculations | | | | |\nCoforge is committed to demonstrate strong green credentials and achieve net zero emissions in\nyears to come. In comparison to India operations, international business operations are smaller, and\nheadcount is significantly lower.\nTo support our carbon footprint management journey, we have partnered with \"Carbon Footprint\"\nwho have comprehensive experience in this area. From 2022, all international business operations\n(outside India) are included in carbon emissions assessment calculations. The baseline assessment\nundertaken follows the principles outlined by the Greenhouse Gas Protocol and the UK\nGovernment's Guidelines on Greenhouse Gas reporting. | | | | |\nBaseline year emissions: FY24 Total (tCO2e) | | | | |\nEMISSIONS | | | UK | |\nScope 1 | | | 0* | |\nScope 2 | | | 22.38 | |\nScope 3 | | | 892.00 | |\n| Total emissions | | | 914.38 |", "heading": "", "source": "Carbon_Reduction_Plan.pdf", "title": "Carbon Reduction Plan", "cite": 1, "page_start": 1, "page_end": 1, "norm_start": 1418, "norm_end": 2392, "score": 0.03278688524590164, "confident": false, "derived": false, "ocr": false, "superseded": false, "status": "current", "version_group": null, "superseded_by": null, "supersedes": null, "review_date": null}, {"parent_id": "c922ac3d1a0ac6f4", "text": "| Baseline 
---
event: done
data: {"first_token_ms": 884, "answer": "The documents do not say.", "request_id": "01a0cc0d-c182-7d56-9e7d-957bb1660bc0", "trace_id": "01a0cc0d-c182-7d56-9e7d-957bb1660bc0", "verification": {"state": "withheld", "reason": "missing_citation", "unsupported": []}}
---
ANSWER: The documents do not say.

EXIT:0
