--- ingest path fields ---
POST /api/ingest 401 {"detail":"missing bearer token"}
  headers {}
POST /api/ingest 401 {"detail":"missing bearer token"}
  headers {}
POST /api/ingest 401 {"detail":"missing bearer token"}
  headers {}
--- tokens ---
POST /api/ingest 401 {"detail":"missing bearer token"}
  headers {}
POST /api/ingest 401 {"detail":"missing bearer token"}
  headers {}
POST /api/eval 401 {"detail":"missing bearer token"}
  headers {}
POST /api/eval 401 {"detail":"missing bearer token"}
  headers {}
--- cors ---
OPTIONS /api/query 400 Disallowed CORS origin
  headers {'access-control-allow-methods': 'GET, POST, OPTIONS', 'access-control-max-age': '600', 'access-control-allow-headers': 'Accept, Accept-Language, Authorization, Content-Language, Content-Type, X-Request-ID, X-Trace-ID'}
OPTIONS /api/query 200 OK
  headers {'access-control-allow-methods': 'GET, POST, OPTIONS', 'access-control-max-age': '600', 'access-control-allow-headers': 'Accept, Accept-Language, Authorization, Content-Language, Content-Type, X-Request-ID, X-Trace-ID', 'access-control-allow-origin': 'http://localhost:5173'}
--- 413 ---
POST /api/query 413 {"detail":"query too large"}
  headers {}
DONE
EXIT:0
