bm25 all n=122 recall=0.918 mrr=0.740
bm25 holdout n=74 recall=0.946 mrr=0.787 hist={1: 49, 3: 4, 2: 14, 'miss': 3, 4: 3, 7: 1}
lex-016 rank 3 What is John Speight's title on the Carbon Reduction Plan? | John Speight President, Executive Director
lex-018 rank 2 Which GHG protocol does the carbon plan cite for reporting? | Declaration and Sign Off This Carbon Reduction Plan has been completed
lex-019 rank 2 Which partner helps with carbon footprint management? | • Engage in community programs to generate renewable energy. 3. Coforg
lex-021 rank 3 What share of green energy does the carbon plan target by 2025? | Energy Optimization and Emission Management We, at Coforge, are commit
lex-024 rank miss What UK e-waste standard does Coforge adhere to? | Declaration and Sign Off This Carbon Reduction Plan has been completed
lex-030 rank 2 What year-on-year GHG reduction does the environmental policy se | Declaration and Sign Off This Carbon Reduction Plan has been completed
lex-044 rank 2 By when will water risk assessments cover owned facilities? | Water Risk Assessment Coforge recognizes that water-related risk, incl
lex-048 rank 4 Which ISO standard does the water policy align with? | Legal and Regulatory Compliance • Ensure 100% compliance with all appl
sem-003 rank 2 In the carbon plan, when should electric vehicles reach about ha | Energy Optimization and Emission Management We, at Coforge, are commit
sem-004 rank 2 When does the carbon plan want a tenth of the employee transport | Energy Optimization and Emission Management We, at Coforge, are commit
sem-007 rank 2 How many mandatory sustainability trainings does the carbon plan | Carbon Reduction Plan Supplier name: Coforge Limited & All Internation
sem-009 rank 7 What carbon neutrality timing does the environmental policy stat | Contents Scope .......................................................
sem-013 rank miss What water ambition does the environmental policy set for 2040? | Objectives and Targets In line with this Policy, Coforge reaffirms its
sem-014 rank 2 When does the environmental policy want full renewable electrici | Carbon Reduction Initiatives In alignment with our goal to be “net-zer
sem-018 rank 2 Which committee reviews the environmental policy commitments? | | Role | | | Key Responsibilities | Board of Directors | | | Provides 
sem-020 rank 2 How does the water policy define being water positive? | Water Management Coforge has committed to being “Water Positive by 204
sem-033 rank 2 What intensity metric will freshwater reduction track? | Responsible Water Use and Conservation • Drive responsible management 
multi-001 rank 3 How do the carbon plan's India baseline total and UK baseline to | | Reporting Year: 1 April 2024 – 31 March 2025 | | | | | | | Current y
multi-002 rank 2 Does the carbon plan's net-zero year match the environmental pol | Baseline Year: 2023–2024 (UK operations) | | | | | Additional details 
multi-005 rank 4 What non-potable water target appears in the environmental polic | | Focus Area | | | Commitment / Target | | | Target Year | Overarching
multi-007 rank 2 What FY25 India total emissions figure sits above the FY24 India | | Baseline Year: 2023–2024 (India operations) | | | | | Additional det
adv-002 rank 4 What were India baseline total emissions, not the UK figure? | | Reporting Year: 1 April 2024 – 31 March 2025 | | | | | | | Current y
adv-009 rank 3 What UK FY25 total should be cited, not the FY24 UK baseline of  | Baseline Year: 2023–2024 (UK operations) | | | | | Additional details 
adv-014 rank 2 What water-positive definition appears in the water policy, not  | Commitment to Achieving Net Zero Coforge Limited and other Global Busi
conflict-008 rank miss What copyright year appears in the Environmental Sustainability  | Baseline Year: 2023–2024 (UK operations) | | | | | Additional details 
