bm25 all n=122 recall=0.926 mrr=0.743
bm25 holdout n=74 recall=0.959 mrr=0.772 hist={1: 48, 2: 11, 3: 8, 'miss': 3, 4: 3, 5: 1}
lex-011 rank 2 | Current year emissions: FY25 *There is no Scope 1 
lex-016 rank 2 | Declaration and Sign Off This Carbon Reduction Pla
lex-018 rank 2 | Declaration and Sign Off This Carbon Reduction Pla
lex-021 rank 3 | Energy Optimization and Emission Management We, at
lex-030 rank 2 | Decarbonization Strategy Coforge plans to develop 
lex-044 rank 3 | Water Risk Assessment Coforge recognizes that wate
lex-048 rank 3 | Legal and Regulatory Compliance • Ensure 100% comp
sem-009 rank 2 | • Engage in community programs to generate renewab
sem-013 rank 3 | Objectives and Targets In line with this Policy, C
sem-016 rank 2 | Waste Management and Circularity Coforge has commi
sem-018 rank 2 | | Role | | | Key Responsibilities | Board of Direc
sem-020 rank miss | Objectives and Targets In line with this Policy, C
sem-030 rank 2 | Waste Management and Circularity Coforge has commi
sem-033 rank 3 | Responsible Water Use and Conservation • Drive res
multi-001 rank 4 | Carbon Reduction Plan Supplier name: Coforge Limit
multi-002 rank 2 | Baseline Year: 2023–2024 (UK operations) | | | | |
multi-005 rank 4 | | Focus Area | | | Commitment / Target | | | Targe
multi-007 rank 3 | | Baseline Year: 2023–2024 (India operations) | | 
multi-009 rank 2 | Alignment with Frameworks and Standards This Polic
multi-011 rank 2 | Energy Optimization and Emission Management We, at
adv-002 rank 5 | | Reporting Year: 1 April 2024 – 31 March 2025 | |
adv-009 rank 3 | Baseline Year: 2023–2024 (UK operations) | | | | |
adv-012 rank 3 | Carbon Reduction Initiatives In alignment with our
adv-014 rank miss | Objectives and Targets In line with this Policy, C
conflict-008 rank miss | Compliance Obligations All provisions of the Envir
