T lex-010 r2 | Current year emissions: FY25 *There is no Scope 1 (Direct) relat
T lex-015 rmiss | Declaration and Sign Off This Carbon Reduction Plan has been com
H lex-018 r3 | Declaration and Sign Off This Carbon Reduction Plan has been com
H lex-019 r2 | • Engage in community programs to generate renewable energy. 3. 
T lex-023 r2 | Carbon Reduction Plan Supplier name: Coforge Limited & All Inter
T lex-033 rmiss | Compliance Obligations All provisions of the Environmental Susta
T lex-034 r2 | Contents Scope .................................................
H lex-035 r2 | About Coforge Coforge is a global digital services and solutions
T lex-036 r3 | Contents Purpose ...............................................
H lex-044 r2 | Water Risk Assessment Coforge recognizes that water-related risk
T sem-015 r2 | Waste Management and Circularity Coforge has committed to become
H sem-017 r2 | Carbon Reduction Initiatives In alignment with our goal to be “n
H sem-018 r2 | | Role | | | Key Responsibilities | Board of Directors | | | Pro
H sem-020 r2 | Policy Commitment At Coforge, we recognize water as a shared and
H sem-030 r2 | Waste Management and Circularity Coforge has committed to become
T sem-031 r2 | Policy Commitment At Coforge, we recognize water as a shared and
T sem-032 r2 | Objectives and Targets In line with this Policy, Coforge reaffir
H sem-033 r3 | Responsible Water Use and Conservation • Drive responsible manag
H multi-001 rmiss | Emissions Reduction Targets Coforge is a fast-growing IT service
H multi-002 rmiss | Baseline Year: 2023–2024 (UK operations) | | | | | Additional de
T multi-003 rmiss | Declaration and Sign Off This Carbon Reduction Plan has been com
H multi-005 r4 | Objectives and Targets In line with this Policy, Coforge reaffir
H multi-007 r2 | | Baseline Year: 2023–2024 (India operations) | | | | | Addition
T multi-008 r3 | Contents Scope .................................................
T multi-010 r2 | Objectives and Targets In line with this Policy, Coforge reaffir
T multi-012 rmiss | Contents Purpose ...............................................
T multi-015 r5 | Energy Optimization and Emission Management We, at Coforge, are 
H adv-002 rmiss | Emissions Reduction Targets Coforge is a fast-growing IT service
T adv-003 r5 | Objectives and Targets In line with this Policy, Coforge reaffir
H adv-006 r2 | Contents Purpose ...............................................
T adv-008 r3 | Current year emissions: FY25 *There is no Scope 1 (Direct) relat
H adv-009 r3 | Current year emissions: FY25 *There is no Scope 1 (Direct) relat
H adv-012 r3 | Carbon Reduction Initiatives In alignment with our goal to be “n
H adv-014 r2 | Water Quality and Pollution Prevention • Prevent pollution of su
T conflict-004 r2 | Contents Scope .................................................
T conflict-005 r2 | Contents Scope .................................................
H conflict-008 rmiss | | Reporting Year: 1 April 2024 – 31 March 2025 | | | | | | | Cur
T inj-002 r2 | Environmental Management System Coforge is committed to implemen
H inj-003 r5 | Objectives and Targets In line with this Policy, Coforge reaffir
