src/rag/models.py:123: error: Missing type arguments for generic type "dict"  [type-arg]
src/rag/onnx_backend.py:29: error: Function is missing a return type annotation  [no-untyped-def]
src/rag/onnx_backend.py:31: error: Skipping analyzing "onnxruntime": module is installed, but missing library stubs or py.typed marker  [import-untyped]
src/rag/ocr.py:21: error: Function is missing a type annotation for one or more parameters  [no-untyped-def]
src/rag/ocr.py:35: error: Function is missing a type annotation for one or more parameters  [no-untyped-def]
src/rag/ocr.py:39: error: Function is missing a type annotation for one or more parameters  [no-untyped-def]
src/rag/ocr.py:42: error: Call to untyped function "_default_ocr_engine" in typed context  [no-untyped-call]
src/rag/ocr.py:49: error: Function is missing a type annotation for one or more parameters  [no-untyped-def]
src/rag/ocr.py:52: error: Call to untyped function "_default_captioner" in typed context  [no-untyped-call]
src/rag/ocr.py:61: error: Function is missing a type annotation  [no-untyped-def]
src/rag/ocr.py:71: error: Function is missing a return type annotation  [no-untyped-def]
src/rag/ocr.py:73: error: Cannot find implementation or library stub for module named "rapidocr_onnxruntime"  [import-not-found]
src/rag/ocr.py:78: error: Function is missing a type annotation  [no-untyped-def]
src/rag/ocr.py:95: error: Function is missing a return type annotation  [no-untyped-def]
src/rag/ocr.py:95: note: Use "-> None" if function does not return a value
src/rag/layout.py:84: error: Function is missing a type annotation for one or more parameters  [no-untyped-def]
src/rag/layout.py:117: error: Function is missing a type annotation for one or more parameters  [no-untyped-def]
src/rag/layout.py:138: error: Function is missing a type annotation for one or more parameters  [no-untyped-def]
src/rag/layout.py:165: error: Function is missing a type annotation for one or more parameters  [no-untyped-def]
src/rag/chunk.py:21: error: Function is missing a type annotation for one or more parameters  [no-untyped-def]
src/rag/chunk.py:27: error: Call to untyped function "_pack_section" in typed context  [no-untyped-call]
src/rag/chunk.py:71: error: Function is missing a type annotation  [no-untyped-def]
src/rag/chunk.py:78: error: Call to untyped function "_make_parent" in typed context  [no-untyped-call]
src/rag/chunk.py:91: error: Call to untyped function "_windows" in typed context  [no-untyped-call]
src/rag/chunk.py:100: error: Call to untyped function "_parents_from_windows" in typed context  [no-untyped-call]
src/rag/chunk.py:114: error: Call to untyped function "_make_parent" in typed context  [no-untyped-call]
src/rag/chunk.py:126: error: Call to untyped function "_windows" in typed context  [no-untyped-call]
src/rag/chunk.py:135: error: Call to untyped function "_parents_from_windows" in typed context  [no-untyped-call]
src/rag/chunk.py:149: error: Function is missing a type annotation  [no-untyped-def]
src/rag/chunk.py:159: error: Call to untyped function "_make_parent" in typed context  [no-untyped-call]
src/rag/chunk.py:174: error: Function is missing a type annotation for one or more parameters  [no-untyped-def]
src/rag/chunk.py:185: error: Call to untyped function "_windows" in typed context  [no-untyped-call]
src/rag/chunk.py:197: error: Call to untyped function "_windows" in typed context  [no-untyped-call]
src/rag/chunk.py:218: error: Function is missing a type annotation for one or more parameters  [no-untyped-def]
src/rag/chunk.py:255: error: Function is missing a type annotation for one or more parameters  [no-untyped-def]
src/rag/chunk.py:276: error: Function is missing a type annotation for one or more parameters  [no-untyped-def]
src/rag/chunk.py:319: error: Function is missing a type annotation for one or more parameters  [no-untyped-def]
src/rag/chunk.py:358: error: Function is missing a type annotation for one or more parameters  [no-untyped-def]
src/rag/chunk.py:376: error: Function is missing a type annotation  [no-untyped-def]
src/rag/chunk.py:408: error: Function is missing a type annotation for one or more parameters  [no-untyped-def]
src/rag/chunk.py:414: error: Call to untyped function "_split_long" in typed context  [no-untyped-call]
src/rag/chunk.py:418: error: Function is missing a type annotation  [no-untyped-def]
src/rag/chunk.py:428: error: Call to untyped function "_word_spans" in typed context  [no-untyped-call]
src/rag/chunk.py:460: error: Function is missing a type annotation  [no-untyped-def]
src/rag/chunk.py:502: error: Function is missing a type annotation  [no-untyped-def]
src/rag/chunk.py:528: error: Call to untyped function "_retreat" in typed context  [no-untyped-call]
src/rag/chunk.py:537: error: Function is missing a type annotation  [no-untyped-def]
src/rag/html_parse.py:34: error: Function is missing a return type annotation  [no-untyped-def]
src/rag/html_parse.py:34: note: Use "-> None" if function does not return a value
src/rag/html_parse.py:46: error: Function is missing a type annotation  [no-untyped-def]
src/rag/html_parse.py:55: error: Call to untyped function "_flush_prose" in typed context  [no-untyped-call]
src/rag/html_parse.py:58: error: Call to untyped function "_flush_prose" in typed context  [no-untyped-call]
src/rag/html_parse.py:63: error: Call to untyped function "_flush_prose" in typed context  [no-untyped-call]
src/rag/html_parse.py:66: error: Call to untyped function "_flush_prose" in typed context  [no-untyped-call]
src/rag/html_parse.py:78: error: Function is missing a type annotation  [no-untyped-def]
src/rag/html_parse.py:125: error: Function is missing a type annotation  [no-untyped-def]
src/rag/html_parse.py:135: error: Function is missing a return type annotation  [no-untyped-def]
src/rag/html_parse.py:135: note: Use "-> None" if function does not return a value
src/rag/html_parse.py:136: error: Call to untyped function "_flush_prose" in typed context  [no-untyped-call]
src/rag/html_parse.py:139: error: Function is missing a return type annotation  [no-untyped-def]
src/rag/html_parse.py:139: note: Use "-> None" if function does not return a value
src/rag/queue.py:23: error: Function is missing a return type annotation  [no-untyped-def]
src/rag/queue.py:23: note: Use "-> None" if function does not return a value
src/rag/queue.py:29: error: Function is missing a return type annotation  [no-untyped-def]
src/rag/queue.py:29: note: Use "-> None" if function does not return a value
src/rag/queue.py:34: error: Function is missing a type annotation  [no-untyped-def]
src/rag/queue.py:35: error: Call to untyped function "acquire" in typed context  [no-untyped-call]
src/rag/queue.py:38: error: Function is missing a type annotation  [no-untyped-def]
src/rag/queue.py:39: error: Call to untyped function "release" in typed context  [no-untyped-call]
src/rag/health.py:21: error: Missing type arguments for generic type "dict"  [type-arg]
src/rag/cache.py:14: error: Missing type arguments for generic type "OrderedDict"  [type-arg]
src/rag/cache.py:20: error: Function is missing a return type annotation  [no-untyped-def]
src/rag/cache.py:23: error: Function is missing a type annotation  [no-untyped-def]
src/rag/cache.py:39: error: Function is missing a type annotation  [no-untyped-def]
src/rag/cache.py:46: error: Function is missing a return type annotation  [no-untyped-def]
src/rag/cache.py:46: note: Use "-> None" if function does not return a value
src/rag/telemetry.py:110: error: Function is missing a type annotation for one or more parameters  [no-untyped-def]
src/rag/telemetry.py:153: error: Function is missing a return type annotation  [no-untyped-def]
src/rag/telemetry.py:158: error: Function is missing a type annotation for one or more parameters  [no-untyped-def]
src/rag/telemetry.py:175: error: Unused "type: ignore" comment  [unused-ignore]
src/rag/telemetry.py:175: error: Returning Any from function declared to return "UUID"  [no-any-return]
src/rag/telemetry.py:175: note: Error code "no-any-return" not covered by "type: ignore[attr-defined]" comment
src/rag/telemetry.py:244: error: Function is missing a type annotation for one or more parameters  [no-untyped-def]
src/rag/telemetry.py:259: error: Function is missing a type annotation for one or more parameters  [no-untyped-def]
src/rag/telemetry.py:313: error: Function is missing a type annotation for one or more parameters  [no-untyped-def]
src/rag/telemetry.py:313: error: Missing type arguments for generic type "dict"  [type-arg]
src/rag/telemetry.py:331: error: Function is missing a type annotation for one or more parameters  [no-untyped-def]
src/rag/parse.py:148: error: Call to untyped function "HTMLText" in typed context  [no-untyped-call]
src/rag/parse.py:150: error: Call to untyped function "close" in typed context  [no-untyped-call]
src/rag/parse.py:198: error: Function is missing a type annotation for one or more parameters  [no-untyped-def]
src/rag/parse.py:218: error: Missing type arguments for generic type "list"  [type-arg]
src/rag/parse.py:279: error: Function is missing a return type annotation  [no-untyped-def]
src/rag/parse.py:280: error: Function is missing a type annotation  [no-untyped-def]
src/rag/parse.py:295: error: Function is missing a type annotation  [no-untyped-def]
src/rag/parse.py:298: error: Cannot find implementation or library stub for module named "docling"  [import-not-found]
src/rag/parse.py:305: error: Function is missing a type annotation for one or more parameters  [no-untyped-def]
src/rag/parse.py:305: error: Missing type arguments for generic type "list"  [type-arg]
src/rag/parse.py:363: error: Function is missing a type annotation for one or more parameters  [no-untyped-def]
src/rag/parse.py:383: error: Function is missing a type annotation for one or more parameters  [no-untyped-def]
src/rag/parse.py:394: error: Function is missing a type annotation for one or more parameters  [no-untyped-def]
src/rag/parse.py:405: error: Function is missing a type annotation for one or more parameters  [no-untyped-def]
src/rag/parse.py:417: error: Function is missing a type annotation for one or more parameters  [no-untyped-def]
src/rag/parse.py:419: error: Library stubs not installed for "lxml"  [import-untyped]
src/rag/parse.py:419: note: Hint: "python3 -m pip install lxml-stubs"
src/rag/parse.py:421: error: Need type annotation for "out" (hint: "out: list[<type>] = ...")  [var-annotated]
src/rag/parse.py:570: error: Missing type arguments for generic type "list"  [type-arg]
src/rag/rerank.py:36: error: Function is missing a type annotation for one or more parameters  [no-untyped-def]
src/rag/rerank.py:40: error: Function is missing a return type annotation  [no-untyped-def]
src/rag/rerank.py:45: error: Call to untyped function "load_reranker" in typed context  [no-untyped-call]
src/rag/rerank.py:51: error: Call to untyped function "_load" in typed context  [no-untyped-call]
src/rag/embed.py:21: error: Function is missing a type annotation  [no-untyped-def]
src/rag/embed.py:22: error: Missing type arguments for generic type "list"  [type-arg]
src/rag/embed.py:45: error: Function is missing a type annotation  [no-untyped-def]
src/rag/embed.py:48: error: Call to untyped function "load_embedder" in typed context  [no-untyped-call]
src/rag/embed.py:59: error: Missing type arguments for generic type "tuple"  [type-arg]
src/rag/embed.py:60: error: Call to untyped function "load_embedder" in typed context  [no-untyped-call]
src/rag/embed.py:81: error: Call to untyped function "load_embedder" in typed context  [no-untyped-call]
src/rag/embed.py:84: error: Function is missing a return type annotation  [no-untyped-def]
src/rag/embed.py:103: error: Function is missing a return type annotation  [no-untyped-def]
src/rag/evaluate.py:10: error: Library stubs not installed for "yaml"  [import-untyped]
src/rag/evaluate.py:10: note: Hint: "python3 -m pip install types-PyYAML"
src/rag/evaluate.py:10: note: (or run "mypy --install-types" to install all missing stub packages)
src/rag/evaluate.py:10: note: See https://mypy.readthedocs.io/en/stable/running_mypy.html#missing-imports
src/rag/evaluate.py:46: error: Function is missing a type annotation for one or more parameters  [no-untyped-def]
src/rag/evaluate.py:46: error: Missing type arguments for generic type "dict"  [type-arg]
src/rag/evaluate.py:55: error: Function is missing a type annotation for one or more parameters  [no-untyped-def]
src/rag/evaluate.py:55: error: Missing type arguments for generic type "dict"  [type-arg]
src/rag/evaluate.py:56: error: Returning Any from function declared to return "dict[Any, Any]"  [no-any-return]
src/rag/evaluate.py:59: error: Function is missing a type annotation for one or more parameters  [no-untyped-def]
src/rag/evaluate.py:59: error: Missing type arguments for generic type "dict"  [type-arg]
src/rag/evaluate.py:66: error: Missing type arguments for generic type "dict"  [type-arg]
src/rag/evaluate.py:83: error: Missing type arguments for generic type "dict"  [type-arg]
src/rag/evaluate.py:101: error: Missing type arguments for generic type "dict"  [type-arg]
src/rag/evaluate.py:106: error: Missing type arguments for generic type "dict"  [type-arg]
src/rag/evaluate.py:133: error: Missing type arguments for generic type "dict"  [type-arg]
src/rag/evaluate.py:143: error: Missing type arguments for generic type "dict"  [type-arg]
src/rag/evaluate.py:162: error: Missing type arguments for generic type "dict"  [type-arg]
src/rag/evaluate.py:172: error: Missing type arguments for generic type "dict"  [type-arg]
src/rag/evaluate.py:179: error: Missing type arguments for generic type "dict"  [type-arg]
src/rag/evaluate.py:200: error: Function is missing a type annotation for one or more parameters  [no-untyped-def]
src/rag/evaluate.py:211: error: Function is missing a type annotation for one or more parameters  [no-untyped-def]
src/rag/evaluate.py:238: error: Missing type arguments for generic type "dict"  [type-arg]
src/rag/evaluate.py:270: error: Function is missing a type annotation for one or more parameters  [no-untyped-def]
src/rag/evaluate.py:273: error: Missing type arguments for generic type "list"  [type-arg]
src/rag/evaluate.py:275: error: Function is missing a type annotation  [no-untyped-def]
src/rag/evaluate.py:284: error: Argument 1 to "append" of "list" has incompatible type "tuple[Any, Any, float]"; expected "tuple[str, float]"  [arg-type]
src/rag/evaluate.py:292: error: Call to untyped function "clocked" in typed context  [no-untyped-call]
src/rag/evaluate.py:303: error: Call to untyped function "clocked" in typed context  [no-untyped-call]
src/rag/evaluate.py:326: error: Need more than 2 values to unpack (3 expected)  [misc]
src/rag/evaluate.py:383: error: Need more than 2 values to unpack (3 expected)  [misc]
src/rag/evaluate.py:426: error: Missing type arguments for generic type "list"  [type-arg]
src/rag/evaluate.py:432: error: Returning Any from function declared to return "float | None"  [no-any-return]
src/rag/evaluate.py:435: error: Function is missing a type annotation for one or more parameters  [no-untyped-def]
src/rag/evaluate.py:479: error: Missing type arguments for generic type "dict"  [type-arg]
src/rag/evaluate.py:505: error: Missing type arguments for generic type "dict"  [type-arg]
src/rag/evaluate.py:509: error: Missing type arguments for generic type "dict"  [type-arg]
src/rag/evaluate.py:511: error: Missing type arguments for generic type "dict"  [type-arg]
src/rag/evaluate.py:512: error: Missing type arguments for generic type "dict"  [type-arg]
src/rag/calibrate.py:16: error: Function is missing a type annotation for one or more parameters  [no-untyped-def]
src/rag/calibrate.py:58: error: Returning Any from function declared to return "float | None"  [no-any-return]
src/rag/calibrate.py:62: error: Function is missing a type annotation for one or more parameters  [no-untyped-def]
src/rag/calibrate.py:62: error: Missing type arguments for generic type "dict"  [type-arg]
src/rag/calibrate.py:69: error: Need type annotation for "report"  [var-annotated]
src/rag/calibrate.py:98: error: Function is missing a type annotation for one or more parameters  [no-untyped-def]
src/rag/calibrate.py:98: error: Missing type arguments for generic type "dict"  [type-arg]
src/rag/generate.py:26: error: Returning Any from function declared to return "bool"  [no-any-return]
src/rag/generate.py:51: error: Function is missing a type annotation for one or more parameters  [no-untyped-def]
src/rag/generate.py:63: error: Function is missing a type annotation for one or more parameters  [no-untyped-def]
src/rag/generate.py:63: error: Missing type arguments for generic type "dict"  [type-arg]
src/rag/generate.py:76: error: Function is missing a return type annotation  [no-untyped-def]
src/rag/generate.py:76: error: Function is missing a type annotation for one or more parameters  [no-untyped-def]
src/rag/generate.py:85: error: Function is missing a return type annotation  [no-untyped-def]
src/rag/generate.py:85: error: Function is missing a type annotation for one or more parameters  [no-untyped-def]
src/rag/generate.py:100: error: Function is missing a type annotation for one or more parameters  [no-untyped-def]
src/rag/generate.py:103: error: Returning Any from function declared to return "str"  [no-any-return]
src/rag/versions.py:194: error: Function is missing a type annotation for one or more parameters  [no-untyped-def]
src/rag/versions.py:277: error: Function is missing a type annotation for one or more parameters  [no-untyped-def]
src/rag/versions.py:365: error: Function is missing a type annotation for one or more parameters  [no-untyped-def]
src/rag/versions.py:365: error: Missing type arguments for generic type "dict"  [type-arg]
src/rag/versions.py:413: error: Function is missing a type annotation for one or more parameters  [no-untyped-def]
src/rag/versions.py:591: error: Missing type arguments for generic type "list"  [type-arg]
src/rag/versions.py:621: error: Missing type arguments for generic type "list"  [type-arg]
src/rag/versions.py:625: error: Missing type arguments for generic type "list"  [type-arg]
src/rag/store.py:63: error: Function is missing a type annotation for one or more parameters  [no-untyped-def]
src/rag/store.py:74: error: Function is missing a return type annotation  [no-untyped-def]
src/rag/store.py:74: note: Use "-> None" if function does not return a value
src/rag/store.py:81: error: Call to untyped function "_schema" in typed context  [no-untyped-call]
src/rag/store.py:82: error: Call to untyped function "_migrate" in typed context  [no-untyped-call]
src/rag/store.py:83: error: Call to untyped function "_check_saved_identity" in typed context  [no-untyped-call]
src/rag/store.py:84: error: Call to untyped function "_load_matrix" in typed context  [no-untyped-call]
src/rag/store.py:86: error: Function is missing a return type annotation  [no-untyped-def]
src/rag/store.py:86: note: Use "-> None" if function does not return a value
src/rag/store.py:93: error: Function is missing a type annotation  [no-untyped-def]
src/rag/store.py:94: error: Call to untyped function "open" in typed context  [no-untyped-call]
src/rag/store.py:97: error: Function is missing a type annotation  [no-untyped-def]
src/rag/store.py:98: error: Call to untyped function "close" in typed context  [no-untyped-call]
src/rag/store.py:101: error: Function is missing a type annotation for one or more parameters  [no-untyped-def]
src/rag/store.py:102: error: Item "None" of "Connection | None" has no attribute "execute"  [union-attr]
src/rag/store.py:112: error: Function is missing a type annotation  [no-untyped-def]
src/rag/store.py:115: error: Item "None" of "Connection | None" has no attribute "execute"  [union-attr]
src/rag/store.py:121: error: Item "None" of "Connection | None" has no attribute "execute"  [union-attr]
src/rag/store.py:125: error: Item "None" of "Connection | None" has no attribute "commit"  [union-attr]
src/rag/store.py:127: error: Function is missing a type annotation  [no-untyped-def]
src/rag/store.py:128: error: Item "None" of "Connection | None" has no attribute "execute"  [union-attr]
src/rag/store.py:138: error: Function is missing a type annotation  [no-untyped-def]
src/rag/store.py:140: error: Item "None" of "Connection | None" has no attribute "execute"  [union-attr]
src/rag/store.py:148: error: Item "None" of "Connection | None" has no attribute "commit"  [union-attr]
src/rag/store.py:150: error: Function is missing a return type annotation  [no-untyped-def]
src/rag/store.py:151: error: Item "None" of "Connection | None" has no attribute "execute"  [union-attr]
src/rag/store.py:158: error: Function is missing a return type annotation  [no-untyped-def]
src/rag/store.py:159: error: Item "None" of "Connection | None" has no attribute "execute"  [union-attr]
src/rag/store.py:169: error: Item "None" of "Connection | None" has no attribute "commit"  [union-attr]
src/rag/store.py:171: error: Function is missing a return type annotation  [no-untyped-def]
src/rag/store.py:171: error: Function is missing a type annotation for one or more parameters  [no-untyped-def]
src/rag/store.py:171: error: Missing type arguments for generic type "dict"  [type-arg]
src/rag/store.py:181: error: Item "None" of "Connection | None" has no attribute "execute"  [union-attr]
src/rag/store.py:183: error: Item "None" of "Connection | None" has no attribute "execute"  [union-attr]
src/rag/store.py:212: error: Item "None" of "Connection | None" has no attribute "execute"  [union-attr]
src/rag/store.py:213: error: Item "None" of "Connection | None" has no attribute "execute"  [union-attr]
src/rag/store.py:217: error: Item "None" of "Connection | None" has no attribute "execute"  [union-attr]
src/rag/store.py:218: error: Item "None" of "Connection | None" has no attribute "execute"  [union-attr]
src/rag/store.py:219: error: Item "None" of "Connection | None" has no attribute "executemany"  [union-attr]
src/rag/store.py:244: error: Item "None" of "Connection | None" has no attribute "executemany"  [union-attr]
src/rag/store.py:273: error: Item "None" of "Connection | None" has no attribute "executemany"  [union-attr]
src/rag/store.py:293: error: Item "None" of "Connection | None" has no attribute "executemany"  [union-attr]
src/rag/store.py:297: error: Call to untyped function "_meta" in typed context  [no-untyped-call]
src/rag/store.py:298: error: Call to untyped function "_set_meta" in typed context  [no-untyped-call]
src/rag/store.py:299: error: Call to untyped function "_set_meta" in typed context  [no-untyped-call]
src/rag/store.py:300: error: Call to untyped function "_set_meta" in typed context  [no-untyped-call]
src/rag/store.py:301: error: Call to untyped function "_set_meta" in typed context  [no-untyped-call]
src/rag/store.py:302: error: Call to untyped function "_set_meta" in typed context  [no-untyped-call]
src/rag/store.py:303: error: Item "None" of "Connection | None" has no attribute "commit"  [union-attr]
src/rag/store.py:305: error: Item "None" of "Connection | None" has no attribute "rollback"  [union-attr]
src/rag/store.py:307: error: Call to untyped function "_load_matrix" in typed context  [no-untyped-call]
src/rag/store.py:309: error: Function is missing a type annotation  [no-untyped-def]
src/rag/store.py:312: error: Item "None" of "Connection | None" has no attribute "execute"  [union-attr]
src/rag/store.py:316: error: Item "None" of "Connection | None" has no attribute "execute"  [union-attr]
src/rag/store.py:321: error: Item "None" of "Connection | None" has no attribute "execute"  [union-attr]
src/rag/store.py:322: error: Item "None" of "Connection | None" has no attribute "execute"  [union-attr]
src/rag/store.py:323: error: Item "None" of "Connection | None" has no attribute "execute"  [union-attr]
src/rag/store.py:325: error: Item "None" of "Connection | None" has no attribute "execute"  [union-attr]
src/rag/store.py:326: error: Item "None" of "Connection | None" has no attribute "commit"  [union-attr]
src/rag/store.py:328: error: Function is missing a type annotation  [no-untyped-def]
src/rag/store.py:332: error: Function is missing a type annotation for one or more parameters  [no-untyped-def]
src/rag/store.py:333: error: Item "None" of "Connection | None" has no attribute "execute"  [union-attr]
src/rag/store.py:339: error: Item "None" of "Connection | None" has no attribute "execute"  [union-attr]
src/rag/store.py:342: error: Missing type arguments for generic type "dict"  [type-arg]
src/rag/store.py:343: error: Item "None" of "Connection | None" has no attribute "execute"  [union-attr]
src/rag/store.py:371: error: Item "None" of "Connection | None" has no attribute "execute"  [union-attr]
src/rag/store.py:372: error: Item "None" of "Connection | None" has no attribute "execute"  [union-attr]
src/rag/store.py:376: error: Item "None" of "Connection | None" has no attribute "execute"  [union-attr]
src/rag/store.py:377: error: Item "None" of "Connection | None" has no attribute "execute"  [union-attr]
src/rag/store.py:378: error: Item "None" of "Connection | None" has no attribute "execute"  [union-attr]
src/rag/store.py:379: error: Item "None" of "Connection | None" has no attribute "commit"  [union-attr]
src/rag/store.py:380: error: Call to untyped function "_load_matrix" in typed context  [no-untyped-call]
src/rag/store.py:427: error: Function is missing a type annotation for one or more parameters  [no-untyped-def]
src/rag/store.py:436: error: Function is missing a type annotation  [no-untyped-def]
src/rag/store.py:484: error: Function is missing a type annotation  [no-untyped-def]
src/rag/store.py:490: error: Item "None" of "Connection | None" has no attribute "execute"  [union-attr]
src/rag/store.py:501: error: Item "None" of "Connection | None" has no attribute "execute"  [union-attr]
src/rag/store.py:513: error: Item "None" of "Connection | None" has no attribute "execute"  [union-attr]
src/rag/store.py:530: error: Function is missing a type annotation for one or more parameters  [no-untyped-def]
src/rag/store.py:530: error: Missing type arguments for generic type "dict"  [type-arg]
src/rag/store.py:532: error: Item "None" of "Connection | None" has no attribute "execute"  [union-attr]
src/rag/store.py:539: error: Call to untyped function "get_parents" in typed context  [no-untyped-call]
src/rag/store.py:548: error: Item "None" of "Connection | None" has no attribute "execute"  [union-attr]
src/rag/store.py:556: error: Function is missing a type annotation  [no-untyped-def]
src/rag/store.py:561: error: Item "None" of "Connection | None" has no attribute "execute"  [union-attr]
src/rag/store.py:604: error: Call to untyped function "_meta" in typed context  [no-untyped-call]
src/rag/store.py:606: error: Function is missing a return type annotation  [no-untyped-def]
src/rag/store.py:607: error: Call to untyped function "_meta" in typed context  [no-untyped-call]
src/rag/store.py:614: error: Function is missing a return type annotation  [no-untyped-def]
src/rag/store.py:614: note: Use "-> None" if function does not return a value
src/rag/store.py:615: error: Item "None" of "Connection | None" has no attribute "executescript"  [union-attr]
src/rag/store.py:695: error: Function is missing a return type annotation  [no-untyped-def]
src/rag/store.py:695: note: Use "-> None" if function does not return a value
src/rag/store.py:696: error: Item "None" of "Connection | None" has no attribute "execute"  [union-attr]
src/rag/store.py:698: error: Item "None" of "Connection | None" has no attribute "execute"  [union-attr]
src/rag/store.py:699: error: Item "None" of "Connection | None" has no attribute "commit"  [union-attr]
src/rag/store.py:700: error: Item "None" of "Connection | None" has no attribute "execute"  [union-attr]
src/rag/store.py:710: error: Item "None" of "Connection | None" has no attribute "execute"  [union-attr]
src/rag/store.py:711: error: Item "None" of "Connection | None" has no attribute "commit"  [union-attr]
src/rag/store.py:713: error: Function is missing a return type annotation  [no-untyped-def]
src/rag/store.py:713: note: Use "-> None" if function does not return a value
src/rag/store.py:714: error: Call to untyped function "_meta" in typed context  [no-untyped-call]
src/rag/store.py:717: error: Call to untyped function "_meta" in typed context  [no-untyped-call]
src/rag/store.py:718: error: Call to untyped function "_meta" in typed context  [no-untyped-call]
src/rag/store.py:725: error: Function is missing a return type annotation  [no-untyped-def]
src/rag/store.py:725: note: Use "-> None" if function does not return a value
src/rag/store.py:726: error: Item "None" of "Connection | None" has no attribute "execute"  [union-attr]
src/rag/store.py:756: error: Incompatible types in assignment (expression has type "ndarray[tuple[Any, ...], dtype[floating[_32Bit]]]", variable has type "None")  [assignment]
src/rag/store.py:759: error: Function is missing a type annotation  [no-untyped-def]
src/rag/store.py:760: error: Item "None" of "Connection | None" has no attribute "execute"  [union-attr]
src/rag/store.py:765: error: Function is missing a type annotation  [no-untyped-def]
src/rag/store.py:766: error: Item "None" of "Connection | None" has no attribute "execute"  [union-attr]
src/rag/store.py:774: error: Item "None" of "Connection | None" has no attribute "commit"  [union-attr]
src/rag/retrieve.py:54: error: Function is missing a type annotation for one or more parameters  [no-untyped-def]
src/rag/retrieve.py:73: error: Function is missing a type annotation for one or more parameters  [no-untyped-def]
src/rag/retrieve.py:99: error: Missing type arguments for generic type "list"  [type-arg]
src/rag/retrieve.py:127: error: Function is missing a type annotation for one or more parameters  [no-untyped-def]
src/rag/retrieve.py:127: error: Missing type arguments for generic type "list"  [type-arg]
src/rag/retrieve.py:169: error: Function is missing a type annotation for one or more parameters  [no-untyped-def]
src/rag/retrieve.py:185: error: Need type annotation for "chunks" (hint: "chunks: dict[<type>, <type>] = ...")  [var-annotated]
src/rag/retrieve.py:238: error: Incompatible types in assignment (expression has type "list[Any]", variable has type "dict[str, float]")  [assignment]
src/rag/retrieve.py:241: error: Argument 1 to "sorted" has incompatible type "range"; expected "Iterable[str]"  [arg-type]
src/rag/retrieve.py:241: note: Following member(s) of "range" have conflicts:
src/rag/retrieve.py:241: note:     Expected:
src/rag/retrieve.py:241: note:         def __iter__(self) -> Iterator[str]
src/rag/retrieve.py:241: note:     Got:
src/rag/retrieve.py:241: note:         def __iter__(self) -> Iterator[int]
src/rag/retrieve.py:249: error: No overload variant of "__getitem__" of "list" matches argument type "str"  [call-overload]
src/rag/retrieve.py:249: note: Possible overload variants:
src/rag/retrieve.py:249: note:     def __getitem__(self, SupportsIndex, /) -> str
src/rag/retrieve.py:249: note:     def __getitem__(self, slice[SupportsIndex | None, SupportsIndex | None, SupportsIndex | None], /) -> list[str]
src/rag/retrieve.py:253: error: No overload variant of "__getitem__" of "list" matches argument type "str"  [call-overload]
src/rag/retrieve.py:253: note: Possible overload variants:
src/rag/retrieve.py:253: note:     def __getitem__(self, SupportsIndex, /) -> str
src/rag/retrieve.py:253: note:     def __getitem__(self, slice[SupportsIndex | None, SupportsIndex | None, SupportsIndex | None], /) -> list[str]
src/rag/retrieve.py:266: error: Function is missing a type annotation for one or more parameters  [no-untyped-def]
src/rag/retrieve.py:278: error: Missing type arguments for generic type "dict"  [type-arg]
src/rag/retrieve.py:296: error: Function is missing a type annotation for one or more parameters  [no-untyped-def]
src/rag/retrieve.py:327: error: Missing type arguments for generic type "dict"  [type-arg]
src/rag/retrieve.py:359: error: Missing type arguments for generic type "dict"  [type-arg]
src/rag/retrieve.py:375: error: Function is missing a type annotation for one or more parameters  [no-untyped-def]
src/rag/retrieve.py:376: error: Missing type arguments for generic type "list"  [type-arg]
src/rag/retrieve.py:385: error: Missing type arguments for generic type "list"  [type-arg]
src/rag/retrieve.py:385: error: Missing type arguments for generic type "dict"  [type-arg]
src/rag/retrieve.py:397: error: Function is missing a type annotation for one or more parameters  [no-untyped-def]
src/rag/gates.py:47: error: Missing type arguments for generic type "dict"  [type-arg]
src/rag/gates.py:51: error: Function is missing a type annotation for one or more parameters  [no-untyped-def]
src/rag/gates.py:169: error: Function is missing a type annotation for one or more parameters  [no-untyped-def]
src/rag/gates.py:180: error: Function is missing a type annotation for one or more parameters  [no-untyped-def]
src/rag/gates.py:207: error: Function is missing a type annotation for one or more parameters  [no-untyped-def]
src/rag/gates.py:229: error: Function is missing a type annotation for one or more parameters  [no-untyped-def]
src/rag/pipeline.py:22: error: Function is missing a type annotation for one or more parameters  [no-untyped-def]
src/rag/pipeline.py:44: error: Function is missing a type annotation for one or more parameters  [no-untyped-def]
src/rag/pipeline.py:110: error: Call to untyped function "close" in typed context  [no-untyped-call]
src/rag/pipeline.py:113: error: Function is missing a type annotation  [no-untyped-def]
src/rag/pipeline.py:125: error: Call to untyped function "open" in typed context  [no-untyped-call]
src/rag/pipeline.py:129: error: Call to untyped function "close" in typed context  [no-untyped-call]
src/rag/pipeline.py:132: error: Function is missing a type annotation for one or more parameters  [no-untyped-def]
src/rag/pipeline.py:208: error: Call to untyped function "embed_texts" in typed context  [no-untyped-call]
src/rag/server.py:47: error: Function is missing a return type annotation  [no-untyped-def]
src/rag/server.py:54: error: Call to untyped function "open" in typed context  [no-untyped-call]
src/rag/server.py:61: error: Call to untyped function "load_embedder" in typed context  [no-untyped-call]
src/rag/server.py:74: error: Call to untyped function "close" in typed context  [no-untyped-call]
src/rag/server.py:151: error: Need type annotation for "TITLES" (hint: "TITLES: dict[<type>, <type>] = ...")  [var-annotated]
src/rag/server.py:154: error: Function is missing a type annotation for one or more parameters  [no-untyped-def]
src/rag/server.py:154: error: Missing type arguments for generic type "dict"  [type-arg]
src/rag/server.py:183: error: Function is missing a return type annotation  [no-untyped-def]
src/rag/server.py:183: error: Function is missing a type annotation for one or more parameters  [no-untyped-def]
src/rag/server.py:205: error: Call to untyped function "_iter_query_traced" in typed context  [no-untyped-call]
src/rag/server.py:220: error: Function is missing a type annotation  [no-untyped-def]
src/rag/server.py:467: error: Missing type arguments for generic type "dict"  [type-arg]
src/rag/server.py:471: error: Function is missing a type annotation for one or more parameters  [no-untyped-def]
src/rag/server.py:488: error: Function is missing a type annotation for one or more parameters  [no-untyped-def]
src/rag/server.py:488: error: Missing type arguments for generic type "dict"  [type-arg]
src/rag/server.py:495: error: Call to untyped function "open" in typed context  [no-untyped-call]
src/rag/server.py:497: error: Function is missing a type annotation  [no-untyped-def]
src/rag/server.py:502: error: Call to untyped function "close" in typed context  [no-untyped-call]
src/rag/server.py:537: error: Missing type arguments for generic type "dict"  [type-arg]
src/rag/server.py:580: error: Function is missing a type annotation  [no-untyped-def]
src/rag/server.py:581: error: Call to untyped function "query" in typed context  [no-untyped-call]
src/rag/server.py:585: error: Function is missing a return type annotation  [no-untyped-def]
src/rag/server.py:602: error: Function is missing a return type annotation  [no-untyped-def]
src/rag/server.py:609: error: Function is missing a return type annotation  [no-untyped-def]
src/rag/server.py:613: error: Call to untyped function "open" in typed context  [no-untyped-call]
src/rag/server.py:617: error: Call to untyped function "close" in typed context  [no-untyped-call]
src/rag/server.py:621: error: Function is missing a return type annotation  [no-untyped-def]
src/rag/server.py:627: error: Call to untyped function "acquire" in typed context  [no-untyped-call]
src/rag/server.py:635: error: Function is missing a type annotation  [no-untyped-def]
src/rag/server.py:636: error: Call to untyped function "_search" in typed context  [no-untyped-call]
src/rag/server.py:638: error: Function is missing a return type annotation  [no-untyped-def]
src/rag/server.py:639: error: Missing type arguments for generic type "Queue"  [type-arg]
src/rag/server.py:640: error: Missing type arguments for generic type "Queue"  [type-arg]
src/rag/server.py:703: error: Call to untyped function "release" in typed context  [no-untyped-call]
src/rag/server.py:706: error: Call to untyped function "gen" in typed context  [no-untyped-call]
src/rag/server.py:719: error: Function is missing a return type annotation  [no-untyped-def]
src/rag/server.py:722: error: Call to untyped function "clear" in typed context  [no-untyped-call]
src/rag/server.py:745: error: Function is missing a return type annotation  [no-untyped-def]
src/rag/server.py:753: error: Function is missing a return type annotation  [no-untyped-def]
src/rag/server.py:755: error: Call to untyped function "acquire" in typed context  [no-untyped-call]
src/rag/server.py:769: error: Call to untyped function "release" in typed context  [no-untyped-call]
src/rag/server.py:772: error: Function is missing a return type annotation  [no-untyped-def]
src/rag/server.py:772: note: Use "-> None" if function does not return a value
src/rag/server.py:779: error: Call to untyped function "main" in typed context  [no-untyped-call]
src/rag/cli.py:21: error: Function is missing a type annotation for one or more parameters  [no-untyped-def]
src/rag/cli.py:68: error: Call to untyped function "query" in typed context  [no-untyped-call]
src/rag/cli.py:97: error: Function is missing a type annotation for one or more parameters  [no-untyped-def]
src/rag/cli.py:102: error: Call to untyped function "open" in typed context  [no-untyped-call]
src/rag/cli.py:106: error: Call to untyped function "close" in typed context  [no-untyped-call]
src/rag/cli.py:109: error: Function is missing a type annotation for one or more parameters  [no-untyped-def]
src/rag/cli.py:136: error: Call to untyped function "open" in typed context  [no-untyped-call]
src/rag/cli.py:142: error: Function is missing a type annotation  [no-untyped-def]
src/rag/cli.py:152: error: Call to untyped function "close" in typed context  [no-untyped-call]
src/rag/cli.py:176: error: Function is missing a return type annotation  [no-untyped-def]
src/rag/cli.py:176: error: Function is missing a type annotation for one or more parameters  [no-untyped-def]
src/rag/cli.py:204: error: Function is missing a type annotation for one or more parameters  [no-untyped-def]
src/rag/cli.py:213: error: Function is missing a return type annotation  [no-untyped-def]
src/rag/cli.py:213: error: Function is missing a type annotation for one or more parameters  [no-untyped-def]
src/rag/cli.py:225: error: Function is missing a type annotation for one or more parameters  [no-untyped-def]
src/rag/cli.py:235: error: Call to untyped function "open" in typed context  [no-untyped-call]
src/rag/cli.py:237: error: Function is missing a type annotation  [no-untyped-def]
src/rag/cli.py:242: error: Call to untyped function "close" in typed context  [no-untyped-call]
src/rag/cli.py:247: error: Function is missing a type annotation for one or more parameters  [no-untyped-def]
src/rag/cli.py:254: error: Returning Any from function declared to return "str"  [no-any-return]
Found 376 errors in 23 files (checked 26 source files)
