src/rag/versions.py:194: error: Function is missing a type annotation for one or more parameters  [no-untyped-def]
src/rag/versions.py:277: error: Function is missing a type annotation for one or more parameters  [no-untyped-def]
src/rag/versions.py:365: error: Function is missing a type annotation for one or more parameters  [no-untyped-def]
src/rag/versions.py:365: error: Missing type arguments for generic type "dict"  [type-arg]
src/rag/versions.py:413: error: Function is missing a type annotation for one or more parameters  [no-untyped-def]
src/rag/versions.py:612: error: Missing type arguments for generic type "list"  [type-arg]
src/rag/versions.py:650: error: Missing type arguments for generic type "list"  [type-arg]
src/rag/versions.py:664: error: Missing type arguments for generic type "list"  [type-arg]
src/rag/versions.py:680: error: Missing type arguments for generic type "list"  [type-arg]
src/rag/versions.py:684: error: Missing type arguments for generic type "list"  [type-arg]
src/rag/store.py:63: error: Function is missing a type annotation for one or more parameters  [no-untyped-def]
src/rag/store.py:74: error: Function is missing a return type annotation  [no-untyped-def]
src/rag/store.py:74: note: Use "-> None" if function does not return a value
src/rag/store.py:81: error: Call to untyped function "_schema" in typed context  [no-untyped-call]
src/rag/store.py:82: error: Call to untyped function "_migrate" in typed context  [no-untyped-call]
src/rag/store.py:83: error: Call to untyped function "_check_saved_identity" in typed context  [no-untyped-call]
src/rag/store.py:84: error: Call to untyped function "_load_matrix" in typed context  [no-untyped-call]
src/rag/store.py:86: error: Function is missing a return type annotation  [no-untyped-def]
src/rag/store.py:86: note: Use "-> None" if function does not return a value
src/rag/store.py:93: error: Function is missing a type annotation  [no-untyped-def]
src/rag/store.py:94: error: Call to untyped function "open" in typed context  [no-untyped-call]
src/rag/store.py:97: error: Function is missing a type annotation  [no-untyped-def]
src/rag/store.py:98: error: Call to untyped function "close" in typed context  [no-untyped-call]
src/rag/store.py:101: error: Function is missing a type annotation for one or more parameters  [no-untyped-def]
src/rag/store.py:102: error: Item "None" of "Connection | None" has no attribute "execute"  [union-attr]
src/rag/store.py:112: error: Function is missing a type annotation  [no-untyped-def]
src/rag/store.py:115: error: Item "None" of "Connection | None" has no attribute "execute"  [union-attr]
src/rag/store.py:121: error: Item "None" of "Connection | None" has no attribute "execute"  [union-attr]
src/rag/store.py:125: error: Item "None" of "Connection | None" has no attribute "commit"  [union-attr]
src/rag/store.py:127: error: Function is missing a type annotation  [no-untyped-def]
src/rag/store.py:128: error: Item "None" of "Connection | None" has no attribute "execute"  [union-attr]
src/rag/store.py:138: error: Function is missing a type annotation  [no-untyped-def]
src/rag/store.py:140: error: Item "None" of "Connection | None" has no attribute "execute"  [union-attr]
src/rag/store.py:148: error: Item "None" of "Connection | None" has no attribute "commit"  [union-attr]
src/rag/store.py:150: error: Function is missing a return type annotation  [no-untyped-def]
src/rag/store.py:151: error: Item "None" of "Connection | None" has no attribute "execute"  [union-attr]
src/rag/store.py:158: error: Function is missing a return type annotation  [no-untyped-def]
src/rag/store.py:159: error: Item "None" of "Connection | None" has no attribute "execute"  [union-attr]
src/rag/store.py:169: error: Item "None" of "Connection | None" has no attribute "commit"  [union-attr]
src/rag/store.py:171: error: Function is missing a return type annotation  [no-untyped-def]
src/rag/store.py:171: error: Function is missing a type annotation for one or more parameters  [no-untyped-def]
src/rag/store.py:171: error: Missing type arguments for generic type "dict"  [type-arg]
src/rag/store.py:181: error: Item "None" of "Connection | None" has no attribute "execute"  [union-attr]
src/rag/store.py:183: error: Item "None" of "Connection | None" has no attribute "execute"  [union-attr]
src/rag/store.py:212: error: Item "None" of "Connection | None" has no attribute "execute"  [union-attr]
src/rag/store.py:213: error: Item "None" of "Connection | None" has no attribute "execute"  [union-attr]
src/rag/store.py:217: error: Item "None" of "Connection | None" has no attribute "execute"  [union-attr]
src/rag/store.py:218: error: Item "None" of "Connection | None" has no attribute "execute"  [union-attr]
src/rag/store.py:219: error: Item "None" of "Connection | None" has no attribute "executemany"  [union-attr]
src/rag/store.py:244: error: Item "None" of "Connection | None" has no attribute "executemany"  [union-attr]
src/rag/store.py:273: error: Item "None" of "Connection | None" has no attribute "executemany"  [union-attr]
src/rag/store.py:293: error: Item "None" of "Connection | None" has no attribute "executemany"  [union-attr]
src/rag/store.py:297: error: Call to untyped function "_meta" in typed context  [no-untyped-call]
src/rag/store.py:298: error: Call to untyped function "_set_meta" in typed context  [no-untyped-call]
src/rag/store.py:299: error: Call to untyped function "_set_meta" in typed context  [no-untyped-call]
src/rag/store.py:300: error: Call to untyped function "_set_meta" in typed context  [no-untyped-call]
src/rag/store.py:301: error: Call to untyped function "_set_meta" in typed context  [no-untyped-call]
src/rag/store.py:302: error: Call to untyped function "_set_meta" in typed context  [no-untyped-call]
src/rag/store.py:303: error: Item "None" of "Connection | None" has no attribute "commit"  [union-attr]
src/rag/store.py:305: error: Item "None" of "Connection | None" has no attribute "rollback"  [union-attr]
src/rag/store.py:307: error: Call to untyped function "_load_matrix" in typed context  [no-untyped-call]
src/rag/store.py:309: error: Function is missing a type annotation  [no-untyped-def]
src/rag/store.py:312: error: Item "None" of "Connection | None" has no attribute "execute"  [union-attr]
src/rag/store.py:316: error: Item "None" of "Connection | None" has no attribute "execute"  [union-attr]
src/rag/store.py:321: error: Item "None" of "Connection | None" has no attribute "execute"  [union-attr]
src/rag/store.py:322: error: Item "None" of "Connection | None" has no attribute "execute"  [union-attr]
src/rag/store.py:323: error: Item "None" of "Connection | None" has no attribute "execute"  [union-attr]
src/rag/store.py:325: error: Item "None" of "Connection | None" has no attribute "execute"  [union-attr]
src/rag/store.py:326: error: Item "None" of "Connection | None" has no attribute "commit"  [union-attr]
src/rag/store.py:328: error: Function is missing a type annotation  [no-untyped-def]
src/rag/store.py:332: error: Function is missing a type annotation for one or more parameters  [no-untyped-def]
src/rag/store.py:333: error: Item "None" of "Connection | None" has no attribute "execute"  [union-attr]
src/rag/store.py:339: error: Item "None" of "Connection | None" has no attribute "execute"  [union-attr]
src/rag/store.py:342: error: Missing type arguments for generic type "dict"  [type-arg]
src/rag/store.py:343: error: Item "None" of "Connection | None" has no attribute "execute"  [union-attr]
src/rag/store.py:371: error: Item "None" of "Connection | None" has no attribute "execute"  [union-attr]
src/rag/store.py:372: error: Item "None" of "Connection | None" has no attribute "execute"  [union-attr]
src/rag/store.py:376: error: Item "None" of "Connection | None" has no attribute "execute"  [union-attr]
src/rag/store.py:377: error: Item "None" of "Connection | None" has no attribute "execute"  [union-attr]
src/rag/store.py:378: error: Item "None" of "Connection | None" has no attribute "execute"  [union-attr]
src/rag/store.py:379: error: Item "None" of "Connection | None" has no attribute "commit"  [union-attr]
src/rag/store.py:380: error: Call to untyped function "_load_matrix" in typed context  [no-untyped-call]
src/rag/store.py:427: error: Function is missing a type annotation for one or more parameters  [no-untyped-def]
src/rag/store.py:436: error: Function is missing a type annotation  [no-untyped-def]
src/rag/store.py:484: error: Function is missing a type annotation  [no-untyped-def]
src/rag/store.py:490: error: Item "None" of "Connection | None" has no attribute "execute"  [union-attr]
src/rag/store.py:501: error: Item "None" of "Connection | None" has no attribute "execute"  [union-attr]
src/rag/store.py:513: error: Item "None" of "Connection | None" has no attribute "execute"  [union-attr]
src/rag/store.py:530: error: Function is missing a type annotation for one or more parameters  [no-untyped-def]
src/rag/store.py:530: error: Missing type arguments for generic type "dict"  [type-arg]
src/rag/store.py:532: error: Item "None" of "Connection | None" has no attribute "execute"  [union-attr]
src/rag/store.py:539: error: Call to untyped function "get_parents" in typed context  [no-untyped-call]
src/rag/store.py:548: error: Item "None" of "Connection | None" has no attribute "execute"  [union-attr]
src/rag/store.py:556: error: Function is missing a type annotation  [no-untyped-def]
src/rag/store.py:561: error: Item "None" of "Connection | None" has no attribute "execute"  [union-attr]
src/rag/store.py:604: error: Call to untyped function "_meta" in typed context  [no-untyped-call]
src/rag/store.py:606: error: Function is missing a return type annotation  [no-untyped-def]
src/rag/store.py:607: error: Call to untyped function "_meta" in typed context  [no-untyped-call]
src/rag/store.py:614: error: Function is missing a return type annotation  [no-untyped-def]
src/rag/store.py:614: note: Use "-> None" if function does not return a value
src/rag/store.py:615: error: Item "None" of "Connection | None" has no attribute "executescript"  [union-attr]
src/rag/store.py:695: error: Function is missing a return type annotation  [no-untyped-def]
src/rag/store.py:695: note: Use "-> None" if function does not return a value
src/rag/store.py:696: error: Item "None" of "Connection | None" has no attribute "execute"  [union-attr]
src/rag/store.py:698: error: Item "None" of "Connection | None" has no attribute "execute"  [union-attr]
src/rag/store.py:699: error: Item "None" of "Connection | None" has no attribute "commit"  [union-attr]
src/rag/store.py:700: error: Item "None" of "Connection | None" has no attribute "execute"  [union-attr]
src/rag/store.py:710: error: Item "None" of "Connection | None" has no attribute "execute"  [union-attr]
src/rag/store.py:711: error: Item "None" of "Connection | None" has no attribute "commit"  [union-attr]
src/rag/store.py:713: error: Function is missing a return type annotation  [no-untyped-def]
src/rag/store.py:713: note: Use "-> None" if function does not return a value
src/rag/store.py:714: error: Call to untyped function "_meta" in typed context  [no-untyped-call]
src/rag/store.py:717: error: Call to untyped function "_meta" in typed context  [no-untyped-call]
src/rag/store.py:718: error: Call to untyped function "_meta" in typed context  [no-untyped-call]
src/rag/store.py:725: error: Function is missing a return type annotation  [no-untyped-def]
src/rag/store.py:725: note: Use "-> None" if function does not return a value
src/rag/store.py:726: error: Item "None" of "Connection | None" has no attribute "execute"  [union-attr]
src/rag/store.py:756: error: Incompatible types in assignment (expression has type "ndarray[tuple[Any, ...], dtype[floating[_32Bit]]]", variable has type "None")  [assignment]
src/rag/store.py:759: error: Function is missing a type annotation  [no-untyped-def]
src/rag/store.py:760: error: Item "None" of "Connection | None" has no attribute "execute"  [union-attr]
src/rag/store.py:765: error: Function is missing a type annotation  [no-untyped-def]
src/rag/store.py:766: error: Item "None" of "Connection | None" has no attribute "execute"  [union-attr]
src/rag/store.py:774: error: Item "None" of "Connection | None" has no attribute "commit"  [union-attr]
src/rag/retrieve.py:59: error: Function is missing a type annotation for one or more parameters  [no-untyped-def]
src/rag/retrieve.py:78: error: Function is missing a type annotation for one or more parameters  [no-untyped-def]
src/rag/retrieve.py:104: error: Missing type arguments for generic type "list"  [type-arg]
src/rag/retrieve.py:132: error: Function is missing a type annotation for one or more parameters  [no-untyped-def]
src/rag/retrieve.py:132: error: Missing type arguments for generic type "list"  [type-arg]
src/rag/retrieve.py:182: error: Function is missing a type annotation for one or more parameters  [no-untyped-def]
src/rag/retrieve.py:198: error: Need type annotation for "chunks" (hint: "chunks: dict[<type>, <type>] = ...")  [var-annotated]
src/rag/retrieve.py:251: error: Incompatible types in assignment (expression has type "list[Any]", variable has type "dict[str, float]")  [assignment]
src/rag/retrieve.py:254: error: Argument 1 to "sorted" has incompatible type "range"; expected "Iterable[str]"  [arg-type]
src/rag/retrieve.py:254: note: Following member(s) of "range" have conflicts:
src/rag/retrieve.py:254: note:     Expected:
src/rag/retrieve.py:254: note:         def __iter__(self) -> Iterator[str]
src/rag/retrieve.py:254: note:     Got:
src/rag/retrieve.py:254: note:         def __iter__(self) -> Iterator[int]
src/rag/retrieve.py:262: error: No overload variant of "__getitem__" of "list" matches argument type "str"  [call-overload]
src/rag/retrieve.py:262: note: Possible overload variants:
src/rag/retrieve.py:262: note:     def __getitem__(self, SupportsIndex, /) -> str
src/rag/retrieve.py:262: note:     def __getitem__(self, slice[SupportsIndex | None, SupportsIndex | None, SupportsIndex | None], /) -> list[str]
src/rag/retrieve.py:266: error: No overload variant of "__getitem__" of "list" matches argument type "str"  [call-overload]
src/rag/retrieve.py:266: note: Possible overload variants:
src/rag/retrieve.py:266: note:     def __getitem__(self, SupportsIndex, /) -> str
src/rag/retrieve.py:266: note:     def __getitem__(self, slice[SupportsIndex | None, SupportsIndex | None, SupportsIndex | None], /) -> list[str]
src/rag/retrieve.py:279: error: Function is missing a type annotation for one or more parameters  [no-untyped-def]
src/rag/retrieve.py:291: error: Missing type arguments for generic type "dict"  [type-arg]
src/rag/retrieve.py:309: error: Function is missing a type annotation for one or more parameters  [no-untyped-def]
src/rag/retrieve.py:341: error: Missing type arguments for generic type "dict"  [type-arg]
src/rag/retrieve.py:373: error: Missing type arguments for generic type "dict"  [type-arg]
src/rag/retrieve.py:389: error: Function is missing a type annotation for one or more parameters  [no-untyped-def]
src/rag/retrieve.py:390: error: Missing type arguments for generic type "list"  [type-arg]
src/rag/retrieve.py:399: error: Missing type arguments for generic type "list"  [type-arg]
src/rag/retrieve.py:399: error: Missing type arguments for generic type "dict"  [type-arg]
src/rag/retrieve.py:411: error: Function is missing a type annotation for one or more parameters  [no-untyped-def]
Found 138 errors in 3 files (checked 4 source files)
