 Image rag-week6-api Building 
 Image rag-week6-web Building 
#1 [internal] load local bake definitions
#1 reading from stdin 965B done
#1 DONE 0.0s

#2 [api internal] load build definition from Dockerfile
#2 transferring dockerfile: 859B done
#2 DONE 0.0s

#3 [web internal] load build definition from Dockerfile
#3 transferring dockerfile: 261B done
#3 DONE 0.0s

#4 [web internal] load metadata for docker.io/library/node:22-alpine
#4 DONE 0.1s

#5 [api internal] load metadata for docker.io/library/python:3.11-slim-bookworm
#5 DONE 0.5s

#6 [web internal] load metadata for docker.io/library/nginx:alpine
#6 DONE 0.5s

#7 [api internal] load .dockerignore
#7 transferring context: 147B done
#7 DONE 0.0s

#8 [web internal] load .dockerignore
#8 transferring context: 58B done
#8 DONE 0.0s

#9 [web stage-1 1/3] FROM docker.io/library/nginx:alpine@sha256:1ed1b0e1d7652937d6cbdaf4018c7b6fc009a7dd6c3047351e2eddda745de43f
#9 resolve docker.io/library/nginx:alpine@sha256:1ed1b0e1d7652937d6cbdaf4018c7b6fc009a7dd6c3047351e2eddda745de43f 0.0s done
#9 DONE 0.0s

#10 [api  1/10] FROM docker.io/library/python:3.11-slim-bookworm@sha256:a36c24f9cbdf4fd0f52d67f0823eeac19c2028c637cecc392d97f980d4fec56b
#10 resolve docker.io/library/python:3.11-slim-bookworm@sha256:a36c24f9cbdf4fd0f52d67f0823eeac19c2028c637cecc392d97f980d4fec56b 0.0s done
#10 DONE 0.0s

#11 [web build 1/6] FROM docker.io/library/node:22-alpine@sha256:b6f26b36c8ff49624cfdac716b8ea1138d606df02586a77d364bb5536a634f85
#11 resolve docker.io/library/node:22-alpine@sha256:b6f26b36c8ff49624cfdac716b8ea1138d606df02586a77d364bb5536a634f85 0.0s done
#11 DONE 0.0s

#12 [web internal] load build context
#12 transferring context: 420B done
#12 DONE 0.0s

#13 [web build 2/6] WORKDIR /web
#13 CACHED

#14 [web build 3/6] COPY package.json ./
#14 CACHED

#15 [web build 5/6] COPY . .
#15 CACHED

#16 [web build 4/6] RUN npm install
#16 CACHED

#17 [web build 6/6] RUN npm run build
#17 CACHED

#18 [web stage-1 2/3] COPY nginx.conf /etc/nginx/conf.d/default.conf
#18 CACHED

#19 [web stage-1 3/3] COPY --from=build /web/dist /usr/share/nginx/html
#19 CACHED

#20 [api internal] load build context
#20 transferring context: 135.61kB 0.0s done
#20 DONE 0.0s

#21 [api  2/10] WORKDIR /app
#21 CACHED

#22 [api  3/10] RUN apt-get update && apt-get install -y --no-install-recommends build-essential     && rm -rf /var/lib/apt/lists/*
#22 CACHED

#23 [api  4/10] COPY pyproject.toml .
#23 DONE 0.0s

#24 [web] exporting to image
#24 exporting layers done
#24 exporting manifest sha256:e3abcb30ef83647c4abeae9c642d002757728da2b064411a9dc70a9826fa1c2f done
#24 exporting config sha256:33814c43c4e9444c789c36d46135c2a2af23b4833f184c49d067288975337806 done
#24 exporting attestation manifest sha256:05cd838199657b2ba6644211393fc741cbb0d8edd7bb8b4133166c21cbabcecb done
#24 exporting manifest list sha256:0f08bc3e9aa87ff2473836e3c7343c09b5cdb1a68fd6fb57b1c4dfe739ade92a 0.0s done
#24 naming to docker.io/library/rag-week6-web:latest done
#24 unpacking to docker.io/library/rag-week6-web:latest done
#24 DONE 0.1s

#25 [api  5/10] COPY src ./src
#25 DONE 0.0s

#26 [web] resolving provenance for metadata file
#26 DONE 0.0s

#27 [api  6/10] COPY documents ./documents
#27 DONE 0.0s

#28 [api  7/10] COPY evals ./evals
#28 DONE 0.0s

#29 [api  8/10] RUN pip install --no-cache-dir .
#29 1.059 Processing /app
#29 1.061   Installing build dependencies: started
#29 2.847   Installing build dependencies: finished with status 'done'
#29 2.848   Getting requirements to build wheel: started
#29 3.145   Getting requirements to build wheel: finished with status 'done'
#29 3.147   Preparing metadata (pyproject.toml): started
#29 3.355   Preparing metadata (pyproject.toml): finished with status 'done'
#29 3.620 Collecting numpy>=1.26.0 (from rag==0.1.0)
#29 3.694   Downloading numpy-2.4.6-cp311-cp311-manylinux_2_27_aarch64.manylinux_2_28_aarch64.whl.metadata (6.6 kB)
#29 3.721 Collecting sentence-transformers>=3.0.0 (from rag==0.1.0)
#29 3.740   Downloading sentence_transformers-6.1.0-py3-none-any.whl.metadata (20 kB)
#29 3.774 Collecting pdfplumber>=0.11.0 (from rag==0.1.0)
#29 3.792   Downloading pdfplumber-0.11.10-py3-none-any.whl.metadata (43 kB)
#29 3.799      ━━━━━━━━━━━━━━━━━━━━━━━━━━━━━━━━━━━━━━━━ 43.7/43.7 kB 7.9 MB/s eta 0:00:00
#29 3.819 Collecting python-docx>=1.1.0 (from rag==0.1.0)
#29 3.836   Downloading python_docx-1.2.0-py3-none-any.whl.metadata (2.0 kB)
#29 3.904 Collecting fastapi>=0.115.0 (from rag==0.1.0)
#29 3.929   Downloading fastapi-0.141.1-py3-none-any.whl.metadata (27 kB)
#29 3.968 Collecting uvicorn>=0.32.0 (from rag==0.1.0)
#29 3.984   Downloading uvicorn-0.53.0-py3-none-any.whl.metadata (6.6 kB)
#29 4.034 Collecting pyyaml>=6.0 (from rag==0.1.0)
#29 4.052   Downloading pyyaml-6.0.3-cp311-cp311-manylinux2014_aarch64.manylinux_2_17_aarch64.manylinux_2_28_aarch64.whl.metadata (2.4 kB)
#29 4.090 Collecting starlette>=0.46.0 (from fastapi>=0.115.0->rag==0.1.0)
#29 4.110   Downloading starlette-1.6.0-py3-none-any.whl.metadata (6.4 kB)
#29 4.187 Collecting pydantic>=2.9.0 (from fastapi>=0.115.0->rag==0.1.0)
#29 4.204   Downloading pydantic-2.13.5-py3-none-any.whl.metadata (110 kB)
#29 4.222      ━━━━━━━━━━━━━━━━━━━━━━━━━━━━━━━━━━━━━━━ 110.2/110.2 kB 6.3 MB/s eta 0:00:00
#29 4.251 Collecting typing-extensions>=4.8.0 (from fastapi>=0.115.0->rag==0.1.0)
#29 4.268   Downloading typing_extensions-4.16.0-py3-none-any.whl.metadata (3.3 kB)
#29 4.291 Collecting typing-inspection>=0.4.2 (from fastapi>=0.115.0->rag==0.1.0)
#29 4.312   Downloading typing_inspection-0.4.4-py3-none-any.whl.metadata (2.6 kB)
#29 4.357 Collecting annotated-doc>=0.0.2 (from fastapi>=0.115.0->rag==0.1.0)
#29 4.384   Downloading annotated_doc-0.0.5-py3-none-any.whl.metadata (6.5 kB)
#29 4.426 Collecting pdfminer.six==20260107 (from pdfplumber>=0.11.0->rag==0.1.0)
#29 4.452   Downloading pdfminer_six-20260107-py3-none-any.whl.metadata (4.3 kB)
#29 4.590 Collecting Pillow>=12.2.0 (from pdfplumber>=0.11.0->rag==0.1.0)
#29 4.605   Downloading pillow-12.3.0-cp311-cp311-manylinux_2_27_aarch64.manylinux_2_28_aarch64.whl.metadata (9.1 kB)
#29 4.678 Collecting pypdfium2>=5.9.0 (from pdfplumber>=0.11.0->rag==0.1.0)
#29 4.694   Downloading pypdfium2-5.13.0-py3-none-manylinux_2_17_aarch64.manylinux2014_aarch64.whl.metadata (66 kB)
#29 4.697      ━━━━━━━━━━━━━━━━━━━━━━━━━━━━━━━━━━━━━━━━ 66.5/66.5 kB 54.3 MB/s eta 0:00:00
#29 4.767 Collecting charset-normalizer>=2.0.0 (from pdfminer.six==20260107->pdfplumber>=0.11.0->rag==0.1.0)
#29 4.785   Downloading charset_normalizer-3.5.1-cp311-cp311-manylinux2014_aarch64.manylinux_2_17_aarch64.manylinux_2_28_aarch64.whl.metadata (45 kB)
#29 4.788      ━━━━━━━━━━━━━━━━━━━━━━━━━━━━━━━━━━━━━━━━ 45.9/45.9 kB 17.5 MB/s eta 0:00:00
#29 4.915 Collecting cryptography>=36.0.0 (from pdfminer.six==20260107->pdfplumber>=0.11.0->rag==0.1.0)
#29 4.933   Downloading cryptography-50.0.1-cp311-abi3-manylinux_2_34_aarch64.whl.metadata (4.3 kB)
#29 5.122 Collecting lxml>=3.1.0 (from python-docx>=1.1.0->rag==0.1.0)
#29 5.139   Downloading lxml-6.1.3-cp311-cp311-manylinux_2_26_aarch64.manylinux_2_28_aarch64.whl.metadata (3.3 kB)
#29 5.191 Collecting transformers<6.0.0,>=5.0.0 (from sentence-transformers>=3.0.0->rag==0.1.0)
#29 5.206   Downloading transformers-5.17.0-py3-none-any.whl.metadata (32 kB)
#29 5.327 Collecting tokenizers>=0.19 (from sentence-transformers>=3.0.0->rag==0.1.0)
#29 5.342   Downloading tokenizers-0.23.2-cp310-abi3-manylinux_2_17_aarch64.manylinux2014_aarch64.whl.metadata (9.8 kB)
#29 5.394 Collecting huggingface-hub<2.0.0,>=1.3.0 (from sentence-transformers>=3.0.0->rag==0.1.0)
#29 5.409   Downloading huggingface_hub-1.32.0-py3-none-any.whl.metadata (16 kB)
#29 5.455 Collecting torch>=2.2 (from sentence-transformers>=3.0.0->rag==0.1.0)
#29 5.472   Downloading torch-2.14.0-cp311-cp311-manylinux_2_28_aarch64.whl.metadata (37 kB)
#29 5.544 Collecting scikit-learn>=1.1.0 (from sentence-transformers>=3.0.0->rag==0.1.0)
#29 5.557   Downloading scikit_learn-1.9.1-cp311-cp311-manylinux_2_27_aarch64.manylinux_2_28_aarch64.whl.metadata (9.3 kB)
#29 5.666 Collecting scipy>=1.0.0 (from sentence-transformers>=3.0.0->rag==0.1.0)
#29 5.683   Downloading scipy-1.17.1-cp311-cp311-manylinux_2_27_aarch64.manylinux_2_28_aarch64.whl.metadata (62 kB)
#29 5.687      ━━━━━━━━━━━━━━━━━━━━━━━━━━━━━━━━━━━━━━━━ 62.1/62.1 kB 18.6 MB/s eta 0:00:00
#29 5.731 Collecting tqdm>=4.0.0 (from sentence-transformers>=3.0.0->rag==0.1.0)
#29 5.747   Downloading tqdm-4.70.1-py3-none-any.whl.metadata (57 kB)
#29 5.753      ━━━━━━━━━━━━━━━━━━━━━━━━━━━━━━━━━━━━━━━ 57.4/57.4 kB 108.6 MB/s eta 0:00:00
#29 5.809 Collecting click>=7.0 (from uvicorn>=0.32.0->rag==0.1.0)
#29 5.824   Downloading click-8.5.0-py3-none-any.whl.metadata (2.6 kB)
#29 5.853 Collecting h11>=0.8 (from uvicorn>=0.32.0->rag==0.1.0)
#29 5.869   Downloading h11-0.16.0-py3-none-any.whl.metadata (8.3 kB)
#29 5.927 Collecting filelock>=3.10.0 (from huggingface-hub<2.0.0,>=1.3.0->sentence-transformers>=3.0.0->rag==0.1.0)
#29 5.942   Downloading filelock-4.0.1-py3-none-any.whl.metadata (2.0 kB)
#29 5.972 Collecting fsspec>=2023.5.0 (from huggingface-hub<2.0.0,>=1.3.0->sentence-transformers>=3.0.0->rag==0.1.0)
#29 5.986   Downloading fsspec-2026.9.0-py3-none-any.whl.metadata (10 kB)
#29 6.035 Collecting hf-xet<2.0.0,>=1.5.2 (from huggingface-hub<2.0.0,>=1.3.0->sentence-transformers>=3.0.0->rag==0.1.0)
#29 6.050   Downloading hf_xet-1.6.0-cp38-abi3-manylinux_2_28_aarch64.whl.metadata (4.9 kB)
#29 6.083 Collecting httpx<1,>=0.23.0 (from huggingface-hub<2.0.0,>=1.3.0->sentence-transformers>=3.0.0->rag==0.1.0)
#29 6.098   Downloading httpx-0.28.1-py3-none-any.whl.metadata (7.1 kB)
#29 6.101 Requirement already satisfied: packaging>=20.9 in /usr/local/lib/python3.11/site-packages (from huggingface-hub<2.0.0,>=1.3.0->sentence-transformers>=3.0.0->rag==0.1.0) (26.3)
#29 6.146 Collecting annotated-types>=0.6.0 (from pydantic>=2.9.0->fastapi>=0.115.0->rag==0.1.0)
#29 6.166   Downloading annotated_types-0.8.0-py3-none-any.whl.metadata (15 kB)
#29 6.631 Collecting pydantic-core==2.46.5 (from pydantic>=2.9.0->fastapi>=0.115.0->rag==0.1.0)
#29 6.647   Downloading pydantic_core-2.46.5-cp311-cp311-manylinux_2_17_aarch64.manylinux2014_aarch64.whl.metadata (6.6 kB)
#29 6.684 Collecting joblib>=1.4.0 (from scikit-learn>=1.1.0->sentence-transformers>=3.0.0->rag==0.1.0)
#29 6.697   Downloading joblib-1.6.0-py3-none-any.whl.metadata (6.5 kB)
#29 6.739 Collecting narwhals>=2.0.1 (from scikit-learn>=1.1.0->sentence-transformers>=3.0.0->rag==0.1.0)
#29 6.755   Downloading narwhals-2.26.0-py3-none-any.whl.metadata (15 kB)
#29 6.781 Collecting threadpoolctl>=3.5.0 (from scikit-learn>=1.1.0->sentence-transformers>=3.0.0->rag==0.1.0)
#29 6.800   Downloading threadpoolctl-3.7.0-py3-none-any.whl.metadata (24 kB)
#29 6.854 Collecting anyio<5,>=3.6.2 (from starlette>=0.46.0->fastapi>=0.115.0->rag==0.1.0)
#29 6.870   Downloading anyio-4.15.1-py3-none-any.whl.metadata (4.7 kB)
#29 6.894 Requirement already satisfied: setuptools>=77.0.3 in /usr/local/lib/python3.11/site-packages (from torch>=2.2->sentence-transformers>=3.0.0->rag==0.1.0) (79.0.1)
#29 6.919 Collecting sympy>=1.13.3 (from torch>=2.2->sentence-transformers>=3.0.0->rag==0.1.0)
#29 6.934   Downloading sympy-1.14.0-py3-none-any.whl.metadata (12 kB)
#29 6.968 Collecting networkx>=2.5.1 (from torch>=2.2->sentence-transformers>=3.0.0->rag==0.1.0)
#29 6.983   Downloading networkx-3.6.1-py3-none-any.whl.metadata (6.8 kB)
#29 7.012 Collecting jinja2 (from torch>=2.2->sentence-transformers>=3.0.0->rag==0.1.0)
#29 7.028   Downloading jinja2-3.1.6-py3-none-any.whl.metadata (2.9 kB)
#29 7.057 Collecting cuda-toolkit==13.0.3 (from cuda-toolkit[cublas,cudart,cufft,cufile,cupti,curand,cusolver,cusparse,nvjitlink,nvrtc,nvtx]==13.0.3; platform_system == "Linux"->torch>=2.2->sentence-transformers>=3.0.0->rag==0.1.0)
#29 7.079   Downloading cuda_toolkit-13.0.3.0-py2.py3-none-any.whl.metadata (17 kB)
#29 7.125 Collecting cuda-bindings<14,>=13.0.3 (from torch>=2.2->sentence-transformers>=3.0.0->rag==0.1.0)
#29 7.145   Downloading cuda_bindings-13.4.3-cp311-cp311-manylinux_2_24_aarch64.manylinux_2_28_aarch64.whl.metadata (2.4 kB)
#29 7.178 Collecting nvidia-cudnn-cu13==9.24.0.43 (from torch>=2.2->sentence-transformers>=3.0.0->rag==0.1.0)
#29 7.196   Downloading nvidia_cudnn_cu13-9.24.0.43-py3-none-manylinux_2_27_aarch64.whl.metadata (1.9 kB)
#29 7.223 Collecting nvidia-cusparselt-cu13==0.8.1 (from torch>=2.2->sentence-transformers>=3.0.0->rag==0.1.0)
#29 7.242   Downloading nvidia_cusparselt_cu13-0.8.1-py3-none-manylinux2014_aarch64.whl.metadata (12 kB)
#29 7.268 Collecting nvidia-nccl-cu13==2.30.7 (from torch>=2.2->sentence-transformers>=3.0.0->rag==0.1.0)
#29 7.286   Downloading nvidia_nccl_cu13-2.30.7-py3-none-manylinux_2_18_aarch64.whl.metadata (2.1 kB)
#29 7.312 Collecting nvidia-nvshmem-cu13==3.4.5 (from torch>=2.2->sentence-transformers>=3.0.0->rag==0.1.0)
#29 7.335   Downloading nvidia_nvshmem_cu13-3.4.5-py3-none-manylinux2014_aarch64.manylinux_2_17_aarch64.whl.metadata (2.1 kB)
#29 7.370 Collecting triton~=3.8.0 (from torch>=2.2->sentence-transformers>=3.0.0->rag==0.1.0)
#29 7.385   Downloading triton-3.8.0-cp311-cp311-manylinux_2_27_aarch64.manylinux_2_28_aarch64.whl.metadata (978 bytes)
#29 7.528 Collecting nvidia-cublas==13.1.1.3.* (from cuda-toolkit[cublas,cudart,cufft,cufile,cupti,curand,cusolver,cusparse,nvjitlink,nvrtc,nvtx]==13.0.3; platform_system == "Linux"->torch>=2.2->sentence-transformers>=3.0.0->rag==0.1.0)
#29 7.543   Downloading nvidia_cublas-13.1.1.3-py3-none-manylinux_2_27_aarch64.whl.metadata (1.8 kB)
#29 7.569 Collecting nvidia-cuda-nvrtc==13.0.88.* (from cuda-toolkit[cublas,cudart,cufft,cufile,cupti,curand,cusolver,cusparse,nvjitlink,nvrtc,nvtx]==13.0.3; platform_system == "Linux"->torch>=2.2->sentence-transformers>=3.0.0->rag==0.1.0)
#29 7.589   Downloading nvidia_cuda_nvrtc-13.0.88-py3-none-manylinux2014_aarch64.manylinux_2_17_aarch64.whl.metadata (1.7 kB)
#29 7.624 Collecting nvidia-cuda-runtime==13.0.96.* (from cuda-toolkit[cublas,cudart,cufft,cufile,cupti,curand,cusolver,cusparse,nvjitlink,nvrtc,nvtx]==13.0.3; platform_system == "Linux"->torch>=2.2->sentence-transformers>=3.0.0->rag==0.1.0)
#29 7.643   Downloading nvidia_cuda_runtime-13.0.96-py3-none-manylinux2014_aarch64.manylinux_2_17_aarch64.whl.metadata (1.7 kB)
#29 7.671 Collecting nvidia-cufft==12.0.0.61.* (from cuda-toolkit[cublas,cudart,cufft,cufile,cupti,curand,cusolver,cusparse,nvjitlink,nvrtc,nvtx]==13.0.3; platform_system == "Linux"->torch>=2.2->sentence-transformers>=3.0.0->rag==0.1.0)
#29 7.702   Downloading nvidia_cufft-12.0.0.61-py3-none-manylinux2014_aarch64.manylinux_2_17_aarch64.whl.metadata (1.8 kB)
#29 7.730 Collecting nvidia-nvjitlink<14,>=13.0.88 (from cuda-toolkit[cublas,cudart,cufft,cufile,cupti,curand,cusolver,cusparse,nvjitlink,nvrtc,nvtx]==13.0.3; platform_system == "Linux"->torch>=2.2->sentence-transformers>=3.0.0->rag==0.1.0)
#29 7.747   Downloading nvidia_nvjitlink-13.4.92-py3-none-manylinux2014_aarch64.manylinux_2_17_aarch64.whl.metadata (1.8 kB)
#29 7.773 Collecting nvidia-cufile==1.15.1.6.* (from cuda-toolkit[cublas,cudart,cufft,cufile,cupti,curand,cusolver,cusparse,nvjitlink,nvrtc,nvtx]==13.0.3; platform_system == "Linux"->torch>=2.2->sentence-transformers>=3.0.0->rag==0.1.0)
#29 7.791   Downloading nvidia_cufile-1.15.1.6-py3-none-manylinux_2_27_aarch64.whl.metadata (1.7 kB)
#29 7.828 Collecting nvidia-cuda-cupti==13.0.85.* (from cuda-toolkit[cublas,cudart,cufft,cufile,cupti,curand,cusolver,cusparse,nvjitlink,nvrtc,nvtx]==13.0.3; platform_system == "Linux"->torch>=2.2->sentence-transformers>=3.0.0->rag==0.1.0)
#29 7.845   Downloading nvidia_cuda_cupti-13.0.85-py3-none-manylinux_2_25_aarch64.whl.metadata (1.7 kB)
#29 7.876 Collecting nvidia-curand==10.4.0.35.* (from cuda-toolkit[cublas,cudart,cufft,cufile,cupti,curand,cusolver,cusparse,nvjitlink,nvrtc,nvtx]==13.0.3; platform_system == "Linux"->torch>=2.2->sentence-transformers>=3.0.0->rag==0.1.0)
#29 7.896   Downloading nvidia_curand-10.4.0.35-py3-none-manylinux_2_27_aarch64.whl.metadata (1.7 kB)
#29 7.925 Collecting nvidia-cusolver==12.0.4.66.* (from cuda-toolkit[cublas,cudart,cufft,cufile,cupti,curand,cusolver,cusparse,nvjitlink,nvrtc,nvtx]==13.0.3; platform_system == "Linux"->torch>=2.2->sentence-transformers>=3.0.0->rag==0.1.0)
#29 7.941   Downloading nvidia_cusolver-12.0.4.66-py3-none-manylinux_2_27_aarch64.whl.metadata (1.8 kB)
#29 7.964 Collecting nvidia-cusparse==12.6.3.3.* (from cuda-toolkit[cublas,cudart,cufft,cufile,cupti,curand,cusolver,cusparse,nvjitlink,nvrtc,nvtx]==13.0.3; platform_system == "Linux"->torch>=2.2->sentence-transformers>=3.0.0->rag==0.1.0)
#29 7.980   Downloading nvidia_cusparse-12.6.3.3-py3-none-manylinux2014_aarch64.manylinux_2_17_aarch64.whl.metadata (1.8 kB)
#29 8.016 Collecting nvidia-nvtx==13.0.85.* (from cuda-toolkit[cublas,cudart,cufft,cufile,cupti,curand,cusolver,cusparse,nvjitlink,nvrtc,nvtx]==13.0.3; platform_system == "Linux"->torch>=2.2->sentence-transformers>=3.0.0->rag==0.1.0)
#29 8.029   Downloading nvidia_nvtx-13.0.85-py3-none-manylinux2014_aarch64.manylinux_2_17_aarch64.whl.metadata (1.8 kB)
#29 8.328 Collecting regex>=2025.10.22 (from transformers<6.0.0,>=5.0.0->sentence-transformers>=3.0.0->rag==0.1.0)
#29 8.344   Downloading regex-2026.9.10-cp311-cp311-manylinux2014_aarch64.manylinux_2_17_aarch64.manylinux_2_28_aarch64.whl.metadata (40 kB)
#29 8.346      ━━━━━━━━━━━━━━━━━━━━━━━━━━━━━━━━━━━━━━━ 40.6/40.6 kB 719.1 MB/s eta 0:00:00
#29 8.380 Collecting typer (from transformers<6.0.0,>=5.0.0->sentence-transformers>=3.0.0->rag==0.1.0)
#29 8.392   Downloading typer-0.27.2-py3-none-any.whl.metadata (16 kB)
#29 8.485 Collecting safetensors>=0.8.0 (from transformers<6.0.0,>=5.0.0->sentence-transformers>=3.0.0->rag==0.1.0)
#29 8.503   Downloading safetensors-0.8.0-cp310-abi3-manylinux_2_17_aarch64.manylinux2014_aarch64.whl.metadata (4.2 kB)
#29 8.552 Collecting idna>=2.8 (from anyio<5,>=3.6.2->starlette>=0.46.0->fastapi>=0.115.0->rag==0.1.0)
#29 8.569   Downloading idna-3.20-py3-none-any.whl.metadata (7.2 kB)
#29 8.637 Collecting cffi>=2.0.0 (from cryptography>=36.0.0->pdfminer.six==20260107->pdfplumber>=0.11.0->rag==0.1.0)
#29 8.654   Downloading cffi-2.1.1-cp311-cp311-manylinux2014_aarch64.manylinux_2_17_aarch64.whl.metadata (2.5 kB)
#29 8.681 Collecting cuda-pathfinder>=1.4.2 (from cuda-bindings<14,>=13.0.3->torch>=2.2->sentence-transformers>=3.0.0->rag==0.1.0)
#29 8.704   Downloading cuda_pathfinder-1.8.2-py3-none-any.whl.metadata (1.9 kB)
#29 8.760 Collecting certifi (from httpx<1,>=0.23.0->huggingface-hub<2.0.0,>=1.3.0->sentence-transformers>=3.0.0->rag==0.1.0)
#29 8.774   Downloading certifi-2026.7.22-py3-none-any.whl.metadata (2.5 kB)
#29 8.801 Collecting httpcore==1.* (from httpx<1,>=0.23.0->huggingface-hub<2.0.0,>=1.3.0->sentence-transformers>=3.0.0->rag==0.1.0)
#29 8.815   Downloading httpcore-1.0.9-py3-none-any.whl.metadata (21 kB)
#29 8.852 Collecting cloudpickle>=3.0 (from joblib>=1.4.0->scikit-learn>=1.1.0->sentence-transformers>=3.0.0->rag==0.1.0)
#29 8.869   Downloading cloudpickle-3.1.2-py3-none-any.whl.metadata (7.1 kB)
#29 8.943 Collecting mpmath<1.4,>=1.1.0 (from sympy>=1.13.3->torch>=2.2->sentence-transformers>=3.0.0->rag==0.1.0)
#29 8.959   Downloading mpmath-1.3.0-py3-none-any.whl.metadata (8.6 kB)
#29 9.008 Collecting MarkupSafe>=2.0 (from jinja2->torch>=2.2->sentence-transformers>=3.0.0->rag==0.1.0)
#29 9.023   Downloading markupsafe-3.0.3-cp311-cp311-manylinux2014_aarch64.manylinux_2_17_aarch64.manylinux_2_28_aarch64.whl.metadata (2.7 kB)
#29 9.107 Collecting shellingham>=1.3.0 (from typer->transformers<6.0.0,>=5.0.0->sentence-transformers>=3.0.0->rag==0.1.0)
#29 9.127   Downloading shellingham-1.5.4-py2.py3-none-any.whl.metadata (3.5 kB)
#29 9.170 Collecting rich>=13.8.0 (from typer->transformers<6.0.0,>=5.0.0->sentence-transformers>=3.0.0->rag==0.1.0)
#29 9.185   Downloading rich-15.0.0-py3-none-any.whl.metadata (18 kB)
#29 9.208 Collecting pycparser (from cffi>=2.0.0->cryptography>=36.0.0->pdfminer.six==20260107->pdfplumber>=0.11.0->rag==0.1.0)
#29 9.229   Downloading pycparser-3.0-py3-none-any.whl.metadata (8.2 kB)
#29 9.291 Collecting markdown-it-py>=2.2.0 (from rich>=13.8.0->typer->transformers<6.0.0,>=5.0.0->sentence-transformers>=3.0.0->rag==0.1.0)
#29 9.306   Downloading markdown_it_py-4.2.0-py3-none-any.whl.metadata (7.4 kB)
#29 9.339 Collecting pygments<3.0.0,>=2.13.0 (from rich>=13.8.0->typer->transformers<6.0.0,>=5.0.0->sentence-transformers>=3.0.0->rag==0.1.0)
#29 9.355   Downloading pygments-2.21.0-py3-none-any.whl.metadata (2.5 kB)
#29 9.389 Collecting mdurl~=0.1 (from markdown-it-py>=2.2.0->rich>=13.8.0->typer->transformers<6.0.0,>=5.0.0->sentence-transformers>=3.0.0->rag==0.1.0)
#29 9.409   Downloading mdurl-0.1.2-py3-none-any.whl.metadata (1.6 kB)
#29 9.440 Downloading fastapi-0.141.1-py3-none-any.whl (131 kB)
#29 9.450    ━━━━━━━━━━━━━━━━━━━━━━━━━━━━━━━━━━━━━━━━ 132.0/132.0 kB 20.3 MB/s eta 0:00:00
#29 9.472 Downloading numpy-2.4.6-cp311-cp311-manylinux_2_27_aarch64.manylinux_2_28_aarch64.whl (16.0 MB)
#29 9.668    ━━━━━━━━━━━━━━━━━━━━━━━━━━━━━━━━━━━━━━━━ 16.0/16.0 MB 107.3 MB/s eta 0:00:00
#29 9.690 Downloading pdfplumber-0.11.10-py3-none-any.whl (60 kB)
#29 9.692    ━━━━━━━━━━━━━━━━━━━━━━━━━━━━━━━━━━━━━━━━ 60.0/60.0 kB 49.6 MB/s eta 0:00:00
#29 9.719 Downloading pdfminer_six-20260107-py3-none-any.whl (6.6 MB)
#29 9.783    ━━━━━━━━━━━━━━━━━━━━━━━━━━━━━━━━━━━━━━━━ 6.6/6.6 MB 104.4 MB/s eta 0:00:00
#29 9.804 Downloading python_docx-1.2.0-py3-none-any.whl (252 kB)
#29 9.808    ━━━━━━━━━━━━━━━━━━━━━━━━━━━━━━━━━━━━━━━ 253.0/253.0 kB 159.8 MB/s eta 0:00:00
#29 9.828 Downloading pyyaml-6.0.3-cp311-cp311-manylinux2014_aarch64.manylinux_2_17_aarch64.manylinux_2_28_aarch64.whl (775 kB)
#29 9.837    ━━━━━━━━━━━━━━━━━━━━━━━━━━━━━━━━━━━━━━━━ 775.6/775.6 kB 99.9 MB/s eta 0:00:00
#29 9.867 Downloading sentence_transformers-6.1.0-py3-none-any.whl (740 kB)
#29 9.878    ━━━━━━━━━━━━━━━━━━━━━━━━━━━━━━━━━━━━━━━━ 740.6/740.6 kB 73.2 MB/s eta 0:00:00
#29 9.898 Downloading uvicorn-0.53.0-py3-none-any.whl (87 kB)
#29 9.900    ━━━━━━━━━━━━━━━━━━━━━━━━━━━━━━━━━━━━━━━━ 87.1/87.1 kB 91.5 MB/s eta 0:00:00
#29 9.920 Downloading annotated_doc-0.0.5-py3-none-any.whl (5.3 kB)
#29 9.943 Downloading click-8.5.0-py3-none-any.whl (125 kB)
#29 9.948    ━━━━━━━━━━━━━━━━━━━━━━━━━━━━━━━━━━━━━━━━ 125.3/125.3 kB 54.0 MB/s eta 0:00:00
#29 9.965 Downloading h11-0.16.0-py3-none-any.whl (37 kB)
#29 9.988 Downloading huggingface_hub-1.32.0-py3-none-any.whl (842 kB)
#29 9.996    ━━━━━━━━━━━━━━━━━━━━━━━━━━━━━━━━━━━━━━━ 842.9/842.9 kB 139.0 MB/s eta 0:00:00
#29 10.03 Downloading lxml-6.1.3-cp311-cp311-manylinux_2_26_aarch64.manylinux_2_28_aarch64.whl (5.0 MB)
#29 10.09    ━━━━━━━━━━━━━━━━━━━━━━━━━━━━━━━━━━━━━━━━ 5.0/5.0 MB 99.3 MB/s eta 0:00:00
#29 10.10 Downloading pillow-12.3.0-cp311-cp311-manylinux_2_27_aarch64.manylinux_2_28_aarch64.whl (6.3 MB)
#29 10.18    ━━━━━━━━━━━━━━━━━━━━━━━━━━━━━━━━━━━━━━━━ 6.3/6.3 MB 83.2 MB/s eta 0:00:00
#29 10.20 Downloading pydantic-2.13.5-py3-none-any.whl (472 kB)
#29 10.21    ━━━━━━━━━━━━━━━━━━━━━━━━━━━━━━━━━━━━━━━━ 472.6/472.6 kB 60.6 MB/s eta 0:00:00
#29 10.24 Downloading pydantic_core-2.46.5-cp311-cp311-manylinux_2_17_aarch64.manylinux2014_aarch64.whl (1.9 MB)
#29 10.25    ━━━━━━━━━━━━━━━━━━━━━━━━━━━━━━━━━━━━━━━━ 1.9/1.9 MB 164.5 MB/s eta 0:00:00
#29 10.27 Downloading pypdfium2-5.13.0-py3-none-manylinux_2_17_aarch64.manylinux2014_aarch64.whl (3.7 MB)
#29 10.32    ━━━━━━━━━━━━━━━━━━━━━━━━━━━━━━━━━━━━━━━━ 3.7/3.7 MB 86.2 MB/s eta 0:00:00
#29 10.33 Downloading scikit_learn-1.9.1-cp311-cp311-manylinux_2_27_aarch64.manylinux_2_28_aarch64.whl (9.0 MB)
#29 10.41    ━━━━━━━━━━━━━━━━━━━━━━━━━━━━━━━━━━━━━━━━ 9.0/9.0 MB 115.8 MB/s eta 0:00:00
#29 10.44 Downloading scipy-1.17.1-cp311-cp311-manylinux_2_27_aarch64.manylinux_2_28_aarch64.whl (33.1 MB)
#29 10.77    ━━━━━━━━━━━━━━━━━━━━━━━━━━━━━━━━━━━━━━━━ 33.1/33.1 MB 99.9 MB/s eta 0:00:00
#29 10.79 Downloading starlette-1.6.0-py3-none-any.whl (75 kB)
#29 10.79    ━━━━━━━━━━━━━━━━━━━━━━━━━━━━━━━━━━━━━━━━ 76.0/76.0 kB 679.7 MB/s eta 0:00:00
#29 10.81 Downloading tokenizers-0.23.2-cp310-abi3-manylinux_2_17_aarch64.manylinux2014_aarch64.whl (3.5 MB)
#29 10.85    ━━━━━━━━━━━━━━━━━━━━━━━━━━━━━━━━━━━━━━━━ 3.5/3.5 MB 103.4 MB/s eta 0:00:00
#29 10.86 Downloading torch-2.14.0-cp311-cp311-manylinux_2_28_aarch64.whl (454.0 MB)
#29 15.48    ━━━━━━━━━━━━━━━━━━━━━━━━━━━━━━━━━━━━━━━ 454.0/454.0 MB 114.1 MB/s eta 0:00:00
#29 15.50 Downloading cuda_toolkit-13.0.3.0-py2.py3-none-any.whl (2.5 kB)
#29 15.53 Downloading nvidia_cudnn_cu13-9.24.0.43-py3-none-manylinux_2_27_aarch64.whl (651.0 MB)
#29 22.02    ━━━━━━━━━━━━━━━━━━━━━━━━━━━━━━━━━━━━━━━━ 651.0/651.0 MB 47.3 MB/s eta 0:00:00
#29 22.05 Downloading nvidia_cusparselt_cu13-0.8.1-py3-none-manylinux2014_aarch64.whl (221.1 MB)
#29 24.49    ━━━━━━━━━━━━━━━━━━━━━━━━━━━━━━━━━━━━━━━ 221.1/221.1 MB 102.2 MB/s eta 0:00:00
#29 24.51 Downloading nvidia_nccl_cu13-2.30.7-py3-none-manylinux_2_18_aarch64.whl (216.0 MB)
#29 26.65    ━━━━━━━━━━━━━━━━━━━━━━━━━━━━━━━━━━━━━━━━ 216.0/216.0 MB 78.9 MB/s eta 0:00:00
#29 26.67 Downloading nvidia_nvshmem_cu13-3.4.5-py3-none-manylinux2014_aarch64.manylinux_2_17_aarch64.whl (60.2 MB)
#29 27.25    ━━━━━━━━━━━━━━━━━━━━━━━━━━━━━━━━━━━━━━━━ 60.2/60.2 MB 105.9 MB/s eta 0:00:00
#29 27.26 Downloading nvidia_cublas-13.1.1.3-py3-none-manylinux_2_27_aarch64.whl (542.8 MB)
#29 32.76    ━━━━━━━━━━━━━━━━━━━━━━━━━━━━━━━━━━━━━━━━ 542.8/542.8 MB 87.8 MB/s eta 0:00:00
#29 32.77 Downloading nvidia_cuda_cupti-13.0.85-py3-none-manylinux_2_25_aarch64.whl (10.3 MB)
#29 32.90    ━━━━━━━━━━━━━━━━━━━━━━━━━━━━━━━━━━━━━━━━ 10.3/10.3 MB 85.3 MB/s eta 0:00:00
#29 32.92 Downloading nvidia_cuda_nvrtc-13.0.88-py3-none-manylinux2014_aarch64.manylinux_2_17_aarch64.whl (43.0 MB)
#29 33.43    ━━━━━━━━━━━━━━━━━━━━━━━━━━━━━━━━━━━━━━━━ 43.0/43.0 MB 141.0 MB/s eta 0:00:00
#29 33.44 Downloading nvidia_cuda_runtime-13.0.96-py3-none-manylinux2014_aarch64.manylinux_2_17_aarch64.whl (2.3 MB)
#29 33.46    ━━━━━━━━━━━━━━━━━━━━━━━━━━━━━━━━━━━━━━━━ 2.3/2.3 MB 131.4 MB/s eta 0:00:00
#29 33.49 Downloading nvidia_cufft-12.0.0.61-py3-none-manylinux2014_aarch64.manylinux_2_17_aarch64.whl (214.1 MB)
#29 36.13    ━━━━━━━━━━━━━━━━━━━━━━━━━━━━━━━━━━━━━━━ 214.1/214.1 MB 104.1 MB/s eta 0:00:00
#29 36.15 Downloading nvidia_cufile-1.15.1.6-py3-none-manylinux_2_27_aarch64.whl (1.1 MB)
#29 36.16    ━━━━━━━━━━━━━━━━━━━━━━━━━━━━━━━━━━━━━━━━ 1.1/1.1 MB 124.6 MB/s eta 0:00:00
#29 36.18 Downloading nvidia_curand-10.4.0.35-py3-none-manylinux_2_27_aarch64.whl (62.0 MB)
#29 36.80    ━━━━━━━━━━━━━━━━━━━━━━━━━━━━━━━━━━━━━━━━ 62.0/62.0 MB 104.1 MB/s eta 0:00:00
#29 36.82 Downloading nvidia_cusolver-12.0.4.66-py3-none-manylinux_2_27_aarch64.whl (223.5 MB)
#29 39.02    ━━━━━━━━━━━━━━━━━━━━━━━━━━━━━━━━━━━━━━━━ 223.5/223.5 MB 96.1 MB/s eta 0:00:00
#29 39.05 Downloading nvidia_cusparse-12.6.3.3-py3-none-manylinux2014_aarch64.manylinux_2_17_aarch64.whl (162.2 MB)
#29 40.80    ━━━━━━━━━━━━━━━━━━━━━━━━━━━━━━━━━━━━━━━ 162.2/162.2 MB 132.6 MB/s eta 0:00:00
#29 40.81 Downloading nvidia_nvtx-13.0.85-py3-none-manylinux2014_aarch64.manylinux_2_17_aarch64.whl (148 kB)
#29 40.81    ━━━━━━━━━━━━━━━━━━━━━━━━━━━━━━━━━━━━━━━━ 148.9/148.9 kB 59.8 MB/s eta 0:00:00
#29 40.83 Downloading tqdm-4.70.1-py3-none-any.whl (80 kB)
#29 40.83    ━━━━━━━━━━━━━━━━━━━━━━━━━━━━━━━━━━━━━━━━ 80.2/80.2 kB 67.1 MB/s eta 0:00:00
#29 40.85 Downloading transformers-5.17.0-py3-none-any.whl (12.3 MB)
#29 40.98    ━━━━━━━━━━━━━━━━━━━━━━━━━━━━━━━━━━━━━━━━ 12.3/12.3 MB 94.9 MB/s eta 0:00:00
#29 41.00 Downloading typing_extensions-4.16.0-py3-none-any.whl (45 kB)
#29 41.00    ━━━━━━━━━━━━━━━━━━━━━━━━━━━━━━━━━━━━━━━━ 45.6/45.6 kB 142.9 MB/s eta 0:00:00
#29 41.03 Downloading typing_inspection-0.4.4-py3-none-any.whl (14 kB)
#29 41.05 Downloading annotated_types-0.8.0-py3-none-any.whl (13 kB)
#29 41.07 Downloading anyio-4.15.1-py3-none-any.whl (132 kB)
#29 41.08    ━━━━━━━━━━━━━━━━━━━━━━━━━━━━━━━━━━━━━━━━ 132.1/132.1 kB 21.1 MB/s eta 0:00:00
#29 41.10 Downloading charset_normalizer-3.5.1-cp311-cp311-manylinux2014_aarch64.manylinux_2_17_aarch64.manylinux_2_28_aarch64.whl (251 kB)
#29 41.11    ━━━━━━━━━━━━━━━━━━━━━━━━━━━━━━━━━━━━━━━━ 251.2/251.2 kB 74.6 MB/s eta 0:00:00
#29 41.12 Downloading cryptography-50.0.1-cp311-abi3-manylinux_2_34_aarch64.whl (4.7 MB)
#29 41.18    ━━━━━━━━━━━━━━━━━━━━━━━━━━━━━━━━━━━━━━━━ 4.7/4.7 MB 87.8 MB/s eta 0:00:00
#29 41.20 Downloading cuda_bindings-13.4.3-cp311-cp311-manylinux_2_24_aarch64.manylinux_2_28_aarch64.whl (6.5 MB)
#29 41.28    ━━━━━━━━━━━━━━━━━━━━━━━━━━━━━━━━━━━━━━━━ 6.5/6.5 MB 85.3 MB/s eta 0:00:00
#29 41.30 Downloading filelock-4.0.1-py3-none-any.whl (106 kB)
#29 41.30    ━━━━━━━━━━━━━━━━━━━━━━━━━━━━━━━━━━━━━━━━ 106.2/106.2 kB 80.0 MB/s eta 0:00:00
#29 41.32 Downloading fsspec-2026.9.0-py3-none-any.whl (221 kB)
#29 41.33    ━━━━━━━━━━━━━━━━━━━━━━━━━━━━━━━━━━━━━━━ 221.7/221.7 kB 125.2 MB/s eta 0:00:00
#29 41.35 Downloading hf_xet-1.6.0-cp38-abi3-manylinux_2_28_aarch64.whl (4.3 MB)
#29 41.39    ━━━━━━━━━━━━━━━━━━━━━━━━━━━━━━━━━━━━━━━━ 4.3/4.3 MB 111.0 MB/s eta 0:00:00
#29 41.41 Downloading httpx-0.28.1-py3-none-any.whl (73 kB)
#29 41.42    ━━━━━━━━━━━━━━━━━━━━━━━━━━━━━━━━━━━━━━━━ 73.5/73.5 kB 606.5 MB/s eta 0:00:00
#29 41.44 Downloading httpcore-1.0.9-py3-none-any.whl (78 kB)
#29 41.44    ━━━━━━━━━━━━━━━━━━━━━━━━━━━━━━━━━━━━━━━━ 78.8/78.8 kB 62.8 MB/s eta 0:00:00
#29 41.46 Downloading joblib-1.6.0-py3-none-any.whl (306 kB)
#29 41.47    ━━━━━━━━━━━━━━━━━━━━━━━━━━━━━━━━━━━━━━━ 306.1/306.1 kB 109.2 MB/s eta 0:00:00
#29 41.49 Downloading narwhals-2.26.0-py3-none-any.whl (474 kB)
#29 41.50    ━━━━━━━━━━━━━━━━━━━━━━━━━━━━━━━━━━━━━━━━ 474.0/474.0 kB 69.6 MB/s eta 0:00:00
#29 41.53 Downloading networkx-3.6.1-py3-none-any.whl (2.1 MB)
#29 41.55    ━━━━━━━━━━━━━━━━━━━━━━━━━━━━━━━━━━━━━━━━ 2.1/2.1 MB 99.1 MB/s eta 0:00:00
#29 41.57 Downloading regex-2026.9.10-cp311-cp311-manylinux2014_aarch64.manylinux_2_17_aarch64.manylinux_2_28_aarch64.whl (796 kB)
#29 41.58    ━━━━━━━━━━━━━━━━━━━━━━━━━━━━━━━━━━━━━━━ 796.4/796.4 kB 108.1 MB/s eta 0:00:00
#29 41.60 Downloading safetensors-0.8.0-cp310-abi3-manylinux_2_17_aarch64.manylinux2014_aarch64.whl (502 kB)
#29 41.61    ━━━━━━━━━━━━━━━━━━━━━━━━━━━━━━━━━━━━━━━━ 502.8/502.8 kB 99.0 MB/s eta 0:00:00
#29 41.63 Downloading sympy-1.14.0-py3-none-any.whl (6.3 MB)
#29 41.68    ━━━━━━━━━━━━━━━━━━━━━━━━━━━━━━━━━━━━━━━━ 6.3/6.3 MB 115.8 MB/s eta 0:00:00
#29 41.70 Downloading threadpoolctl-3.7.0-py3-none-any.whl (26 kB)
#29 41.72 Downloading triton-3.8.0-cp311-cp311-manylinux_2_27_aarch64.manylinux_2_28_aarch64.whl (226.5 MB)
#29 44.68    ━━━━━━━━━━━━━━━━━━━━━━━━━━━━━━━━━━━━━━━━ 226.5/226.5 MB 82.3 MB/s eta 0:00:00
#29 44.70 Downloading jinja2-3.1.6-py3-none-any.whl (134 kB)
#29 44.71    ━━━━━━━━━━━━━━━━━━━━━━━━━━━━━━━━━━━━━━━ 134.9/134.9 kB 380.5 MB/s eta 0:00:00
#29 44.72 Downloading typer-0.27.2-py3-none-any.whl (123 kB)
#29 44.73    ━━━━━━━━━━━━━━━━━━━━━━━━━━━━━━━━━━━━━━━ 123.1/123.1 kB 181.5 MB/s eta 0:00:00
#29 44.78 Downloading cffi-2.1.1-cp311-cp311-manylinux2014_aarch64.manylinux_2_17_aarch64.whl (218 kB)
#29 44.79    ━━━━━━━━━━━━━━━━━━━━━━━━━━━━━━━━━━━━━━━━ 218.7/218.7 kB 37.6 MB/s eta 0:00:00
#29 44.80 Downloading cloudpickle-3.1.2-py3-none-any.whl (22 kB)
#29 44.83 Downloading cuda_pathfinder-1.8.2-py3-none-any.whl (62 kB)
#29 44.83    ━━━━━━━━━━━━━━━━━━━━━━━━━━━━━━━━━━━━━━━━ 62.6/62.6 kB 228.7 MB/s eta 0:00:00
#29 44.85 Downloading idna-3.20-py3-none-any.whl (69 kB)
#29 44.85    ━━━━━━━━━━━━━━━━━━━━━━━━━━━━━━━━━━━━━━━━ 69.6/69.6 kB 240.1 MB/s eta 0:00:00
#29 44.88 Downloading markupsafe-3.0.3-cp311-cp311-manylinux2014_aarch64.manylinux_2_17_aarch64.manylinux_2_28_aarch64.whl (24 kB)
#29 44.90 Downloading mpmath-1.3.0-py3-none-any.whl (536 kB)
#29 44.90    ━━━━━━━━━━━━━━━━━━━━━━━━━━━━━━━━━━━━━━━ 536.2/536.2 kB 149.3 MB/s eta 0:00:00
#29 44.93 Downloading nvidia_nvjitlink-13.4.92-py3-none-manylinux2014_aarch64.manylinux_2_17_aarch64.whl (40.4 MB)
#29 45.38    ━━━━━━━━━━━━━━━━━━━━━━━━━━━━━━━━━━━━━━━━ 40.4/40.4 MB 88.1 MB/s eta 0:00:00
#29 45.40 Downloading rich-15.0.0-py3-none-any.whl (310 kB)
#29 45.40    ━━━━━━━━━━━━━━━━━━━━━━━━━━━━━━━━━━━━━━━━ 310.7/310.7 kB 67.9 MB/s eta 0:00:00
#29 45.42 Downloading shellingham-1.5.4-py2.py3-none-any.whl (9.8 kB)
#29 45.44 Downloading certifi-2026.7.22-py3-none-any.whl (136 kB)
#29 45.45    ━━━━━━━━━━━━━━━━━━━━━━━━━━━━━━━━━━━━━━━━ 137.0/137.0 kB 86.0 MB/s eta 0:00:00
#29 45.47 Downloading markdown_it_py-4.2.0-py3-none-any.whl (91 kB)
#29 45.47    ━━━━━━━━━━━━━━━━━━━━━━━━━━━━━━━━━━━━━━━━ 91.7/91.7 kB 68.4 MB/s eta 0:00:00
#29 45.50 Downloading pygments-2.21.0-py3-none-any.whl (1.3 MB)
#29 45.51    ━━━━━━━━━━━━━━━━━━━━━━━━━━━━━━━━━━━━━━━━ 1.3/1.3 MB 93.2 MB/s eta 0:00:00
#29 45.53 Downloading pycparser-3.0-py3-none-any.whl (48 kB)
#29 45.53    ━━━━━━━━━━━━━━━━━━━━━━━━━━━━━━━━━━━━━━━━ 48.2/48.2 kB 107.3 MB/s eta 0:00:00
#29 45.56 Downloading mdurl-0.1.2-py3-none-any.whl (10.0 kB)
#29 50.05 Building wheels for collected packages: rag
#29 50.05   Building wheel for rag (pyproject.toml): started
#29 50.37   Building wheel for rag (pyproject.toml): finished with status 'done'
#29 50.37   Created wheel for rag: filename=rag-0.1.0-py3-none-any.whl size=71622 sha256=9e185face23645a91ede6e1b2b360ea6478029b842fc88b51e4646b9e5169f27
#29 50.37   Stored in directory: /tmp/pip-ephem-wheel-cache-7rb_wgvb/wheels/57/0f/98/bb57b2b57b95807699b822a35c022f139d38a02c27922f27ce
#29 50.37 Successfully built rag
#29 50.67 Installing collected packages: nvidia-cusparselt-cu13, mpmath, cuda-toolkit, typing-extensions, triton, tqdm, threadpoolctl, sympy, shellingham, safetensors, regex, pyyaml, pypdfium2, pygments, pycparser, Pillow, nvidia-nvtx, nvidia-nvshmem-cu13, nvidia-nvjitlink, nvidia-nccl-cu13, nvidia-curand, nvidia-cufile, nvidia-cuda-runtime, nvidia-cuda-nvrtc, nvidia-cuda-cupti, numpy, networkx, narwhals, mdurl, MarkupSafe, lxml, idna, hf-xet, h11, fsspec, filelock, cuda-pathfinder, cloudpickle, click, charset-normalizer, certifi, annotated-types, annotated-doc, uvicorn, typing-inspection, scipy, python-docx, pydantic-core, nvidia-cusparse, nvidia-cufft, nvidia-cublas, markdown-it-py, joblib, jinja2, httpcore, cuda-bindings, cffi, anyio, starlette, scikit-learn, rich, pydantic, nvidia-cusolver, nvidia-cudnn-cu13, httpx, cryptography, typer, pdfminer.six, huggingface-hub, fastapi, torch, tokenizers, pdfplumber, transformers, sentence-transformers, rag
#29 79.27 Successfully installed MarkupSafe-3.0.3 Pillow-12.3.0 annotated-doc-0.0.5 annotated-types-0.8.0 anyio-4.15.1 certifi-2026.7.22 cffi-2.1.1 charset-normalizer-3.5.1 click-8.5.0 cloudpickle-3.1.2 cryptography-50.0.1 cuda-bindings-13.4.3 cuda-pathfinder-1.8.2 cuda-toolkit-13.0.3.0 fastapi-0.141.1 filelock-4.0.1 fsspec-2026.9.0 h11-0.16.0 hf-xet-1.6.0 httpcore-1.0.9 httpx-0.28.1 huggingface-hub-1.32.0 idna-3.20 jinja2-3.1.6 joblib-1.6.0 lxml-6.1.3 markdown-it-py-4.2.0 mdurl-0.1.2 mpmath-1.3.0 narwhals-2.26.0 networkx-3.6.1 numpy-2.4.6 nvidia-cublas-13.1.1.3 nvidia-cuda-cupti-13.0.85 nvidia-cuda-nvrtc-13.0.88 nvidia-cuda-runtime-13.0.96 nvidia-cudnn-cu13-9.24.0.43 nvidia-cufft-12.0.0.61 nvidia-cufile-1.15.1.6 nvidia-curand-10.4.0.35 nvidia-cusolver-12.0.4.66 nvidia-cusparse-12.6.3.3 nvidia-cusparselt-cu13-0.8.1 nvidia-nccl-cu13-2.30.7 nvidia-nvjitlink-13.4.92 nvidia-nvshmem-cu13-3.4.5 nvidia-nvtx-13.0.85 pdfminer.six-20260107 pdfplumber-0.11.10 pycparser-3.0 pydantic-2.13.5 pydantic-core-2.46.5 pygments-2.21.0 pypdfium2-5.13.0 python-docx-1.2.0 pyyaml-6.0.3 rag-0.1.0 regex-2026.9.10 rich-15.0.0 safetensors-0.8.0 scikit-learn-1.9.1 scipy-1.17.1 sentence-transformers-6.1.0 shellingham-1.5.4 starlette-1.6.0 sympy-1.14.0 threadpoolctl-3.7.0 tokenizers-0.23.2 torch-2.14.0 tqdm-4.70.1 transformers-5.17.0 triton-3.8.0 typer-0.27.2 typing-extensions-4.16.0 typing-inspection-0.4.4 uvicorn-0.53.0
#29 79.27 WARNING: Running pip as the 'root' user can result in broken permissions and conflicting behaviour with the system package manager. It is recommended to use a virtual environment instead: https://pip.pypa.io/warnings/venv
#29 79.36 
#29 79.36 [notice] A new release of pip is available: 24.0 -> 26.2.1
#29 79.36 [notice] To update, run: pip install --upgrade pip
#29 DONE 80.3s

#30 [api  9/10] COPY docker/entrypoint.sh /entrypoint.sh
#30 DONE 0.2s

#31 [api 10/10] RUN chmod +x /entrypoint.sh     && useradd --create-home --uid 1000 --shell /bin/sh rag     && mkdir -p /index /cache/hf     && chown -R rag:rag /app /index /cache/hf
#31 DONE 0.2s

#32 [api] exporting to image
#32 exporting layers
#32 exporting layers 78.8s done
#32 exporting manifest sha256:63106c37804a48fb4b20e06bad247c65a4e257ed476154a7d71c535292893ecb done
#32 exporting config sha256:08de3064b0aae7607a7821d18d2b26d7def8168d101397bf867dac23a7413371 done
#32 exporting attestation manifest sha256:dc4b62845cc8df3ea5c5d3bc5d7098d4d74dcfa03c81c7ec6f1556d68531086f done
#32 exporting manifest list sha256:d732b925a93e4b0af3d1a0d850527e88179ee065a75e48d2cf0edabfa034213e done
#32 naming to docker.io/library/rag-week6-api:latest done
#32 unpacking to docker.io/library/rag-week6-api:latest
#32 unpacking to docker.io/library/rag-week6-api:latest 16.4s done
#32 DONE 95.3s

#33 [api] resolving provenance for metadata file
#33 DONE 0.0s
 Image rag-week6-web Built 
 Image rag-week6-api Built 
 Container rag-week6-web-1 Running 
 Container rag-week6-api-1 Recreate 
 Container rag-week6-api-1 Recreated 
 Container rag-week6-api-1 Starting 
 Container rag-week6-api-1 Started 
 Container rag-week6-api-1 Waiting 
 Container rag-week6-api-1 Healthy 
