=== suite pins ===
suite corpus pins OK; kinds OK
PIN_EXIT:0
=== pytest ===

==================================== ERRORS ====================================
_____________________ ERROR collecting tests/test_chunk.py _____________________
ImportError while importing test module '/Users/atharv.raotole/Desktop/RAG-WEEK6/tests/test_chunk.py'.
Hint: make sure your test modules/packages have valid Python names.
Traceback:
../../.local/share/uv/python/cpython-3.11.16-macos-aarch64-none/lib/python3.11/importlib/__init__.py:126: in import_module
    return _bootstrap._gcd_import(name[level:], package, level)
           ^^^^^^^^^^^^^^^^^^^^^^^^^^^^^^^^^^^^^^^^^^^^^^^^^^^^
tests/test_chunk.py:6: in <module>
    from tests.fakes import fake_tokens
E   ModuleNotFoundError: No module named 'tests'
__________________ ERROR collecting tests/test_chunk_depth.py __________________
ImportError while importing test module '/Users/atharv.raotole/Desktop/RAG-WEEK6/tests/test_chunk_depth.py'.
Hint: make sure your test modules/packages have valid Python names.
Traceback:
../../.local/share/uv/python/cpython-3.11.16-macos-aarch64-none/lib/python3.11/importlib/__init__.py:126: in import_module
    return _bootstrap._gcd_import(name[level:], package, level)
           ^^^^^^^^^^^^^^^^^^^^^^^^^^^^^^^^^^^^^^^^^^^^^^^^^^^^
tests/test_chunk_depth.py:6: in <module>
    from tests.fakes import fake_tokens
E   ModuleNotFoundError: No module named 'tests'
_____________________ ERROR collecting tests/test_embed.py _____________________
ImportError while importing test module '/Users/atharv.raotole/Desktop/RAG-WEEK6/tests/test_embed.py'.
Hint: make sure your test modules/packages have valid Python names.
Traceback:
../../.local/share/uv/python/cpython-3.11.16-macos-aarch64-none/lib/python3.11/importlib/__init__.py:126: in import_module
    return _bootstrap._gcd_import(name[level:], package, level)
           ^^^^^^^^^^^^^^^^^^^^^^^^^^^^^^^^^^^^^^^^^^^^^^^^^^^^
tests/test_embed.py:2: in <module>
    from tests.fakes import fake_encode
E   ModuleNotFoundError: No module named 'tests'
___________________ ERROR collecting tests/test_pipeline.py ____________________
ImportError while importing test module '/Users/atharv.raotole/Desktop/RAG-WEEK6/tests/test_pipeline.py'.
Hint: make sure your test modules/packages have valid Python names.
Traceback:
../../.local/share/uv/python/cpython-3.11.16-macos-aarch64-none/lib/python3.11/importlib/__init__.py:126: in import_module
    return _bootstrap._gcd_import(name[level:], package, level)
           ^^^^^^^^^^^^^^^^^^^^^^^^^^^^^^^^^^^^^^^^^^^^^^^^^^^^
tests/test_pipeline.py:11: in <module>
    from tests.fakes import fake_encode, fake_tokens
E   ModuleNotFoundError: No module named 'tests'
=========================== short test summary info ============================
ERROR tests/test_chunk.py
ERROR tests/test_chunk_depth.py
ERROR tests/test_embed.py
ERROR tests/test_pipeline.py
!!!!!!!!!!!!!!!!!!! Interrupted: 4 errors during collection !!!!!!!!!!!!!!!!!!!!
4 errors in 0.28s
PYTEST_EXIT:2
=== coverage 70 ===

==================================== ERRORS ====================================
_____________________ ERROR collecting tests/test_chunk.py _____________________
ImportError while importing test module '/Users/atharv.raotole/Desktop/RAG-WEEK6/tests/test_chunk.py'.
Hint: make sure your test modules/packages have valid Python names.
Traceback:
../../.local/share/uv/python/cpython-3.11.16-macos-aarch64-none/lib/python3.11/importlib/__init__.py:126: in import_module
    return _bootstrap._gcd_import(name[level:], package, level)
           ^^^^^^^^^^^^^^^^^^^^^^^^^^^^^^^^^^^^^^^^^^^^^^^^^^^^
tests/test_chunk.py:6: in <module>
    from tests.fakes import fake_tokens
E   ModuleNotFoundError: No module named 'tests'
__________________ ERROR collecting tests/test_chunk_depth.py __________________
ImportError while importing test module '/Users/atharv.raotole/Desktop/RAG-WEEK6/tests/test_chunk_depth.py'.
Hint: make sure your test modules/packages have valid Python names.
Traceback:
../../.local/share/uv/python/cpython-3.11.16-macos-aarch64-none/lib/python3.11/importlib/__init__.py:126: in import_module
    return _bootstrap._gcd_import(name[level:], package, level)
           ^^^^^^^^^^^^^^^^^^^^^^^^^^^^^^^^^^^^^^^^^^^^^^^^^^^^
tests/test_chunk_depth.py:6: in <module>
    from tests.fakes import fake_tokens
E   ModuleNotFoundError: No module named 'tests'
_____________________ ERROR collecting tests/test_embed.py _____________________
ImportError while importing test module '/Users/atharv.raotole/Desktop/RAG-WEEK6/tests/test_embed.py'.
Hint: make sure your test modules/packages have valid Python names.
Traceback:
../../.local/share/uv/python/cpython-3.11.16-macos-aarch64-none/lib/python3.11/importlib/__init__.py:126: in import_module
    return _bootstrap._gcd_import(name[level:], package, level)
           ^^^^^^^^^^^^^^^^^^^^^^^^^^^^^^^^^^^^^^^^^^^^^^^^^^^^
tests/test_embed.py:2: in <module>
    from tests.fakes import fake_encode
E   ModuleNotFoundError: No module named 'tests'
___________________ ERROR collecting tests/test_pipeline.py ____________________
ImportError while importing test module '/Users/atharv.raotole/Desktop/RAG-WEEK6/tests/test_pipeline.py'.
Hint: make sure your test modules/packages have valid Python names.
Traceback:
../../.local/share/uv/python/cpython-3.11.16-macos-aarch64-none/lib/python3.11/importlib/__init__.py:126: in import_module
    return _bootstrap._gcd_import(name[level:], package, level)
           ^^^^^^^^^^^^^^^^^^^^^^^^^^^^^^^^^^^^^^^^^^^^^^^^^^^^
tests/test_pipeline.py:11: in <module>
    from tests.fakes import fake_encode, fake_tokens
E   ModuleNotFoundError: No module named 'tests'
=========================== short test summary info ============================
ERROR tests/test_chunk.py
ERROR tests/test_chunk_depth.py
ERROR tests/test_embed.py
ERROR tests/test_pipeline.py
!!!!!!!!!!!!!!!!!!! Interrupted: 4 errors during collection !!!!!!!!!!!!!!!!!!!!
4 errors in 0.31s
COV_EXIT:2
