src/rag/html_parse.py:34: error: Function is missing a return type annotation  [no-untyped-def]
src/rag/html_parse.py:34: note: Use "-> None" if function does not return a value
src/rag/html_parse.py:46: error: Function is missing a type annotation  [no-untyped-def]
src/rag/html_parse.py:55: error: Call to untyped function "_flush_prose" in typed context  [no-untyped-call]
src/rag/html_parse.py:58: error: Call to untyped function "_flush_prose" in typed context  [no-untyped-call]
src/rag/html_parse.py:63: error: Call to untyped function "_flush_prose" in typed context  [no-untyped-call]
src/rag/html_parse.py:66: error: Call to untyped function "_flush_prose" in typed context  [no-untyped-call]
src/rag/html_parse.py:78: error: Function is missing a type annotation  [no-untyped-def]
src/rag/html_parse.py:125: error: Function is missing a type annotation  [no-untyped-def]
src/rag/html_parse.py:135: error: Function is missing a return type annotation  [no-untyped-def]
src/rag/html_parse.py:135: note: Use "-> None" if function does not return a value
src/rag/html_parse.py:136: error: Call to untyped function "_flush_prose" in typed context  [no-untyped-call]
src/rag/html_parse.py:139: error: Function is missing a return type annotation  [no-untyped-def]
src/rag/html_parse.py:139: note: Use "-> None" if function does not return a value
src/rag/versions.py:194: error: Function is missing a type annotation for one or more parameters  [no-untyped-def]
src/rag/versions.py:277: error: Function is missing a type annotation for one or more parameters  [no-untyped-def]
src/rag/versions.py:365: error: Function is missing a type annotation for one or more parameters  [no-untyped-def]
src/rag/versions.py:365: error: Missing type arguments for generic type "dict"  [type-arg]
src/rag/versions.py:413: error: Function is missing a type annotation for one or more parameters  [no-untyped-def]
src/rag/versions.py:612: error: Missing type arguments for generic type "list"  [type-arg]
src/rag/versions.py:650: error: Missing type arguments for generic type "list"  [type-arg]
src/rag/versions.py:664: error: Missing type arguments for generic type "list"  [type-arg]
src/rag/versions.py:680: error: Missing type arguments for generic type "list"  [type-arg]
src/rag/versions.py:684: error: Missing type arguments for generic type "list"  [type-arg]
src/rag/parse.py:148: error: Call to untyped function "HTMLText" in typed context  [no-untyped-call]
src/rag/parse.py:150: error: Call to untyped function "close" in typed context  [no-untyped-call]
src/rag/parse.py:198: error: Function is missing a type annotation for one or more parameters  [no-untyped-def]
src/rag/parse.py:218: error: Missing type arguments for generic type "list"  [type-arg]
src/rag/parse.py:279: error: Function is missing a return type annotation  [no-untyped-def]
src/rag/parse.py:280: error: Function is missing a type annotation  [no-untyped-def]
src/rag/parse.py:295: error: Function is missing a type annotation  [no-untyped-def]
src/rag/parse.py:305: error: Function is missing a type annotation for one or more parameters  [no-untyped-def]
src/rag/parse.py:305: error: Missing type arguments for generic type "list"  [type-arg]
src/rag/parse.py:363: error: Function is missing a type annotation for one or more parameters  [no-untyped-def]
src/rag/parse.py:383: error: Function is missing a type annotation for one or more parameters  [no-untyped-def]
src/rag/parse.py:394: error: Function is missing a type annotation for one or more parameters  [no-untyped-def]
src/rag/parse.py:405: error: Function is missing a type annotation for one or more parameters  [no-untyped-def]
src/rag/parse.py:417: error: Function is missing a type annotation for one or more parameters  [no-untyped-def]
src/rag/parse.py:421: error: Need type annotation for "out" (hint: "out: list[<type>] = ...")  [var-annotated]
src/rag/parse.py:570: error: Missing type arguments for generic type "list"  [type-arg]
Found 37 errors in 3 files (checked 3 source files)
