src/rag/ocr.py:21: error: Function is missing a type annotation for one or more parameters  [no-untyped-def]
src/rag/ocr.py:35: error: Function is missing a type annotation for one or more parameters  [no-untyped-def]
src/rag/ocr.py:39: error: Function is missing a type annotation for one or more parameters  [no-untyped-def]
src/rag/ocr.py:42: error: Call to untyped function "_default_ocr_engine" in typed context  [no-untyped-call]
src/rag/ocr.py:49: error: Function is missing a type annotation for one or more parameters  [no-untyped-def]
src/rag/ocr.py:52: error: Call to untyped function "_default_captioner" in typed context  [no-untyped-call]
src/rag/ocr.py:61: error: Function is missing a type annotation  [no-untyped-def]
src/rag/ocr.py:71: error: Function is missing a return type annotation  [no-untyped-def]
src/rag/ocr.py:78: error: Function is missing a type annotation  [no-untyped-def]
src/rag/ocr.py:95: error: Function is missing a return type annotation  [no-untyped-def]
src/rag/ocr.py:95: note: Use "-> None" if function does not return a value
src/rag/chunk.py:21: error: Function is missing a type annotation for one or more parameters  [no-untyped-def]
src/rag/chunk.py:27: error: Call to untyped function "_pack_section" in typed context  [no-untyped-call]
src/rag/chunk.py:71: error: Function is missing a type annotation  [no-untyped-def]
src/rag/chunk.py:78: error: Call to untyped function "_make_parent" in typed context  [no-untyped-call]
src/rag/chunk.py:91: error: Call to untyped function "_windows" in typed context  [no-untyped-call]
src/rag/chunk.py:100: error: Call to untyped function "_parents_from_windows" in typed context  [no-untyped-call]
src/rag/chunk.py:114: error: Call to untyped function "_make_parent" in typed context  [no-untyped-call]
src/rag/chunk.py:126: error: Call to untyped function "_windows" in typed context  [no-untyped-call]
src/rag/chunk.py:135: error: Call to untyped function "_parents_from_windows" in typed context  [no-untyped-call]
src/rag/chunk.py:149: error: Function is missing a type annotation  [no-untyped-def]
src/rag/chunk.py:159: error: Call to untyped function "_make_parent" in typed context  [no-untyped-call]
src/rag/chunk.py:174: error: Function is missing a type annotation for one or more parameters  [no-untyped-def]
src/rag/chunk.py:185: error: Call to untyped function "_windows" in typed context  [no-untyped-call]
src/rag/chunk.py:197: error: Call to untyped function "_windows" in typed context  [no-untyped-call]
src/rag/chunk.py:218: error: Function is missing a type annotation for one or more parameters  [no-untyped-def]
src/rag/chunk.py:255: error: Function is missing a type annotation for one or more parameters  [no-untyped-def]
src/rag/chunk.py:276: error: Function is missing a type annotation for one or more parameters  [no-untyped-def]
src/rag/chunk.py:319: error: Function is missing a type annotation for one or more parameters  [no-untyped-def]
src/rag/chunk.py:358: error: Function is missing a type annotation for one or more parameters  [no-untyped-def]
src/rag/chunk.py:376: error: Function is missing a type annotation  [no-untyped-def]
src/rag/chunk.py:408: error: Function is missing a type annotation for one or more parameters  [no-untyped-def]
src/rag/chunk.py:414: error: Call to untyped function "_split_long" in typed context  [no-untyped-call]
src/rag/chunk.py:418: error: Function is missing a type annotation  [no-untyped-def]
src/rag/chunk.py:428: error: Call to untyped function "_word_spans" in typed context  [no-untyped-call]
src/rag/chunk.py:460: error: Function is missing a type annotation  [no-untyped-def]
src/rag/chunk.py:502: error: Function is missing a type annotation  [no-untyped-def]
src/rag/chunk.py:528: error: Call to untyped function "_retreat" in typed context  [no-untyped-call]
src/rag/chunk.py:537: error: Function is missing a type annotation  [no-untyped-def]
src/rag/html_parse.py:34: error: Function is missing a return type annotation  [no-untyped-def]
src/rag/html_parse.py:34: note: Use "-> None" if function does not return a value
src/rag/html_parse.py:46: error: Function is missing a type annotation  [no-untyped-def]
src/rag/html_parse.py:55: error: Call to untyped function "_flush_prose" in typed context  [no-untyped-call]
src/rag/html_parse.py:58: error: Call to untyped function "_flush_prose" in typed context  [no-untyped-call]
src/rag/html_parse.py:63: error: Call to untyped function "_flush_prose" in typed context  [no-untyped-call]
src/rag/html_parse.py:66: error: Call to untyped function "_flush_prose" in typed context  [no-untyped-call]
src/rag/html_parse.py:78: error: Function is missing a type annotation  [no-untyped-def]
src/rag/html_parse.py:125: error: Function is missing a type annotation  [no-untyped-def]
src/rag/html_parse.py:135: error: Function is missing a return type annotation  [no-untyped-def]
src/rag/html_parse.py:135: note: Use "-> None" if function does not return a value
src/rag/html_parse.py:136: error: Call to untyped function "_flush_prose" in typed context  [no-untyped-call]
src/rag/html_parse.py:139: error: Function is missing a return type annotation  [no-untyped-def]
src/rag/html_parse.py:139: note: Use "-> None" if function does not return a value
src/rag/generate.py:26: error: Returning Any from function declared to return "bool"  [no-any-return]
src/rag/generate.py:51: error: Function is missing a type annotation for one or more parameters  [no-untyped-def]
src/rag/generate.py:63: error: Function is missing a type annotation for one or more parameters  [no-untyped-def]
src/rag/generate.py:63: error: Missing type arguments for generic type "dict"  [type-arg]
src/rag/generate.py:76: error: Function is missing a return type annotation  [no-untyped-def]
src/rag/generate.py:76: error: Function is missing a type annotation for one or more parameters  [no-untyped-def]
src/rag/generate.py:85: error: Function is missing a return type annotation  [no-untyped-def]
src/rag/generate.py:85: error: Function is missing a type annotation for one or more parameters  [no-untyped-def]
src/rag/generate.py:100: error: Function is missing a type annotation for one or more parameters  [no-untyped-def]
src/rag/generate.py:103: error: Returning Any from function declared to return "str"  [no-any-return]
src/rag/versions.py:194: error: Function is missing a type annotation for one or more parameters  [no-untyped-def]
src/rag/versions.py:277: error: Function is missing a type annotation for one or more parameters  [no-untyped-def]
src/rag/versions.py:365: error: Function is missing a type annotation for one or more parameters  [no-untyped-def]
src/rag/versions.py:365: error: Missing type arguments for generic type "dict"  [type-arg]
src/rag/versions.py:413: error: Function is missing a type annotation for one or more parameters  [no-untyped-def]
src/rag/versions.py:612: error: Missing type arguments for generic type "list"  [type-arg]
src/rag/versions.py:650: error: Missing type arguments for generic type "list"  [type-arg]
src/rag/versions.py:664: error: Missing type arguments for generic type "list"  [type-arg]
src/rag/versions.py:680: error: Missing type arguments for generic type "list"  [type-arg]
src/rag/versions.py:684: error: Missing type arguments for generic type "list"  [type-arg]
src/rag/parse.py:148: error: Call to untyped function "HTMLText" in typed context  [no-untyped-call]
src/rag/parse.py:150: error: Call to untyped function "close" in typed context  [no-untyped-call]
src/rag/parse.py:198: error: Function is missing a type annotation for one or more parameters  [no-untyped-def]
src/rag/parse.py:218: error: Missing type arguments for generic type "list"  [type-arg]
src/rag/parse.py:279: error: Function is missing a return type annotation  [no-untyped-def]
src/rag/parse.py:280: error: Function is missing a type annotation  [no-untyped-def]
src/rag/parse.py:295: error: Function is missing a type annotation  [no-untyped-def]
src/rag/parse.py:305: error: Function is missing a type annotation for one or more parameters  [no-untyped-def]
src/rag/parse.py:305: error: Missing type arguments for generic type "list"  [type-arg]
src/rag/parse.py:363: error: Function is missing a type annotation for one or more parameters  [no-untyped-def]
src/rag/parse.py:383: error: Function is missing a type annotation for one or more parameters  [no-untyped-def]
src/rag/parse.py:394: error: Function is missing a type annotation for one or more parameters  [no-untyped-def]
src/rag/parse.py:405: error: Function is missing a type annotation for one or more parameters  [no-untyped-def]
src/rag/parse.py:417: error: Function is missing a type annotation for one or more parameters  [no-untyped-def]
src/rag/parse.py:421: error: Need type annotation for "out" (hint: "out: list[<type>] = ...")  [var-annotated]
src/rag/parse.py:570: error: Missing type arguments for generic type "list"  [type-arg]
src/rag/retrieve.py:59: error: Function is missing a type annotation for one or more parameters  [no-untyped-def]
src/rag/retrieve.py:78: error: Function is missing a type annotation for one or more parameters  [no-untyped-def]
src/rag/retrieve.py:104: error: Missing type arguments for generic type "list"  [type-arg]
src/rag/retrieve.py:132: error: Function is missing a type annotation for one or more parameters  [no-untyped-def]
src/rag/retrieve.py:132: error: Missing type arguments for generic type "list"  [type-arg]
src/rag/retrieve.py:182: error: Function is missing a type annotation for one or more parameters  [no-untyped-def]
src/rag/retrieve.py:198: error: Need type annotation for "chunks" (hint: "chunks: dict[<type>, <type>] = ...")  [var-annotated]
src/rag/retrieve.py:251: error: Incompatible types in assignment (expression has type "list[Any]", variable has type "dict[str, float]")  [assignment]
src/rag/retrieve.py:254: error: Argument 1 to "sorted" has incompatible type "range"; expected "Iterable[str]"  [arg-type]
src/rag/retrieve.py:254: note: Following member(s) of "range" have conflicts:
src/rag/retrieve.py:254: note:     Expected:
src/rag/retrieve.py:254: note:         def __iter__(self) -> Iterator[str]
src/rag/retrieve.py:254: note:     Got:
src/rag/retrieve.py:254: note:         def __iter__(self) -> Iterator[int]
src/rag/retrieve.py:262: error: No overload variant of "__getitem__" of "list" matches argument type "str"  [call-overload]
src/rag/retrieve.py:262: note: Possible overload variants:
src/rag/retrieve.py:262: note:     def __getitem__(self, SupportsIndex, /) -> str
src/rag/retrieve.py:262: note:     def __getitem__(self, slice[SupportsIndex | None, SupportsIndex | None, SupportsIndex | None], /) -> list[str]
src/rag/retrieve.py:266: error: No overload variant of "__getitem__" of "list" matches argument type "str"  [call-overload]
src/rag/retrieve.py:266: note: Possible overload variants:
src/rag/retrieve.py:266: note:     def __getitem__(self, SupportsIndex, /) -> str
src/rag/retrieve.py:266: note:     def __getitem__(self, slice[SupportsIndex | None, SupportsIndex | None, SupportsIndex | None], /) -> list[str]
src/rag/retrieve.py:279: error: Function is missing a type annotation for one or more parameters  [no-untyped-def]
src/rag/retrieve.py:291: error: Missing type arguments for generic type "dict"  [type-arg]
src/rag/retrieve.py:309: error: Function is missing a type annotation for one or more parameters  [no-untyped-def]
src/rag/retrieve.py:341: error: Missing type arguments for generic type "dict"  [type-arg]
src/rag/retrieve.py:373: error: Missing type arguments for generic type "dict"  [type-arg]
src/rag/retrieve.py:389: error: Function is missing a type annotation for one or more parameters  [no-untyped-def]
src/rag/retrieve.py:390: error: Missing type arguments for generic type "list"  [type-arg]
src/rag/retrieve.py:399: error: Missing type arguments for generic type "list"  [type-arg]
src/rag/retrieve.py:399: error: Missing type arguments for generic type "dict"  [type-arg]
src/rag/retrieve.py:411: error: Function is missing a type annotation for one or more parameters  [no-untyped-def]
src/rag/rerank.py:36: error: Function is missing a type annotation for one or more parameters  [no-untyped-def]
src/rag/rerank.py:40: error: Function is missing a return type annotation  [no-untyped-def]
src/rag/rerank.py:45: error: Call to untyped function "load_reranker" in typed context  [no-untyped-call]
src/rag/rerank.py:51: error: Call to untyped function "_load" in typed context  [no-untyped-call]
src/rag/embed.py:21: error: Function is missing a type annotation  [no-untyped-def]
src/rag/embed.py:22: error: Missing type arguments for generic type "list"  [type-arg]
src/rag/embed.py:45: error: Function is missing a type annotation  [no-untyped-def]
src/rag/embed.py:48: error: Call to untyped function "load_embedder" in typed context  [no-untyped-call]
src/rag/embed.py:59: error: Missing type arguments for generic type "tuple"  [type-arg]
src/rag/embed.py:60: error: Call to untyped function "load_embedder" in typed context  [no-untyped-call]
src/rag/embed.py:81: error: Call to untyped function "load_embedder" in typed context  [no-untyped-call]
src/rag/embed.py:84: error: Function is missing a return type annotation  [no-untyped-def]
src/rag/embed.py:103: error: Function is missing a return type annotation  [no-untyped-def]
src/rag/pipeline.py:22: error: Function is missing a type annotation for one or more parameters  [no-untyped-def]
src/rag/pipeline.py:44: error: Function is missing a type annotation for one or more parameters  [no-untyped-def]
src/rag/pipeline.py:102: error: Argument 1 to "purge_missing" of "SqliteStore" has incompatible type "set[str]"; expected "list[str]"  [arg-type]
src/rag/pipeline.py:113: error: Function is missing a type annotation  [no-untyped-def]
src/rag/pipeline.py:132: error: Function is missing a type annotation for one or more parameters  [no-untyped-def]
src/rag/pipeline.py:208: error: Call to untyped function "embed_texts" in typed context  [no-untyped-call]
src/rag/evaluate.py:46: error: Function is missing a type annotation for one or more parameters  [no-untyped-def]
src/rag/evaluate.py:46: error: Missing type arguments for generic type "dict"  [type-arg]
src/rag/evaluate.py:55: error: Function is missing a type annotation for one or more parameters  [no-untyped-def]
src/rag/evaluate.py:55: error: Missing type arguments for generic type "dict"  [type-arg]
src/rag/evaluate.py:56: error: Returning Any from function declared to return "dict[Any, Any]"  [no-any-return]
src/rag/evaluate.py:59: error: Function is missing a type annotation for one or more parameters  [no-untyped-def]
src/rag/evaluate.py:59: error: Missing type arguments for generic type "dict"  [type-arg]
src/rag/evaluate.py:66: error: Missing type arguments for generic type "dict"  [type-arg]
src/rag/evaluate.py:83: error: Missing type arguments for generic type "dict"  [type-arg]
src/rag/evaluate.py:101: error: Missing type arguments for generic type "dict"  [type-arg]
src/rag/evaluate.py:106: error: Missing type arguments for generic type "dict"  [type-arg]
src/rag/evaluate.py:133: error: Missing type arguments for generic type "dict"  [type-arg]
src/rag/evaluate.py:143: error: Missing type arguments for generic type "dict"  [type-arg]
src/rag/evaluate.py:162: error: Missing type arguments for generic type "dict"  [type-arg]
src/rag/evaluate.py:172: error: Missing type arguments for generic type "dict"  [type-arg]
src/rag/evaluate.py:179: error: Missing type arguments for generic type "dict"  [type-arg]
src/rag/evaluate.py:200: error: Function is missing a type annotation for one or more parameters  [no-untyped-def]
src/rag/evaluate.py:211: error: Function is missing a type annotation for one or more parameters  [no-untyped-def]
src/rag/evaluate.py:238: error: Missing type arguments for generic type "dict"  [type-arg]
src/rag/evaluate.py:270: error: Function is missing a type annotation for one or more parameters  [no-untyped-def]
src/rag/evaluate.py:273: error: Missing type arguments for generic type "list"  [type-arg]
src/rag/evaluate.py:275: error: Function is missing a type annotation  [no-untyped-def]
src/rag/evaluate.py:284: error: Argument 1 to "append" of "list" has incompatible type "tuple[Any, Any, float]"; expected "tuple[str, float]"  [arg-type]
src/rag/evaluate.py:292: error: Call to untyped function "clocked" in typed context  [no-untyped-call]
src/rag/evaluate.py:305: error: Call to untyped function "clocked" in typed context  [no-untyped-call]
src/rag/evaluate.py:328: error: Need more than 2 values to unpack (3 expected)  [misc]
src/rag/evaluate.py:385: error: Need more than 2 values to unpack (3 expected)  [misc]
src/rag/evaluate.py:428: error: Missing type arguments for generic type "list"  [type-arg]
src/rag/evaluate.py:434: error: Returning Any from function declared to return "float | None"  [no-any-return]
src/rag/evaluate.py:437: error: Function is missing a type annotation for one or more parameters  [no-untyped-def]
src/rag/evaluate.py:485: error: Missing type arguments for generic type "dict"  [type-arg]
src/rag/evaluate.py:511: error: Missing type arguments for generic type "dict"  [type-arg]
src/rag/evaluate.py:515: error: Missing type arguments for generic type "dict"  [type-arg]
src/rag/evaluate.py:517: error: Missing type arguments for generic type "dict"  [type-arg]
src/rag/evaluate.py:518: error: Missing type arguments for generic type "dict"  [type-arg]
src/rag/server.py:47: error: Function is missing a return type annotation  [no-untyped-def]
src/rag/server.py:61: error: Call to untyped function "load_embedder" in typed context  [no-untyped-call]
src/rag/server.py:151: error: Need type annotation for "TITLES" (hint: "TITLES: dict[<type>, <type>] = ...")  [var-annotated]
src/rag/server.py:154: error: Function is missing a type annotation for one or more parameters  [no-untyped-def]
src/rag/server.py:154: error: Missing type arguments for generic type "dict"  [type-arg]
src/rag/server.py:183: error: Function is missing a return type annotation  [no-untyped-def]
src/rag/server.py:183: error: Function is missing a type annotation for one or more parameters  [no-untyped-def]
src/rag/server.py:205: error: Call to untyped function "_iter_query_traced" in typed context  [no-untyped-call]
src/rag/server.py:220: error: Function is missing a type annotation  [no-untyped-def]
src/rag/server.py:467: error: Missing type arguments for generic type "dict"  [type-arg]
src/rag/server.py:471: error: Function is missing a type annotation for one or more parameters  [no-untyped-def]
src/rag/server.py:488: error: Function is missing a type annotation for one or more parameters  [no-untyped-def]
src/rag/server.py:488: error: Missing type arguments for generic type "dict"  [type-arg]
src/rag/server.py:497: error: Function is missing a type annotation  [no-untyped-def]
src/rag/server.py:537: error: Missing type arguments for generic type "dict"  [type-arg]
src/rag/server.py:580: error: Function is missing a type annotation  [no-untyped-def]
src/rag/server.py:581: error: Call to untyped function "query" in typed context  [no-untyped-call]
src/rag/server.py:585: error: Function is missing a return type annotation  [no-untyped-def]
src/rag/server.py:602: error: Function is missing a return type annotation  [no-untyped-def]
src/rag/server.py:609: error: Function is missing a return type annotation  [no-untyped-def]
src/rag/server.py:621: error: Function is missing a return type annotation  [no-untyped-def]
src/rag/server.py:635: error: Function is missing a type annotation  [no-untyped-def]
src/rag/server.py:636: error: Call to untyped function "_search" in typed context  [no-untyped-call]
src/rag/server.py:638: error: Function is missing a return type annotation  [no-untyped-def]
src/rag/server.py:639: error: Missing type arguments for generic type "Queue"  [type-arg]
src/rag/server.py:640: error: Missing type arguments for generic type "Queue"  [type-arg]
src/rag/server.py:706: error: Call to untyped function "gen" in typed context  [no-untyped-call]
src/rag/server.py:719: error: Function is missing a return type annotation  [no-untyped-def]
src/rag/server.py:745: error: Function is missing a return type annotation  [no-untyped-def]
src/rag/server.py:753: error: Function is missing a return type annotation  [no-untyped-def]
src/rag/server.py:772: error: Function is missing a return type annotation  [no-untyped-def]
src/rag/server.py:772: note: Use "-> None" if function does not return a value
src/rag/server.py:779: error: Call to untyped function "main" in typed context  [no-untyped-call]
src/rag/cli.py:21: error: Function is missing a type annotation for one or more parameters  [no-untyped-def]
src/rag/cli.py:68: error: Call to untyped function "query" in typed context  [no-untyped-call]
src/rag/cli.py:97: error: Function is missing a type annotation for one or more parameters  [no-untyped-def]
src/rag/cli.py:109: error: Function is missing a type annotation for one or more parameters  [no-untyped-def]
src/rag/cli.py:142: error: Function is missing a type annotation  [no-untyped-def]
src/rag/cli.py:176: error: Function is missing a return type annotation  [no-untyped-def]
src/rag/cli.py:176: error: Function is missing a type annotation for one or more parameters  [no-untyped-def]
src/rag/cli.py:204: error: Function is missing a type annotation for one or more parameters  [no-untyped-def]
src/rag/cli.py:214: error: Function is missing a return type annotation  [no-untyped-def]
src/rag/cli.py:214: error: Function is missing a type annotation for one or more parameters  [no-untyped-def]
src/rag/cli.py:226: error: Function is missing a type annotation for one or more parameters  [no-untyped-def]
src/rag/cli.py:238: error: Function is missing a type annotation  [no-untyped-def]
src/rag/cli.py:248: error: Function is missing a type annotation for one or more parameters  [no-untyped-def]
src/rag/cli.py:255: error: Returning Any from function declared to return "str"  [no-any-return]
Found 206 errors in 13 files (checked 26 source files)
