........................................................................ [ 39%]
..............................F......................................... [ 79%]
......................................                                   [100%]
================================ tests coverage ================================
______________ coverage: platform darwin, python 3.11.16-final-0 _______________

Name                      Stmts   Miss Branch BrPart  Cover   Missing
---------------------------------------------------------------------
src/rag/__init__.py           0      0      0      0   100%
src/rag/__main__.py           2      2      0      0     0%   1-3
src/rag/cache.py             43      4      6      0    92%   49-50, 53-54
src/rag/calibrate.py         68     35     30      8    48%   35, 39->33, 43, 45, 47, 57, 61-62, 64, 75-107, 111-113
src/rag/chunk.py            340     30    162     33    87%   49, 91-100, 157, 183, 211, 221, 226->228, 247->246, 251, 279, 284-285, 297->299, 332-335, 363, 366-367, 369, 402, 405, 425, 435->442, 450->452, 453->455, 456, 466->476, 477, 480, 490->499, 493->495, 496->498, 504, 509->534, 516-517, 523, 532
src/rag/cli.py              186    120     64      4    30%   65->94, 66, 69-74, 76-78, 85-90, 110-173, 177-201, 205-211, 215-223, 227-245, 249-255
src/rag/embed.py             74     31     28      2    58%   44, 53, 59-68, 73-80, 84, 92-94, 99-107, 111-113, 118-122, 126-133
src/rag/evaluate.py         379     84    180     37    73%   50->48, 62, 76->80, 77->76, 92-93, 96, 121-122, 151, 157->159, 184, 186, 188, 215, 223, 262, 265, 286, 302->294, 326, 340, 376-392, 429-434, 438-460, 475->474, 477-478, 500, 506, 528, 543, 549-550, 555-556, 562, 564-568, 570, 572->607, 577, 585, 594, 602, 612-628, 636-638
src/rag/gates.py            206     38    100     12    78%   60, 73, 79, 83, 88, 93, 106->100, 120, 127-146, 167, 234-238, 290, 305-311
src/rag/generate.py          63     31     14      1    45%   22, 26-32, 47-51, 68, 81-82, 90-101, 105-107
src/rag/health.py            50      1     10      2    95%   40->exit, 78
src/rag/html_parse.py       113     27     66     18    70%   52, 58-60, 62->64, 66-67, 69, 71, 75->exit, 84, 86-88, 90-92, 94-97, 102->104, 106-110, 119->exit, 122->exit, 129, 131, 142
src/rag/layout.py           146     20     62     11    84%   43, 49, 65, 69, 107, 114->112, 142, 145-146, 151, 170-176, 181-182, 184, 187, 198
src/rag/models.py           117      1      2      1    98%   142
src/rag/normalize.py         30      0     14      0   100%
src/rag/ocr.py               66     22     18      2    64%   27-28, 33, 61-62, 70-72, 80-96
src/rag/onnx_backend.py      24     24      4      0     0%   7-37
src/rag/parse.py            432     50    204     36    85%   28, 45-46, 99->101, 102->104, 110->112, 120->122, 125-129, 136-137, 139->91, 158, 163-164, 168->167, 172, 174->165, 182-183, 187-190, 194, 214->217, 235->249, 286, 301-302, 318-319, 322-323, 332->330, 339->341, 351->349, 354->326, 358->356, 373, 379, 389, 412->409, 424-425, 431->436, 434, 443->436, 487, 494, 498, 502, 535-537, 548-550, 565->561, 571-576
src/rag/pipeline.py         197     26     74     18    82%   30, 38, 41, 69, 101->105, 131, 133, 200, 202, 209-210, 214, 260-264, 272, 274, 276, 281, 301-302, 309-310, 312, 321
src/rag/queue.py             28      4      2      0    87%   36-37, 40-41
src/rag/rerank.py            40      5      8      3    83%   43-46, 50, 68
src/rag/retrieve.py         283     22    130     17    90%   37, 50, 53, 80, 98->101, 118, 123-128, 145, 174-178, 196, 212->214, 249, 253, 256->258, 274, 346, 419
src/rag/server.py           388    199     84     12    48%   49-77, 108, 112, 116, 120, 124-131, 197, 237-238, 254->256, 270-283, 288, 345, 346->351, 352-356, 359, 362-401, 451->453, 468, 472-485, 489-534, 547-556, 560, 564-570, 581, 586-598, 603-605, 610-617, 622-705, 714-715, 720-730, 746-749, 762-769, 773-775, 779
src/rag/store.py            344     72    124     30    76%   80, 96->99, 103-104, 107-108, 128, 130-134, 143-145, 165, 188, 190, 193, 319-321, 336-338, 340, 358-383, 400, 453, 456, 469, 472, 476-477, 486, 500, 531, 545-567, 571, 586, 617, 622, 711-712, 762-764, 768-770, 818, 820, 827-828, 833->832
src/rag/telemetry.py        203     28     56      7    85%   91, 100-103, 112, 116, 123-146, 175, 226-238, 327, 348, 369
src/rag/versions.py         408     30    200     33    89%   67, 73, 79, 96, 101, 110, 113, 115, 120, 154->exit, 231-252, 375->380, 377->375, 381, 388->384, 396, 402, 405, 407, 426, 429, 431->423, 434->423, 438, 459, 461, 544, 549, 558, 578, 581, 658->exit, 676->exit
---------------------------------------------------------------------
TOTAL                      4230    906   1642    287    76%
=========================== short test summary info ============================
FAILED tests/test_pipeline.py::test_a_different_model_refuses_the_index - Fai...
1 failed, 181 passed in 1.86s
