
==================================== ERRORS ====================================
__________________ ERROR collecting tests/test_branch_gaps.py __________________
.venv/lib/python3.11/site-packages/_pytest/python.py:508: in importtestmodule
    mod = import_path(
.venv/lib/python3.11/site-packages/_pytest/pathlib.py:596: in import_path
    importlib.import_module(module_name)
../../.local/share/uv/python/cpython-3.11.16-macos-aarch64-none/lib/python3.11/importlib/__init__.py:126: in import_module
    return _bootstrap._gcd_import(name[level:], package, level)
           ^^^^^^^^^^^^^^^^^^^^^^^^^^^^^^^^^^^^^^^^^^^^^^^^^^^^
<frozen importlib._bootstrap>:1204: in _gcd_import
    ???
<frozen importlib._bootstrap>:1176: in _find_and_load
    ???
<frozen importlib._bootstrap>:1147: in _find_and_load_unlocked
    ???
<frozen importlib._bootstrap>:690: in _load_unlocked
    ???
.venv/lib/python3.11/site-packages/_pytest/assertion/rewrite.py:179: in exec_module
    source_stat, co = _rewrite_test(fn, self.config)
                      ^^^^^^^^^^^^^^^^^^^^^^^^^^^^^^
.venv/lib/python3.11/site-packages/_pytest/assertion/rewrite.py:348: in _rewrite_test
    tree = ast.parse(source, filename=strfn)
           ^^^^^^^^^^^^^^^^^^^^^^^^^^^^^^^^^
../../.local/share/uv/python/cpython-3.11.16-macos-aarch64-none/lib/python3.11/ast.py:50: in parse
    return compile(source, filename, mode, flags,
E     File "/Users/atharv.raotole/Desktop/RAG-WEEK6/tests/test_branch_gaps.py", line 245
E       return [[[[0, 0], "line", 0.5]]], None]
E                                             ^
E   SyntaxError: unmatched ']'
=========================== short test summary info ============================
ERROR tests/test_branch_gaps.py
!!!!!!!!!!!!!!!!!!!! Interrupted: 1 error during collection !!!!!!!!!!!!!!!!!!!!
1 error in 0.08s
