[1m[91mF401[0m [[1m[96m*[0m][1m `pathlib.Path` imported but unused[0m
 [1m[94m--> [0mtests/test_branch_gaps.py:7:21
  [1m[94m|[0m
[1m[94m5[0m [1m[94m|[0m import sys
[1m[94m6[0m [1m[94m|[0m import types
[1m[94m7[0m [1m[94m|[0m from pathlib import Path
  [1m[94m|[0m                     [1m[91m^^^^[0m
[1m[94m8[0m [1m[94m|[0m
[1m[94m9[0m [1m[94m|[0m import pytest
  [1m[94m|[0m
[1m[96mhelp[0m[1m: Remove unused import: `pathlib.Path`[0m
[1m[94m [0m [1m[94m|[0m
[1m[94m6[0m [1m[94m|[0m import types
[1m[94m [0m [1m[31m-[0m [31mfrom pathlib import Path
[0m[1m[94m7[0m [1m[94m|[0m
[1m[94m [0m [1m[94m|[0m

[1m[91mI001[0m [[1m[96m*[0m][1m Import block is un-sorted or un-formatted[0m
   [1m[94m--> [0mtests/test_branch_gaps.py:256:5
    [1m[94m|[0m
[1m[94m255[0m [1m[94m|[0m def test_embed_stub_model_and_bad_encoder(monkeypatch):
[1m[94m256[0m [1m[94m|[0m     from rag.embed import count_tokens, encode_documents, encode_query, embed_texts, reset_caches
    [1m[94m|[0m     [1m[91m^^^^^^^^^^^^^^^^^^^^^^^^^^^^^^^^^^^^^^^^^^^^^^^^^^^^^^^^^^^^^^^^^^^^^^^^^^^^^^^^^^^^^^^^^^^^^[0m
[1m[94m257[0m [1m[94m|[0m
[1m[94m258[0m [1m[94m|[0m     class Model:
    [1m[94m|[0m
[1m[96mhelp[0m[1m: Organize imports[0m
[1m[94m   [0m [1m[94m|[0m
[1m[94m255[0m [1m[94m|[0m def test_embed_stub_model_and_bad_encoder(monkeypatch):
[1m[94m   [0m [1m[31m-[0m [31m    from rag.embed import count_tokens, encode_documents, encode_query, embed_texts, reset_caches
[0m[1m[94m256[0m [1m[32m+[0m [32m    from rag.embed import (
[0m[1m[94m257[0m [1m[32m+[0m [32m        count_tokens,
[0m[1m[94m258[0m [1m[32m+[0m [32m        embed_texts,
[0m[1m[94m259[0m [1m[32m+[0m [32m        encode_documents,
[0m[1m[94m260[0m [1m[32m+[0m [32m        encode_query,
[0m[1m[94m261[0m [1m[32m+[0m [32m        reset_caches,
[0m[1m[94m262[0m [1m[32m+[0m [32m    )
[0m[1m[94m263[0m [1m[94m|[0m
[1m[94m   [0m [1m[94m|[0m

Found 2 errors.
[[36m*[0m] 2 fixable with the `--fix` option.
