........................................................................ [ 36%]
........................................................................ [ 72%]
......................................................                   [100%]
================================ tests coverage ================================
______________ coverage: platform darwin, python 3.11.16-final-0 _______________

Name                    Stmts   Miss Branch BrPart  Cover   Missing
-------------------------------------------------------------------
src/rag/calibrate.py       68      7     30      7    86%   35, 39->33, 43, 57, 79-80, 86-87, 91->106
src/rag/chunk.py          341     30    162     33    87%   54, 101-110, 177, 205, 233, 245, 250->252, 271->270, 275, 311, 316-317, 329->331, 366-369, 402, 405-406, 408, 452, 455, 483, 493->500, 508->510, 511->513, 514, 530->540, 541, 544, 554->563, 557->559, 560->562, 576, 581->606, 588-589, 595, 604
src/rag/cli.py            189    120     64      4    30%   69->98, 70, 73-78, 80-82, 89-94, 114-177, 185-209, 215-221, 230-238, 242-260, 264-270
src/rag/embed.py           74     13     28      3    80%   53, 60, 100-102, 111-113, 118-122, 129-130, 133
src/rag/evaluate.py       382     84    180     37    73%   53->51, 65, 81->85, 82->81, 97-98, 101, 126-127, 156, 162->164, 189, 191, 193, 220, 228, 267, 270, 298, 314->306, 338, 352, 388-404, 441-446, 450-472, 487->486, 489-490, 512, 518, 540, 555, 561-562, 567-568, 574, 576-580, 582, 584->619, 589, 597, 606, 614, 624-640, 648-650
src/rag/gates.py          206     38    100     12    78%   60, 73, 79, 83, 88, 93, 106->100, 120, 127-146, 167, 234-238, 290, 305-311
src/rag/generate.py        63      1     14      3    95%   51, 91->exit, 100->91
src/rag/html_parse.py     113     27     66     18    70%   52, 58-60, 62->64, 66-67, 69, 71, 75->exit, 84, 86-88, 90-92, 94-97, 102->104, 106-110, 119->exit, 122->exit, 129, 131, 142
src/rag/layout.py         146     14     62      8    89%   65, 69, 107, 142, 145-146, 151, 175-176, 181-182, 184, 187, 198
src/rag/ocr.py             66      1     18      2    96%   85, 90->88
src/rag/parse.py          434     50    204     36    85%   30, 47-48, 101->103, 104->106, 112->114, 122->124, 127-131, 138-139, 141->93, 160, 165-166, 170->169, 174, 176->167, 184-185, 189-192, 196, 216->219, 237->251, 290, 305-306, 322-323, 326-327, 336->334, 343->345, 355->353, 358->330, 362->360, 377, 383, 393, 416->413, 428-429, 435->440, 438, 447->440, 491, 498, 502, 506, 539-541, 552-554, 569->565, 575-580
src/rag/pipeline.py       196     23     70     15    84%   38, 41, 69, 101->105, 202, 204, 211-212, 216, 262-266, 274, 276, 278, 283, 303-304, 311-312, 314, 323
src/rag/retrieve.py       286     22    130     17    90%   40, 53, 56, 90, 108->111, 128, 133-138, 159, 188-192, 218, 234->236, 271, 277, 280->282, 298, 378, 469
src/rag/server.py         391    199     84     12    48%   52-80, 111, 115, 119, 123, 127-134, 200, 240-241, 257->259, 273-286, 291, 348, 349->354, 355-359, 362, 365-404, 454->456, 471, 480-493, 502-547, 560-569, 573, 577-583, 594, 599-611, 616-618, 623-630, 635-718, 727-728, 735-745, 761-764, 777-784, 788-790, 794
src/rag/store.py          346     67    126     28    78%   128, 130-134, 143-145, 165, 188, 190, 193, 319-321, 336-338, 340, 358-383, 400, 453, 456, 469, 472, 476-477, 486, 500, 531, 545-567, 571, 586, 617, 622, 711-712, 763-765, 769-771, 819, 821, 828-829, 834->833
src/rag/telemetry.py      203     11     56      4    93%   100-103, 116, 125, 145-146, 175, 327, 369
src/rag/versions.py       412     30    200     33    89%   74, 80, 86, 103, 108, 117, 120, 122, 127, 161->exit, 239-260, 383->388, 385->383, 389, 396->392, 404, 410, 413, 415, 434, 437, 439->431, 442->431, 446, 467, 469, 552, 557, 566, 586, 589, 666->exit, 684->exit
-------------------------------------------------------------------
TOTAL                    4250    737   1640    272    80%

9 files skipped due to complete coverage.
198 passed in 1.86s
