................F..FF..F.                                                [100%]
=================================== FAILURES ===================================
E   AssertionError: assert '' == 'John Speight [1]'
      
      - John Speight [1]
----------------------------- Captured stdout call -----------------------------
{"ts": "2026-09-23T12:07:26.290325+00:00", "event": "query_start", "mode": "rrf", "trace_id": "01a0ce29-e152-7f35-a847-20842c3d4e21"}
{"ts": "2026-09-23T12:07:26.290363+00:00", "event": "retrieve", "request_id": "01a0ce29-e152-7f35-a847-20842c3d4e21", "trace_id": "01a0ce29-e152-7f35-a847-20842c3d4e21", "mode": "rrf", "retrieve_ms": 0, "hits": 1, "reason": ""}
/Users/atharv.raotole/Desktop/RAG-WEEK6/tests/test_server.py:98: AssertionError: assert '' == 'John Speight [1]'
E   AssertionError: assert '' == 'The documents do not say.'
      
      - The documents do not say.
----------------------------- Captured stdout call -----------------------------
{"ts": "2026-09-23T12:07:26.293038+00:00", "event": "query_start", "mode": "rrf", "trace_id": "01a0ce29-e155-7daa-b8d1-bf4f44191d8b"}
{"ts": "2026-09-23T12:07:26.293074+00:00", "event": "retrieve", "request_id": "01a0ce29-e155-7daa-b8d1-bf4f44191d8b", "trace_id": "01a0ce29-e155-7daa-b8d1-bf4f44191d8b", "mode": "rrf", "retrieve_ms": 0, "hits": 1, "reason": ""}
/Users/atharv.raotole/Desktop/RAG-WEEK6/tests/test_server.py:110: AssertionError: assert '' == 'The documents do not say.'
E   AssertionError: assert {'search': 2, 'write': 0} == {'search': 2, 'write': 2}
      
      Omitting 1 identical items, use -vv to show
      Differing items:
      {'write': 0} != {'write': 2}
      Use -v to get more diff
----------------------------- Captured stdout call -----------------------------
{"ts": "2026-09-23T12:07:26.294182+00:00", "event": "query_start", "mode": "rrf", "trace_id": "01a0ce29-e156-7bbf-acf1-89bf3d9103f2"}
{"ts": "2026-09-23T12:07:26.294218+00:00", "event": "retrieve", "request_id": "01a0ce29-e156-7bbf-acf1-89bf3d9103f2", "trace_id": "01a0ce29-e156-7bbf-acf1-89bf3d9103f2", "mode": "rrf", "retrieve_ms": 0, "hits": 1, "reason": ""}
{"ts": "2026-09-23T12:07:26.294251+00:00", "event": "query_start", "mode": "rrf", "trace_id": "01a0ce29-e156-7e22-8462-c49ddabe8e52"}
{"ts": "2026-09-23T12:07:26.294277+00:00", "event": "query_start", "mode": "rrf", "trace_id": "01a0ce29-e156-739d-bc7d-05416115a91d"}
{"ts": "2026-09-23T12:07:26.294298+00:00", "event": "retrieve", "request_id": "01a0ce29-e156-739d-bc7d-05416115a91d", "trace_id": "01a0ce29-e156-739d-bc7d-05416115a91d", "mode": "rrf", "retrieve_ms": 0, "hits": 1, "reason": ""}
/Users/atharv.raotole/Desktop/RAG-WEEK6/tests/test_server.py:76: AssertionError: assert {'search': 2, 'write': 0} == {'search': 2, 'write': 2}
E   AssertionError: assert '2040' in ''
----------------------------- Captured stdout call -----------------------------
{"ts": "2026-09-23T12:07:26.296634+00:00", "event": "query_start", "mode": "rrf", "trace_id": "01a0ce29-e158-73db-9e93-849446595744"}
{"ts": "2026-09-23T12:07:26.296672+00:00", "event": "retrieve", "request_id": "01a0ce29-e158-73db-9e93-849446595744", "trace_id": "01a0ce29-e158-73db-9e93-849446595744", "mode": "rrf", "retrieve_ms": 0, "hits": 2, "reason": ""}
/Users/atharv.raotole/Desktop/RAG-WEEK6/tests/test_server.py:229: AssertionError: assert '2040' in ''
=============================== warnings summary ===============================
tests/test_cov_server.py::test_server_main_guard
  <frozen runpy>:128: RuntimeWarning: 'rag.server' found in sys.modules after import of package 'rag', but prior to execution of 'rag.server'; this may result in unpredictable behaviour

-- Docs: https://docs.pytest.org/en/stable/how-to/capture-warnings.html
================================ tests coverage ================================
______________ coverage: platform darwin, python 3.11.16-final-0 _______________

Name                Stmts   Miss Branch BrPart  Cover   Missing
---------------------------------------------------------------
src/rag/cli.py        189      0     64      0   100%
src/rag/server.py     391      8     84      3    97%   142, 146-151, 454->456, 705
---------------------------------------------------------------
TOTAL                 580      8    148      3    98%
=========================== short test summary info ============================
FAILED tests/test_server.py::test_gate_cites_a_supported_uncited_answer - Ass...
FAILED tests/test_server.py::test_gate_withholds_an_unsupported_uncited_answer
FAILED tests/test_server.py::test_repeat_skips_retrieve_and_writer - Assertio...
FAILED tests/test_server.py::test_carbon_neutrality_conflict_discloses_2040_and_2050
4 failed, 21 passed, 1 warning in 0.48s
