.F...................................................................... [ 93%]
.....                                                                    [100%]
=================================== FAILURES ===================================
E   AssertionError: assert 'abc xyz [1]' == 'abc xyz'
      
      - abc xyz
      + abc xyz [1]
      ?        ++++
/Users/atharv.raotole/Desktop/RAG-WEEK6/tests/test_cov_gates.py:48: AssertionError: assert 'abc xyz [1]' == 'abc xyz'
================================ tests coverage ================================
______________ coverage: platform darwin, python 3.11.16-final-0 _______________

Name                  Stmts   Miss Branch BrPart  Cover   Missing
-----------------------------------------------------------------
src/rag/chunk.py        332      0    148      0   100%
src/rag/gates.py        204      4     98      4    96%   126-128, 138->136, 142->144, 165
src/rag/retrieve.py     285      0    128      0   100%
-----------------------------------------------------------------
TOTAL                   821      4    374      4    99%
=========================== short test summary info ============================
FAILED tests/test_cov_gates.py::test_phrase_and_token_overlap_choose_a_current_passage
1 failed, 76 passed in 0.23s
