........................................................................ [ 26%]
........................................................................ [ 52%]
........................................................................ [ 78%]
...........................................................              [100%]
=============================== warnings summary ===============================
tests/test_cov_server.py::test_server_main_guard
  <frozen runpy>:128: RuntimeWarning: 'rag.server' found in sys.modules after import of package 'rag', but prior to execution of 'rag.server'; this may result in unpredictable behaviour

-- Docs: https://docs.pytest.org/en/stable/how-to/capture-warnings.html
================================ tests coverage ================================
______________ coverage: platform darwin, python 3.11.16-final-0 _______________

Name                      Stmts   Miss Branch BrPart  Cover   Missing
---------------------------------------------------------------------
src/rag/__init__.py           0      0      0      0   100%
src/rag/__main__.py           2      0      0      0   100%
src/rag/cache.py             43      0      6      0   100%
src/rag/calibrate.py         66      0     28      0   100%
src/rag/chunk.py            332      0    148      0   100%
src/rag/cli.py              189      0     64      0   100%
src/rag/embed.py             74      1     28      1    98%   130
src/rag/evaluate.py         381      0    178      0   100%
src/rag/gates.py            204      0     98      0   100%
src/rag/generate.py          63      1     14      3    95%   51, 91->exit, 100->91
src/rag/health.py            50      0     10      0   100%
src/rag/html_parse.py       113      2     66      2    98%   52, 84
src/rag/layout.py           146      2     62      0    99%   175-176
src/rag/models.py           117      0      2      0   100%
src/rag/normalize.py         30      0     14      0   100%
src/rag/ocr.py               66      1     18      2    96%   85, 90->88
src/rag/onnx_backend.py      24      0      4      0   100%
src/rag/parse.py            434      0    204      3    99%   216->219, 362->360, 435->440
src/rag/pipeline.py         196      0     70      0   100%
src/rag/queue.py             28      0      2      0   100%
src/rag/rerank.py            40      0      8      0   100%
src/rag/retrieve.py         285      0    128      0   100%
src/rag/server.py           391      0     84      0   100%
src/rag/store.py            346      4    126      2    99%   336-338, 469
src/rag/telemetry.py        203      0     56      0   100%
src/rag/versions.py         412     29    200     32    89%   74, 80, 86, 103, 108, 117, 120, 122, 161->exit, 239-260, 383->388, 385->383, 389, 396->392, 404, 410, 413, 415, 434, 437, 439->431, 442->431, 446, 467, 469, 552, 557, 566, 586, 589, 666->exit, 684->exit
---------------------------------------------------------------------
TOTAL                      4235     40   1618     45    98%
275 passed, 1 warning in 3.14s
