........................................................................ [ 24%]
.............FF.F..............................F.........{"ts": "2026-09-23T12:55:03.771173+00:00", "event": "retrieve", "request_id": "01a0ce55-7a8d-79f1-a075-33a4a666edd0", "trace_id": "01a0ce55-7a8d-79f1-a075-33a4a666edd0", "mode": "rrf", "retrieve_ms": 205, "hits": 0, "reason": "no_confident_hit"}
............... [ 49%]
........................................................................ [ 73%]
........................................................................ [ 98%]
....
ERROR: Coverage failure: total of 98 is less than fail-under=100
                                                                         [100%]
=================================== FAILURES ===================================
E   Failed: DID NOT RAISE IngestError
/Users/atharv.raotole/Desktop/RAG-WEEK6/tests/test_cov_pipeline.py:47: Failed: DID NOT RAISE IngestError
E   AssertionError: Regex pattern did not match.
      Expected regex: 'no chunks'
      Actual message: '/private/var/folders/s5/4_hmsf7j2qx8wnb21t6grg6m0000gp/T/pytest-of-atharv.raotole/pytest-932/test_ingest_gates_and_single_f0/blank.md: no text'
----------------------------- Captured stdout call -----------------------------
{"ts": "2026-09-23T12:55:03.340988+00:00", "event": "ingest_start", "file_total": 0, "trace_id": "01a0ce55-79ac-714e-99d4-a0e41bca4d67"}
{"ts": "2026-09-23T12:55:03.341051+00:00", "event": "ingest_done", "files": 0, "trace_id": "01a0ce55-79ac-714e-99d4-a0e41bca4d67"}
{"ts": "2026-09-23T12:55:03.343599+00:00", "event": "ingest_start", "file_total": 1, "trace_id": "01a0ce55-79af-7a96-ba54-a10d523f45cd"}
{"ts": "2026-09-23T12:55:03.343618+00:00", "event": "ingest_progress", "file": "note.md", "file_index": 1, "file_total": 1, "trace_id": "01a0ce55-79af-7a96-ba54-a10d523f45cd"}
{"ts": "2026-09-23T12:55:03.343865+00:00", "trace_id": "01a0ce55-79af-7a96-ba54-a10d523f45cd", "stage": "parse", "event": "start", "file": "note.md", "file_index": 1, "file_total": 1}
{"ts": "2026-09-23T12:55:03.344037+00:00", "event": "ingest_page", "file": "note.md", "file_index": 1, "file_total": 1, "page": 1, "page_total": 1, "trace_id": "01a0ce55-79af-7a96-ba54-a10d523f45cd"}
{"ts": "2026-09-23T12:55:03.344068+00:00", "trace_id": "01a0ce55-79af-7a96-ba54-a10d523f45cd", "stage": "parse", "event": "finish", "duration_ms": 0.202, "file": "note.md", "file_index": 1, "file_total": 1, "page_total": 1, "layout_escalations": 0, "ocr_pages": 0}
{"ts": "2026-09-23T12:55:03.344099+00:00", "trace_id": "01a0ce55-79af-7a96-ba54-a10d523f45cd", "stage": "normalize", "event": "start", "file": "note.md"}
{"ts": "2026-09-23T12:55:03.344199+00:00", "trace_id": "01a0ce55-79af-7a96-ba54-a10d523f45cd", "stage": "normalize", "event": "finish", "duration_ms": 0.099, "file": "note.md"}
{"ts": "2026-09-23T12:55:03.344238+00:00", "trace_id": "01a0ce55-79af-7a96-ba54-a10d523f45cd", "stage": "chunk", "event": "start", "file": "note.md"}
{"ts": "2026-09-23T12:55:03.344359+00:00", "trace_id": "01a0ce55-79af-7a96-ba54-a10d523f45cd", "stage": "chunk", "event": "finish", "duration_ms": 0.12, "file": "note.md", "chunks": 1}
{"ts": "2026-09-23T12:55:03.344384+00:00", "trace_id": "01a0ce55-79af-7a96-ba54-a10d523f45cd", "stage": "contextualize", "event": "start", "file": "note.md", "skipped": true}
{"ts": "2026-09-23T12:55:03.344457+00:00", "trace_id": "01a0ce55-79af-7a96-ba54-a10d523f45cd", "stage": "contextualize", "event": "finish", "duration_ms": 0.071, "file": "note.md", "skipped": true, "reason": "contextual_disabled"}
{"ts": "2026-09-23T12:55:03.344489+00:00", "trace_id": "01a0ce55-79af-7a96-ba54-a10d523f45cd", "stage": "embed", "event": "start", "candidates_in": 1, "model": "test-embed", "file": "note.md"}
{"ts": "2026-09-23T12:55:03.344616+00:00", "trace_id": "01a0ce55-79af-7a96-ba54-a10d523f45cd", "stage": "embed", "event": "finish", "duration_ms": 0.126, "candidates_in": 1, "candidates_out": 1, "model": "test-embed", "file": "note.md", "cache_hit_rate": null}
{"ts": "2026-09-23T12:55:03.344929+00:00", "event": "ingest_file_done", "file": "note.md", "file_index": 1, "file_total": 1, "chunks": 1, "layout_escalations": 0, "ocr_pages": 0, "trace_id": "01a0ce55-79af-7a96-ba54-a10d523f45cd"}
{"ts": "2026-09-23T12:55:03.345000+00:00", "event": "ingest_done", "files": 1, "trace_id": "01a0ce55-79af-7a96-ba54-a10d523f45cd"}
{"ts": "2026-09-23T12:55:03.346147+00:00", "event": "ingest_start", "file_total": 1, "trace_id": "01a0ce55-79b2-7143-ad04-c4c6e015c430"}
{"ts": "2026-09-23T12:55:03.346162+00:00", "event": "ingest_progress", "file": "note.md", "file_index": 1, "file_total": 1, "trace_id": "01a0ce55-79b2-7143-ad04-c4c6e015c430"}
{"ts": "2026-09-23T12:55:03.346372+00:00", "event": "ingest_skip", "file": "note.md", "file_index": 1, "file_total": 1, "cache_hit": true, "trace_id": "01a0ce55-79b2-7143-ad04-c4c6e015c430"}
{"ts": "2026-09-23T12:55:03.346429+00:00", "event": "ingest_done", "files": 1, "trace_id": "01a0ce55-79b2-7143-ad04-c4c6e015c430"}
{"ts": "2026-09-23T12:55:03.348548+00:00", "event": "ingest_start", "file_total": 1, "trace_id": "01a0ce55-79b4-7707-9533-257ad9f1f14a"}
{"ts": "2026-09-23T12:55:03.348563+00:00", "event": "ingest_progress", "file": "blank.md", "file_index": 1, "file_total": 1, "trace_id": "01a0ce55-79b4-7707-9533-257ad9f1f14a"}
{"ts": "2026-09-23T12:55:03.348786+00:00", "trace_id": "01a0ce55-79b4-7707-9533-257ad9f1f14a", "stage": "parse", "event": "start", "file": "blank.md", "file_index": 1, "file_total": 1}
{"ts": "2026-09-23T12:55:03.348928+00:00", "trace_id": "01a0ce55-79b4-7707-9533-257ad9f1f14a", "stage": "parse", "event": "error", "duration_ms": 0.142, "file": "blank.md", "file_index": 1, "file_total": 1, "error_type": "IngestError", "error": "/private/var/folders/s5/4_hmsf7j2qx8wnb21t6grg6m0000gp/T/pytest-of-atharv.raotole/pytest-932/test_ingest_gates_and_single_f0/blank.md: no text"}
/Users/atharv.raotole/Desktop/RAG-WEEK6/tests/test_cov_pipeline.py:95: AssertionError: Regex pattern did not match.
E   AssertionError: assert 'alias.md' in {'inner/also.md', 'keep.md', 'real.md'}
----------------------------- Captured stdout call -----------------------------
{"ts": "2026-09-23T12:55:03.362321+00:00", "event": "ingest_start", "file_total": 4, "trace_id": "01a0ce55-79c2-7830-b514-eff5f8dee75f"}
{"ts": "2026-09-23T12:55:03.362343+00:00", "event": "ingest_progress", "file": "alias.md", "file_index": 1, "file_total": 4, "trace_id": "01a0ce55-79c2-7830-b514-eff5f8dee75f"}
{"ts": "2026-09-23T12:55:03.362596+00:00", "trace_id": "01a0ce55-79c2-7830-b514-eff5f8dee75f", "stage": "parse", "event": "start", "file": "real.md", "file_index": 1, "file_total": 4}
{"ts": "2026-09-23T12:55:03.362731+00:00", "event": "ingest_page", "file": "real.md", "file_index": 1, "file_total": 4, "page": 1, "page_total": 1, "trace_id": "01a0ce55-79c2-7830-b514-eff5f8dee75f"}
{"ts": "2026-09-23T12:55:03.362753+00:00", "trace_id": "01a0ce55-79c2-7830-b514-eff5f8dee75f", "stage": "parse", "event": "finish", "duration_ms": 0.157, "file": "real.md", "file_index": 1, "file_total": 4, "page_total": 1, "layout_escalations": 0, "ocr_pages": 0}
{"ts": "2026-09-23T12:55:03.362790+00:00", "trace_id": "01a0ce55-79c2-7830-b514-eff5f8dee75f", "stage": "normalize", "event": "start", "file": "real.md"}
{"ts": "2026-09-23T12:55:03.362851+00:00", "trace_id": "01a0ce55-79c2-7830-b514-eff5f8dee75f", "stage": "normalize", "event": "finish", "duration_ms": 0.061, "file": "real.md"}
{"ts": "2026-09-23T12:55:03.362880+00:00", "trace_id": "01a0ce55-79c2-7830-b514-eff5f8dee75f", "stage": "chunk", "event": "start", "file": "real.md"}
{"ts": "2026-09-23T12:55:03.362952+00:00", "trace_id": "01a0ce55-79c2-7830-b514-eff5f8dee75f", "stage": "chunk", "event": "finish", "duration_ms": 0.071, "file": "real.md", "chunks": 1}
{"ts": "2026-09-23T12:55:03.362978+00:00", "trace_id": "01a0ce55-79c2-7830-b514-eff5f8dee75f", "stage": "contextualize", "event": "start", "file": "real.md", "skipped": true}
{"ts": "2026-09-23T12:55:03.363029+00:00", "trace_id": "01a0ce55-79c2-7830-b514-eff5f8dee75f", "stage": "contextualize", "event": "finish", "duration_ms": 0.05, "file": "real.md", "skipped": true, "reason": "contextual_disabled"}
{"ts": "2026-09-23T12:55:03.363056+00:00", "trace_id": "01a0ce55-79c2-7830-b514-eff5f8dee75f", "stage": "embed", "event": "start", "candidates_in": 1, "model": "test-embed", "file": "real.md"}
{"ts": "2026-09-23T12:55:03.363146+00:00", "trace_id": "01a0ce55-79c2-7830-b514-eff5f8dee75f", "stage": "embed", "event": "finish", "duration_ms": 0.089, "candidates_in": 1, "candidates_out": 1, "model": "test-embed", "file": "real.md", "cache_hit_rate": null}
{"ts": "2026-09-23T12:55:03.363422+00:00", "event": "ingest_file_done", "file": "real.md", "file_index": 1, "file_total": 4, "chunks": 1, "layout_escalations": 0, "ocr_pages": 0, "trace_id": "01a0ce55-79c2-7830-b514-eff5f8dee75f"}
{"ts": "2026-09-23T12:55:03.363437+00:00", "event": "ingest_progress", "file": "also.md", "file_index": 2, "file_total": 4, "trace_id": "01a0ce55-79c2-7830-b514-eff5f8dee75f"}
{"ts": "2026-09-23T12:55:03.363644+00:00", "trace_id": "01a0ce55-79c2-7830-b514-eff5f8dee75f", "stage": "parse", "event": "start", "file": "inner/also.md", "file_index": 2, "file_total": 4}
{"ts": "2026-09-23T12:55:03.363760+00:00", "event": "ingest_page", "file": "inner/also.md", "file_index": 2, "file_total": 4, "page": 1, "page_total": 1, "trace_id": "01a0ce55-79c2-7830-b514-eff5f8dee75f"}
{"ts": "2026-09-23T12:55:03.363778+00:00", "trace_id": "01a0ce55-79c2-7830-b514-eff5f8dee75f", "stage": "parse", "event": "finish", "duration_ms": 0.133, "file": "inner/also.md", "file_index": 2, "file_total": 4, "page_total": 1, "layout_escalations": 0, "ocr_pages": 0}
{"ts": "2026-09-23T12:55:03.363807+00:00", "trace_id": "01a0ce55-79c2-7830-b514-eff5f8dee75f", "stage": "normalize", "event": "start", "file": "inner/also.md"}
{"ts": "2026-09-23T12:55:03.363858+00:00", "trace_id": "01a0ce55-79c2-7830-b514-eff5f8dee75f", "stage": "normalize", "event": "finish", "duration_ms": 0.051, "file": "inner/also.md"}
{"ts": "2026-09-23T12:55:03.363883+00:00", "trace_id": "01a0ce55-79c2-7830-b514-eff5f8dee75f", "stage": "chunk", "event": "start", "file": "inner/also.md"}
{"ts": "2026-09-23T12:55:03.363945+00:00", "trace_id": "01a0ce55-79c2-7830-b514-eff5f8dee75f", "stage": "chunk", "event": "finish", "duration_ms": 0.062, "file": "inner/also.md", "chunks": 1}
{"ts": "2026-09-23T12:55:03.363970+00:00", "trace_id": "01a0ce55-79c2-7830-b514-eff5f8dee75f", "stage": "contextualize", "event": "start", "file": "inner/also.md", "skipped": true}
{"ts": "2026-09-23T12:55:03.364010+00:00", "trace_id": "01a0ce55-79c2-7830-b514-eff5f8dee75f", "stage": "contextualize", "event": "finish", "duration_ms": 0.039, "file": "inner/also.md", "skipped": true, "reason": "contextual_disabled"}
{"ts": "2026-09-23T12:55:03.364036+00:00", "trace_id": "01a0ce55-79c2-7830-b514-eff5f8dee75f", "stage": "embed", "event": "start", "candidates_in": 1, "model": "test-embed", "file": "inner/also.md"}
{"ts": "2026-09-23T12:55:03.364112+00:00", "trace_id": "01a0ce55-79c2-7830-b514-eff5f8dee75f", "stage": "embed", "event": "finish", "duration_ms": 0.076, "candidates_in": 1, "candidates_out": 1, "model": "test-embed", "file": "inner/also.md", "cache_hit_rate": null}
{"ts": "2026-09-23T12:55:03.364299+00:00", "event": "ingest_file_done", "file": "inner/also.md", "file_index": 2, "file_total": 4, "chunks": 1, "layout_escalations": 0, "ocr_pages": 0, "trace_id": "01a0ce55-79c2-7830-b514-eff5f8dee75f"}
{"ts": "2026-09-23T12:55:03.364314+00:00", "event": "ingest_progress", "file": "keep.md", "file_index": 3, "file_total": 4, "trace_id": "01a0ce55-79c2-7830-b514-eff5f8dee75f"}
{"ts": "2026-09-23T12:55:03.364509+00:00", "trace_id": "01a0ce55-79c2-7830-b514-eff5f8dee75f", "stage": "parse", "event": "start", "file": "keep.md", "file_index": 3, "file_total": 4}
{"ts": "2026-09-23T12:55:03.364715+00:00", "event": "ingest_page", "file": "keep.md", "file_index": 3, "file_total": 4, "page": 1, "page_total": 1, "trace_id": "01a0ce55-79c2-7830-b514-eff5f8dee75f"}
{"ts": "2026-09-23T12:55:03.364741+00:00", "trace_id": "01a0ce55-79c2-7830-b514-eff5f8dee75f", "stage": "parse", "event": "finish", "duration_ms": 0.231, "file": "keep.md", "file_index": 3, "file_total": 4, "page_total": 1, "layout_escalations": 0, "ocr_pages": 0}
{"ts": "2026-09-23T12:55:03.364780+00:00", "trace_id": "01a0ce55-79c2-7830-b514-eff5f8dee75f", "stage": "normalize", "event": "start", "file": "keep.md"}
{"ts": "2026-09-23T12:55:03.364840+00:00", "trace_id": "01a0ce55-79c2-7830-b514-eff5f8dee75f", "stage": "normalize", "event": "finish", "duration_ms": 0.06, "file": "keep.md"}
{"ts": "2026-09-23T12:55:03.364871+00:00", "trace_id": "01a0ce55-79c2-7830-b514-eff5f8dee75f", "stage": "chunk", "event": "start", "file": "keep.md"}
{"ts": "2026-09-23T12:55:03.364946+00:00", "trace_id": "01a0ce55-79c2-7830-b514-eff5f8dee75f", "stage": "chunk", "event": "finish", "duration_ms": 0.074, "file": "keep.md", "chunks": 1}
{"ts": "2026-09-23T12:55:03.364976+00:00", "trace_id": "01a0ce55-79c2-7830-b514-eff5f8dee75f", "stage": "contextualize", "event": "start", "file": "keep.md", "skipped": true}
{"ts": "2026-09-23T12:55:03.365021+00:00", "trace_id": "01a0ce55-79c2-7830-b514-eff5f8dee75f", "stage": "contextualize", "event": "finish", "duration_ms": 0.044, "file": "keep.md", "skipped": true, "reason": "contextual_disabled"}
{"ts": "2026-09-23T12:55:03.365050+00:00", "trace_id": "01a0ce55-79c2-7830-b514-eff5f8dee75f", "stage": "embed", "event": "start", "candidates_in": 1, "model": "test-embed", "file": "keep.md"}
{"ts": "2026-09-23T12:55:03.365137+00:00", "trace_id": "01a0ce55-79c2-7830-b514-eff5f8dee75f", "stage": "embed", "event": "finish", "duration_ms": 0.086, "candidates_in": 1, "candidates_out": 1, "model": "test-embed", "file": "keep.md", "cache_hit_rate": null}
{"ts": "2026-09-23T12:55:03.365340+00:00", "event": "ingest_file_done", "file": "keep.md", "file_index": 3, "file_total": 4, "chunks": 1, "layout_escalations": 0, "ocr_pages": 0, "trace_id": "01a0ce55-79c2-7830-b514-eff5f8dee75f"}
{"ts": "2026-09-23T12:55:03.365356+00:00", "event": "ingest_progress", "file": "real.md", "file_index": 4, "file_total": 4, "trace_id": "01a0ce55-79c2-7830-b514-eff5f8dee75f"}
{"ts": "2026-09-23T12:55:03.365568+00:00", "event": "ingest_skip", "file": "real.md", "file_index": 4, "file_total": 4, "cache_hit": true, "trace_id": "01a0ce55-79c2-7830-b514-eff5f8dee75f"}
{"ts": "2026-09-23T12:55:03.365932+00:00", "event": "ingest_done", "files": 4, "trace_id": "01a0ce55-79c2-7830-b514-eff5f8dee75f"}
/Users/atharv.raotole/Desktop/RAG-WEEK6/tests/test_cov_pipeline.py:134: AssertionError: assert 'alias.md' in {'inner/also.md', 'keep.md', 'real.md'}
E   TypeError: _child() missing 1 required positional argument: 'text'
/Users/atharv.raotole/Desktop/RAG-WEEK6/tests/test_cov_store.py:187: TypeError: _child() missing 1 required positional argument: 'text'
=============================== warnings summary ===============================
tests/test_cov_server.py::test_server_main_guard
  <frozen runpy>:128: RuntimeWarning: 'rag.server' found in sys.modules after import of package 'rag', but prior to execution of 'rag.server'; this may result in unpredictable behaviour

-- Docs: https://docs.pytest.org/en/stable/how-to/capture-warnings.html
================================ tests coverage ================================
______________ coverage: platform darwin, python 3.11.16-final-0 _______________

Name                      Stmts   Miss Branch BrPart  Cover
-----------------------------------------------------------
src/rag/__init__.py           0      0      0      0   100%
src/rag/__main__.py           2      0      0      0   100%
src/rag/cache.py             43      0      6      0   100%
src/rag/calibrate.py         66      0     28      0   100%
src/rag/chunk.py            332      0    148      0   100%
src/rag/cli.py              189      0     64      0   100%
src/rag/embed.py             74      0     28      0   100%
src/rag/evaluate.py         381      0    178      0   100%
src/rag/gates.py            204      0     98      0   100%
src/rag/generate.py          63      0     14      0   100%
src/rag/health.py            50      0     10      0   100%
src/rag/html_parse.py       113      0     66      0   100%
src/rag/layout.py           146      0     62      0   100%
src/rag/models.py           117      0      2      0   100%
src/rag/normalize.py         30      0     14      0   100%
src/rag/ocr.py               66      0     18      0   100%
src/rag/onnx_backend.py      24      0      4      0   100%
src/rag/parse.py            434      0    204      0   100%
src/rag/pipeline.py         196      5     70      3    97%
src/rag/queue.py             28      0      2      0   100%
src/rag/rerank.py            40      0      8      0   100%
src/rag/retrieve.py         285      0    128      0   100%
src/rag/server.py           391      0     84      0   100%
src/rag/store.py            346     52    126     20    83%
src/rag/telemetry.py        203      0     56      0   100%
src/rag/versions.py         408      3    196      4    99%
-----------------------------------------------------------
TOTAL                      4231     60   1614     27    98%
FAIL Required test coverage of 100% not reached. Total coverage: 98.37%
=========================== short test summary info ============================
FAILED tests/test_cov_pipeline.py::test_wipe_missing_path_and_name_rejects - ...
FAILED tests/test_cov_pipeline.py::test_ingest_gates_and_single_file - Assert...
FAILED tests/test_cov_pipeline.py::test_directory_filters_symlink_and_purge
FAILED tests/test_cov_store.py::test_store_runtime_branches - TypeError: _chi...
4 failed, 288 passed, 1 warning in 3.21s
