........................................................................ [ 24%]
.......................................................F................ [ 49%]
........................................................................ [ 73%]
........................................................................ [ 98%]
.....
ERROR: Coverage failure: total of 99 is less than fail-under=100
                                                                         [100%]
=================================== FAILURES ===================================
E   AssertionError: assert [] == ['p-old']
      
      Right contains one more item: 'p-old'
      Use -v to get more diff
/Users/atharv.raotole/Desktop/RAG-WEEK6/tests/test_cov_versions.py:121: AssertionError: assert [] == ['p-old']
=============================== warnings summary ===============================
tests/test_cov_server.py::test_server_main_guard
  <frozen runpy>:128: RuntimeWarning: 'rag.server' found in sys.modules after import of package 'rag', but prior to execution of 'rag.server'; this may result in unpredictable behaviour

-- Docs: https://docs.pytest.org/en/stable/how-to/capture-warnings.html
================================ tests coverage ================================
______________ coverage: platform darwin, python 3.11.16-final-0 _______________

Name                      Stmts   Miss Branch BrPart  Cover   Missing
---------------------------------------------------------------------
src/rag/__init__.py           0      0      0      0   100%
src/rag/__main__.py           2      0      0      0   100%
src/rag/cache.py             43      0      6      0   100%
src/rag/calibrate.py         66      0     28      0   100%
src/rag/chunk.py            332      0    148      0   100%
src/rag/cli.py              189      0     64      0   100%
src/rag/embed.py             74      0     28      0   100%
src/rag/evaluate.py         381      0    178      0   100%
src/rag/gates.py            204      0     98      0   100%
src/rag/generate.py          63      0     14      0   100%
src/rag/health.py            50      0     10      0   100%
src/rag/html_parse.py       113      0     66      0   100%
src/rag/layout.py           146      0     62      0   100%
src/rag/models.py           117      0      2      0   100%
src/rag/normalize.py         30      0     14      0   100%
src/rag/ocr.py               66      0     18      0   100%
src/rag/onnx_backend.py      24      0      4      0   100%
src/rag/parse.py            434      0    204      0   100%
src/rag/pipeline.py         196      0     70      0   100%
src/rag/queue.py             28      0      2      0   100%
src/rag/rerank.py            40      0      8      0   100%
src/rag/retrieve.py         285      0    128      0   100%
src/rag/server.py           391      0     84      0   100%
src/rag/store.py            346      0    126      0   100%
src/rag/telemetry.py        203      0     56      0   100%
src/rag/versions.py         408      3    196      3    99%   406, 409, 411
---------------------------------------------------------------------
TOTAL                      4231      3   1614      3    99%
FAIL Required test coverage of 100% not reached. Total coverage: 99.90%
=========================== short test summary info ============================
FAILED tests/test_cov_versions.py::test_conflict_siblings_skip_incomplete_records
1 failed, 292 passed, 1 warning in 2.97s
