=== ruff ===
[1m[91mI001[0m [[1m[96m*[0m][1m Import block is un-sorted or un-formatted[0m
  [1m[94m--> [0mtests/test_cov_embed.py:3:1
   [1m[94m|[0m
[1m[94m 1[0m [1m[94m|[0m   """Branch coverage for rag.embed. SentenceTransformer is stubbed."""
[1m[94m 2[0m [1m[94m|[0m
[1m[94m 3[0m [1m[94m|[0m [1m[91m/[0m import ctypes
[1m[94m 4[0m [1m[94m|[0m [1m[91m|[0m import inspect
[1m[94m 5[0m [1m[94m|[0m [1m[91m|[0m import sys
[1m[94m 6[0m [1m[94m|[0m [1m[91m|[0m import types
[1m[94m 7[0m [1m[94m|[0m [1m[91m|[0m
[1m[94m 8[0m [1m[94m|[0m [1m[91m|[0m import pytest
[1m[94m 9[0m [1m[94m|[0m [1m[91m|[0m
[1m[94m10[0m [1m[94m|[0m [1m[91m|[0m from rag.embed import (
[1m[94m11[0m [1m[94m|[0m [1m[91m|[0m     _device,
[1m[94m12[0m [1m[94m|[0m [1m[91m|[0m     count_tokens,
[1m[94m13[0m [1m[94m|[0m [1m[91m|[0m     encode_documents,
[1m[94m14[0m [1m[94m|[0m [1m[91m|[0m     encode_query,
[1m[94m15[0m [1m[94m|[0m [1m[91m|[0m     embed_texts,
[1m[94m16[0m [1m[94m|[0m [1m[91m|[0m     load_embedder,
[1m[94m17[0m [1m[94m|[0m [1m[91m|[0m     load_reranker,
[1m[94m18[0m [1m[94m|[0m [1m[91m|[0m     rerank_scores,
[1m[94m19[0m [1m[94m|[0m [1m[91m|[0m     reset_caches,
[1m[94m20[0m [1m[94m|[0m [1m[91m|[0m )
[1m[94m21[0m [1m[94m|[0m [1m[91m|[0m from rag.models import IngestError
   [1m[94m|[0m [1m[91m|__________________________________^[0m
[1m[96mhelp[0m[1m: Organize imports[0m
[1m[94m  [0m [1m[94m|[0m
[1m[94m12[0m [1m[94m|[0m     count_tokens,
[1m[94m13[0m [1m[32m+[0m [32m    embed_texts,
[0m[1m[94m14[0m [1m[94m|[0m     encode_documents,
[1m[94m15[0m [1m[94m|[0m     encode_query,
[1m[94m  [0m [1m[31m-[0m [31m    embed_texts,
[0m[1m[94m16[0m [1m[94m|[0m     load_embedder,
[1m[94m  [0m [1m[94m|[0m

[1m[91mPLR0402[0m [[1m[96m*[0m][1m Use `from rag import embed` in lieu of alias[0m
  [1m[94m--> [0mtests/test_cov_embed.py:53:12
   [1m[94m|[0m
[1m[94m52[0m [1m[94m|[0m def test_stubbed_embedder_query_path_and_reranker(monkeypatch):
[1m[94m53[0m [1m[94m|[0m     import rag.embed as embed
   [1m[94m|[0m            [1m[91m^^^^^^^^^^^^^^^^^^[0m
[1m[94m54[0m [1m[94m|[0m
[1m[94m55[0m [1m[94m|[0m     embed._embedder = None
   [1m[94m|[0m
[1m[96mhelp[0m[1m: Replace with `from rag import embed`[0m
[1m[94m  [0m [1m[94m|[0m
[1m[94m52[0m [1m[94m|[0m def test_stubbed_embedder_query_path_and_reranker(monkeypatch):
[1m[94m  [0m [1m[31m-[0m [31m    [0m[31mimport [0m[1m[31mrag.embed as [0m[0m[31membed
[0m[1m[94m53[0m [1m[32m+[0m [32m    [0m[1m[32mfrom rag [0m[0m[32mimport [0m[32membed
[0m[1m[94m54[0m [1m[94m|[0m
[1m[94m  [0m [1m[94m|[0m

[1m[91mSIM117[0m [[1m[96m*[0m][1m Use a single `with` statement with multiple contexts instead of nested `with` statements[0m
  [1m[94m--> [0mtests/test_cov_telemetry.py:54:5
   [1m[94m|[0m
[1m[94m52[0m [1m[94m|[0m       monkeypatch.setenv("STAGE_SOFT_MS_covstage", "60000")
[1m[94m53[0m [1m[94m|[0m       monkeypatch.setenv("STAGE_HARD_MS_covstage", "-1")
[1m[94m54[0m [1m[94m|[0m [1m[91m/[0m     with pytest.raises(StageBudgetExceeded):
[1m[94m55[0m [1m[94m|[0m [1m[91m|[0m         with span("covstage"):
   [1m[94m|[0m [1m[91m|______________________________^[0m
[1m[94m56[0m [1m[94m|[0m               pass
   [1m[94m|[0m
[1m[96mhelp[0m[1m: Combine `with` statements[0m
[1m[94m  [0m [1m[94m|[0m
[1m[94m53[0m [1m[94m|[0m     monkeypatch.setenv("STAGE_HARD_MS_covstage", "-1")
[1m[94m  [0m [1m[31m-[0m [31m    with [0m[1m[31mpytest.raises(StageBudgetExceeded):[0m[0m[31m
[0m[1m[94m  [0m [1m[31m-[0m [31m        [0m[1m[31mwith span("covstage"):[0m[0m[31m
[0m[1m[94m  [0m [1m[31m-[0m [1m[31m            [0m[0m[31mpass
[0m[1m[94m54[0m [1m[32m+[0m [32m    with [0m[1m[32mpytest.raises(StageBudgetExceeded), span("covstage"):[0m[0m[32m
[0m[1m[94m55[0m [1m[32m+[0m [32m        [0m[32mpass
[0m[1m[94m  [0m [1m[94m|[0m

Found 3 errors.
[[36m*[0m] 3 fixable with the `--fix` option.
RUFF_EXIT:1
=== pytest randomly ===
........................................................................ [ 23%]
........................................................................ [ 46%]
........................................................................ [ 70%]
....................................................................F... [ 93%]
F....F.............                                                      [100%]
=================================== FAILURES ===================================
E   AttributeError: module 'rag.evaluate' has no attribute 'sorted'

The above exception was the direct cause of the following exception:
E   AttributeError: 'module' object at rag.evaluate has no attribute 'sorted'
/Users/atharv.raotole/Desktop/RAG-WEEK6/.venv/lib/python3.11/site-packages/_pytest/monkeypatch.py:97: AttributeError: 'module' object at rag.evaluate has no attribute 'sorted'
E   AssertionError: assert [] == ['conflict_di... 1.000 (0/1)']
      
      Right contains one more item: 'conflict_disclosure=0.000 < 1.000 (0/1)'
      Use -v to get more diff
/Users/atharv.raotole/Desktop/RAG-WEEK6/tests/test_cov_evaluate.py:507: AssertionError: assert [] == ['conflict_di... 1.000 (0/1)']
E   TypeError: cannot set 'get' attribute of immutable type 'dict'
/Users/atharv.raotole/Desktop/RAG-WEEK6/tests/test_cov_evaluate.py:718: TypeError: cannot set 'get' attribute of immutable type 'dict'
=============================== warnings summary ===============================
tests/test_cov_server.py::test_server_main_guard
  <frozen runpy>:128: RuntimeWarning: 'rag.server' found in sys.modules after import of package 'rag', but prior to execution of 'rag.server'; this may result in unpredictable behaviour

-- Docs: https://docs.pytest.org/en/stable/how-to/capture-warnings.html
=========================== short test summary info ============================
FAILED tests/test_cov_evaluate.py::test_make_split_sizes_singleton_buckets_and_an_empty_one
FAILED tests/test_cov_evaluate.py::test_check_gates_conflict_injection_and_regression
FAILED tests/test_cov_evaluate.py::test_gate_scores_use_an_empty_list_when_lookup_is_blank
3 failed, 304 passed, 1 warning in 2.07s
RANDOM_EXIT:1
=== pytest xdist ===
bringing up nodes...
bringing up nodes...

...................................F....................F.F............. [ 23%]
........................................................................ [ 46%]
........................................................................ [ 70%]
........................................................................ [ 93%]
...................                                                      [100%]
=================================== FAILURES ===================================
[gw9] darwin -- Python 3.11.16 /Users/atharv.raotole/Desktop/RAG-WEEK6/.venv/bin/python3
E   AssertionError: assert [] == ['conflict_di... 1.000 (0/1)']
      
      Right contains one more item: 'conflict_disclosure=0.000 < 1.000 (0/1)'
      Use -v to get more diff
/Users/atharv.raotole/Desktop/RAG-WEEK6/tests/test_cov_evaluate.py:507: AssertionError: assert [] == ['conflict_di... 1.000 (0/1)']
[gw9] darwin -- Python 3.11.16 /Users/atharv.raotole/Desktop/RAG-WEEK6/.venv/bin/python3
E   TypeError: cannot set 'get' attribute of immutable type 'dict'
/Users/atharv.raotole/Desktop/RAG-WEEK6/tests/test_cov_evaluate.py:718: TypeError: cannot set 'get' attribute of immutable type 'dict'
[gw8] darwin -- Python 3.11.16 /Users/atharv.raotole/Desktop/RAG-WEEK6/.venv/bin/python3
E   AttributeError: module 'rag.evaluate' has no attribute 'sorted'

The above exception was the direct cause of the following exception:
E   AttributeError: 'module' object at rag.evaluate has no attribute 'sorted'
/Users/atharv.raotole/Desktop/RAG-WEEK6/.venv/lib/python3.11/site-packages/_pytest/monkeypatch.py:97: AttributeError: 'module' object at rag.evaluate has no attribute 'sorted'
=============================== warnings summary ===============================
tests/test_cov_server.py::test_server_main_guard
  <frozen runpy>:128: RuntimeWarning: 'rag.server' found in sys.modules after import of package 'rag', but prior to execution of 'rag.server'; this may result in unpredictable behaviour

-- Docs: https://docs.pytest.org/en/stable/how-to/capture-warnings.html
=========================== short test summary info ============================
FAILED tests/test_cov_evaluate.py::test_check_gates_conflict_injection_and_regression
FAILED tests/test_cov_evaluate.py::test_gate_scores_use_an_empty_list_when_lookup_is_blank
FAILED tests/test_cov_evaluate.py::test_make_split_sizes_singleton_buckets_and_an_empty_one
3 failed, 304 passed, 1 warning in 1.73s
XDIST_EXIT:1
=== pip-audit ===
WARNING:pip_audit._cache:Failed to write to cache directory, performance may be degraded: [Errno 1] Operation not permitted: '/Users/atharv.raotole/Library/Caches/pip-audit/f/4/0/0/3/tmps0if8lez'
No known vulnerabilities found
AUDIT_EXIT:0
=== env ===
Python 3.11.16
(eval):17: no such file or directory: .venv/bin/uv
uv 0.12.5 (210d1f678 2026-08-14 aarch64-apple-darwin)
mypy 2.3.1 (compiled: yes)
ruff 0.16.8
pytest 9.1.1
mutmut, version 3.8.0
