=== PDF conflict verification table ===
Fact                                     stale_ok current_ok
Review date                              True     True      
Last review                              True     True      
Carbon Neutral in operations by          True     True      
Procure 10% green electricity by         True     True      
~50% green electricity by                True     True      
EVs 10% by                               True     True      
EVs 50% by                               True     True      
Copyright footer                         True     True      
RE100 2050 in both (NOT a conflict): True

=== DOC_FILTERS / TITLES / corpus vs index ===
--- corpus files ---
xargs: sysconf(_SC_ARG_MAX) failed
--- App.jsx DOC_FILTERS ---
14:const DOC_FILTERS = [
15:  { id: "Carbon_New_2040.pdf", label: "Carbon Reduction Plan" },
16:  { id: "Environmental_Sustainability_Policy_2025.pdf", label: "Environmental Sustainability Policy" },
17:  { id: "Water-Management-Policy.pdf", label: "Water Management Policy" },
107:        body: JSON.stringify({ q: cleaned, doc_id: docFilter || undefined }),
393:                {DOC_FILTERS.map((doc) => (
--- server.py TITLES ---
146:TITLES = {
147-    "Carbon_New_2040.pdf": "Carbon Reduction Plan",
148-    "Envi_2040-1.pdf": "Environmental Sustainability Policy",
149-    "Environmental_Sustainability_Policy_2025.pdf": "Environmental Sustainability Policy (2025)",
150-    "Water-Management-Policy.pdf": "Water Management Policy",
151-}
152-
--- index documents ---
index exists: False
