=== defect1: corpus vs UI vs TITLES vs index ===
corpus:
Carbon_New_2040.pdf
Envi_2040-1.pdf
Environmental_Sustainability_Policy_2025.pdf
Water-Management-Policy.pdf
DOC_FILTERS ids:
['Carbon_New_2040.pdf', 'Environmental_Sustainability_Policy_2025.pdf', 'Water-Management-Policy.pdf']
TITLES keys:
['Carbon_New_2040.pdf', 'Envi_2040-1.pdf', 'Environmental_Sustainability_Policy_2025.pdf', 'Water-Management-Policy.pdf']
index docs:
['Carbon_New_2040.pdf', 'Envi_2040-1.pdf', 'Environmental_Sustainability_Policy_2025.pdf', 'Water-Management-Policy.pdf']

=== defect3: top-20 RRF child candidates duplicate-text across doc_ids ===
Warning: You are sending unauthenticated requests to the HF Hub. Please set a HF_TOKEN to enable higher rate limits and faster downloads.
Loading weights:   0%|          | 0/310 [00:00<?, ?it/s]Loading weights: 100%|██████████| 310/310 [00:00<00:00, 9551.56it/s]
dense=20 lexical=20
rank score      doc_id                                           text_hash    preview
   1   0.032522 Environmental_Sustainability_Policy_2025.pdf     83b4aa953b   the identified critical suppliers will be conducted covering aspects r
   2   0.032522 Envi_2040-1.pdf                                  b448d9dff5   the identified critical suppliers will be conducted covering aspects r
   3   0.029762 Carbon_New_2040.pdf                              adf4a63b39   Carbon Reduction Plan Supplier name: Coforge Limited & All Internation
   4   0.028992 Environmental_Sustainability_Policy_2025.pdf     c2e65991c0   energy efficient technologies/solutions, optimization of energy usage,
   5   0.028986 Envi_2040-1.pdf                                  78e11d6f86   energy efficient technologies/solutions, optimization of energy usage,
   6   0.027972 Carbon_New_2040.pdf                              2b141f2aa7   International locations (including the UK) – In 2022, we conducted emi
   7   0.027693 Carbon_New_2040.pdf                              ec77257684   Baseline Year: 2023–2024 (UK operations) | | | | | Baseline Year: 2023
   8   0.026671 Envi_2040-1.pdf                                  dde05348ee   responsible and sustainable company, it is imperative to embed the pri
   9   0.026667 Environmental_Sustainability_Policy_2025.pdf     dde05348ee   responsible and sustainable company, it is imperative to embed the pri
  10   0.015873 Carbon_New_2040.pdf                              28075eb363   As an organisation, we acknowledge that this could lead to increase in
  11   0.015625 Environmental_Sustainability_Policy_2025.pdf     f972437055   This Policy will remain applicable to all facilities and locations of 
  12   0.015625 Carbon_New_2040.pdf                              8661651648   standards, which ensures that Coforge responsibly manages electronic w
  13   0.015385 Envi_2040-1.pdf                                  f972437055   This Policy will remain applicable to all facilities and locations of 
  14   0.015385 Carbon_New_2040.pdf                              bdcb6aaa46   the overall carbon footprint of the building. • Use of LEDs as replace
  15   0.015152 Envi_2040-1.pdf                                  97cd28b780   Environmental Sustainability Policy Review Date – 10th March 2026 Last
  16   0.014925 Environmental_Sustainability_Policy_2025.pdf     aba56f2c12   Environmental Sustainability Policy Review Date – 10th March 2025 Last
  17   0.014925 Carbon_New_2040.pdf                              989de5a989   standard for Carbon Reduction Plans and the Corporate Value Chain (Sco
  18   0.014286 Envi_2040-1.pdf                                  d3ea8c6e8e   At Coforge, we conduct annual checks on our equipment and optimize ope
  19   0.014085 Environmental_Sustainability_Policy_2025.pdf     d3ea8c6e8e   At Coforge, we conduct annual checks on our equipment and optimize ope
  20   0.014085 Carbon_New_2040.pdf                              9f3a023aa1   | Baseline Year: 2023–2024 (India operations) | | | | Baseline Year: 2

=== near-identical text groups spanning >1 doc_id in top-20 ===
docs=['Envi_2040-1.pdf', 'Environmental_Sustainability_Policy_2025.pdf'] ranks=[8, 9]
  years_in_chunk=[] len=1074
docs=['Envi_2040-1.pdf', 'Environmental_Sustainability_Policy_2025.pdf'] ranks=[11, 13]
  years_in_chunk=[] len=1014
docs=['Envi_2040-1.pdf', 'Environmental_Sustainability_Policy_2025.pdf'] ranks=[18, 19]
  years_in_chunk=['2040'] len=1039
duplicate_text_cross_doc_groups=3
top20_rows_in_cross_doc_dup_groups=6 / 20
