1 {"dense_ok":true,"fts_ok":true,"rerank_ok":true,"nli_ok":true,"writer_ok":true,"warmed":true,"index_generation":4,"degraded":false,"messages":["Generator stalled or failed"],"index":true,"writer":false,"circuit":"closed","cache_hit_rate":0.0,"queue_in_flight":0}
2 {"dense_ok":true,"fts_ok":true,"rerank_ok":true,"nli_ok":true,"writer_ok":true,"warmed":true,"index_generation":4,"degraded":false,"messages":["Generator stalled or failed"],"index":true,"writer":false,"circuit":"closed","cache_hit_rate":0.0,"queue_in_flight":0}
3 {"dense_ok":true,"fts_ok":true,"rerank_ok":true,"nli_ok":true,"writer_ok":true,"warmed":true,"index_generation":4,"degraded":false,"messages":["Generator stalled or failed"],"index":true,"writer":false,"circuit":"closed","cache_hit_rate":0.0,"queue_in_flight":0}
4 {"dense_ok":true,"fts_ok":true,"rerank_ok":true,"nli_ok":true,"writer_ok":true,"warmed":true,"index_generation":4,"degraded":false,"messages":["Generator stalled or failed"],"index":true,"writer":false,"circuit":"closed","cache_hit_rate":0.0,"queue_in_flight":0}
5 {"dense_ok":true,"fts_ok":true,"rerank_ok":true,"nli_ok":true,"writer_ok":true,"warmed":true,"index_generation":4,"degraded":false,"messages":["Generator stalled or failed"],"index":true,"writer":false,"circuit":"closed","cache_hit_rate":0.0,"queue_in_flight":0}
6 {"dense_ok":true,"fts_ok":true,"rerank_ok":true,"nli_ok":true,"writer_ok":true,"warmed":true,"index_generation":4,"degraded":false,"messages":["Generator stalled or failed"],"index":true,"writer":false,"circuit":"closed","cache_hit_rate":0.0,"queue_in_flight":0}
7 {"dense_ok":true,"fts_ok":true,"rerank_ok":true,"nli_ok":true,"writer_ok":true,"warmed":true,"index_generation":4,"degraded":false,"messages":["Generator stalled or failed"],"index":true,"writer":false,"circuit":"closed","cache_hit_rate":0.0,"queue_in_flight":0}
8 {"dense_ok":true,"fts_ok":true,"rerank_ok":true,"nli_ok":true,"writer_ok":true,"warmed":true,"index_generation":4,"degraded":false,"messages":["Generator stalled or failed"],"index":true,"writer":false,"circuit":"closed","cache_hit_rate":0.0,"queue_in_flight":0}
9 {"dense_ok":true,"fts_ok":true,"rerank_ok":true,"nli_ok":true,"writer_ok":true,"warmed":true,"index_generation":4,"degraded":false,"messages":["Generator stalled or failed"],"index":true,"writer":false,"circuit":"closed","cache_hit_rate":0.0,"queue_in_flight":0}
10 {"dense_ok":true,"fts_ok":true,"rerank_ok":true,"nli_ok":true,"writer_ok":true,"warmed":true,"index_generation":4,"degraded":false,"messages":["Generator stalled or failed"],"index":true,"writer":false,"circuit":"closed","cache_hit_rate":0.0,"queue_in_flight":0}
sse_bytes=   24241
mode: rrf
ERROR: {'message': 'writer unavailable', 'partial': '', 'request_id': '01a0cad6-e8c3-7eca-917b-90d06dedbcf4', 'trace_id': '01a0cad6-e8c3-7eca-917b-90d06dedbcf4', 'detail': 'URLError'}
ANSWER:


HITS:
  [1] Environmental_Sustainability_Policy_2025.pdf title='Environmental Sustainability Policy (2025)' score=0.03252247488101534
       contains 'by 2050' @ 1726: ...'ecome “Carbon Neutral in our operations by 2050”. In line with this commitment,\nwe have established '...
       contains 'by 2040' @ 2342: ...' by 2027 and increase the share to ~50% by 2040. Transition\nto 100% renewable energy by 2050 by comm'...
       contains 'Carbon Neutral' @ 1693: ...'e, at Coforge, are committed to become “Carbon Neutral in our operations by 2050”. In line with this'...
  [2] Envi_2040-1.pdf title='Environmental Sustainability Policy' score=0.03252247488101534
       contains 'by 2050' @ 2387: ...'30. Transition\nto 100% renewable energy by 2050 by committing to the RE100 initiative.\n• Increase sh'...
       contains 'by 2040' @ 1726: ...'ecome “Carbon Neutral in our operations by 2040”. In line with this commitment,\nwe have established '...
       contains 'Carbon Neutral' @ 1693: ...'e, at Coforge, are committed to become “Carbon Neutral in our operations by 2040”. In line with this'...
  [3] Carbon_New_2040.pdf title='Carbon Reduction Plan' score=0.030798389007344232
       contains 'by 2040' @ 310: ...' committed\nto achieve Net Zero emission by 2040. Coforge U.K. Limited is a wholly owned subsidiary o'...
  [4] Carbon_New_2040.pdf title='Carbon Reduction Plan' score=0.030158730158730156
       contains 'by 2040' @ 975: ...'nd target to have zero carbon emissions by 2040.\nWe aim to achieve our target by taking active steps'...
  [5] Environmental_Sustainability_Policy_2025.pdf title='Environmental Sustainability Policy (2025)' score=0.030117753623188408

mentions 2040: False
mentions 2050: False
discloses conflict: False
