 Image rag-week6-api Building 
 Image rag-week6-web Building 
#1 [internal] load local bake definitions
#1 reading from stdin 965B done
#1 DONE 0.0s

#2 [api internal] load build definition from Dockerfile
#2 transferring dockerfile: 705B done
#2 DONE 0.0s

#3 [web internal] load build definition from Dockerfile
#3 transferring dockerfile: 261B done
#3 DONE 0.0s

#4 [web internal] load metadata for docker.io/library/node:22-alpine
#4 DONE 0.0s

#5 [web internal] load metadata for docker.io/library/nginx:alpine
#5 DONE 0.3s

#6 [api internal] load metadata for docker.io/library/python:3.11-slim-bookworm
#6 DONE 0.3s

#7 [web internal] load .dockerignore
#7 transferring context: 58B done
#7 DONE 0.0s

#8 [api internal] load .dockerignore
#8 transferring context: 147B done
#8 DONE 0.0s

#9 [api  1/10] FROM docker.io/library/python:3.11-slim-bookworm@sha256:a36c24f9cbdf4fd0f52d67f0823eeac19c2028c637cecc392d97f980d4fec56b
#9 resolve docker.io/library/python:3.11-slim-bookworm@sha256:a36c24f9cbdf4fd0f52d67f0823eeac19c2028c637cecc392d97f980d4fec56b 0.0s done
#9 DONE 0.0s

#10 [web build 1/6] FROM docker.io/library/node:22-alpine@sha256:b6f26b36c8ff49624cfdac716b8ea1138d606df02586a77d364bb5536a634f85
#10 resolve docker.io/library/node:22-alpine@sha256:b6f26b36c8ff49624cfdac716b8ea1138d606df02586a77d364bb5536a634f85 0.0s done
#10 DONE 0.0s

#11 [web stage-1 1/3] FROM docker.io/library/nginx:alpine@sha256:62ff2089abf5a9ed33bd232895bef5e22f7bb4b200675cec49a5ebc48e3d4ac8
#11 resolve docker.io/library/nginx:alpine@sha256:62ff2089abf5a9ed33bd232895bef5e22f7bb4b200675cec49a5ebc48e3d4ac8 0.0s done
#11 DONE 0.0s

#12 [web internal] load build context
#12 transferring context: 47.41kB done
#12 DONE 0.0s

#13 [web build 2/6] WORKDIR /web
#13 CACHED

#14 [web build 3/6] COPY package.json ./
#14 CACHED

#15 [web build 4/6] RUN npm install
#15 CACHED

#16 [api internal] load build context
#16 transferring context: 105.94kB done
#16 DONE 0.0s

#17 [api  2/10] WORKDIR /app
#17 CACHED

#18 [api  3/10] RUN apt-get update && apt-get install -y --no-install-recommends build-essential     && rm -rf /var/lib/apt/lists/*
#18 CACHED

#19 [api  4/10] COPY pyproject.toml .
#19 CACHED

#20 [web build 5/6] COPY . .
#20 DONE 0.0s

#21 [api  5/10] COPY src ./src
#21 DONE 0.0s

#22 [api  6/10] COPY documents ./documents
#22 DONE 0.0s

#23 [api  7/10] COPY evals ./evals
#23 DONE 0.0s

#24 [api  8/10] RUN pip install --no-cache-dir .
#24 0.717 Processing /app
#24 0.719   Installing build dependencies: started
#24 ...

#25 [web build 6/6] RUN npm run build
#25 0.205 
#25 0.205 > build
#25 0.205 > vite build
#25 0.205 
#25 0.325 vite v7.3.6 building client environment for production...
#25 0.356 transforming...
#25 1.343 ✓ 2297 modules transformed.
#25 1.468 rendering chunks...
#25 1.474 computing gzip size...
#25 1.485 dist/index.html                   0.62 kB │ gzip:   0.33 kB
#25 1.485 dist/assets/index-xLr3gz-H.css   11.10 kB │ gzip:   2.92 kB
#25 1.485 dist/assets/index-wpPpVEqj.js   374.94 kB │ gzip: 120.08 kB
#25 1.485 ✓ built in 1.14s
#25 DONE 1.5s

#26 [web stage-1 2/3] COPY nginx.conf /etc/nginx/conf.d/default.conf
#26 CACHED

#27 [web stage-1 3/3] COPY --from=build /web/dist /usr/share/nginx/html
#27 DONE 0.0s

#28 [web] exporting to image
#28 exporting layers 0.0s done
#28 exporting manifest sha256:70a6015e84e5e72f530ef955216de85829fe018d1f9829e2564440c1ea939ba5 done
#28 exporting config sha256:a8d10d053bffa68a39bc20521dab33fb8f79cef24f751f0f5245bb8ac96e396f done
#28 exporting attestation manifest sha256:387244111660b40844a98b8089aff4613394c14c51a74772e8c0ce9bf1ca0406 done
#28 exporting manifest list sha256:58470d6b714a3310231b1a47e7b68c272997c1b36dd1d4a1b83a7aa1d882a63a done
#28 naming to docker.io/library/rag-week6-web:latest done
#28 unpacking to docker.io/library/rag-week6-web:latest done
#28 DONE 0.1s

#29 [web] resolving provenance for metadata file
#29 DONE 0.0s

#24 [api  8/10] RUN pip install --no-cache-dir .
#24 1.892   Installing build dependencies: finished with status 'done'
#24 1.893   Getting requirements to build wheel: started
#24 2.114   Getting requirements to build wheel: finished with status 'done'
#24 2.115   Preparing metadata (pyproject.toml): started
#24 2.315   Preparing metadata (pyproject.toml): finished with status 'done'
#24 2.465 Collecting numpy>=1.26.0 (from rag==0.1.0)
#24 2.508   Downloading numpy-2.4.6-cp311-cp311-manylinux_2_27_aarch64.manylinux_2_28_aarch64.whl.metadata (6.6 kB)
#24 2.527 Collecting sentence-transformers>=3.0.0 (from rag==0.1.0)
#24 2.540   Downloading sentence_transformers-6.1.0-py3-none-any.whl.metadata (20 kB)
#24 2.555 Collecting pdfplumber>=0.11.0 (from rag==0.1.0)
#24 2.564   Downloading pdfplumber-0.11.10-py3-none-any.whl.metadata (43 kB)
#24 2.568      ━━━━━━━━━━━━━━━━━━━━━━━━━━━━━━━━━━━━━━━━ 43.7/43.7 kB 15.1 MB/s eta 0:00:00
#24 2.607 Collecting python-docx>=1.1.0 (from rag==0.1.0)
#24 2.635   Downloading python_docx-1.2.0-py3-none-any.whl.metadata (2.0 kB)
#24 2.678 Collecting fastapi>=0.115.0 (from rag==0.1.0)
#24 2.687   Downloading fastapi-0.141.1-py3-none-any.whl.metadata (27 kB)
#24 2.709 Collecting uvicorn>=0.32.0 (from rag==0.1.0)
#24 2.722   Downloading uvicorn-0.53.0-py3-none-any.whl.metadata (6.6 kB)
#24 2.761 Collecting starlette>=0.46.0 (from fastapi>=0.115.0->rag==0.1.0)
#24 2.771   Downloading starlette-1.6.0-py3-none-any.whl.metadata (6.4 kB)
#24 2.834 Collecting pydantic>=2.9.0 (from fastapi>=0.115.0->rag==0.1.0)
#24 2.845   Downloading pydantic-2.13.5-py3-none-any.whl.metadata (110 kB)
#24 2.852      ━━━━━━━━━━━━━━━━━━━━━━━━━━━━━━━━━━━━━━ 110.2/110.2 kB 15.3 MB/s eta 0:00:00
#24 2.867 Collecting typing-extensions>=4.8.0 (from fastapi>=0.115.0->rag==0.1.0)
#24 2.877   Downloading typing_extensions-4.16.0-py3-none-any.whl.metadata (3.3 kB)
#24 2.888 Collecting typing-inspection>=0.4.2 (from fastapi>=0.115.0->rag==0.1.0)
#24 2.897   Downloading typing_inspection-0.4.4-py3-none-any.whl.metadata (2.6 kB)
#24 2.918 Collecting annotated-doc>=0.0.2 (from fastapi>=0.115.0->rag==0.1.0)
#24 2.941   Downloading annotated_doc-0.0.5-py3-none-any.whl.metadata (6.5 kB)
#24 2.959 Collecting pdfminer.six==20260107 (from pdfplumber>=0.11.0->rag==0.1.0)
#24 2.967   Downloading pdfminer_six-20260107-py3-none-any.whl.metadata (4.3 kB)
#24 3.055 Collecting Pillow>=12.2.0 (from pdfplumber>=0.11.0->rag==0.1.0)
#24 3.072   Downloading pillow-12.3.0-cp311-cp311-manylinux_2_27_aarch64.manylinux_2_28_aarch64.whl.metadata (9.1 kB)
#24 3.146 Collecting pypdfium2>=5.9.0 (from pdfplumber>=0.11.0->rag==0.1.0)
#24 3.155   Downloading pypdfium2-5.13.0-py3-none-manylinux_2_17_aarch64.manylinux2014_aarch64.whl.metadata (66 kB)
#24 3.156      ━━━━━━━━━━━━━━━━━━━━━━━━━━━━━━━━━━━━━━━ 66.5/66.5 kB 759.2 MB/s eta 0:00:00
#24 3.216 Collecting charset-normalizer>=2.0.0 (from pdfminer.six==20260107->pdfplumber>=0.11.0->rag==0.1.0)
#24 3.231   Downloading charset_normalizer-3.5.1-cp311-cp311-manylinux2014_aarch64.manylinux_2_17_aarch64.manylinux_2_28_aarch64.whl.metadata (45 kB)
#24 3.231      ━━━━━━━━━━━━━━━━━━━━━━━━━━━━━━━━━━━━━━━ 45.9/45.9 kB 739.0 MB/s eta 0:00:00
#24 3.321 Collecting cryptography>=36.0.0 (from pdfminer.six==20260107->pdfplumber>=0.11.0->rag==0.1.0)
#24 3.330   Downloading cryptography-50.0.1-cp311-abi3-manylinux_2_34_aarch64.whl.metadata (4.3 kB)
#24 3.457 Collecting lxml>=3.1.0 (from python-docx>=1.1.0->rag==0.1.0)
#24 3.468   Downloading lxml-6.1.3-cp311-cp311-manylinux_2_26_aarch64.manylinux_2_28_aarch64.whl.metadata (3.3 kB)
#24 3.513 Collecting transformers<6.0.0,>=5.0.0 (from sentence-transformers>=3.0.0->rag==0.1.0)
#24 3.522   Downloading transformers-5.17.0-py3-none-any.whl.metadata (32 kB)
#24 3.612 Collecting tokenizers>=0.19 (from sentence-transformers>=3.0.0->rag==0.1.0)
#24 3.641   Downloading tokenizers-0.23.2-cp310-abi3-manylinux_2_17_aarch64.manylinux2014_aarch64.whl.metadata (9.8 kB)
#24 3.679 Collecting huggingface-hub<2.0.0,>=1.3.0 (from sentence-transformers>=3.0.0->rag==0.1.0)
#24 3.688   Downloading huggingface_hub-1.32.0-py3-none-any.whl.metadata (16 kB)
#24 3.728 Collecting torch>=2.2 (from sentence-transformers>=3.0.0->rag==0.1.0)
#24 3.744   Downloading torch-2.14.0-cp311-cp311-manylinux_2_28_aarch64.whl.metadata (37 kB)
#24 3.791 Collecting scikit-learn>=1.1.0 (from sentence-transformers>=3.0.0->rag==0.1.0)
#24 3.802   Downloading scikit_learn-1.9.1-cp311-cp311-manylinux_2_27_aarch64.manylinux_2_28_aarch64.whl.metadata (9.3 kB)
#24 3.865 Collecting scipy>=1.0.0 (from sentence-transformers>=3.0.0->rag==0.1.0)
#24 3.877   Downloading scipy-1.17.1-cp311-cp311-manylinux_2_27_aarch64.manylinux_2_28_aarch64.whl.metadata (62 kB)
#24 3.878      ━━━━━━━━━━━━━━━━━━━━━━━━━━━━━━━━━━━━━━━ 62.1/62.1 kB 542.8 MB/s eta 0:00:00
#24 3.910 Collecting tqdm>=4.0.0 (from sentence-transformers>=3.0.0->rag==0.1.0)
#24 3.925   Downloading tqdm-4.70.1-py3-none-any.whl.metadata (57 kB)
#24 3.927      ━━━━━━━━━━━━━━━━━━━━━━━━━━━━━━━━━━━━━━━━ 57.4/57.4 kB 30.9 MB/s eta 0:00:00
#24 3.946 Collecting click>=7.0 (from uvicorn>=0.32.0->rag==0.1.0)
#24 3.954   Downloading click-8.5.0-py3-none-any.whl.metadata (2.6 kB)
#24 3.964 Collecting h11>=0.8 (from uvicorn>=0.32.0->rag==0.1.0)
#24 3.972   Downloading h11-0.16.0-py3-none-any.whl.metadata (8.3 kB)
#24 4.015 Collecting filelock>=3.10.0 (from huggingface-hub<2.0.0,>=1.3.0->sentence-transformers>=3.0.0->rag==0.1.0)
#24 4.024   Downloading filelock-4.0.1-py3-none-any.whl.metadata (2.0 kB)
#24 4.046 Collecting fsspec>=2023.5.0 (from huggingface-hub<2.0.0,>=1.3.0->sentence-transformers>=3.0.0->rag==0.1.0)
#24 4.054   Downloading fsspec-2026.9.0-py3-none-any.whl.metadata (10 kB)
#24 4.112 Collecting hf-xet<2.0.0,>=1.5.2 (from huggingface-hub<2.0.0,>=1.3.0->sentence-transformers>=3.0.0->rag==0.1.0)
#24 4.124   Downloading hf_xet-1.6.0-cp38-abi3-manylinux_2_28_aarch64.whl.metadata (4.9 kB)
#24 4.141 Collecting httpx<1,>=0.23.0 (from huggingface-hub<2.0.0,>=1.3.0->sentence-transformers>=3.0.0->rag==0.1.0)
#24 4.148   Downloading httpx-0.28.1-py3-none-any.whl.metadata (7.1 kB)
#24 4.150 Requirement already satisfied: packaging>=20.9 in /usr/local/lib/python3.11/site-packages (from huggingface-hub<2.0.0,>=1.3.0->sentence-transformers>=3.0.0->rag==0.1.0) (26.3)
#24 4.170 Collecting pyyaml>=5.1 (from huggingface-hub<2.0.0,>=1.3.0->sentence-transformers>=3.0.0->rag==0.1.0)
#24 4.181   Downloading pyyaml-6.0.3-cp311-cp311-manylinux2014_aarch64.manylinux_2_17_aarch64.manylinux_2_28_aarch64.whl.metadata (2.4 kB)
#24 4.206 Collecting annotated-types>=0.6.0 (from pydantic>=2.9.0->fastapi>=0.115.0->rag==0.1.0)
#24 4.212   Downloading annotated_types-0.8.0-py3-none-any.whl.metadata (15 kB)
#24 4.538 Collecting pydantic-core==2.46.5 (from pydantic>=2.9.0->fastapi>=0.115.0->rag==0.1.0)
#24 4.553   Downloading pydantic_core-2.46.5-cp311-cp311-manylinux_2_17_aarch64.manylinux2014_aarch64.whl.metadata (6.6 kB)
#24 4.580 Collecting joblib>=1.4.0 (from scikit-learn>=1.1.0->sentence-transformers>=3.0.0->rag==0.1.0)
#24 4.590   Downloading joblib-1.6.0-py3-none-any.whl.metadata (6.5 kB)
#24 4.627 Collecting narwhals>=2.0.1 (from scikit-learn>=1.1.0->sentence-transformers>=3.0.0->rag==0.1.0)
#24 4.636   Downloading narwhals-2.26.0-py3-none-any.whl.metadata (15 kB)
#24 4.650 Collecting threadpoolctl>=3.5.0 (from scikit-learn>=1.1.0->sentence-transformers>=3.0.0->rag==0.1.0)
#24 4.659   Downloading threadpoolctl-3.7.0-py3-none-any.whl.metadata (24 kB)
#24 4.690 Collecting anyio<5,>=3.6.2 (from starlette>=0.46.0->fastapi>=0.115.0->rag==0.1.0)
#24 4.701   Downloading anyio-4.15.1-py3-none-any.whl.metadata (4.7 kB)
#24 4.717 Requirement already satisfied: setuptools>=77.0.3 in /usr/local/lib/python3.11/site-packages (from torch>=2.2->sentence-transformers>=3.0.0->rag==0.1.0) (79.0.1)
#24 4.739 Collecting sympy>=1.13.3 (from torch>=2.2->sentence-transformers>=3.0.0->rag==0.1.0)
#24 4.747   Downloading sympy-1.14.0-py3-none-any.whl.metadata (12 kB)
#24 4.772 Collecting networkx>=2.5.1 (from torch>=2.2->sentence-transformers>=3.0.0->rag==0.1.0)
#24 4.780   Downloading networkx-3.6.1-py3-none-any.whl.metadata (6.8 kB)
#24 4.797 Collecting jinja2 (from torch>=2.2->sentence-transformers>=3.0.0->rag==0.1.0)
#24 4.806   Downloading jinja2-3.1.6-py3-none-any.whl.metadata (2.9 kB)
#24 4.823 Collecting cuda-toolkit==13.0.3 (from cuda-toolkit[cublas,cudart,cufft,cufile,cupti,curand,cusolver,cusparse,nvjitlink,nvrtc,nvtx]==13.0.3; platform_system == "Linux"->torch>=2.2->sentence-transformers>=3.0.0->rag==0.1.0)
#24 4.833   Downloading cuda_toolkit-13.0.3.0-py2.py3-none-any.whl.metadata (17 kB)
#24 4.859 Collecting cuda-bindings<14,>=13.0.3 (from torch>=2.2->sentence-transformers>=3.0.0->rag==0.1.0)
#24 4.868   Downloading cuda_bindings-13.4.2-cp311-cp311-manylinux_2_24_aarch64.manylinux_2_28_aarch64.whl.metadata (2.4 kB)
#24 4.887 Collecting nvidia-cudnn-cu13==9.24.0.43 (from torch>=2.2->sentence-transformers>=3.0.0->rag==0.1.0)
#24 4.901   Downloading nvidia_cudnn_cu13-9.24.0.43-py3-none-manylinux_2_27_aarch64.whl.metadata (1.9 kB)
#24 4.920 Collecting nvidia-cusparselt-cu13==0.8.1 (from torch>=2.2->sentence-transformers>=3.0.0->rag==0.1.0)
#24 4.965   Downloading nvidia_cusparselt_cu13-0.8.1-py3-none-manylinux2014_aarch64.whl.metadata (12 kB)
#24 4.977 Collecting nvidia-nccl-cu13==2.30.7 (from torch>=2.2->sentence-transformers>=3.0.0->rag==0.1.0)
#24 4.989   Downloading nvidia_nccl_cu13-2.30.7-py3-none-manylinux_2_18_aarch64.whl.metadata (2.1 kB)
#24 5.000 Collecting nvidia-nvshmem-cu13==3.4.5 (from torch>=2.2->sentence-transformers>=3.0.0->rag==0.1.0)
#24 5.008   Downloading nvidia_nvshmem_cu13-3.4.5-py3-none-manylinux2014_aarch64.manylinux_2_17_aarch64.whl.metadata (2.1 kB)
#24 5.026 Collecting triton~=3.8.0 (from torch>=2.2->sentence-transformers>=3.0.0->rag==0.1.0)
#24 5.035   Downloading triton-3.8.0-cp311-cp311-manylinux_2_27_aarch64.manylinux_2_28_aarch64.whl.metadata (978 bytes)
#24 5.154 Collecting nvidia-cublas==13.1.1.3.* (from cuda-toolkit[cublas,cudart,cufft,cufile,cupti,curand,cusolver,cusparse,nvjitlink,nvrtc,nvtx]==13.0.3; platform_system == "Linux"->torch>=2.2->sentence-transformers>=3.0.0->rag==0.1.0)
#24 5.166   Downloading nvidia_cublas-13.1.1.3-py3-none-manylinux_2_27_aarch64.whl.metadata (1.8 kB)
#24 5.178 Collecting nvidia-cuda-nvrtc==13.0.88.* (from cuda-toolkit[cublas,cudart,cufft,cufile,cupti,curand,cusolver,cusparse,nvjitlink,nvrtc,nvtx]==13.0.3; platform_system == "Linux"->torch>=2.2->sentence-transformers>=3.0.0->rag==0.1.0)
#24 5.191   Downloading nvidia_cuda_nvrtc-13.0.88-py3-none-manylinux2014_aarch64.manylinux_2_17_aarch64.whl.metadata (1.7 kB)
#24 5.206 Collecting nvidia-cuda-runtime==13.0.96.* (from cuda-toolkit[cublas,cudart,cufft,cufile,cupti,curand,cusolver,cusparse,nvjitlink,nvrtc,nvtx]==13.0.3; platform_system == "Linux"->torch>=2.2->sentence-transformers>=3.0.0->rag==0.1.0)
#24 5.222   Downloading nvidia_cuda_runtime-13.0.96-py3-none-manylinux2014_aarch64.manylinux_2_17_aarch64.whl.metadata (1.7 kB)
#24 5.237 Collecting nvidia-cufft==12.0.0.61.* (from cuda-toolkit[cublas,cudart,cufft,cufile,cupti,curand,cusolver,cusparse,nvjitlink,nvrtc,nvtx]==13.0.3; platform_system == "Linux"->torch>=2.2->sentence-transformers>=3.0.0->rag==0.1.0)
#24 5.252   Downloading nvidia_cufft-12.0.0.61-py3-none-manylinux2014_aarch64.manylinux_2_17_aarch64.whl.metadata (1.8 kB)
#24 5.266 Collecting nvidia-nvjitlink<14,>=13.0.88 (from cuda-toolkit[cublas,cudart,cufft,cufile,cupti,curand,cusolver,cusparse,nvjitlink,nvrtc,nvtx]==13.0.3; platform_system == "Linux"->torch>=2.2->sentence-transformers>=3.0.0->rag==0.1.0)
#24 5.281   Downloading nvidia_nvjitlink-13.4.92-py3-none-manylinux2014_aarch64.manylinux_2_17_aarch64.whl.metadata (1.8 kB)
#24 5.300 Collecting nvidia-cufile==1.15.1.6.* (from cuda-toolkit[cublas,cudart,cufft,cufile,cupti,curand,cusolver,cusparse,nvjitlink,nvrtc,nvtx]==13.0.3; platform_system == "Linux"->torch>=2.2->sentence-transformers>=3.0.0->rag==0.1.0)
#24 5.317   Downloading nvidia_cufile-1.15.1.6-py3-none-manylinux_2_27_aarch64.whl.metadata (1.7 kB)
#24 5.332 Collecting nvidia-cuda-cupti==13.0.85.* (from cuda-toolkit[cublas,cudart,cufft,cufile,cupti,curand,cusolver,cusparse,nvjitlink,nvrtc,nvtx]==13.0.3; platform_system == "Linux"->torch>=2.2->sentence-transformers>=3.0.0->rag==0.1.0)
#24 5.341   Downloading nvidia_cuda_cupti-13.0.85-py3-none-manylinux_2_25_aarch64.whl.metadata (1.7 kB)
#24 5.357 Collecting nvidia-curand==10.4.0.35.* (from cuda-toolkit[cublas,cudart,cufft,cufile,cupti,curand,cusolver,cusparse,nvjitlink,nvrtc,nvtx]==13.0.3; platform_system == "Linux"->torch>=2.2->sentence-transformers>=3.0.0->rag==0.1.0)
#24 5.370   Downloading nvidia_curand-10.4.0.35-py3-none-manylinux_2_27_aarch64.whl.metadata (1.7 kB)
#24 5.385 Collecting nvidia-cusolver==12.0.4.66.* (from cuda-toolkit[cublas,cudart,cufft,cufile,cupti,curand,cusolver,cusparse,nvjitlink,nvrtc,nvtx]==13.0.3; platform_system == "Linux"->torch>=2.2->sentence-transformers>=3.0.0->rag==0.1.0)
#24 5.403   Downloading nvidia_cusolver-12.0.4.66-py3-none-manylinux_2_27_aarch64.whl.metadata (1.8 kB)
#24 5.495 Collecting nvidia-cusparse==12.6.3.3.* (from cuda-toolkit[cublas,cudart,cufft,cufile,cupti,curand,cusolver,cusparse,nvjitlink,nvrtc,nvtx]==13.0.3; platform_system == "Linux"->torch>=2.2->sentence-transformers>=3.0.0->rag==0.1.0)
#24 5.505   Downloading nvidia_cusparse-12.6.3.3-py3-none-manylinux2014_aarch64.manylinux_2_17_aarch64.whl.metadata (1.8 kB)
#24 5.525 Collecting nvidia-nvtx==13.0.85.* (from cuda-toolkit[cublas,cudart,cufft,cufile,cupti,curand,cusolver,cusparse,nvjitlink,nvrtc,nvtx]==13.0.3; platform_system == "Linux"->torch>=2.2->sentence-transformers>=3.0.0->rag==0.1.0)
#24 5.534   Downloading nvidia_nvtx-13.0.85-py3-none-manylinux2014_aarch64.manylinux_2_17_aarch64.whl.metadata (1.8 kB)
#24 5.847 Collecting regex>=2025.10.22 (from transformers<6.0.0,>=5.0.0->sentence-transformers>=3.0.0->rag==0.1.0)
#24 5.861   Downloading regex-2026.9.10-cp311-cp311-manylinux2014_aarch64.manylinux_2_17_aarch64.manylinux_2_28_aarch64.whl.metadata (40 kB)
#24 5.865      ━━━━━━━━━━━━━━━━━━━━━━━━━━━━━━━━━━━━━━━━ 40.6/40.6 kB 9.1 MB/s eta 0:00:00
#24 5.885 Collecting typer (from transformers<6.0.0,>=5.0.0->sentence-transformers>=3.0.0->rag==0.1.0)
#24 5.893   Downloading typer-0.27.2-py3-none-any.whl.metadata (16 kB)
#24 5.958 Collecting safetensors>=0.8.0 (from transformers<6.0.0,>=5.0.0->sentence-transformers>=3.0.0->rag==0.1.0)
#24 5.974   Downloading safetensors-0.8.0-cp310-abi3-manylinux_2_17_aarch64.manylinux2014_aarch64.whl.metadata (4.2 kB)
#24 6.001 Collecting idna>=2.8 (from anyio<5,>=3.6.2->starlette>=0.46.0->fastapi>=0.115.0->rag==0.1.0)
#24 6.009   Downloading idna-3.20-py3-none-any.whl.metadata (7.2 kB)
#24 6.063 Collecting cffi>=2.0.0 (from cryptography>=36.0.0->pdfminer.six==20260107->pdfplumber>=0.11.0->rag==0.1.0)
#24 6.069   Downloading cffi-2.1.1-cp311-cp311-manylinux2014_aarch64.manylinux_2_17_aarch64.whl.metadata (2.5 kB)
#24 6.086 Collecting cuda-pathfinder>=1.4.2 (from cuda-bindings<14,>=13.0.3->torch>=2.2->sentence-transformers>=3.0.0->rag==0.1.0)
#24 6.094   Downloading cuda_pathfinder-1.8.2-py3-none-any.whl.metadata (1.9 kB)
#24 6.133 Collecting certifi (from httpx<1,>=0.23.0->huggingface-hub<2.0.0,>=1.3.0->sentence-transformers>=3.0.0->rag==0.1.0)
#24 6.140   Downloading certifi-2026.7.22-py3-none-any.whl.metadata (2.5 kB)
#24 6.156 Collecting httpcore==1.* (from httpx<1,>=0.23.0->huggingface-hub<2.0.0,>=1.3.0->sentence-transformers>=3.0.0->rag==0.1.0)
#24 6.164   Downloading httpcore-1.0.9-py3-none-any.whl.metadata (21 kB)
#24 6.188 Collecting cloudpickle>=3.0 (from joblib>=1.4.0->scikit-learn>=1.1.0->sentence-transformers>=3.0.0->rag==0.1.0)
#24 6.205   Downloading cloudpickle-3.1.2-py3-none-any.whl.metadata (7.1 kB)
#24 6.265 Collecting mpmath<1.4,>=1.1.0 (from sympy>=1.13.3->torch>=2.2->sentence-transformers>=3.0.0->rag==0.1.0)
#24 6.273   Downloading mpmath-1.3.0-py3-none-any.whl.metadata (8.6 kB)
#24 6.308 Collecting MarkupSafe>=2.0 (from jinja2->torch>=2.2->sentence-transformers>=3.0.0->rag==0.1.0)
#24 6.338   Downloading markupsafe-3.0.3-cp311-cp311-manylinux2014_aarch64.manylinux_2_17_aarch64.manylinux_2_28_aarch64.whl.metadata (2.7 kB)
#24 6.355 Collecting shellingham>=1.3.0 (from typer->transformers<6.0.0,>=5.0.0->sentence-transformers>=3.0.0->rag==0.1.0)
#24 6.362   Downloading shellingham-1.5.4-py2.py3-none-any.whl.metadata (3.5 kB)
#24 6.399 Collecting rich>=13.8.0 (from typer->transformers<6.0.0,>=5.0.0->sentence-transformers>=3.0.0->rag==0.1.0)
#24 6.406   Downloading rich-15.0.0-py3-none-any.whl.metadata (18 kB)
#24 6.421 Collecting pycparser (from cffi>=2.0.0->cryptography>=36.0.0->pdfminer.six==20260107->pdfplumber>=0.11.0->rag==0.1.0)
#24 6.429   Downloading pycparser-3.0-py3-none-any.whl.metadata (8.2 kB)
#24 6.467 Collecting markdown-it-py>=2.2.0 (from rich>=13.8.0->typer->transformers<6.0.0,>=5.0.0->sentence-transformers>=3.0.0->rag==0.1.0)
#24 6.475   Downloading markdown_it_py-4.2.0-py3-none-any.whl.metadata (7.4 kB)
#24 6.492 Collecting pygments<3.0.0,>=2.13.0 (from rich>=13.8.0->typer->transformers<6.0.0,>=5.0.0->sentence-transformers>=3.0.0->rag==0.1.0)
#24 6.499   Downloading pygments-2.21.0-py3-none-any.whl.metadata (2.5 kB)
#24 6.521 Collecting mdurl~=0.1 (from markdown-it-py>=2.2.0->rich>=13.8.0->typer->transformers<6.0.0,>=5.0.0->sentence-transformers>=3.0.0->rag==0.1.0)
#24 6.528   Downloading mdurl-0.1.2-py3-none-any.whl.metadata (1.6 kB)
#24 6.552 Downloading fastapi-0.141.1-py3-none-any.whl (131 kB)
#24 6.553    ━━━━━━━━━━━━━━━━━━━━━━━━━━━━━━━━━━━━━━━ 132.0/132.0 kB 173.1 MB/s eta 0:00:00
#24 6.563 Downloading numpy-2.4.6-cp311-cp311-manylinux_2_27_aarch64.manylinux_2_28_aarch64.whl (16.0 MB)
#24 6.922    ━━━━━━━━━━━━━━━━━━━━━━━━━━━━━━━━━━━━━━━━ 16.0/16.0 MB 43.4 MB/s eta 0:00:00
#24 6.943 Downloading pdfplumber-0.11.10-py3-none-any.whl (60 kB)
#24 6.945    ━━━━━━━━━━━━━━━━━━━━━━━━━━━━━━━━━━━━━━━━ 60.0/60.0 kB 312.8 MB/s eta 0:00:00
#24 6.954 Downloading pdfminer_six-20260107-py3-none-any.whl (6.6 MB)
#24 7.104    ━━━━━━━━━━━━━━━━━━━━━━━━━━━━━━━━━━━━━━━━ 6.6/6.6 MB 46.5 MB/s eta 0:00:00
#24 7.115 Downloading python_docx-1.2.0-py3-none-any.whl (252 kB)
#24 7.120    ━━━━━━━━━━━━━━━━━━━━━━━━━━━━━━━━━━━━━━━━ 253.0/253.0 kB 88.0 MB/s eta 0:00:00
#24 7.135 Downloading sentence_transformers-6.1.0-py3-none-any.whl (740 kB)
#24 7.143    ━━━━━━━━━━━━━━━━━━━━━━━━━━━━━━━━━━━━━━━ 740.6/740.6 kB 127.0 MB/s eta 0:00:00
#24 7.154 Downloading uvicorn-0.53.0-py3-none-any.whl (87 kB)
#24 7.156    ━━━━━━━━━━━━━━━━━━━━━━━━━━━━━━━━━━━━━━━━ 87.1/87.1 kB 262.9 MB/s eta 0:00:00
#24 7.168 Downloading annotated_doc-0.0.5-py3-none-any.whl (5.3 kB)
#24 7.176 Downloading click-8.5.0-py3-none-any.whl (125 kB)
#24 7.179    ━━━━━━━━━━━━━━━━━━━━━━━━━━━━━━━━━━━━━━━ 125.3/125.3 kB 270.9 MB/s eta 0:00:00
#24 7.192 Downloading h11-0.16.0-py3-none-any.whl (37 kB)
#24 7.201 Downloading huggingface_hub-1.32.0-py3-none-any.whl (842 kB)
#24 7.212    ━━━━━━━━━━━━━━━━━━━━━━━━━━━━━━━━━━━━━━━━ 842.9/842.9 kB 92.9 MB/s eta 0:00:00
#24 7.247 Downloading lxml-6.1.3-cp311-cp311-manylinux_2_26_aarch64.manylinux_2_28_aarch64.whl (5.0 MB)
#24 7.352    ━━━━━━━━━━━━━━━━━━━━━━━━━━━━━━━━━━━━━━━━ 5.0/5.0 MB 49.0 MB/s eta 0:00:00
#24 7.362 Downloading pillow-12.3.0-cp311-cp311-manylinux_2_27_aarch64.manylinux_2_28_aarch64.whl (6.3 MB)
#24 7.496    ━━━━━━━━━━━━━━━━━━━━━━━━━━━━━━━━━━━━━━━━ 6.3/6.3 MB 47.7 MB/s eta 0:00:00
#24 7.509 Downloading pydantic-2.13.5-py3-none-any.whl (472 kB)
#24 7.517    ━━━━━━━━━━━━━━━━━━━━━━━━━━━━━━━━━━━━━━━ 472.6/472.6 kB 111.7 MB/s eta 0:00:00
#24 7.529 Downloading pydantic_core-2.46.5-cp311-cp311-manylinux_2_17_aarch64.manylinux2014_aarch64.whl (1.9 MB)
#24 7.564    ━━━━━━━━━━━━━━━━━━━━━━━━━━━━━━━━━━━━━━━━ 1.9/1.9 MB 61.1 MB/s eta 0:00:00
#24 7.576 Downloading pypdfium2-5.13.0-py3-none-manylinux_2_17_aarch64.manylinux2014_aarch64.whl (3.7 MB)
#24 7.652    ━━━━━━━━━━━━━━━━━━━━━━━━━━━━━━━━━━━━━━━━ 3.7/3.7 MB 51.1 MB/s eta 0:00:00
#24 7.664 Downloading scikit_learn-1.9.1-cp311-cp311-manylinux_2_27_aarch64.manylinux_2_28_aarch64.whl (9.0 MB)
#24 7.859    ━━━━━━━━━━━━━━━━━━━━━━━━━━━━━━━━━━━━━━━━ 9.0/9.0 MB 46.8 MB/s eta 0:00:00
#24 7.873 Downloading scipy-1.17.1-cp311-cp311-manylinux_2_27_aarch64.manylinux_2_28_aarch64.whl (33.1 MB)
#24 8.613    ━━━━━━━━━━━━━━━━━━━━━━━━━━━━━━━━━━━━━━━━ 33.1/33.1 MB 44.2 MB/s eta 0:00:00
#24 8.626 Downloading starlette-1.6.0-py3-none-any.whl (75 kB)
#24 8.629    ━━━━━━━━━━━━━━━━━━━━━━━━━━━━━━━━━━━━━━━━ 76.0/76.0 kB 267.1 MB/s eta 0:00:00
#24 8.646 Downloading tokenizers-0.23.2-cp310-abi3-manylinux_2_17_aarch64.manylinux2014_aarch64.whl (3.5 MB)
#24 8.714    ━━━━━━━━━━━━━━━━━━━━━━━━━━━━━━━━━━━━━━━━ 3.5/3.5 MB 53.3 MB/s eta 0:00:00
#24 8.733 Downloading torch-2.14.0-cp311-cp311-manylinux_2_28_aarch64.whl (454.0 MB)
#24 19.10    ━━━━━━━━━━━━━━━━━━━━━━━━━━━━━━━━━━━━━━━━ 454.0/454.0 MB 44.4 MB/s eta 0:00:00
#24 19.12 Downloading cuda_toolkit-13.0.3.0-py2.py3-none-any.whl (2.5 kB)
#24 19.14 Downloading nvidia_cudnn_cu13-9.24.0.43-py3-none-manylinux_2_27_aarch64.whl (651.0 MB)
#24 33.66    ━━━━━━━━━━━━━━━━━━━━━━━━━━━━━━━━━━━━━━━━ 651.0/651.0 MB 44.8 MB/s eta 0:00:00
#24 33.67 Downloading nvidia_cusparselt_cu13-0.8.1-py3-none-manylinux2014_aarch64.whl (221.1 MB)
#24 38.75    ━━━━━━━━━━━━━━━━━━━━━━━━━━━━━━━━━━━━━━━━ 221.1/221.1 MB 38.2 MB/s eta 0:00:00
#24 38.76 Downloading nvidia_nccl_cu13-2.30.7-py3-none-manylinux_2_18_aarch64.whl (216.0 MB)
#24 43.77    ━━━━━━━━━━━━━━━━━━━━━━━━━━━━━━━━━━━━━━━━ 216.0/216.0 MB 44.0 MB/s eta 0:00:00
#24 43.78 Downloading nvidia_nvshmem_cu13-3.4.5-py3-none-manylinux2014_aarch64.manylinux_2_17_aarch64.whl (60.2 MB)
#24 45.12    ━━━━━━━━━━━━━━━━━━━━━━━━━━━━━━━━━━━━━━━━ 60.2/60.2 MB 45.4 MB/s eta 0:00:00
#24 45.13 Downloading nvidia_cublas-13.1.1.3-py3-none-manylinux_2_27_aarch64.whl (542.8 MB)
#24 57.41    ━━━━━━━━━━━━━━━━━━━━━━━━━━━━━━━━━━━━━━━━ 542.8/542.8 MB 45.1 MB/s eta 0:00:00
#24 57.42 Downloading nvidia_cuda_cupti-13.0.85-py3-none-manylinux_2_25_aarch64.whl (10.3 MB)
#24 57.64    ━━━━━━━━━━━━━━━━━━━━━━━━━━━━━━━━━━━━━━━━ 10.3/10.3 MB 47.0 MB/s eta 0:00:00
#24 57.66 Downloading nvidia_cuda_nvrtc-13.0.88-py3-none-manylinux2014_aarch64.manylinux_2_17_aarch64.whl (43.0 MB)
#24 58.72    ━━━━━━━━━━━━━━━━━━━━━━━━━━━━━━━━━━━━━━━━ 43.0/43.0 MB 33.0 MB/s eta 0:00:00
#24 58.73 Downloading nvidia_cuda_runtime-13.0.96-py3-none-manylinux2014_aarch64.manylinux_2_17_aarch64.whl (2.3 MB)
#24 58.77    ━━━━━━━━━━━━━━━━━━━━━━━━━━━━━━━━━━━━━━━━ 2.3/2.3 MB 59.2 MB/s eta 0:00:00
#24 58.78 Downloading nvidia_cufft-12.0.0.61-py3-none-manylinux2014_aarch64.manylinux_2_17_aarch64.whl (214.1 MB)
#24 63.70    ━━━━━━━━━━━━━━━━━━━━━━━━━━━━━━━━━━━━━━━━ 214.1/214.1 MB 45.0 MB/s eta 0:00:00
#24 63.72 Downloading nvidia_cufile-1.15.1.6-py3-none-manylinux_2_27_aarch64.whl (1.1 MB)
#24 63.73    ━━━━━━━━━━━━━━━━━━━━━━━━━━━━━━━━━━━━━━━━ 1.1/1.1 MB 74.2 MB/s eta 0:00:00
#24 63.75 Downloading nvidia_curand-10.4.0.35-py3-none-manylinux_2_27_aarch64.whl (62.0 MB)
#24 65.11    ━━━━━━━━━━━━━━━━━━━━━━━━━━━━━━━━━━━━━━━━ 62.0/62.0 MB 43.9 MB/s eta 0:00:00
#24 65.13 Downloading nvidia_cusolver-12.0.4.66-py3-none-manylinux_2_27_aarch64.whl (223.5 MB)
#24 70.09    ━━━━━━━━━━━━━━━━━━━━━━━━━━━━━━━━━━━━━━━━ 223.5/223.5 MB 45.3 MB/s eta 0:00:00
#24 70.11 Downloading nvidia_cusparse-12.6.3.3-py3-none-manylinux2014_aarch64.manylinux_2_17_aarch64.whl (162.2 MB)
#24 73.70    ━━━━━━━━━━━━━━━━━━━━━━━━━━━━━━━━━━━━━━━━ 162.2/162.2 MB 45.4 MB/s eta 0:00:00
#24 73.71 Downloading nvidia_nvtx-13.0.85-py3-none-manylinux2014_aarch64.manylinux_2_17_aarch64.whl (148 kB)
#24 73.72    ━━━━━━━━━━━━━━━━━━━━━━━━━━━━━━━━━━━━━━━ 148.9/148.9 kB 229.8 MB/s eta 0:00:00
#24 73.73 Downloading tqdm-4.70.1-py3-none-any.whl (80 kB)
#24 73.73    ━━━━━━━━━━━━━━━━━━━━━━━━━━━━━━━━━━━━━━━━ 80.2/80.2 kB 229.5 MB/s eta 0:00:00
#24 73.74 Downloading transformers-5.17.0-py3-none-any.whl (12.3 MB)
#24 74.00    ━━━━━━━━━━━━━━━━━━━━━━━━━━━━━━━━━━━━━━━━ 12.3/12.3 MB 45.5 MB/s eta 0:00:00
#24 74.02 Downloading typing_extensions-4.16.0-py3-none-any.whl (45 kB)
#24 74.02    ━━━━━━━━━━━━━━━━━━━━━━━━━━━━━━━━━━━━━━━━ 45.6/45.6 kB 127.7 MB/s eta 0:00:00
#24 74.03 Downloading typing_inspection-0.4.4-py3-none-any.whl (14 kB)
#24 74.04 Downloading annotated_types-0.8.0-py3-none-any.whl (13 kB)
#24 74.06 Downloading anyio-4.15.1-py3-none-any.whl (132 kB)
#24 74.06    ━━━━━━━━━━━━━━━━━━━━━━━━━━━━━━━━━━━━━━━ 132.1/132.1 kB 206.4 MB/s eta 0:00:00
#24 74.07 Downloading charset_normalizer-3.5.1-cp311-cp311-manylinux2014_aarch64.manylinux_2_17_aarch64.manylinux_2_28_aarch64.whl (251 kB)
#24 74.07    ━━━━━━━━━━━━━━━━━━━━━━━━━━━━━━━━━━━━━━━ 251.2/251.2 kB 148.3 MB/s eta 0:00:00
#24 74.08 Downloading cryptography-50.0.1-cp311-abi3-manylinux_2_34_aarch64.whl (4.7 MB)
#24 74.18    ━━━━━━━━━━━━━━━━━━━━━━━━━━━━━━━━━━━━━━━━ 4.7/4.7 MB 49.8 MB/s eta 0:00:00
#24 74.20 Downloading cuda_bindings-13.4.2-cp311-cp311-manylinux_2_24_aarch64.manylinux_2_28_aarch64.whl (6.5 MB)
#24 74.34    ━━━━━━━━━━━━━━━━━━━━━━━━━━━━━━━━━━━━━━━━ 6.5/6.5 MB 45.8 MB/s eta 0:00:00
#24 74.35 Downloading filelock-4.0.1-py3-none-any.whl (106 kB)
#24 74.35    ━━━━━━━━━━━━━━━━━━━━━━━━━━━━━━━━━━━━━━━ 106.2/106.2 kB 313.8 MB/s eta 0:00:00
#24 74.37 Downloading fsspec-2026.9.0-py3-none-any.whl (221 kB)
#24 74.37    ━━━━━━━━━━━━━━━━━━━━━━━━━━━━━━━━━━━━━━━ 221.7/221.7 kB 144.8 MB/s eta 0:00:00
#24 74.38 Downloading hf_xet-1.6.0-cp38-abi3-manylinux_2_28_aarch64.whl (4.3 MB)
#24 74.47    ━━━━━━━━━━━━━━━━━━━━━━━━━━━━━━━━━━━━━━━━ 4.3/4.3 MB 52.5 MB/s eta 0:00:00
#24 74.48 Downloading httpx-0.28.1-py3-none-any.whl (73 kB)
#24 74.48    ━━━━━━━━━━━━━━━━━━━━━━━━━━━━━━━━━━━━━━━━ 73.5/73.5 kB 82.5 MB/s eta 0:00:00
#24 74.50 Downloading httpcore-1.0.9-py3-none-any.whl (78 kB)
#24 74.50    ━━━━━━━━━━━━━━━━━━━━━━━━━━━━━━━━━━━━━━━━ 78.8/78.8 kB 324.0 MB/s eta 0:00:00
#24 74.51 Downloading joblib-1.6.0-py3-none-any.whl (306 kB)
#24 74.51    ━━━━━━━━━━━━━━━━━━━━━━━━━━━━━━━━━━━━━━━ 306.1/306.1 kB 349.9 MB/s eta 0:00:00
#24 74.54 Downloading narwhals-2.26.0-py3-none-any.whl (474 kB)
#24 74.55    ━━━━━━━━━━━━━━━━━━━━━━━━━━━━━━━━━━━━━━━ 474.0/474.0 kB 159.4 MB/s eta 0:00:00
#24 74.56 Downloading networkx-3.6.1-py3-none-any.whl (2.1 MB)
#24 74.59    ━━━━━━━━━━━━━━━━━━━━━━━━━━━━━━━━━━━━━━━━ 2.1/2.1 MB 64.3 MB/s eta 0:00:00
#24 74.60 Downloading pyyaml-6.0.3-cp311-cp311-manylinux2014_aarch64.manylinux_2_17_aarch64.manylinux_2_28_aarch64.whl (775 kB)
#24 74.61    ━━━━━━━━━━━━━━━━━━━━━━━━━━━━━━━━━━━━━━━ 775.6/775.6 kB 124.6 MB/s eta 0:00:00
#24 74.62 Downloading regex-2026.9.10-cp311-cp311-manylinux2014_aarch64.manylinux_2_17_aarch64.manylinux_2_28_aarch64.whl (796 kB)
#24 74.63    ━━━━━━━━━━━━━━━━━━━━━━━━━━━━━━━━━━━━━━━━ 796.4/796.4 kB 76.5 MB/s eta 0:00:00
#24 74.64 Downloading safetensors-0.8.0-cp310-abi3-manylinux_2_17_aarch64.manylinux2014_aarch64.whl (502 kB)
#24 74.65    ━━━━━━━━━━━━━━━━━━━━━━━━━━━━━━━━━━━━━━━━ 502.8/502.8 kB 83.8 MB/s eta 0:00:00
#24 74.66 Downloading sympy-1.14.0-py3-none-any.whl (6.3 MB)
#24 74.79    ━━━━━━━━━━━━━━━━━━━━━━━━━━━━━━━━━━━━━━━━ 6.3/6.3 MB 49.2 MB/s eta 0:00:00
#24 74.80 Downloading threadpoolctl-3.7.0-py3-none-any.whl (26 kB)
#24 74.81 Downloading triton-3.8.0-cp311-cp311-manylinux_2_27_aarch64.manylinux_2_28_aarch64.whl (226.5 MB)
#24 80.00    ━━━━━━━━━━━━━━━━━━━━━━━━━━━━━━━━━━━━━━━━ 226.5/226.5 MB 41.0 MB/s eta 0:00:00
#24 80.01 Downloading jinja2-3.1.6-py3-none-any.whl (134 kB)
#24 80.02    ━━━━━━━━━━━━━━━━━━━━━━━━━━━━━━━━━━━━━━━━ 134.9/134.9 kB 45.4 MB/s eta 0:00:00
#24 80.02 Downloading typer-0.27.2-py3-none-any.whl (123 kB)
#24 80.03    ━━━━━━━━━━━━━━━━━━━━━━━━━━━━━━━━━━━━━━━━ 123.1/123.1 kB 43.2 MB/s eta 0:00:00
#24 80.04 Downloading cffi-2.1.1-cp311-cp311-manylinux2014_aarch64.manylinux_2_17_aarch64.whl (218 kB)
#24 80.05    ━━━━━━━━━━━━━━━━━━━━━━━━━━━━━━━━━━━━━━━━ 218.7/218.7 kB 60.3 MB/s eta 0:00:00
#24 80.06 Downloading cloudpickle-3.1.2-py3-none-any.whl (22 kB)
#24 80.07 Downloading cuda_pathfinder-1.8.2-py3-none-any.whl (62 kB)
#24 80.08    ━━━━━━━━━━━━━━━━━━━━━━━━━━━━━━━━━━━━━━━━ 62.6/62.6 kB 190.6 MB/s eta 0:00:00
#24 80.09 Downloading idna-3.20-py3-none-any.whl (69 kB)
#24 80.09    ━━━━━━━━━━━━━━━━━━━━━━━━━━━━━━━━━━━━━━━━ 69.6/69.6 kB 164.4 MB/s eta 0:00:00
#24 80.10 Downloading markupsafe-3.0.3-cp311-cp311-manylinux2014_aarch64.manylinux_2_17_aarch64.manylinux_2_28_aarch64.whl (24 kB)
#24 80.11 Downloading mpmath-1.3.0-py3-none-any.whl (536 kB)
#24 80.11    ━━━━━━━━━━━━━━━━━━━━━━━━━━━━━━━━━━━━━━━ 536.2/536.2 kB 189.3 MB/s eta 0:00:00
#24 80.13 Downloading nvidia_nvjitlink-13.4.92-py3-none-manylinux2014_aarch64.manylinux_2_17_aarch64.whl (40.4 MB)
#24 81.05    ━━━━━━━━━━━━━━━━━━━━━━━━━━━━━━━━━━━━━━━━ 40.4/40.4 MB 44.0 MB/s eta 0:00:00
#24 81.06 Downloading rich-15.0.0-py3-none-any.whl (310 kB)
#24 81.07    ━━━━━━━━━━━━━━━━━━━━━━━━━━━━━━━━━━━━━━━━ 310.7/310.7 kB 50.4 MB/s eta 0:00:00
#24 81.08 Downloading shellingham-1.5.4-py2.py3-none-any.whl (9.8 kB)
#24 81.09 Downloading certifi-2026.7.22-py3-none-any.whl (136 kB)
#24 81.09    ━━━━━━━━━━━━━━━━━━━━━━━━━━━━━━━━━━━━━━━ 137.0/137.0 kB 280.0 MB/s eta 0:00:00
#24 81.11 Downloading markdown_it_py-4.2.0-py3-none-any.whl (91 kB)
#24 81.11    ━━━━━━━━━━━━━━━━━━━━━━━━━━━━━━━━━━━━━━━━ 91.7/91.7 kB 287.9 MB/s eta 0:00:00
#24 81.12 Downloading pygments-2.21.0-py3-none-any.whl (1.3 MB)
#24 81.14    ━━━━━━━━━━━━━━━━━━━━━━━━━━━━━━━━━━━━━━━━ 1.3/1.3 MB 61.9 MB/s eta 0:00:00
#24 81.15 Downloading pycparser-3.0-py3-none-any.whl (48 kB)
#24 81.15    ━━━━━━━━━━━━━━━━━━━━━━━━━━━━━━━━━━━━━━━━ 48.2/48.2 kB 339.7 MB/s eta 0:00:00
#24 81.16 Downloading mdurl-0.1.2-py3-none-any.whl (10.0 kB)
#24 83.27 Building wheels for collected packages: rag
#24 83.27   Building wheel for rag (pyproject.toml): started
#24 83.51   Building wheel for rag (pyproject.toml): finished with status 'done'
#24 83.51   Created wheel for rag: filename=rag-0.1.0-py3-none-any.whl size=57700 sha256=f718da94a0cd8dffe6817312bc760b5213fa2a3a8193774759139702ea98167a
#24 83.51   Stored in directory: /tmp/pip-ephem-wheel-cache-yzhls_gz/wheels/57/0f/98/bb57b2b57b95807699b822a35c022f139d38a02c27922f27ce
#24 83.51 Successfully built rag
#24 83.77 Installing collected packages: nvidia-cusparselt-cu13, mpmath, cuda-toolkit, typing-extensions, triton, tqdm, threadpoolctl, sympy, shellingham, safetensors, regex, pyyaml, pypdfium2, pygments, pycparser, Pillow, nvidia-nvtx, nvidia-nvshmem-cu13, nvidia-nvjitlink, nvidia-nccl-cu13, nvidia-curand, nvidia-cufile, nvidia-cuda-runtime, nvidia-cuda-nvrtc, nvidia-cuda-cupti, numpy, networkx, narwhals, mdurl, MarkupSafe, lxml, idna, hf-xet, h11, fsspec, filelock, cuda-pathfinder, cloudpickle, click, charset-normalizer, certifi, annotated-types, annotated-doc, uvicorn, typing-inspection, scipy, python-docx, pydantic-core, nvidia-cusparse, nvidia-cufft, nvidia-cublas, markdown-it-py, joblib, jinja2, httpcore, cuda-bindings, cffi, anyio, starlette, scikit-learn, rich, pydantic, nvidia-cusolver, nvidia-cudnn-cu13, httpx, cryptography, typer, pdfminer.six, huggingface-hub, fastapi, torch, tokenizers, pdfplumber, transformers, sentence-transformers, rag
#24 108.6 Successfully installed MarkupSafe-3.0.3 Pillow-12.3.0 annotated-doc-0.0.5 annotated-types-0.8.0 anyio-4.15.1 certifi-2026.7.22 cffi-2.1.1 charset-normalizer-3.5.1 click-8.5.0 cloudpickle-3.1.2 cryptography-50.0.1 cuda-bindings-13.4.2 cuda-pathfinder-1.8.2 cuda-toolkit-13.0.3.0 fastapi-0.141.1 filelock-4.0.1 fsspec-2026.9.0 h11-0.16.0 hf-xet-1.6.0 httpcore-1.0.9 httpx-0.28.1 huggingface-hub-1.32.0 idna-3.20 jinja2-3.1.6 joblib-1.6.0 lxml-6.1.3 markdown-it-py-4.2.0 mdurl-0.1.2 mpmath-1.3.0 narwhals-2.26.0 networkx-3.6.1 numpy-2.4.6 nvidia-cublas-13.1.1.3 nvidia-cuda-cupti-13.0.85 nvidia-cuda-nvrtc-13.0.88 nvidia-cuda-runtime-13.0.96 nvidia-cudnn-cu13-9.24.0.43 nvidia-cufft-12.0.0.61 nvidia-cufile-1.15.1.6 nvidia-curand-10.4.0.35 nvidia-cusolver-12.0.4.66 nvidia-cusparse-12.6.3.3 nvidia-cusparselt-cu13-0.8.1 nvidia-nccl-cu13-2.30.7 nvidia-nvjitlink-13.4.92 nvidia-nvshmem-cu13-3.4.5 nvidia-nvtx-13.0.85 pdfminer.six-20260107 pdfplumber-0.11.10 pycparser-3.0 pydantic-2.13.5 pydantic-core-2.46.5 pygments-2.21.0 pypdfium2-5.13.0 python-docx-1.2.0 pyyaml-6.0.3 rag-0.1.0 regex-2026.9.10 rich-15.0.0 safetensors-0.8.0 scikit-learn-1.9.1 scipy-1.17.1 sentence-transformers-6.1.0 shellingham-1.5.4 starlette-1.6.0 sympy-1.14.0 threadpoolctl-3.7.0 tokenizers-0.23.2 torch-2.14.0 tqdm-4.70.1 transformers-5.17.0 triton-3.8.0 typer-0.27.2 typing-extensions-4.16.0 typing-inspection-0.4.4 uvicorn-0.53.0
#24 108.6 WARNING: Running pip as the 'root' user can result in broken permissions and conflicting behaviour with the system package manager. It is recommended to use a virtual environment instead: https://pip.pypa.io/warnings/venv
#24 108.7 
#24 108.7 [notice] A new release of pip is available: 24.0 -> 26.2.1
#24 108.7 [notice] To update, run: pip install --upgrade pip
#24 DONE 109.6s

#30 [api  9/10] COPY docker/entrypoint.sh /entrypoint.sh
#30 DONE 0.1s

#31 [api 10/10] RUN chmod +x /entrypoint.sh
#31 DONE 0.1s

#32 [api] exporting to image
#32 exporting layers
#32 exporting layers 77.2s done
#32 exporting manifest sha256:72afead72038ffa40e21bf7663ffd571ff3748047f151e1c73466bd7422fd33a done
#32 exporting config sha256:80f2506b1c85abb218187327b692f2b5d1f38e5df279be59caeee74cdedea09c done
#32 exporting attestation manifest sha256:87764db97403727a2e5c51ede3791381b4f4e7923a6fd9daa50d512d2c165480 done
#32 exporting manifest list sha256:f0791638737154285ce68eb6a2cdc5cf08f1d6be3a1142620c003a8fa7bf5eea done
#32 naming to docker.io/library/rag-week6-api:latest done
#32 unpacking to docker.io/library/rag-week6-api:latest
#32 unpacking to docker.io/library/rag-week6-api:latest 14.6s done
#32 DONE 91.9s

#33 [api] resolving provenance for metadata file
#33 DONE 0.0s
 Image rag-week6-api Built 
 Image rag-week6-web Built 
