#24 83.77 Installing collected packages: nvidia-cusparselt-cu13, mpmath, cuda-toolkit, typing-extensions, triton, tqdm, threadpoolctl, sympy, shellingham, safetensors, regex, pyyaml, pypdfium2, pygments, pycparser, Pillow, nvidia-nvtx, nvidia-nvshmem-cu13, nvidia-nvjitlink, nvidia-nccl-cu13, nvidia-curand, nvidia-cufile, nvidia-cuda-runtime, nvidia-cuda-nvrtc, nvidia-cuda-cupti, numpy, networkx, narwhals, mdurl, MarkupSafe, lxml, idna, hf-xet, h11, fsspec, filelock, cuda-pathfinder, cloudpickle, click, charset-normalizer, certifi, annotated-types, annotated-doc, uvicorn, typing-inspection, scipy, python-docx, pydantic-core, nvidia-cusparse, nvidia-cufft, nvidia-cublas, markdown-it-py, joblib, jinja2, httpcore, cuda-bindings, cffi, anyio, starlette, scikit-learn, rich, pydantic, nvidia-cusolver, nvidia-cudnn-cu13, httpx, cryptography, typer, pdfminer.six, huggingface-hub, fastapi, torch, tokenizers, pdfplumber, transformers, sentence-transformers, rag
#24 108.6 Successfully installed MarkupSafe-3.0.3 Pillow-12.3.0 annotated-doc-0.0.5 annotated-types-0.8.0 anyio-4.15.1 certifi-2026.7.22 cffi-2.1.1 charset-normalizer-3.5.1 click-8.5.0 cloudpickle-3.1.2 cryptography-50.0.1 cuda-bindings-13.4.2 cuda-pathfinder-1.8.2 cuda-toolkit-13.0.3.0 fastapi-0.141.1 filelock-4.0.1 fsspec-2026.9.0 h11-0.16.0 hf-xet-1.6.0 httpcore-1.0.9 httpx-0.28.1 huggingface-hub-1.32.0 idna-3.20 jinja2-3.1.6 joblib-1.6.0 lxml-6.1.3 markdown-it-py-4.2.0 mdurl-0.1.2 mpmath-1.3.0 narwhals-2.26.0 networkx-3.6.1 numpy-2.4.6 nvidia-cublas-13.1.1.3 nvidia-cuda-cupti-13.0.85 nvidia-cuda-nvrtc-13.0.88 nvidia-cuda-runtime-13.0.96 nvidia-cudnn-cu13-9.24.0.43 nvidia-cufft-12.0.0.61 nvidia-cufile-1.15.1.6 nvidia-curand-10.4.0.35 nvidia-cusolver-12.0.4.66 nvidia-cusparse-12.6.3.3 nvidia-cusparselt-cu13-0.8.1 nvidia-nccl-cu13-2.30.7 nvidia-nvjitlink-13.4.92 nvidia-nvshmem-cu13-3.4.5 nvidia-nvtx-13.0.85 pdfminer.six-20260107 pdfplumber-0.11.10 pycparser-3.0 pydantic-2.13.5 pydantic-core-2.46.5 pygments-2.21.0 pypdfium2-5.13.0 python-docx-1.2.0 pyyaml-6.0.3 rag-0.1.0 regex-2026.9.10 rich-15.0.0 safetensors-0.8.0 scikit-learn-1.9.1 scipy-1.17.1 sentence-transformers-6.1.0 shellingham-1.5.4 starlette-1.6.0 sympy-1.14.0 threadpoolctl-3.7.0 tokenizers-0.23.2 torch-2.14.0 tqdm-4.70.1 transformers-5.17.0 triton-3.8.0 typer-0.27.2 typing-extensions-4.16.0 typing-inspection-0.4.4 uvicorn-0.53.0
#24 108.6 WARNING: Running pip as the 'root' user can result in broken permissions and conflicting behaviour with the system package manager. It is recommended to use a virtual environment instead: https://pip.pypa.io/warnings/venv
#24 108.7 
#24 108.7 [notice] A new release of pip is available: 24.0 -> 26.2.1
#24 108.7 [notice] To update, run: pip install --upgrade pip
#24 DONE 109.6s

#30 [api  9/10] COPY docker/entrypoint.sh /entrypoint.sh
#30 DONE 0.1s

#31 [api 10/10] RUN chmod +x /entrypoint.sh
#31 DONE 0.1s

#32 [api] exporting to image
#32 exporting layers
#32 exporting layers 77.2s done
#32 exporting manifest sha256:72afead72038ffa40e21bf7663ffd571ff3748047f151e1c73466bd7422fd33a done
#32 exporting config sha256:80f2506b1c85abb218187327b692f2b5d1f38e5df279be59caeee74cdedea09c done
#32 exporting attestation manifest sha256:87764db97403727a2e5c51ede3791381b4f4e7923a6fd9daa50d512d2c165480 done
#32 exporting manifest list sha256:f0791638737154285ce68eb6a2cdc5cf08f1d6be3a1142620c003a8fa7bf5eea done
#32 naming to docker.io/library/rag-week6-api:latest done
#32 unpacking to docker.io/library/rag-week6-api:latest
#32 unpacking to docker.io/library/rag-week6-api:latest 14.6s done
#32 DONE 91.9s

#33 [api] resolving provenance for metadata file
#33 DONE 0.0s
 Image rag-week6-api Built 
 Image rag-week6-web Built 
 Container rag-week6-api-1 Creating 
 service:api:1 Error response from daemon: Conflict. The container name "/rag-week6-api-1" is already in use by container "c6ccb56ebc3f8b79a293b959d2a2a648ec48a6c85baa9a1a14481df730035b6e". You have to remove (or rename) that container to be able to reuse that name. 
 Container rag-week6-web-1 Recreate 
Error response from daemon: Conflict. The container name "/rag-week6-api-1" is already in use by container "c6ccb56ebc3f8b79a293b959d2a2a648ec48a6c85baa9a1a14481df730035b6e". You have to remove (or rename) that container to be able to reuse that name.
rag-week6-api-1
rag-week6-api-1
 Container rag-week6-api-1 Creating 
 Container rag-week6-api-1 Created 
01a4ceec27b760b807f1e49d11b3ce64efd99412ed98e86a1f8a2d482955e2ba
1 
2 
3 {"ready":true,"index_generation":4}
{"dense_ok":true,"fts_ok":true,"rerank_ok":true,"nli_ok":true,"writer_ok":true,"warmed":true,"index_generation":4,"degraded":false,"messages":[],"index":true,"writer":true,"circuit":"closed","cache_hit_rate":0.0,"queue_in_flight":0}
{"status":"ok"}
writer True
