 Image rag-week6-web Building 
#1 [internal] load local bake definitions
#1 reading from stdin 950B done
#1 DONE 0.0s

#2 [internal] load build definition from Dockerfile
#2 transferring dockerfile: 261B done
#2 DONE 0.0s

#3 [internal] load metadata for docker.io/library/node:22-alpine
#3 DONE 0.0s

#4 [internal] load metadata for docker.io/library/nginx:alpine
#4 DONE 0.3s

#5 [internal] load .dockerignore
#5 transferring context: 58B done
#5 DONE 0.0s

#6 [stage-1 1/3] FROM docker.io/library/nginx:alpine@sha256:62ff2089abf5a9ed33bd232895bef5e22f7bb4b200675cec49a5ebc48e3d4ac8
#6 resolve docker.io/library/nginx:alpine@sha256:62ff2089abf5a9ed33bd232895bef5e22f7bb4b200675cec49a5ebc48e3d4ac8 0.0s done
#6 DONE 0.0s

#7 [build 1/6] FROM docker.io/library/node:22-alpine@sha256:b6f26b36c8ff49624cfdac716b8ea1138d606df02586a77d364bb5536a634f85
#7 resolve docker.io/library/node:22-alpine@sha256:b6f26b36c8ff49624cfdac716b8ea1138d606df02586a77d364bb5536a634f85 0.0s done
#7 DONE 0.0s

#8 [internal] load build context
#8 transferring context: 420B done
#8 DONE 0.0s

#9 [build 2/6] WORKDIR /web
#9 CACHED

#10 [stage-1 2/3] COPY nginx.conf /etc/nginx/conf.d/default.conf
#10 CACHED

#11 [build 6/6] RUN npm run build
#11 CACHED

#12 [build 3/6] COPY package.json ./
#12 CACHED

#13 [build 4/6] RUN npm install
#13 CACHED

#14 [build 5/6] COPY . .
#14 CACHED

#15 [stage-1 3/3] COPY --from=build /web/dist /usr/share/nginx/html
#15 CACHED

#16 exporting to image
#16 exporting layers done
#16 exporting manifest sha256:70a6015e84e5e72f530ef955216de85829fe018d1f9829e2564440c1ea939ba5 done
#16 exporting config sha256:a8d10d053bffa68a39bc20521dab33fb8f79cef24f751f0f5245bb8ac96e396f done
#16 exporting attestation manifest sha256:df42831b9d8fd5aa9b7556be1470732b23fb91de6a89d347f419e84724f33aca done
#16 exporting manifest list sha256:fc369946ea2b5ebb8f015b41ca301b407f796a17f87ac2d0a942233f2ed80adf done
#16 naming to docker.io/library/rag-week6-web:latest done
#16 unpacking to docker.io/library/rag-week6-web:latest done
#16 DONE 0.0s

#17 resolving provenance for metadata file
#17 DONE 0.0s
 Image rag-week6-web Built 
