 Image rag-week6-web Building 
#1 [internal] load local bake definitions
#1 reading from stdin 998B done
#1 DONE 0.0s

#2 [internal] load build definition from Dockerfile
#2 transferring dockerfile: 261B done
#2 DONE 0.0s

#3 [internal] load metadata for docker.io/library/node:22-alpine
#3 DONE 0.0s

#4 [internal] load metadata for docker.io/library/nginx:alpine
#4 DONE 0.2s

#5 [internal] load .dockerignore
#5 transferring context: 58B done
#5 DONE 0.0s

#6 [build 1/6] FROM docker.io/library/node:22-alpine@sha256:b6f26b36c8ff49624cfdac716b8ea1138d606df02586a77d364bb5536a634f85
#6 resolve docker.io/library/node:22-alpine@sha256:b6f26b36c8ff49624cfdac716b8ea1138d606df02586a77d364bb5536a634f85 0.0s done
#6 DONE 0.0s

#7 [build 2/6] WORKDIR /web
#7 CACHED

#8 [stage-1 1/3] FROM docker.io/library/nginx:alpine@sha256:62ff2089abf5a9ed33bd232895bef5e22f7bb4b200675cec49a5ebc48e3d4ac8
#8 resolve docker.io/library/nginx:alpine@sha256:62ff2089abf5a9ed33bd232895bef5e22f7bb4b200675cec49a5ebc48e3d4ac8 0.0s done
#8 CACHED

#9 [internal] load build context
#9 transferring context: 420B done
#9 DONE 0.0s

#10 [build 3/6] COPY package.json ./
#10 DONE 0.0s

#11 [stage-1 2/3] COPY nginx.conf /etc/nginx/conf.d/default.conf
#11 DONE 0.0s

#12 [build 4/6] RUN npm install
#12 9.337 
#12 9.337 added 103 packages, and audited 104 packages in 9s
#12 9.337 
#12 9.337 19 packages are looking for funding
#12 9.337   run `npm fund` for details
#12 9.339 
#12 9.339 2 moderate severity vulnerabilities
#12 9.339 
#12 9.339 To address all issues (including breaking changes), run:
#12 9.339   npm audit fix --force
#12 9.339 
#12 9.339 Run `npm audit` for details.
#12 9.340 npm notice
#12 9.340 npm notice New major version of npm available! 10.9.8 -> 12.1.0
#12 9.340 npm notice Changelog: https://github.com/npm/cli/releases/tag/v12.1.0
#12 9.340 npm notice To update run: npm install -g npm@12.1.0
#12 9.340 npm notice
#12 DONE 9.6s

#13 [build 5/6] COPY . .
#13 DONE 0.0s

#14 [build 6/6] RUN npm run build
#14 0.128 
#14 0.128 > build
#14 0.128 > vite build
#14 0.128 
#14 0.234 vite v7.3.6 building client environment for production...
#14 0.260 transforming...
#14 1.162 ✓ 2297 modules transformed.
#14 1.257 rendering chunks...
#14 1.262 computing gzip size...
#14 1.272 dist/index.html                   0.62 kB │ gzip:   0.33 kB
#14 1.272 dist/assets/index-xLr3gz-H.css   11.10 kB │ gzip:   2.92 kB
#14 1.272 dist/assets/index-wpPpVEqj.js   374.94 kB │ gzip: 120.08 kB
#14 1.272 ✓ built in 1.02s
#14 DONE 1.3s

#15 [stage-1 3/3] COPY --from=build /web/dist /usr/share/nginx/html
#15 DONE 0.0s

#16 exporting to image
#16 exporting layers 0.0s done
#16 exporting manifest sha256:9a7723e5fcba035e0a64f14afc44511c7283b2971be604ce2431eda8d61dd347 done
#16 exporting config sha256:be3b85ce688d2279816ebf0638fc0ad259d20090cf8ab987044715ee77266e0e done
#16 exporting attestation manifest sha256:035718f0491b2ad13d3e764bf11ee1e0c5f5bf40c7afcd15b33e98c187ee219d done
#16 exporting manifest list sha256:12fa8afdf0d11bd036d16b34497cf791519f0ed07bb9c6c682ff1bf91cea3124 done
#16 naming to docker.io/library/rag-week6-web:latest done
#16 unpacking to docker.io/library/rag-week6-web:latest 0.0s done
#16 DONE 0.1s

#17 resolving provenance for metadata file
#17 DONE 0.0s
 Image rag-week6-web Built 
