=== tools ===
3.11.16 (main, Aug 14 2026, 15:24:25) [Clang 22.1.3 ]
ruff not found
mypy not found
mutmut not found
=== cli subcommands ===
usage: rag [-h] [--log-format {json,console}]
           {ingest,query,eval,calibrate,purge} ...

positional arguments:
  {ingest,query,eval,calibrate,purge}
    ingest              index files
    query               search the index
    eval                score a golden set against suite.yaml gates
    calibrate           fit confidence thresholds
    purge               drop docs missing from a folder

options:
  -h, --help            show this help message and exit
  --log-format {json,console}
                        structured json (default) or human console lines
=== local index dir ===
ls: index: No such file or directory
no local index/ (gitignored; created on ingest)
=== docker index volume (needs docker perms) ===
