Resolved 29 packages in 805ms
Downloading libcst (2.0MiB)
Downloading mypy (13.3MiB)
Downloading ast-serialize (1.2MiB)
Downloading ruff (9.4MiB)
 Downloaded ast-serialize
 Downloaded libcst
 Downloaded ruff
 Downloaded mypy
Prepared 18 packages in 642ms
Installed 18 packages in 24ms
 + ast-serialize==0.11.2
 + coverage==7.16.1
 + execnet==2.1.2
 + libcst==1.9.0
 + librt==0.15.0
 + linkify-it-py==2.2.0
 + mdit-py-plugins==0.6.1
 + mutmut==3.8.0
 + mypy==2.3.1
 + mypy-extensions==1.1.0
 + pathspec==1.1.1
 + platformdirs==4.11.12
 + pytest-cov==7.1.0
 + pytest-randomly==5.0.0
 + pytest-xdist==3.8.0
 + ruff==0.16.8
 + setproctitle==1.3.7
 + textual==8.2.8
