[1m[91mF401[0m [[1m[96m*[0m][1m `rag.evaluate.load_rows` imported but unused[0m
  [1m[94m--> [0msrc/rag/calibrate.py:12:35
   [1m[94m|[0m
[1m[94m10[0m [1m[94m|[0m from pathlib import Path
[1m[94m11[0m [1m[94m|[0m
[1m[94m12[0m [1m[94m|[0m from rag.evaluate import fit_tau, load_rows, load_split, row_hit, rows_for_split
   [1m[94m|[0m                                   [1m[91m^^^^^^^^^[0m
[1m[94m13[0m [1m[94m|[0m from rag.models import tau_key
   [1m[94m|[0m
[1m[96mhelp[0m[1m: Remove unused import[0m
[1m[94m  [0m [1m[94m|[0m
[1m[94m11[0m [1m[94m|[0m
[1m[94m  [0m [1m[31m-[0m [31mfrom rag.evaluate import fit_tau, [0m[1m[31mload_rows, load_split, [0m[0m[31mrow_hit, rows_for_split
[0m[1m[94m12[0m [1m[32m+[0m [32mfrom rag.evaluate import fit_tau, [0m[32mrow_hit, rows_for_split
[0m[1m[94m13[0m [1m[94m|[0m from rag.models import tau_key
[1m[94m  [0m [1m[94m|[0m

[1m[91mF401[0m [[1m[96m*[0m][1m `rag.evaluate.load_split` imported but unused[0m
  [1m[94m--> [0msrc/rag/calibrate.py:12:46
   [1m[94m|[0m
[1m[94m10[0m [1m[94m|[0m from pathlib import Path
[1m[94m11[0m [1m[94m|[0m
[1m[94m12[0m [1m[94m|[0m from rag.evaluate import fit_tau, load_rows, load_split, row_hit, rows_for_split
   [1m[94m|[0m                                              [1m[91m^^^^^^^^^^[0m
[1m[94m13[0m [1m[94m|[0m from rag.models import tau_key
   [1m[94m|[0m
[1m[96mhelp[0m[1m: Remove unused import[0m
[1m[94m  [0m [1m[94m|[0m
[1m[94m11[0m [1m[94m|[0m
[1m[94m  [0m [1m[31m-[0m [31mfrom rag.evaluate import fit_tau, [0m[1m[31mload_rows, load_split, [0m[0m[31mrow_hit, rows_for_split
[0m[1m[94m12[0m [1m[32m+[0m [32mfrom rag.evaluate import fit_tau, [0m[32mrow_hit, rows_for_split
[0m[1m[94m13[0m [1m[94m|[0m from rag.models import tau_key
[1m[94m  [0m [1m[94m|[0m

[1m[91mRUF046[0m[1m Value being cast to `int` is already an integer[0m
  [1m[94m--> [0msrc/rag/calibrate.py:45:21
   [1m[94m|[0m
[1m[94m43[0m [1m[94m|[0m     # keeps `keep` of the positives.
[1m[94m44[0m [1m[94m|[0m     ordered = sorted(positives)
[1m[94m45[0m [1m[94m|[0m     keep_n = max(1, int(round(keep * len(ordered))))
   [1m[94m|[0m                     [1m[91m^^^^^^^^^^^^^^^^^^^^^^^^^^^^^^^[0m
[1m[94m46[0m [1m[94m|[0m     candidate = ordered[len(ordered) - keep_n]
[1m[94m47[0m [1m[94m|[0m     floor = max(negatives)
   [1m[94m|[0m
[1m[96mhelp[0m[1m: Remove unnecessary `int` call[0m

[1m[91mSIM114[0m [[1m[96m*[0m][1m Combine `if` branches using logical `or` operator[0m
  [1m[94m--> [0msrc/rag/chunk.py:53:9
   [1m[94m|[0m
[1m[94m51[0m [1m[94m|[0m               groups.append([block])
[1m[94m52[0m [1m[94m|[0m               continue
[1m[94m53[0m [1m[94m|[0m [1m[91m/[0m         if (
[1m[94m54[0m [1m[94m|[0m [1m[91m|[0m             groups
[1m[94m55[0m [1m[94m|[0m [1m[91m|[0m             and groups[-1][0].kind not in ("table", "code", "figure")
[1m[94m56[0m [1m[94m|[0m [1m[91m|[0m             and groups[-1][0].heading_path == block.heading_path
[1m[94m57[0m [1m[94m|[0m [1m[91m|[0m             and groups[-1][0].kind != "row"
[1m[94m58[0m [1m[94m|[0m [1m[91m|[0m             and block.kind != "row"
[1m[94m59[0m [1m[94m|[0m [1m[91m|[0m         ):
[1m[94m60[0m [1m[94m|[0m [1m[91m|[0m             groups[-1].append(block)
[1m[94m61[0m [1m[94m|[0m [1m[91m|[0m         elif (
[1m[94m62[0m [1m[94m|[0m [1m[91m|[0m             groups
[1m[94m63[0m [1m[94m|[0m [1m[91m|[0m             and block.kind == "row"
[1m[94m64[0m [1m[94m|[0m [1m[91m|[0m             and groups[-1][0].kind == "row"
[1m[94m65[0m [1m[94m|[0m [1m[91m|[0m             and groups[-1][0].heading_path == block.heading_path
[1m[94m66[0m [1m[94m|[0m [1m[91m|[0m         ):
[1m[94m67[0m [1m[94m|[0m [1m[91m|[0m             groups[-1].append(block)
   [1m[94m|[0m [1m[91m|____________________________________^[0m
[1m[94m68[0m [1m[94m|[0m           else:
[1m[94m69[0m [1m[94m|[0m               groups.append([block])
   [1m[94m|[0m
[1m[96mhelp[0m[1m: Combine `if` branches[0m
[1m[94m  [0m [1m[94m|[0m
[1m[94m58[0m [1m[94m|[0m             and block.kind != "row"
[1m[94m  [0m [1m[31m-[0m [31m        ):
[0m[1m[94m  [0m [1m[31m-[0m [31m            groups[-1].append(block)
[0m[1m[94m  [0m [1m[31m-[0m [31m        elif (
[0m[1m[94m59[0m [1m[32m+[0m [32m        ) or (
[0m[1m[94m60[0m [1m[94m|[0m             groups
[1m[94m  [0m [1m[94m|[0m

[1m[91mBLE001[0m[1m Do not catch blind exception: `Exception`[0m
   [1m[94m--> [0msrc/rag/chunk.py:368:16
    [1m[94m|[0m
[1m[94m366[0m [1m[94m|[0m         try:
[1m[94m367[0m [1m[94m|[0m             prefix = (context_fn(parent.text, child.text) or "").strip()
[1m[94m368[0m [1m[94m|[0m         except Exception:
    [1m[94m|[0m                [1m[91m^^^^^^^^^[0m
[1m[94m369[0m [1m[94m|[0m             prefix = ""
[1m[94m370[0m [1m[94m|[0m         if not prefix:
    [1m[94m|[0m

[1m[91mI001[0m [[1m[96m*[0m][1m Import block is un-sorted or un-formatted[0m
 [1m[94m--> [0msrc/rag/embed.py:1:1
  [1m[94m|[0m
[1m[94m1[0m [1m[94m|[0m [1m[91m/[0m import hashlib
[1m[94m2[0m [1m[94m|[0m [1m[91m|[0m from functools import lru_cache
[1m[94m3[0m [1m[94m|[0m [1m[91m|[0m
[1m[94m4[0m [1m[94m|[0m [1m[91m|[0m from rag.models import EMBED_BATCH, EMBED_MODEL, EMBED_REVISION, IngestError, RERANK_MODEL, RERANK_REVISION
  [1m[94m|[0m [1m[91m|___________________________________________________________________________________________________________^[0m
[1m[94m5[0m [1m[94m|[0m
[1m[94m6[0m [1m[94m|[0m   _embedder = None
  [1m[94m|[0m
[1m[96mhelp[0m[1m: Organize imports[0m
[1m[94m  [0m [1m[94m|[0m
[1m[94m3 [0m [1m[94m|[0m
[1m[94m  [0m [1m[31m-[0m [31mfrom rag.models import EMBED_BATCH, EMBED_MODEL, EMBED_REVISION, IngestError, RERANK_MODEL, RERANK_REVISION
[0m[1m[94m4 [0m [1m[32m+[0m [32mfrom rag.models import (
[0m[1m[94m5 [0m [1m[32m+[0m [32m    EMBED_BATCH,
[0m[1m[94m6 [0m [1m[32m+[0m [32m    EMBED_MODEL,
[0m[1m[94m7 [0m [1m[32m+[0m [32m    EMBED_REVISION,
[0m[1m[94m8 [0m [1m[32m+[0m [32m    RERANK_MODEL,
[0m[1m[94m9 [0m [1m[32m+[0m [32m    RERANK_REVISION,
[0m[1m[94m10[0m [1m[32m+[0m [32m    IngestError,
[0m[1m[94m11[0m [1m[32m+[0m [32m)
[0m[1m[94m12[0m [1m[94m|[0m
[1m[94m  [0m [1m[94m|[0m

[1m[91mBLE001[0m[1m Do not catch blind exception: `Exception`[0m
   [1m[94m--> [0msrc/rag/embed.py:111:12
    [1m[94m|[0m
[1m[94m109[0m [1m[94m|[0m         if torch.backends.mps.is_available():
[1m[94m110[0m [1m[94m|[0m             return "mps"
[1m[94m111[0m [1m[94m|[0m     except Exception:
    [1m[94m|[0m            [1m[91m^^^^^^^^^[0m
[1m[94m112[0m [1m[94m|[0m         return "cpu"
[1m[94m113[0m [1m[94m|[0m     return "cpu"
    [1m[94m|[0m

[1m[91mRUF046[0m[1m Value being cast to `int` is already an integer[0m
   [1m[94m--> [0msrc/rag/evaluate.py:118:17
    [1m[94m|[0m
[1m[94m116[0m [1m[94m|[0m         ids = sorted(buckets[key])
[1m[94m117[0m [1m[94m|[0m         rng.shuffle(ids)
[1m[94m118[0m [1m[94m|[0m         n_cal = int(round(len(ids) * calibration_fraction))
    [1m[94m|[0m                 [1m[91m^^^^^^^^^^^^^^^^^^^^^^^^^^^^^^^^^^^^^^^^^^^[0m
[1m[94m119[0m [1m[94m|[0m         if len(ids) >= 2:
[1m[94m120[0m [1m[94m|[0m             n_cal = min(max(1, n_cal), len(ids) - 1)
    [1m[94m|[0m
[1m[96mhelp[0m[1m: Remove unnecessary `int` call[0m

[1m[91mSIM103[0m[1m Return the negated condition directly[0m
   [1m[94m--> [0msrc/rag/evaluate.py:169:5
    [1m[94m|[0m
[1m[94m167[0m [1m[94m|[0m           return False
[1m[94m168[0m [1m[94m|[0m       expect = str(row.get("expect") or row.get("must_contain") or "")
[1m[94m169[0m [1m[94m|[0m [1m[91m/[0m     if expect and expect.lower() not in text.lower():
[1m[94m170[0m [1m[94m|[0m [1m[91m|[0m         return False
[1m[94m171[0m [1m[94m|[0m [1m[91m|[0m     return True
    [1m[94m|[0m [1m[91m|_______________^[0m
[1m[96mhelp[0m[1m: Inline condition[0m

[1m[91mFURB188[0m [[1m[96m*[0m][1m Prefer `str.removesuffix()` over conditionally replacing with slice.[0m
  [1m[94m--> [0msrc/rag/generate.py:22:5
   [1m[94m|[0m
[1m[94m20[0m [1m[94m|[0m   def writer_up() -> bool:
[1m[94m21[0m [1m[94m|[0m       base = generator_url()
[1m[94m22[0m [1m[94m|[0m [1m[91m/[0m     if base.endswith("/v1"):
[1m[94m23[0m [1m[94m|[0m [1m[91m|[0m         base = base[:-3]
   [1m[94m|[0m [1m[91m|________________________^[0m
[1m[94m24[0m [1m[94m|[0m       try:
[1m[94m25[0m [1m[94m|[0m           with urllib.request.urlopen(base + "/health", timeout=2) as resp:
   [1m[94m|[0m
[1m[96mhelp[0m[1m: Use removesuffix instead of assignment conditional upon endswith.[0m
[1m[94m  [0m [1m[94m|[0m
[1m[94m21[0m [1m[94m|[0m     base = generator_url()
[1m[94m  [0m [1m[31m-[0m [31m    [0m[1m[31mif base.endswith("/v1"):[0m[0m[31m
[0m[1m[94m  [0m [1m[31m-[0m [1m[31m        [0m[0m[31mbase = [0m[1m[31mbase[:-3][0m[0m[31m
[0m[1m[94m22[0m [1m[32m+[0m [32m    [0m[32mbase = [0m[1m[32mbase.removesuffix("/v1")[0m[0m[32m
[0m[1m[94m23[0m [1m[94m|[0m     try:
[1m[94m  [0m [1m[94m|[0m

[1m[91mSIM103[0m[1m Return the condition directly[0m
  [1m[94m--> [0msrc/rag/health.py:58:13
   [1m[94m|[0m
[1m[94m56[0m [1m[94m|[0m               if self.opened_at is None:
[1m[94m57[0m [1m[94m|[0m                   return True
[1m[94m58[0m [1m[94m|[0m [1m[91m/[0m             if time.monotonic() - self.opened_at >= self.reset_s:
[1m[94m59[0m [1m[94m|[0m [1m[91m|[0m                 return True  # half-open probe
[1m[94m60[0m [1m[94m|[0m [1m[91m|[0m             return False
   [1m[94m|[0m [1m[91m|________________________^[0m
[1m[94m61[0m [1m[94m|[0m
[1m[94m62[0m [1m[94m|[0m       def record_success(self) -> None:
   [1m[94m|[0m
[1m[96mhelp[0m[1m: Inline condition[0m

[1m[91mBLE001[0m[1m Do not catch blind exception: `Exception`[0m
  [1m[94m--> [0msrc/rag/layout.py:93:12
   [1m[94m|[0m
[1m[94m91[0m [1m[94m|[0m     try:
[1m[94m92[0m [1m[94m|[0m         text = page.extract_text() or ""
[1m[94m93[0m [1m[94m|[0m     except Exception:
   [1m[94m|[0m            [1m[91m^^^^^^^^^[0m
[1m[94m94[0m [1m[94m|[0m         text = ""
[1m[94m95[0m [1m[94m|[0m     if not looks_borderless(text):
   [1m[94m|[0m

[1m[91mBLE001[0m[1m Do not catch blind exception: `Exception`[0m
   [1m[94m--> [0msrc/rag/layout.py:143:12
    [1m[94m|[0m
[1m[94m141[0m [1m[94m|[0m     try:
[1m[94m142[0m [1m[94m|[0m         raw = layout_extract(page) or []
[1m[94m143[0m [1m[94m|[0m     except Exception:
    [1m[94m|[0m            [1m[91m^^^^^^^^^[0m
[1m[94m144[0m [1m[94m|[0m         return []
[1m[94m145[0m [1m[94m|[0m     tables = []
    [1m[94m|[0m

[1m[91mBLE001[0m[1m Do not catch blind exception: `Exception`[0m
   [1m[94m--> [0msrc/rag/layout.py:173:12
    [1m[94m|[0m
[1m[94m171[0m [1m[94m|[0m             return []
[1m[94m172[0m [1m[94m|[0m         found = list(page.find_tables() or [])
[1m[94m173[0m [1m[94m|[0m     except Exception:
    [1m[94m|[0m            [1m[91m^^^^^^^^^[0m
[1m[94m174[0m [1m[94m|[0m         return []
[1m[94m175[0m [1m[94m|[0m     tables = []
    [1m[94m|[0m

[1m[91mS112[0m[1m `try`-`except`-`continue` detected, consider logging the exception[0m
   [1m[94m--> [0msrc/rag/layout.py:179:9
    [1m[94m|[0m
[1m[94m177[0m [1m[94m|[0m           try:
[1m[94m178[0m [1m[94m|[0m               rows = item.extract()
[1m[94m179[0m [1m[94m|[0m [1m[91m/[0m         except Exception:
[1m[94m180[0m [1m[94m|[0m [1m[91m|[0m             continue
    [1m[94m|[0m [1m[91m|____________________^[0m
[1m[94m181[0m [1m[94m|[0m           if not rows:
[1m[94m182[0m [1m[94m|[0m               continue
    [1m[94m|[0m

[1m[91mBLE001[0m[1m Do not catch blind exception: `Exception`[0m
   [1m[94m--> [0msrc/rag/layout.py:179:16
    [1m[94m|[0m
[1m[94m177[0m [1m[94m|[0m         try:
[1m[94m178[0m [1m[94m|[0m             rows = item.extract()
[1m[94m179[0m [1m[94m|[0m         except Exception:
    [1m[94m|[0m                [1m[91m^^^^^^^^^[0m
[1m[94m180[0m [1m[94m|[0m             continue
[1m[94m181[0m [1m[94m|[0m         if not rows:
    [1m[94m|[0m

[1m[91mFLY002[0m[1m Consider f-string instead of string join[0m
   [1m[94m--> [0msrc/rag/models.py:136:12
    [1m[94m|[0m
[1m[94m135[0m [1m[94m|[0m def tau_key(embed_model: str, embed_revision: str, mode: str = "cascade") -> str:
[1m[94m136[0m [1m[94m|[0m     return "|".join((embed_model, embed_revision, RERANK_MODEL, RERANK_REVISION, mode))
    [1m[94m|[0m            [1m[91m^^^^^^^^^^^^^^^^^^^^^^^^^^^^^^^^^^^^^^^^^^^^^^^^^^^^^^^^^^^^^^^^^^^^^^^^^^^^[0m
[1m[96mhelp[0m[1m: Replace with f-string[0m

[1m[91mI001[0m [[1m[96m*[0m][1m Import block is un-sorted or un-formatted[0m
 [1m[94m--> [0msrc/rag/ocr.py:7:1
  [1m[94m|[0m
[1m[94m5[0m [1m[94m|[0m   """
[1m[94m6[0m [1m[94m|[0m
[1m[94m7[0m [1m[94m|[0m [1m[91m/[0m from __future__ import annotations
[1m[94m8[0m [1m[94m|[0m [1m[91m|[0m
[1m[94m9[0m [1m[94m|[0m [1m[91m|[0m from dataclasses import dataclass
  [1m[94m|[0m [1m[91m|_________________________________^[0m
[1m[96mhelp[0m[1m: Organize imports[0m
[1m[94m  [0m [1m[94m|[0m
[1m[94m10[0m [1m[94m|[0m
[1m[94m  [0m [1m[31m-[0m[31m
[0m[1m[94m11[0m [1m[94m|[0m # Characters per square point below which a page is treated as image-only.
[1m[94m  [0m [1m[94m|[0m

[1m[91mBLE001[0m[1m Do not catch blind exception: `Exception`[0m
  [1m[94m--> [0msrc/rag/ocr.py:26:12
   [1m[94m|[0m
[1m[94m24[0m [1m[94m|[0m     try:
[1m[94m25[0m [1m[94m|[0m         text = page.extract_text() or ""
[1m[94m26[0m [1m[94m|[0m     except Exception:
   [1m[94m|[0m            [1m[91m^^^^^^^^^[0m
[1m[94m27[0m [1m[94m|[0m         text = ""
[1m[94m28[0m [1m[94m|[0m     width = float(getattr(page, "width", 0) or 0)
   [1m[94m|[0m

[1m[91mBLE001[0m[1m Do not catch blind exception: `Exception`[0m
  [1m[94m--> [0msrc/rag/ocr.py:58:12
   [1m[94m|[0m
[1m[94m56[0m [1m[94m|[0m     try:
[1m[94m57[0m [1m[94m|[0m         return (captioner(image) or "").strip()
[1m[94m58[0m [1m[94m|[0m     except Exception:
   [1m[94m|[0m            [1m[91m^^^^^^^^^[0m
[1m[94m59[0m [1m[94m|[0m         return ""
   [1m[94m|[0m

[1m[91mBLE001[0m[1m Do not catch blind exception: `Exception`[0m
  [1m[94m--> [0msrc/rag/ocr.py:67:12
   [1m[94m|[0m
[1m[94m65[0m [1m[94m|[0m         if hasattr(page, "to_image"):
[1m[94m66[0m [1m[94m|[0m             return page.to_image(resolution=150).original
[1m[94m67[0m [1m[94m|[0m     except Exception:
   [1m[94m|[0m            [1m[91m^^^^^^^^^[0m
[1m[94m68[0m [1m[94m|[0m         return None
[1m[94m69[0m [1m[94m|[0m     return None
   [1m[94m|[0m

[1m[91mBLE001[0m[1m Do not catch blind exception: `Exception`[0m
   [1m[94m--> [0msrc/rag/parse.py:259:16
    [1m[94m|[0m
[1m[94m257[0m [1m[94m|[0m             page_tables.append(tables)
[1m[94m258[0m [1m[94m|[0m             page_extras.append(extras)
[1m[94m259[0m [1m[94m|[0m         except Exception as exc:
    [1m[94m|[0m                [1m[91m^^^^^^^^^[0m
[1m[94m260[0m [1m[94m|[0m             page_texts.append("")
[1m[94m261[0m [1m[94m|[0m             page_tables.append([])
    [1m[94m|[0m

[1m[91mRET501[0m [[1m[96m*[0m][1m Do not explicitly `return None` in function if it is the only possible return value[0m
   [1m[94m--> [0msrc/rag/parse.py:300:9
    [1m[94m|[0m
[1m[94m298[0m [1m[94m|[0m         import docling  # noqa: F401
[1m[94m299[0m [1m[94m|[0m     except ImportError:
[1m[94m300[0m [1m[94m|[0m         return None
    [1m[94m|[0m         [1m[91m^^^^^^^^^^^[0m
[1m[94m301[0m [1m[94m|[0m     del page
[1m[94m302[0m [1m[94m|[0m     return None
    [1m[94m|[0m
[1m[96mhelp[0m[1m: Remove explicit `return None`[0m
[1m[94m   [0m [1m[94m|[0m
[1m[94m299[0m [1m[94m|[0m     except ImportError:
[1m[94m   [0m [1m[31m-[0m [31m        return[0m[1m[31m None[0m[0m[31m
[0m[1m[94m300[0m [1m[32m+[0m [32m        return[0m[32m
[0m[1m[94m301[0m [1m[94m|[0m     del page
[1m[94m   [0m [1m[94m|[0m

[1m[91mRET501[0m [[1m[96m*[0m][1m Do not explicitly `return None` in function if it is the only possible return value[0m
   [1m[94m--> [0msrc/rag/parse.py:302:5
    [1m[94m|[0m
[1m[94m300[0m [1m[94m|[0m         return None
[1m[94m301[0m [1m[94m|[0m     del page
[1m[94m302[0m [1m[94m|[0m     return None
    [1m[94m|[0m     [1m[91m^^^^^^^^^^^[0m
[1m[96mhelp[0m[1m: Remove explicit `return None`[0m
[1m[94m   [0m [1m[94m|[0m
[1m[94m301[0m [1m[94m|[0m     del page
[1m[94m   [0m [1m[31m-[0m [31m    return[0m[1m[31m None[0m[0m[31m
[0m[1m[94m302[0m [1m[32m+[0m [32m    return[0m[32m
[0m[1m[94m303[0m [1m[94m|[0m
[1m[94m   [0m [1m[94m|[0m

[1m[91mBLE001[0m[1m Do not catch blind exception: `Exception`[0m
   [1m[94m--> [0msrc/rag/parse.py:308:12
    [1m[94m|[0m
[1m[94m306[0m [1m[94m|[0m     try:
[1m[94m307[0m [1m[94m|[0m         return list(getattr(page, "images", []) or [])
[1m[94m308[0m [1m[94m|[0m     except Exception:
    [1m[94m|[0m            [1m[91m^^^^^^^^^[0m
[1m[94m309[0m [1m[94m|[0m         return []
    [1m[94m|[0m

[1m[91mBLE001[0m[1m Do not catch blind exception: `Exception`[0m
   [1m[94m--> [0msrc/rag/parse.py:424:12
    [1m[94m|[0m
[1m[94m422[0m [1m[94m|[0m     try:
[1m[94m423[0m [1m[94m|[0m         package = document.part.package
[1m[94m424[0m [1m[94m|[0m     except Exception:
    [1m[94m|[0m            [1m[91m^^^^^^^^^[0m
[1m[94m425[0m [1m[94m|[0m         return out
[1m[94m426[0m [1m[94m|[0m     for other in package.parts:
    [1m[94m|[0m

[1m[91mI001[0m [[1m[96m*[0m][1m Import block is un-sorted or un-formatted[0m
 [1m[94m--> [0msrc/rag/pipeline.py:1:1
  [1m[94m|[0m
[1m[94m1[0m [1m[94m|[0m [1m[91m/[0m import hashlib
[1m[94m2[0m [1m[94m|[0m [1m[91m|[0m from pathlib import Path
[1m[94m3[0m [1m[94m|[0m [1m[91m|[0m
[1m[94m4[0m [1m[94m|[0m [1m[91m|[0m from rag.chunk import chunk_document
[1m[94m5[0m [1m[94m|[0m [1m[91m|[0m from rag.embed import embed_texts
[1m[94m6[0m [1m[94m|[0m [1m[91m|[0m from rag.models import EMBED_MODEL, EMBED_REVISION, MAX_CHUNKS, MAX_FILE_BYTES, PIPELINE_VERSION, IngestError, Ingested
[1m[94m7[0m [1m[94m|[0m [1m[91m|[0m from rag.parse import MIMES, parse_file
[1m[94m8[0m [1m[94m|[0m [1m[91m|[0m from rag.retrieve import retrieve
[1m[94m9[0m [1m[94m|[0m [1m[91m|[0m from rag.store import Index
  [1m[94m|[0m [1m[91m|___________________________^[0m
[1m[96mhelp[0m[1m: Organize imports[0m
[1m[94m  [0m [1m[94m|[0m
[1m[94m5 [0m [1m[94m|[0m from rag.embed import embed_texts
[1m[94m  [0m [1m[31m-[0m [31mfrom rag.models import EMBED_MODEL, EMBED_REVISION, MAX_CHUNKS, MAX_FILE_BYTES, PIPELINE_VERSION, IngestError, Ingested
[0m[1m[94m6 [0m [1m[32m+[0m [32mfrom rag.models import (
[0m[1m[94m7 [0m [1m[32m+[0m [32m    EMBED_MODEL,
[0m[1m[94m8 [0m [1m[32m+[0m [32m    EMBED_REVISION,
[0m[1m[94m9 [0m [1m[32m+[0m [32m    MAX_CHUNKS,
[0m[1m[94m10[0m [1m[32m+[0m [32m    MAX_FILE_BYTES,
[0m[1m[94m11[0m [1m[32m+[0m [32m    PIPELINE_VERSION,
[0m[1m[94m12[0m [1m[32m+[0m [32m    Ingested,
[0m[1m[94m13[0m [1m[32m+[0m [32m    IngestError,
[0m[1m[94m14[0m [1m[32m+[0m [32m)
[0m[1m[94m15[0m [1m[94m|[0m from rag.parse import MIMES, parse_file
[1m[94m  [0m [1m[94m|[0m

[1m[91mPLC0414[0m[1m Import alias does not rename original package[0m
  [1m[94m--> [0msrc/rag/pipeline.py:34:31
   [1m[94m|[0m
[1m[94m32[0m [1m[94m|[0m         encode = encode_documents
[1m[94m33[0m [1m[94m|[0m     if count_tokens is None:
[1m[94m34[0m [1m[94m|[0m         from rag.embed import count_tokens as count_tokens
   [1m[94m|[0m                               [1m[91m^^^^^^^^^^^^^^^^^^^^^^^^^^^^[0m
[1m[94m35[0m [1m[94m|[0m     if not path.exists():
[1m[94m36[0m [1m[94m|[0m         raise IngestError(str(path), "file not found")
   [1m[94m|[0m
[1m[96mhelp[0m[1m: Remove import alias[0m

[1m[91mI001[0m [[1m[96m*[0m][1m Import block is un-sorted or un-formatted[0m
  [1m[94m--> [0msrc/rag/retrieve.py:1:1
   [1m[94m|[0m
[1m[94m 1[0m [1m[94m|[0m [1m[91m/[0m import time
[1m[94m 2[0m [1m[94m|[0m [1m[91m|[0m
[1m[94m 3[0m [1m[94m|[0m [1m[91m|[0m from rag.models import (
[1m[94m 4[0m [1m[94m|[0m [1m[91m|[0m     AGREE_TOP,
[1m[94m 5[0m [1m[94m|[0m [1m[91m|[0m     BM25_K,
[1m[94m 6[0m [1m[94m|[0m [1m[91m|[0m     DENSE_K,
[1m[94m 7[0m [1m[94m|[0m [1m[91m|[0m     EMBED_MODEL,
[1m[94m 8[0m [1m[94m|[0m [1m[91m|[0m     EMBED_REVISION,
[1m[94m 9[0m [1m[94m|[0m [1m[91m|[0m     FAST_GAP,
[1m[94m10[0m [1m[94m|[0m [1m[91m|[0m     MAX_PARENTS,
[1m[94m11[0m [1m[94m|[0m [1m[91m|[0m     QueryError,
[1m[94m12[0m [1m[94m|[0m [1m[91m|[0m     RERANK_K,
[1m[94m13[0m [1m[94m|[0m [1m[91m|[0m     RRF_K,
[1m[94m14[0m [1m[94m|[0m [1m[91m|[0m     SCORE_BAND,
[1m[94m15[0m [1m[94m|[0m [1m[91m|[0m     Hit,
[1m[94m16[0m [1m[94m|[0m [1m[91m|[0m     Retrieval,
[1m[94m17[0m [1m[94m|[0m [1m[91m|[0m     tau_key,
[1m[94m18[0m [1m[94m|[0m [1m[91m|[0m )
[1m[94m19[0m [1m[94m|[0m [1m[91m|[0m from rag.telemetry import StageTimer
   [1m[94m|[0m [1m[91m|____________________________________^[0m
[1m[96mhelp[0m[1m: Organize imports[0m
[1m[94m  [0m [1m[94m|[0m
[1m[94m10[0m [1m[94m|[0m     MAX_PARENTS,
[1m[94m  [0m [1m[31m-[0m [31m    QueryError,
[0m[1m[94m11[0m [1m[94m|[0m     RERANK_K,
[1m[94m12[0m [1m[94m|[0m     RRF_K,
[1m[94m13[0m [1m[94m|[0m     SCORE_BAND,
[1m[94m14[0m [1m[94m|[0m     Hit,
[1m[94m15[0m [1m[32m+[0m [32m    QueryError,
[0m[1m[94m16[0m [1m[94m|[0m     Retrieval,
[1m[94m  [0m [1m[94m|[0m

[1m[91mF401[0m [[1m[96m*[0m][1m `urllib.error` imported but unused[0m
  [1m[94m--> [0msrc/rag/server.py:8:8
   [1m[94m|[0m
[1m[94m 6[0m [1m[94m|[0m import threading
[1m[94m 7[0m [1m[94m|[0m import time
[1m[94m 8[0m [1m[94m|[0m import urllib.error
   [1m[94m|[0m        [1m[91m^^^^^^^^^^^^[0m
[1m[94m 9[0m [1m[94m|[0m from contextlib import asynccontextmanager
[1m[94m10[0m [1m[94m|[0m from pathlib import Path
   [1m[94m|[0m
[1m[96mhelp[0m[1m: Remove unused import: `urllib.error`[0m
[1m[94m [0m [1m[94m|[0m
[1m[94m7[0m [1m[94m|[0m import time
[1m[94m [0m [1m[31m-[0m [31mimport urllib.error
[0m[1m[94m8[0m [1m[94m|[0m from contextlib import asynccontextmanager
[1m[94m [0m [1m[94m|[0m

[1m[91mBLE001[0m[1m Do not catch blind exception: `Exception`[0m
  [1m[94m--> [0msrc/rag/server.py:63:16
   [1m[94m|[0m
[1m[94m62[0m [1m[94m|[0m             load_embedder()
[1m[94m63[0m [1m[94m|[0m         except Exception as exc:
   [1m[94m|[0m                [1m[91m^^^^^^^^^[0m
[1m[94m64[0m [1m[94m|[0m             _health.note(f"embedder warmup skipped: {exc}")
[1m[94m65[0m [1m[94m|[0m         _health.warmed = True
   [1m[94m|[0m

[1m[91mBLE001[0m[1m Do not catch blind exception: `Exception`[0m
  [1m[94m--> [0msrc/rag/server.py:69:12
   [1m[94m|[0m
[1m[94m67[0m [1m[94m|[0m         if not _health.writer_ok:
[1m[94m68[0m [1m[94m|[0m             _health.note("Generator down — extractive mode only")
[1m[94m69[0m [1m[94m|[0m     except Exception as exc:
   [1m[94m|[0m            [1m[91m^^^^^^^^^[0m
[1m[94m70[0m [1m[94m|[0m         _health.note(f"index open failed: {exc}")
[1m[94m71[0m [1m[94m|[0m         _health.warmed = True  # ready to serve degraded responses
   [1m[94m|[0m

[1m[91mS110[0m[1m `try`-`except`-`pass` detected, consider logging the exception[0m
  [1m[94m--> [0msrc/rag/server.py:76:9
   [1m[94m|[0m
[1m[94m74[0m [1m[94m|[0m           try:
[1m[94m75[0m [1m[94m|[0m               _index.close()
[1m[94m76[0m [1m[94m|[0m [1m[91m/[0m         except Exception:
[1m[94m77[0m [1m[94m|[0m [1m[91m|[0m             pass
   [1m[94m|[0m [1m[91m|________________^[0m
[1m[94m78[0m [1m[94m|[0m           _index = None
   [1m[94m|[0m

[1m[91mBLE001[0m[1m Do not catch blind exception: `Exception`[0m
  [1m[94m--> [0msrc/rag/server.py:76:16
   [1m[94m|[0m
[1m[94m74[0m [1m[94m|[0m         try:
[1m[94m75[0m [1m[94m|[0m             _index.close()
[1m[94m76[0m [1m[94m|[0m         except Exception:
   [1m[94m|[0m                [1m[91m^^^^^^^^^[0m
[1m[94m77[0m [1m[94m|[0m             pass
[1m[94m78[0m [1m[94m|[0m         _index = None
   [1m[94m|[0m

[1m[91mRUF034[0m[1m Useless `if`-`else` condition[0m
   [1m[94m--> [0msrc/rag/server.py:234:13
    [1m[94m|[0m
[1m[94m232[0m [1m[94m|[0m     log_event("query_start", mode=mode, query=raw_text)
[1m[94m233[0m [1m[94m|[0m     key = AnswerCache.make_key(cleaned, generation, mode)
[1m[94m234[0m [1m[94m|[0m     saved = cache.get(key) if hasattr(cache, "get") else cache.get(key)
    [1m[94m|[0m             [1m[91m^^^^^^^^^^^^^^^^^^^^^^^^^^^^^^^^^^^^^^^^^^^^^^^^^^^^^^^^^^^[0m
[1m[94m235[0m [1m[94m|[0m     if saved is not None:
[1m[94m236[0m [1m[94m|[0m         yield (
    [1m[94m|[0m

[1m[91mBLE001[0m[1m Do not catch blind exception: `Exception`[0m
   [1m[94m--> [0msrc/rag/server.py:370:12
    [1m[94m|[0m
[1m[94m368[0m [1m[94m|[0m         )
[1m[94m369[0m [1m[94m|[0m         return
[1m[94m370[0m [1m[94m|[0m     except Exception as exc:
    [1m[94m|[0m            [1m[91m^^^^^^^^^[0m
[1m[94m371[0m [1m[94m|[0m         circuit.record_failure()
[1m[94m372[0m [1m[94m|[0m         health.note("Generator stalled or failed")
    [1m[94m|[0m

[1m[91mBLE001[0m[1m Do not catch blind exception: `Exception`[0m
   [1m[94m--> [0msrc/rag/server.py:649:20
    [1m[94m|[0m
[1m[94m647[0m [1m[94m|[0m                 ):
[1m[94m648[0m [1m[94m|[0m                     out.put(("sse", event, data))
[1m[94m649[0m [1m[94m|[0m             except Exception as exc:
    [1m[94m|[0m                    [1m[91m^^^^^^^^^[0m
[1m[94m650[0m [1m[94m|[0m                 out.put(
[1m[94m651[0m [1m[94m|[0m                     (
    [1m[94m|[0m

[1m[91mBLE001[0m[1m Do not catch blind exception: `Exception`[0m
   [1m[94m--> [0msrc/rag/server.py:718:12
    [1m[94m|[0m
[1m[94m716[0m [1m[94m|[0m         with Index(index_dir(), EMBED_MODEL, EMBED_REVISION, PIPELINE_VERSION) as store:
[1m[94m717[0m [1m[94m|[0m             _health.index_generation = store.index_generation()
[1m[94m718[0m [1m[94m|[0m     except Exception:
    [1m[94m|[0m            [1m[91m^^^^^^^^^[0m
[1m[94m719[0m [1m[94m|[0m         _health.index_generation += 1
[1m[94m720[0m [1m[94m|[0m     return {
    [1m[94m|[0m

[1m[91mB033[0m [[1m[96m*[0m][1m Sets should not contain duplicate item `"of"`[0m
  [1m[94m--> [0msrc/rag/store.py:59:9
   [1m[94m|[0m
[1m[94m57[0m [1m[94m|[0m         "do",
[1m[94m58[0m [1m[94m|[0m         "did",
[1m[94m59[0m [1m[94m|[0m         "of",
   [1m[94m|[0m         [1m[91m^^^^[0m
[1m[94m60[0m [1m[94m|[0m     }
[1m[94m61[0m [1m[94m|[0m )
   [1m[94m|[0m
  [1m[94m::: [0msrc/rag/store.py:31:9
   [1m[94m|[0m
[1m[94m29[0m [1m[94m|[0m         "and",
[1m[94m30[0m [1m[94m|[0m         "or",
[1m[94m31[0m [1m[94m|[0m         "of",
   [1m[94m|[0m         [1m[94m----[0m [1m[94mPrevious occurrence here[0m
[1m[94m32[0m [1m[94m|[0m         "to",
[1m[94m33[0m [1m[94m|[0m         "in",
   [1m[94m|[0m
[1m[96mhelp[0m[1m: Remove duplicate item[0m
[1m[94m  [0m [1m[94m|[0m
[1m[94m58[0m [1m[94m|[0m         "did",
[1m[94m  [0m [1m[31m-[0m [31m        "of",
[0m[1m[94m59[0m [1m[94m|[0m     }
[1m[94m  [0m [1m[94m|[0m

[1m[91mUP035[0m [[1m[96m*[0m][1m Import from `collections.abc` instead: `Callable`, `Iterator`[0m
  [1m[94m--> [0msrc/rag/telemetry.py:22:1
   [1m[94m|[0m
[1m[94m20[0m [1m[94m|[0m from contextvars import ContextVar
[1m[94m21[0m [1m[94m|[0m from datetime import datetime, timezone
[1m[94m22[0m [1m[94m|[0m from typing import Any, Callable, Iterator
   [1m[94m|[0m [1m[91m^^^^^^^^^^^^^^^^^^^^^^^^^^^^^^^^^^^^^^^^^^[0m
[1m[94m23[0m [1m[94m|[0m
[1m[94m24[0m [1m[94m|[0m _trace_id: ContextVar[str | None] = ContextVar("trace_id", default=None)
   [1m[94m|[0m
[1m[96mhelp[0m[1m: Import from `collections.abc`[0m
[1m[94m  [0m [1m[94m|[0m
[1m[94m21[0m [1m[94m|[0m from datetime import datetime, timezone
[1m[94m  [0m [1m[31m-[0m [31mfrom typing import [0m[1m[31mAny,[0m[0m[31m Callable, Iterator
[0m[1m[94m22[0m [1m[32m+[0m [32mfrom typing import [0m[1m[32mAny[0m[0m[32m
[0m[1m[94m23[0m [1m[32m+[0m [1m[32mfrom collections.abc import[0m[0m[32m Callable, Iterator
[0m[1m[94m24[0m [1m[94m|[0m
[1m[94m  [0m [1m[94m|[0m

[1m[91mS110[0m[1m `try`-`except`-`pass` detected, consider logging the exception[0m
   [1m[94m--> [0msrc/rag/telemetry.py:144:5
    [1m[94m|[0m
[1m[94m142[0m [1m[94m|[0m       try:
[1m[94m143[0m [1m[94m|[0m           bus.put(payload)
[1m[94m144[0m [1m[94m|[0m [1m[91m/[0m     except Exception:
[1m[94m145[0m [1m[94m|[0m [1m[91m|[0m         pass
    [1m[94m|[0m [1m[91m|____________^[0m

[1m[91mBLE001[0m[1m Do not catch blind exception: `Exception`[0m
   [1m[94m--> [0msrc/rag/telemetry.py:144:12
    [1m[94m|[0m
[1m[94m142[0m [1m[94m|[0m     try:
[1m[94m143[0m [1m[94m|[0m         bus.put(payload)
[1m[94m144[0m [1m[94m|[0m     except Exception:
    [1m[94m|[0m            [1m[91m^^^^^^^^^[0m
[1m[94m145[0m [1m[94m|[0m         pass
    [1m[94m|[0m

[1m[91mRUF046[0m[1m Value being cast to `int` is already an integer[0m
   [1m[94m--> [0msrc/rag/telemetry.py:213:37
    [1m[94m|[0m
[1m[94m211[0m [1m[94m|[0m         return float(samples[0])
[1m[94m212[0m [1m[94m|[0m     ordered = sorted(samples)
[1m[94m213[0m [1m[94m|[0m     rank = max(1, min(len(ordered), int(round(p / 100.0 * len(ordered)))))
    [1m[94m|[0m                                     [1m[91m^^^^^^^^^^^^^^^^^^^^^^^^^^^^^^^^^^^^[0m
[1m[94m214[0m [1m[94m|[0m     return float(ordered[rank - 1])
    [1m[94m|[0m
[1m[96mhelp[0m[1m: Remove unnecessary `int` call[0m

[1m[91mUP017[0m [[1m[96m*[0m][1m Use `datetime.UTC` alias[0m
   [1m[94m--> [0msrc/rag/telemetry.py:245:28
    [1m[94m|[0m
[1m[94m243[0m [1m[94m|[0m def log_event(event: str, **fields) -> None:
[1m[94m244[0m [1m[94m|[0m     payload = {
[1m[94m245[0m [1m[94m|[0m         "ts": datetime.now(timezone.utc).isoformat(),
    [1m[94m|[0m                            [1m[91m^^^^^^^^^^^^[0m
[1m[94m246[0m [1m[94m|[0m         "event": event,
[1m[94m247[0m [1m[94m|[0m         **_scrub(fields),
    [1m[94m|[0m
[1m[96mhelp[0m[1m: Convert to `datetime.UTC` alias[0m
[1m[94m   [0m [1m[94m|[0m
[1m[94m20 [0m [1m[94m|[0m from contextvars import ContextVar
[1m[94m   [0m [1m[31m-[0m [31mfrom datetime import datetime, [0m[1m[31mtimezone[0m[0m[31m
[0m[1m[94m21 [0m [1m[32m+[0m [32mfrom datetime import datetime, [0m[1m[32mtimezone, UTC[0m[0m[32m
[0m[1m[94m22 [0m [1m[94m|[0m from typing import Any, Callable, Iterator
--------------------------------------------------------------------------------
[1m[94m244[0m [1m[94m|[0m     payload = {
[1m[94m   [0m [1m[31m-[0m [31m        "ts": [0m[1m[31mdatetime.now(timezone.utc).isoformat(),[0m[0m[31m
[0m[1m[94m245[0m [1m[32m+[0m [32m        "ts": [0m[1m[32mdatetime.now(UTC).isoformat(),[0m[0m[32m
[0m[1m[94m246[0m [1m[94m|[0m         "event": event,
[1m[94m   [0m [1m[94m|[0m

[1m[91mUP017[0m [[1m[96m*[0m][1m Use `datetime.UTC` alias[0m
   [1m[94m--> [0msrc/rag/telemetry.py:267:28
    [1m[94m|[0m
[1m[94m265[0m [1m[94m|[0m ) -> None:
[1m[94m266[0m [1m[94m|[0m     record: dict[str, Any] = {
[1m[94m267[0m [1m[94m|[0m         "ts": datetime.now(timezone.utc).isoformat(),
    [1m[94m|[0m                            [1m[91m^^^^^^^^^^^^[0m
[1m[94m268[0m [1m[94m|[0m         "trace_id": current_trace_id(),
[1m[94m269[0m [1m[94m|[0m         "stage": stage,
    [1m[94m|[0m
[1m[96mhelp[0m[1m: Convert to `datetime.UTC` alias[0m
[1m[94m   [0m [1m[94m|[0m
[1m[94m20 [0m [1m[94m|[0m from contextvars import ContextVar
[1m[94m   [0m [1m[31m-[0m [31mfrom datetime import datetime, [0m[1m[31mtimezone[0m[0m[31m
[0m[1m[94m21 [0m [1m[32m+[0m [32mfrom datetime import datetime, [0m[1m[32mtimezone, UTC[0m[0m[32m
[0m[1m[94m22 [0m [1m[94m|[0m from typing import Any, Callable, Iterator
--------------------------------------------------------------------------------
[1m[94m266[0m [1m[94m|[0m     record: dict[str, Any] = {
[1m[94m   [0m [1m[31m-[0m [31m        "ts": [0m[1m[31mdatetime.now(timezone.utc).isoformat(),[0m[0m[31m
[0m[1m[94m267[0m [1m[32m+[0m [32m        "ts": [0m[1m[32mdatetime.now(UTC).isoformat(),[0m[0m[32m
[0m[1m[94m268[0m [1m[94m|[0m         "trace_id": current_trace_id(),
[1m[94m   [0m [1m[94m|[0m

[1m[91mPIE810[0m[1m Call `startswith` once with a `tuple`[0m
   [1m[94m--> [0msrc/rag/versions.py:108:12
    [1m[94m|[0m
[1m[94m106[0m [1m[94m|[0m             continue
[1m[94m107[0m [1m[94m|[0m         low = cleaned.casefold()
[1m[94m108[0m [1m[94m|[0m         if low.startswith("review date") or low.startswith("last review"):
    [1m[94m|[0m            [1m[91m^^^^^^^^^^^^^^^^^^^^^^^^^^^^^^^^^^^^^^^^^^^^^^^^^^^^^^^^^^^^^^[0m
[1m[94m109[0m [1m[94m|[0m             continue
[1m[94m110[0m [1m[94m|[0m         if low.startswith("contents") or low.startswith("©"):
    [1m[94m|[0m
[1m[96mhelp[0m[1m: Merge into a single `startswith` call[0m

[1m[91mPIE810[0m[1m Call `startswith` once with a `tuple`[0m
   [1m[94m--> [0msrc/rag/versions.py:110:12
    [1m[94m|[0m
[1m[94m108[0m [1m[94m|[0m         if low.startswith("review date") or low.startswith("last review"):
[1m[94m109[0m [1m[94m|[0m             continue
[1m[94m110[0m [1m[94m|[0m         if low.startswith("contents") or low.startswith("©"):
    [1m[94m|[0m            [1m[91m^^^^^^^^^^^^^^^^^^^^^^^^^^^^^^^^^^^^^^^^^^^^^^^^^[0m
[1m[94m111[0m [1m[94m|[0m             break
[1m[94m112[0m [1m[94m|[0m         if len(cleaned) < 8 or len(cleaned) > 120:
    [1m[94m|[0m
[1m[96mhelp[0m[1m: Merge into a single `startswith` call[0m

[1m[91mRUF059[0m[1m Unpacked variable `a_name` is never used[0m
   [1m[94m--> [0msrc/rag/versions.py:287:13
    [1m[94m|[0m
[1m[94m285[0m [1m[94m|[0m     for i, a in enumerate(hits):
[1m[94m286[0m [1m[94m|[0m         for b in hits[i + 1 :]:
[1m[94m287[0m [1m[94m|[0m             a_name, a_group, a_sup, _ = _doc_meta(a)
    [1m[94m|[0m             [1m[91m^^^^^^[0m
[1m[94m288[0m [1m[94m|[0m             b_name, b_group, b_sup, _ = _doc_meta(b)
[1m[94m289[0m [1m[94m|[0m             if not a_group or a_group != b_group:
    [1m[94m|[0m
[1m[96mhelp[0m[1m: Prefix it with an underscore or any other dummy variable pattern[0m

[1m[91mRUF059[0m[1m Unpacked variable `b_name` is never used[0m
   [1m[94m--> [0msrc/rag/versions.py:288:13
    [1m[94m|[0m
[1m[94m286[0m [1m[94m|[0m         for b in hits[i + 1 :]:
[1m[94m287[0m [1m[94m|[0m             a_name, a_group, a_sup, _ = _doc_meta(a)
[1m[94m288[0m [1m[94m|[0m             b_name, b_group, b_sup, _ = _doc_meta(b)
    [1m[94m|[0m             [1m[91m^^^^^^[0m
[1m[94m289[0m [1m[94m|[0m             if not a_group or a_group != b_group:
[1m[94m290[0m [1m[94m|[0m                 continue
    [1m[94m|[0m
[1m[96mhelp[0m[1m: Prefix it with an underscore or any other dummy variable pattern[0m

[1m[91mF401[0m [[1m[96m*[0m][1m `xml.etree.ElementTree` imported but unused[0m
 [1m[94m--> [0mtests/test_docx_edges.py:6:38
  [1m[94m|[0m
[1m[94m4[0m [1m[94m|[0m import zipfile
[1m[94m5[0m [1m[94m|[0m from pathlib import Path
[1m[94m6[0m [1m[94m|[0m from xml.etree import ElementTree as ET
  [1m[94m|[0m                                      [1m[91m^^[0m
[1m[94m7[0m [1m[94m|[0m
[1m[94m8[0m [1m[94m|[0m from docx import Document
  [1m[94m|[0m
[1m[96mhelp[0m[1m: Remove unused import: `xml.etree.ElementTree`[0m
[1m[94m [0m [1m[94m|[0m
[1m[94m5[0m [1m[94m|[0m from pathlib import Path
[1m[94m [0m [1m[31m-[0m [31mfrom xml.etree import ElementTree as ET
[0m[1m[94m6[0m [1m[94m|[0m
[1m[94m [0m [1m[94m|[0m

[1m[91mF401[0m [[1m[96m*[0m][1m `docx.oxml.ns.qn` imported but unused[0m
  [1m[94m--> [0mtests/test_docx_edges.py:10:26
   [1m[94m|[0m
[1m[94m 8[0m [1m[94m|[0m from docx import Document
[1m[94m 9[0m [1m[94m|[0m from docx.oxml import OxmlElement
[1m[94m10[0m [1m[94m|[0m from docx.oxml.ns import qn
   [1m[94m|[0m                          [1m[91m^^[0m
[1m[94m11[0m [1m[94m|[0m
[1m[94m12[0m [1m[94m|[0m from rag.parse import parse_file
   [1m[94m|[0m
[1m[96mhelp[0m[1m: Remove unused import: `docx.oxml.ns.qn`[0m
[1m[94m  [0m [1m[94m|[0m
[1m[94m9 [0m [1m[94m|[0m from docx.oxml import OxmlElement
[1m[94m  [0m [1m[31m-[0m [31mfrom docx.oxml.ns import qn
[0m[1m[94m10[0m [1m[94m|[0m
[1m[94m  [0m [1m[94m|[0m

[1m[91mF841[0m[1m Local variable `W` is assigned to but never used[0m
  [1m[94m--> [0mtests/test_docx_edges.py:84:5
   [1m[94m|[0m
[1m[94m82[0m [1m[94m|[0m def _write_docx_with_footnote(path: Path, body: str, note: str) -> None:
[1m[94m83[0m [1m[94m|[0m     """Minimal OOXML package with a footnotes part python-docx can open."""
[1m[94m84[0m [1m[94m|[0m     W = "{http://schemas.openxmlformats.org/wordprocessingml/2006/main}"
   [1m[94m|[0m     [1m[91m^[0m
[1m[94m85[0m [1m[94m|[0m     document_xml = f"""<?xml version="1.0" encoding="UTF-8" standalone="yes"?>
[1m[94m86[0m [1m[94m|[0m <w:document xmlns:w="http://schemas.openxmlformats.org/wordprocessingml/2006/main">
   [1m[94m|[0m
[1m[96mhelp[0m[1m: Remove assignment to unused variable `W`[0m

[1m[91mI001[0m [[1m[96m*[0m][1m Import block is un-sorted or un-formatted[0m
 [1m[94m--> [0mtests/test_evaluate.py:1:1
  [1m[94m|[0m
[1m[94m1[0m [1m[94m|[0m [1m[91m/[0m from rag.evaluate import evaluate, fit_tau, load_rows, load_split, percentile, row_hit, rows_for_split
[1m[94m2[0m [1m[94m|[0m [1m[91m|[0m from rag.models import Hit, Retrieval, tau_key
  [1m[94m|[0m [1m[91m|______________________________________________^[0m
[1m[96mhelp[0m[1m: Organize imports[0m
[1m[94m  [0m [1m[94m|[0m
[1m[94m  [0m [1m[31m-[0m [31mfrom rag.evaluate import evaluate, fit_tau, load_rows, load_split, percentile, row_hit, rows_for_split
[0m[1m[94m1 [0m [1m[32m+[0m [32mfrom rag.evaluate import (
[0m[1m[94m2 [0m [1m[32m+[0m [32m    evaluate,
[0m[1m[94m3 [0m [1m[32m+[0m [32m    fit_tau,
[0m[1m[94m4 [0m [1m[32m+[0m [32m    load_rows,
[0m[1m[94m5 [0m [1m[32m+[0m [32m    load_split,
[0m[1m[94m6 [0m [1m[32m+[0m [32m    percentile,
[0m[1m[94m7 [0m [1m[32m+[0m [32m    row_hit,
[0m[1m[94m8 [0m [1m[32m+[0m [32m    rows_for_split,
[0m[1m[94m9 [0m [1m[32m+[0m [32m)
[0m[1m[94m10[0m [1m[94m|[0m from rag.models import Hit, Retrieval, tau_key
[1m[94m  [0m [1m[94m|[0m

[1m[91mI001[0m [[1m[96m*[0m][1m Import block is un-sorted or un-formatted[0m
   [1m[94m--> [0mtests/test_evaluate.py:143:5
    [1m[94m|[0m
[1m[94m142[0m [1m[94m|[0m   def test_suite_yaml_pins_corpus_and_gates():
[1m[94m143[0m [1m[94m|[0m [1m[91m/[0m     from rag.evaluate import (
[1m[94m144[0m [1m[94m|[0m [1m[91m|[0m         assert_kind_coverage,
[1m[94m145[0m [1m[94m|[0m [1m[91m|[0m         check_gates,
[1m[94m146[0m [1m[94m|[0m [1m[91m|[0m         conflict_pass,
[1m[94m147[0m [1m[94m|[0m [1m[91m|[0m         injection_pass,
[1m[94m148[0m [1m[94m|[0m [1m[91m|[0m         load_suite,
[1m[94m149[0m [1m[94m|[0m [1m[91m|[0m         make_split_from_suite,
[1m[94m150[0m [1m[94m|[0m [1m[91m|[0m         verify_corpus,
[1m[94m151[0m [1m[94m|[0m [1m[91m|[0m         Score,
[1m[94m152[0m [1m[94m|[0m [1m[91m|[0m     )
    [1m[94m|[0m [1m[91m|_____^[0m
[1m[94m153[0m [1m[94m|[0m
[1m[94m154[0m [1m[94m|[0m       suite = load_suite("evals/suite.yaml")
    [1m[94m|[0m
[1m[96mhelp[0m[1m: Organize imports[0m
[1m[94m   [0m [1m[94m|[0m
[1m[94m143[0m [1m[94m|[0m     from rag.evaluate import (
[1m[94m144[0m [1m[32m+[0m [32m        Score,
[0m[1m[94m145[0m [1m[94m|[0m         assert_kind_coverage,
--------------------------------------------------------------------------------
[1m[94m151[0m [1m[94m|[0m         verify_corpus,
[1m[94m   [0m [1m[31m-[0m [31m        Score,
[0m[1m[94m152[0m [1m[94m|[0m     )
[1m[94m   [0m [1m[94m|[0m

[1m[91mI001[0m [[1m[96m*[0m][1m Import block is un-sorted or un-formatted[0m
 [1m[94m--> [0mtests/test_layout.py:3:1
  [1m[94m|[0m
[1m[94m1[0m [1m[94m|[0m   """Table ladder and structure gate (F-12, §05)."""
[1m[94m2[0m [1m[94m|[0m
[1m[94m3[0m [1m[94m|[0m [1m[91m/[0m from rag.layout import (
[1m[94m4[0m [1m[94m|[0m [1m[91m|[0m     looks_borderless,
[1m[94m5[0m [1m[94m|[0m [1m[91m|[0m     score_table,
[1m[94m6[0m [1m[94m|[0m [1m[91m|[0m     extract_page_tables,
[1m[94m7[0m [1m[94m|[0m [1m[91m|[0m )
  [1m[94m|[0m [1m[91m|_^[0m
[1m[96mhelp[0m[1m: Organize imports[0m
[1m[94m [0m [1m[94m|[0m
[1m[94m3[0m [1m[94m|[0m from rag.layout import (
[1m[94m4[0m [1m[32m+[0m [32m    extract_page_tables,
[0m[1m[94m5[0m [1m[94m|[0m     looks_borderless,
[1m[94m6[0m [1m[94m|[0m     score_table,
[1m[94m [0m [1m[31m-[0m [31m    extract_page_tables,
[0m[1m[94m7[0m [1m[94m|[0m )
[1m[94m [0m [1m[94m|[0m

[1m[91mI001[0m [[1m[96m*[0m][1m Import block is un-sorted or un-formatted[0m
 [1m[94m--> [0mtests/test_parse.py:1:1
  [1m[94m|[0m
[1m[94m1[0m [1m[94m|[0m [1m[91m/[0m import pytest
[1m[94m2[0m [1m[94m|[0m [1m[91m|[0m from pathlib import Path
[1m[94m3[0m [1m[94m|[0m [1m[91m|[0m
[1m[94m4[0m [1m[94m|[0m [1m[91m|[0m from rag.models import IngestError
[1m[94m5[0m [1m[94m|[0m [1m[91m|[0m from rag.parse import parse_file
  [1m[94m|[0m [1m[91m|________________________________^[0m
[1m[96mhelp[0m[1m: Organize imports[0m
[1m[94m [0m [1m[94m|[0m
[1m[94m [0m [1m[31m-[0m [31mimport pytest
[0m[1m[94m1[0m [1m[94m|[0m from pathlib import Path
[1m[94m2[0m [1m[94m|[0m
[1m[94m3[0m [1m[32m+[0m [32mimport pytest
[0m[1m[94m4[0m [1m[32m+[0m[32m
[0m[1m[94m5[0m [1m[94m|[0m from rag.models import IngestError
[1m[94m [0m [1m[94m|[0m

[1m[91mISC004[0m[1m Unparenthesized implicit string concatenation in collection[0m
   [1m[94m--> [0mtests/test_parse.py:134:9
    [1m[94m|[0m
[1m[94m132[0m [1m[94m|[0m           b"<< /Type /Catalog /Pages 2 0 R >>",
[1m[94m133[0m [1m[94m|[0m           b"<< /Type /Pages /Count 1 /Kids [3 0 R] >>",
[1m[94m134[0m [1m[94m|[0m [1m[91m/[0m         b"<< /Type /Page /Parent 2 0 R /MediaBox [0 0 612 792] "
[1m[94m135[0m [1m[94m|[0m [1m[91m|[0m         b"/Contents 4 0 R /Resources << /Font << /F1 5 0 R >> >> >>",
    [1m[94m|[0m [1m[91m|____________________________________________________________________^[0m
[1m[94m136[0m [1m[94m|[0m           stream,
[1m[94m137[0m [1m[94m|[0m           b"<< /Type /Font /Subtype /Type1 /BaseFont /Helvetica >>",
    [1m[94m|[0m
[1m[96mhelp[0m[1m: Did you forget a comma?[0m
[1m[96mhelp[0m[1m: Wrap implicitly concatenated strings in parentheses[0m

[1m[91mF401[0m [[1m[96m*[0m][1m `rag.models.Block` imported but unused[0m
 [1m[94m--> [0mtests/test_pdf_depth.py:3:24
  [1m[94m|[0m
[1m[94m1[0m [1m[94m|[0m """PDF page isolation: one bad page must not kill the file (§05)."""
[1m[94m2[0m [1m[94m|[0m
[1m[94m3[0m [1m[94m|[0m from rag.models import Block
  [1m[94m|[0m                        [1m[91m^^^^^[0m
[1m[94m4[0m [1m[94m|[0m from rag.parse import parse_pdf_pages
  [1m[94m|[0m
[1m[96mhelp[0m[1m: Remove unused import: `rag.models.Block`[0m
[1m[94m [0m [1m[94m|[0m
[1m[94m2[0m [1m[94m|[0m
[1m[94m [0m [1m[31m-[0m [31mfrom rag.models import Block
[0m[1m[94m3[0m [1m[94m|[0m from rag.parse import parse_pdf_pages
[1m[94m [0m [1m[94m|[0m

[1m[91mI001[0m [[1m[96m*[0m][1m Import block is un-sorted or un-formatted[0m
  [1m[94m--> [0mtests/test_pipeline.py:1:1
   [1m[94m|[0m
[1m[94m 1[0m [1m[94m|[0m [1m[91m/[0m import re
[1m[94m 2[0m [1m[94m|[0m [1m[91m|[0m from pathlib import Path
[1m[94m 3[0m [1m[94m|[0m [1m[91m|[0m
[1m[94m 4[0m [1m[94m|[0m [1m[91m|[0m import pytest
[1m[94m 5[0m [1m[94m|[0m [1m[91m|[0m
[1m[94m 6[0m [1m[94m|[0m [1m[91m|[0m from rag.evaluate import evaluate, load_rows
[1m[94m 7[0m [1m[94m|[0m [1m[91m|[0m from rag.models import IngestError, PIPELINE_VERSION
[1m[94m 8[0m [1m[94m|[0m [1m[91m|[0m from rag.pipeline import ingest, query
[1m[94m 9[0m [1m[94m|[0m [1m[91m|[0m from rag.retrieve import retrieve
[1m[94m10[0m [1m[94m|[0m [1m[91m|[0m from rag.store import Index
[1m[94m11[0m [1m[94m|[0m [1m[91m|[0m from tests.fakes import fake_encode, fake_tokens
   [1m[94m|[0m [1m[91m|________________________________________________^[0m
[1m[94m12[0m [1m[94m|[0m
[1m[94m13[0m [1m[94m|[0m   CORPUS = Path("evals/corpus")
   [1m[94m|[0m
[1m[96mhelp[0m[1m: Organize imports[0m
[1m[94m [0m [1m[94m|[0m
[1m[94m6[0m [1m[94m|[0m from rag.evaluate import evaluate, load_rows
[1m[94m [0m [1m[31m-[0m [31mfrom rag.models import [0m[1m[31mIngestError,[0m[0m[31m [0m[1m[31mPIPELINE_VERSION[0m[0m[31m
[0m[1m[94m7[0m [1m[32m+[0m [32mfrom rag.models import [0m[1m[32mPIPELINE_VERSION,[0m[0m[32m [0m[1m[32mIngestError[0m[0m[32m
[0m[1m[94m8[0m [1m[94m|[0m from rag.pipeline import ingest, query
[1m[94m [0m [1m[94m|[0m

[1m[91mF401[0m [[1m[96m*[0m][1m `os` imported but unused[0m
 [1m[94m--> [0mtests/test_rerank.py:3:8
  [1m[94m|[0m
[1m[94m1[0m [1m[94m|[0m """Reranker protocol: swappable scorers (§09)."""
[1m[94m2[0m [1m[94m|[0m
[1m[94m3[0m [1m[94m|[0m import os
  [1m[94m|[0m        [1m[91m^^[0m
[1m[94m4[0m [1m[94m|[0m
[1m[94m5[0m [1m[94m|[0m import pytest
  [1m[94m|[0m
[1m[96mhelp[0m[1m: Remove unused import: `os`[0m
[1m[94m [0m [1m[94m|[0m
[1m[94m2[0m [1m[94m|[0m
[1m[94m [0m [1m[31m-[0m [31mimport os
[0m[1m[94m3[0m [1m[94m|[0m
[1m[94m [0m [1m[94m|[0m

[1m[91mF401[0m [[1m[96m*[0m][1m `os` imported but unused[0m
 [1m[94m--> [0mtests/test_telemetry.py:2:8
  [1m[94m|[0m
[1m[94m1[0m [1m[94m|[0m import json
[1m[94m2[0m [1m[94m|[0m import os
  [1m[94m|[0m        [1m[91m^^[0m
[1m[94m3[0m [1m[94m|[0m import threading
[1m[94m4[0m [1m[94m|[0m import time
  [1m[94m|[0m
[1m[96mhelp[0m[1m: Remove unused import: `os`[0m
[1m[94m [0m [1m[94m|[0m
[1m[94m1[0m [1m[94m|[0m import json
[1m[94m [0m [1m[31m-[0m [31mimport os
[0m[1m[94m2[0m [1m[94m|[0m import threading
[1m[94m [0m [1m[94m|[0m

[1m[91mSIM117[0m [[1m[96m*[0m][1m Use a single `with` statement with multiple contexts instead of nested `with` statements[0m
  [1m[94m--> [0mtests/test_telemetry.py:87:5
   [1m[94m|[0m
[1m[94m86[0m [1m[94m|[0m   def test_span_emits_start_and_finish(capsys):
[1m[94m87[0m [1m[94m|[0m [1m[91m/[0m     with bind_trace("trace-span-1"):
[1m[94m88[0m [1m[94m|[0m [1m[91m|[0m         with span("dense", candidates_in=3) as handle:
   [1m[94m|[0m [1m[91m|______________________________________________________^[0m
[1m[94m89[0m [1m[94m|[0m               handle["candidates_out"] = 2
[1m[94m90[0m [1m[94m|[0m               handle["top_score"] = 0.5
   [1m[94m|[0m
[1m[96mhelp[0m[1m: Combine `with` statements[0m
[1m[94m  [0m [1m[94m|[0m
[1m[94m86[0m [1m[94m|[0m def test_span_emits_start_and_finish(capsys):
[1m[94m  [0m [1m[31m-[0m [31m    with [0m[1m[31mbind_trace("trace-span-1"):[0m[0m[31m
[0m[1m[94m  [0m [1m[31m-[0m [1m[31m        with[0m[0m[31m span("dense", candidates_in=3) as handle:
[0m[1m[94m  [0m [1m[31m-[0m [1m[31m            [0m[0m[31mhandle["candidates_out"] = 2
[0m[1m[94m  [0m [1m[31m-[0m [1m[31m            [0m[0m[31mhandle["top_score"] = 0.5
[0m[1m[94m87[0m [1m[32m+[0m [32m    with [0m[1m[32mbind_trace("trace-span-1"),[0m[0m[32m span("dense", candidates_in=3) as handle:
[0m[1m[94m88[0m [1m[32m+[0m [1m[32m        [0m[0m[32mhandle["candidates_out"] = 2
[0m[1m[94m89[0m [1m[32m+[0m [1m[32m        [0m[0m[32mhandle["top_score"] = 0.5
[0m[1m[94m90[0m [1m[94m|[0m     lines = [json.loads(line) for line in capsys.readouterr().out.strip().splitlines()]
[1m[94m  [0m [1m[94m|[0m

[1m[91mSIM117[0m [[1m[96m*[0m][1m Use a single `with` statement with multiple contexts instead of nested `with` statements[0m
   [1m[94m--> [0mtests/test_telemetry.py:103:5
    [1m[94m|[0m
[1m[94m102[0m [1m[94m|[0m   def test_span_error_records_exception_type(capsys):
[1m[94m103[0m [1m[94m|[0m [1m[91m/[0m     with bind_trace("trace-err"):
[1m[94m104[0m [1m[94m|[0m [1m[91m|[0m         with pytest.raises(RuntimeError, match="boom"):
    [1m[94m|[0m [1m[91m|_______________________________________________________^[0m
[1m[94m105[0m [1m[94m|[0m               with span("rerank"):
[1m[94m106[0m [1m[94m|[0m                   raise RuntimeError("boom")
    [1m[94m|[0m
[1m[96mhelp[0m[1m: Combine `with` statements[0m
[1m[94m   [0m [1m[94m|[0m
[1m[94m102[0m [1m[94m|[0m def test_span_error_records_exception_type(capsys):
[1m[94m   [0m [1m[31m-[0m [31m    with [0m[1m[31mbind_trace("trace-err"):[0m[0m[31m
[0m[1m[94m   [0m [1m[31m-[0m [1m[31m        with[0m[0m[31m pytest.raises(RuntimeError, match="boom"):
[0m[1m[94m   [0m [1m[31m-[0m [1m[31m            [0m[0m[31mwith span("rerank"):
[0m[1m[94m   [0m [1m[31m-[0m [1m[31m                [0m[0m[31mraise RuntimeError("boom")
[0m[1m[94m103[0m [1m[32m+[0m [32m    with [0m[1m[32mbind_trace("trace-err"),[0m[0m[32m pytest.raises(RuntimeError, match="boom"):
[0m[1m[94m104[0m [1m[32m+[0m [1m[32m        [0m[0m[32mwith span("rerank"):
[0m[1m[94m105[0m [1m[32m+[0m [1m[32m            [0m[0m[32mraise RuntimeError("boom")
[0m[1m[94m106[0m [1m[94m|[0m     lines = [json.loads(line) for line in capsys.readouterr().out.strip().splitlines()]
[1m[94m   [0m [1m[94m|[0m

[1m[91mPLR0402[0m [[1m[96m*[0m][1m Use `from rag import telemetry` in lieu of alias[0m
   [1m[94m--> [0mtests/test_telemetry.py:129:12
    [1m[94m|[0m
[1m[94m128[0m [1m[94m|[0m     # Monkeypatch log_span to notice stage_slow while sleep is in progress.
[1m[94m129[0m [1m[94m|[0m     import rag.telemetry as telemetry
    [1m[94m|[0m            [1m[91m^^^^^^^^^^^^^^^^^^^^^^^^^^[0m
[1m[94m130[0m [1m[94m|[0m
[1m[94m131[0m [1m[94m|[0m     original = telemetry.log_span
    [1m[94m|[0m
[1m[96mhelp[0m[1m: Replace with `from rag import telemetry`[0m
[1m[94m   [0m [1m[94m|[0m
[1m[94m128[0m [1m[94m|[0m     # Monkeypatch log_span to notice stage_slow while sleep is in progress.
[1m[94m   [0m [1m[31m-[0m [31m    [0m[31mimport [0m[1m[31mrag.telemetry as [0m[0m[31mtelemetry
[0m[1m[94m129[0m [1m[32m+[0m [32m    [0m[1m[32mfrom rag [0m[0m[32mimport [0m[32mtelemetry
[0m[1m[94m130[0m [1m[94m|[0m
[1m[94m   [0m [1m[94m|[0m

[1m[91mSIM117[0m [[1m[96m*[0m][1m Use a single `with` statement with multiple contexts instead of nested `with` statements[0m
   [1m[94m--> [0mtests/test_telemetry.py:140:5
    [1m[94m|[0m
[1m[94m139[0m [1m[94m|[0m       monkeypatch.setattr(telemetry, "log_span", wrapped)
[1m[94m140[0m [1m[94m|[0m [1m[91m/[0m     with bind_trace("trace-slow"):
[1m[94m141[0m [1m[94m|[0m [1m[91m|[0m         with span("dense"):
    [1m[94m|[0m [1m[91m|___________________________^[0m
[1m[94m142[0m [1m[94m|[0m               assert saw_slow.wait(2.0), "stage_slow did not fire during hang"
[1m[94m143[0m [1m[94m|[0m               assert slow_at["t"] is not None
    [1m[94m|[0m
[1m[96mhelp[0m[1m: Combine `with` statements[0m
[1m[94m   [0m [1m[94m|[0m
[1m[94m139[0m [1m[94m|[0m     monkeypatch.setattr(telemetry, "log_span", wrapped)
[1m[94m   [0m [1m[31m-[0m [31m    with [0m[1m[31mbind_trace("trace-slow"):[0m[0m[31m
[0m[1m[94m   [0m [1m[31m-[0m [1m[31m        with[0m[0m[31m span("dense"):
[0m[1m[94m   [0m [1m[31m-[0m [1m[31m            [0m[0m[31massert saw_slow.wait(2.0), "stage_slow did not fire during hang"
[0m[1m[94m   [0m [1m[31m-[0m [1m[31m            [0m[0m[31massert slow_at["t"] is not None
[0m[1m[94m   [0m [1m[31m-[0m [1m[31m            [0m[0m[31massert slow_at["t"] - started < 1.5  # fired well before our sleep ends
[0m[1m[94m   [0m [1m[31m-[0m [1m[31m            [0m[0m[31mtime.sleep(0.15)  # finish after the soft warning
[0m[1m[94m140[0m [1m[32m+[0m [32m    with [0m[1m[32mbind_trace("trace-slow"),[0m[0m[32m span("dense"):
[0m[1m[94m141[0m [1m[32m+[0m [1m[32m        [0m[0m[32massert saw_slow.wait(2.0), "stage_slow did not fire during hang"
[0m[1m[94m142[0m [1m[32m+[0m [1m[32m        [0m[0m[32massert slow_at["t"] is not None
[0m[1m[94m143[0m [1m[32m+[0m [1m[32m        [0m[0m[32massert slow_at["t"] - started < 1.5  # fired well before our sleep ends
[0m[1m[94m144[0m [1m[32m+[0m [1m[32m        [0m[0m[32mtime.sleep(0.15)  # finish after the soft warning
[0m[1m[94m145[0m [1m[94m|[0m     assert saw_slow.is_set()
[1m[94m   [0m [1m[94m|[0m

[1m[91mSIM117[0m [[1m[96m*[0m][1m Use a single `with` statement with multiple contexts instead of nested `with` statements[0m
   [1m[94m--> [0mtests/test_telemetry.py:152:5
    [1m[94m|[0m
[1m[94m150[0m [1m[94m|[0m       monkeypatch.setenv("STAGE_SOFT_MS_fuse", "10")
[1m[94m151[0m [1m[94m|[0m       monkeypatch.setenv("STAGE_HARD_MS_fuse", "40")
[1m[94m152[0m [1m[94m|[0m [1m[91m/[0m     with bind_trace("trace-hard"):
[1m[94m153[0m [1m[94m|[0m [1m[91m|[0m         with pytest.raises(StageBudgetExceeded) as raised:
    [1m[94m|[0m [1m[91m|__________________________________________________________^[0m
[1m[94m154[0m [1m[94m|[0m               with span("fuse"):
[1m[94m155[0m [1m[94m|[0m                   time.sleep(0.12)
    [1m[94m|[0m
[1m[96mhelp[0m[1m: Combine `with` statements[0m
[1m[94m   [0m [1m[94m|[0m
[1m[94m151[0m [1m[94m|[0m     monkeypatch.setenv("STAGE_HARD_MS_fuse", "40")
[1m[94m   [0m [1m[31m-[0m [31m    with [0m[1m[31mbind_trace("trace-hard"):[0m[0m[31m
[0m[1m[94m   [0m [1m[31m-[0m [1m[31m        with[0m[0m[31m pytest.raises(StageBudgetExceeded) as raised:
[0m[1m[94m   [0m [1m[31m-[0m [1m[31m            [0m[0m[31mwith span("fuse"):
[0m[1m[94m   [0m [1m[31m-[0m [1m[31m                [0m[0m[31mtime.sleep(0.12)
[0m[1m[94m152[0m [1m[32m+[0m [32m    with [0m[1m[32mbind_trace("trace-hard"),[0m[0m[32m pytest.raises(StageBudgetExceeded) as raised:
[0m[1m[94m153[0m [1m[32m+[0m [1m[32m        [0m[0m[32mwith span("fuse"):
[0m[1m[94m154[0m [1m[32m+[0m [1m[32m            [0m[0m[32mtime.sleep(0.12)
[0m[1m[94m155[0m [1m[94m|[0m     assert raised.value.stage == "fuse"
[1m[94m   [0m [1m[94m|[0m

Found 66 errors.
[[36m*[0m] 30 fixable with the `--fix` option (12 hidden fixes can be enabled with the `--unsafe-fixes` option).
