src/rag/models.py:123: error: Missing type arguments for generic type "dict"  [type-arg]
src/rag/onnx_backend.py:29: error: Function is missing a return type annotation  [no-untyped-def]
src/rag/onnx_backend.py:31: error: Skipping analyzing "onnxruntime": module is installed, but missing library stubs or py.typed marker  [import-untyped]
src/rag/ocr.py:22: error: Function is missing a type annotation for one or more parameters  [no-untyped-def]
src/rag/ocr.py:36: error: Function is missing a type annotation for one or more parameters  [no-untyped-def]
src/rag/ocr.py:40: error: Function is missing a type annotation for one or more parameters  [no-untyped-def]
src/rag/ocr.py:43: error: Call to untyped function "_default_ocr_engine" in typed context  [no-untyped-call]
src/rag/ocr.py:50: error: Function is missing a type annotation for one or more parameters  [no-untyped-def]
src/rag/ocr.py:53: error: Call to untyped function "_default_captioner" in typed context  [no-untyped-call]
src/rag/ocr.py:62: error: Function is missing a type annotation  [no-untyped-def]
src/rag/ocr.py:72: error: Function is missing a return type annotation  [no-untyped-def]
src/rag/ocr.py:74: error: Cannot find implementation or library stub for module named "rapidocr_onnxruntime"  [import-not-found]
src/rag/ocr.py:79: error: Function is missing a type annotation  [no-untyped-def]
src/rag/ocr.py:96: error: Function is missing a return type annotation  [no-untyped-def]
src/rag/ocr.py:96: note: Use "-> None" if function does not return a value
src/rag/layout.py:84: error: Function is missing a type annotation for one or more parameters  [no-untyped-def]
src/rag/layout.py:117: error: Function is missing a type annotation for one or more parameters  [no-untyped-def]
src/rag/layout.py:138: error: Function is missing a type annotation for one or more parameters  [no-untyped-def]
src/rag/layout.py:165: error: Function is missing a type annotation for one or more parameters  [no-untyped-def]
src/rag/chunk.py:21: error: Function is missing a type annotation for one or more parameters  [no-untyped-def]
src/rag/chunk.py:27: error: Call to untyped function "_pack_section" in typed context  [no-untyped-call]
src/rag/chunk.py:73: error: Function is missing a type annotation  [no-untyped-def]
src/rag/chunk.py:80: error: Call to untyped function "_make_parent" in typed context  [no-untyped-call]
src/rag/chunk.py:93: error: Call to untyped function "_windows" in typed context  [no-untyped-call]
src/rag/chunk.py:102: error: Call to untyped function "_parents_from_windows" in typed context  [no-untyped-call]
src/rag/chunk.py:116: error: Call to untyped function "_make_parent" in typed context  [no-untyped-call]
src/rag/chunk.py:128: error: Call to untyped function "_windows" in typed context  [no-untyped-call]
src/rag/chunk.py:137: error: Call to untyped function "_parents_from_windows" in typed context  [no-untyped-call]
src/rag/chunk.py:151: error: Function is missing a type annotation  [no-untyped-def]
src/rag/chunk.py:161: error: Call to untyped function "_make_parent" in typed context  [no-untyped-call]
src/rag/chunk.py:176: error: Function is missing a type annotation for one or more parameters  [no-untyped-def]
src/rag/chunk.py:187: error: Call to untyped function "_windows" in typed context  [no-untyped-call]
src/rag/chunk.py:199: error: Call to untyped function "_windows" in typed context  [no-untyped-call]
src/rag/chunk.py:220: error: Function is missing a type annotation for one or more parameters  [no-untyped-def]
src/rag/chunk.py:257: error: Function is missing a type annotation for one or more parameters  [no-untyped-def]
src/rag/chunk.py:278: error: Function is missing a type annotation for one or more parameters  [no-untyped-def]
src/rag/chunk.py:321: error: Function is missing a type annotation for one or more parameters  [no-untyped-def]
src/rag/chunk.py:360: error: Function is missing a type annotation for one or more parameters  [no-untyped-def]
src/rag/chunk.py:378: error: Function is missing a type annotation  [no-untyped-def]
src/rag/chunk.py:410: error: Function is missing a type annotation for one or more parameters  [no-untyped-def]
src/rag/chunk.py:416: error: Call to untyped function "_split_long" in typed context  [no-untyped-call]
src/rag/chunk.py:420: error: Function is missing a type annotation  [no-untyped-def]
src/rag/chunk.py:430: error: Call to untyped function "_word_spans" in typed context  [no-untyped-call]
src/rag/chunk.py:462: error: Function is missing a type annotation  [no-untyped-def]
src/rag/chunk.py:504: error: Function is missing a type annotation  [no-untyped-def]
src/rag/chunk.py:530: error: Call to untyped function "_retreat" in typed context  [no-untyped-call]
src/rag/chunk.py:539: error: Function is missing a type annotation  [no-untyped-def]
src/rag/html_parse.py:34: error: Function is missing a return type annotation  [no-untyped-def]
src/rag/html_parse.py:34: note: Use "-> None" if function does not return a value
src/rag/html_parse.py:46: error: Function is missing a type annotation  [no-untyped-def]
src/rag/html_parse.py:55: error: Call to untyped function "_flush_prose" in typed context  [no-untyped-call]
src/rag/html_parse.py:58: error: Call to untyped function "_flush_prose" in typed context  [no-untyped-call]
src/rag/html_parse.py:63: error: Call to untyped function "_flush_prose" in typed context  [no-untyped-call]
src/rag/html_parse.py:66: error: Call to untyped function "_flush_prose" in typed context  [no-untyped-call]
src/rag/html_parse.py:78: error: Function is missing a type annotation  [no-untyped-def]
src/rag/html_parse.py:125: error: Function is missing a type annotation  [no-untyped-def]
src/rag/html_parse.py:135: error: Function is missing a return type annotation  [no-untyped-def]
src/rag/html_parse.py:135: note: Use "-> None" if function does not return a value
src/rag/html_parse.py:136: error: Call to untyped function "_flush_prose" in typed context  [no-untyped-call]
src/rag/html_parse.py:139: error: Function is missing a return type annotation  [no-untyped-def]
src/rag/html_parse.py:139: note: Use "-> None" if function does not return a value
src/rag/queue.py:23: error: Function is missing a return type annotation  [no-untyped-def]
src/rag/queue.py:23: note: Use "-> None" if function does not return a value
src/rag/queue.py:29: error: Function is missing a return type annotation  [no-untyped-def]
src/rag/queue.py:29: note: Use "-> None" if function does not return a value
src/rag/queue.py:34: error: Function is missing a type annotation  [no-untyped-def]
src/rag/queue.py:35: error: Call to untyped function "acquire" in typed context  [no-untyped-call]
src/rag/queue.py:38: error: Function is missing a type annotation  [no-untyped-def]
src/rag/queue.py:39: error: Call to untyped function "release" in typed context  [no-untyped-call]
src/rag/health.py:21: error: Missing type arguments for generic type "dict"  [type-arg]
src/rag/cache.py:14: error: Missing type arguments for generic type "OrderedDict"  [type-arg]
src/rag/cache.py:20: error: Function is missing a return type annotation  [no-untyped-def]
src/rag/cache.py:23: error: Function is missing a type annotation  [no-untyped-def]
src/rag/cache.py:39: error: Function is missing a type annotation  [no-untyped-def]
src/rag/cache.py:46: error: Function is missing a return type annotation  [no-untyped-def]
src/rag/cache.py:46: note: Use "-> None" if function does not return a value
src/rag/generate.py:26: error: Returning Any from function declared to return "bool"  [no-any-return]
src/rag/generate.py:51: error: Function is missing a type annotation for one or more parameters  [no-untyped-def]
src/rag/generate.py:63: error: Function is missing a type annotation for one or more parameters  [no-untyped-def]
src/rag/generate.py:63: error: Missing type arguments for generic type "dict"  [type-arg]
src/rag/generate.py:76: error: Function is missing a return type annotation  [no-untyped-def]
src/rag/generate.py:76: error: Function is missing a type annotation for one or more parameters  [no-untyped-def]
src/rag/generate.py:85: error: Function is missing a return type annotation  [no-untyped-def]
src/rag/generate.py:85: error: Function is missing a type annotation for one or more parameters  [no-untyped-def]
src/rag/generate.py:100: error: Function is missing a type annotation for one or more parameters  [no-untyped-def]
src/rag/generate.py:103: error: Returning Any from function declared to return "str"  [no-any-return]
src/rag/telemetry.py:109: error: Function is missing a type annotation for one or more parameters  [no-untyped-def]
src/rag/telemetry.py:152: error: Function is missing a return type annotation  [no-untyped-def]
src/rag/telemetry.py:157: error: Function is missing a type annotation for one or more parameters  [no-untyped-def]
src/rag/telemetry.py:174: error: Unused "type: ignore" comment  [unused-ignore]
src/rag/telemetry.py:174: error: Returning Any from function declared to return "UUID"  [no-any-return]
src/rag/telemetry.py:174: note: Error code "no-any-return" not covered by "type: ignore[attr-defined]" comment
src/rag/telemetry.py:243: error: Function is missing a type annotation for one or more parameters  [no-untyped-def]
src/rag/telemetry.py:258: error: Function is missing a type annotation for one or more parameters  [no-untyped-def]
src/rag/telemetry.py:312: error: Function is missing a type annotation for one or more parameters  [no-untyped-def]
src/rag/telemetry.py:312: error: Missing type arguments for generic type "dict"  [type-arg]
src/rag/telemetry.py:330: error: Function is missing a type annotation for one or more parameters  [no-untyped-def]
src/rag/versions.py:190: error: Function is missing a type annotation for one or more parameters  [no-untyped-def]
src/rag/versions.py:273: error: Function is missing a type annotation for one or more parameters  [no-untyped-def]
src/rag/versions.py:282: error: Function is missing a type annotation for one or more parameters  [no-untyped-def]
src/rag/versions.py:318: error: Function is missing a type annotation for one or more parameters  [no-untyped-def]
src/rag/versions.py:376: error: Missing type arguments for generic type "list"  [type-arg]
src/rag/retrieve.py:53: error: Function is missing a type annotation for one or more parameters  [no-untyped-def]
src/rag/retrieve.py:72: error: Function is missing a type annotation for one or more parameters  [no-untyped-def]
src/rag/retrieve.py:90: error: Missing type arguments for generic type "list"  [type-arg]
src/rag/retrieve.py:118: error: Function is missing a type annotation for one or more parameters  [no-untyped-def]
src/rag/retrieve.py:134: error: Need type annotation for "chunks" (hint: "chunks: dict[<type>, <type>] = ...")  [var-annotated]
src/rag/retrieve.py:202: error: Function is missing a type annotation for one or more parameters  [no-untyped-def]
src/rag/retrieve.py:214: error: Missing type arguments for generic type "dict"  [type-arg]
src/rag/retrieve.py:230: error: Function is missing a type annotation for one or more parameters  [no-untyped-def]
src/rag/retrieve.py:231: error: Missing type arguments for generic type "list"  [type-arg]
src/rag/retrieve.py:240: error: Missing type arguments for generic type "list"  [type-arg]
src/rag/retrieve.py:240: error: Missing type arguments for generic type "dict"  [type-arg]
src/rag/retrieve.py:252: error: Function is missing a type annotation for one or more parameters  [no-untyped-def]
src/rag/gates.py:43: error: Missing type arguments for generic type "dict"  [type-arg]
src/rag/gates.py:68: error: Function is missing a type annotation for one or more parameters  [no-untyped-def]
src/rag/gates.py:79: error: Function is missing a type annotation for one or more parameters  [no-untyped-def]
src/rag/gates.py:106: error: Function is missing a type annotation for one or more parameters  [no-untyped-def]
src/rag/gates.py:128: error: Function is missing a type annotation for one or more parameters  [no-untyped-def]
src/rag/store.py:64: error: Function is missing a type annotation for one or more parameters  [no-untyped-def]
src/rag/store.py:75: error: Function is missing a return type annotation  [no-untyped-def]
src/rag/store.py:75: note: Use "-> None" if function does not return a value
src/rag/store.py:82: error: Call to untyped function "_schema" in typed context  [no-untyped-call]
src/rag/store.py:83: error: Call to untyped function "_migrate" in typed context  [no-untyped-call]
src/rag/store.py:84: error: Call to untyped function "_check_saved_identity" in typed context  [no-untyped-call]
src/rag/store.py:85: error: Call to untyped function "_load_matrix" in typed context  [no-untyped-call]
src/rag/store.py:87: error: Function is missing a return type annotation  [no-untyped-def]
src/rag/store.py:87: note: Use "-> None" if function does not return a value
src/rag/store.py:94: error: Function is missing a type annotation  [no-untyped-def]
src/rag/store.py:95: error: Call to untyped function "open" in typed context  [no-untyped-call]
src/rag/store.py:98: error: Function is missing a type annotation  [no-untyped-def]
src/rag/store.py:99: error: Call to untyped function "close" in typed context  [no-untyped-call]
src/rag/store.py:102: error: Function is missing a type annotation for one or more parameters  [no-untyped-def]
src/rag/store.py:103: error: Item "None" of "Connection | None" has no attribute "execute"  [union-attr]
src/rag/store.py:113: error: Function is missing a type annotation  [no-untyped-def]
src/rag/store.py:116: error: Item "None" of "Connection | None" has no attribute "execute"  [union-attr]
src/rag/store.py:122: error: Item "None" of "Connection | None" has no attribute "execute"  [union-attr]
src/rag/store.py:126: error: Item "None" of "Connection | None" has no attribute "commit"  [union-attr]
src/rag/store.py:128: error: Function is missing a type annotation  [no-untyped-def]
src/rag/store.py:129: error: Item "None" of "Connection | None" has no attribute "execute"  [union-attr]
src/rag/store.py:139: error: Function is missing a type annotation  [no-untyped-def]
src/rag/store.py:141: error: Item "None" of "Connection | None" has no attribute "execute"  [union-attr]
src/rag/store.py:149: error: Item "None" of "Connection | None" has no attribute "commit"  [union-attr]
src/rag/store.py:151: error: Function is missing a return type annotation  [no-untyped-def]
src/rag/store.py:152: error: Item "None" of "Connection | None" has no attribute "execute"  [union-attr]
src/rag/store.py:159: error: Function is missing a return type annotation  [no-untyped-def]
src/rag/store.py:160: error: Item "None" of "Connection | None" has no attribute "execute"  [union-attr]
src/rag/store.py:170: error: Item "None" of "Connection | None" has no attribute "commit"  [union-attr]
src/rag/store.py:172: error: Function is missing a return type annotation  [no-untyped-def]
src/rag/store.py:172: error: Function is missing a type annotation for one or more parameters  [no-untyped-def]
src/rag/store.py:172: error: Missing type arguments for generic type "dict"  [type-arg]
src/rag/store.py:182: error: Item "None" of "Connection | None" has no attribute "execute"  [union-attr]
src/rag/store.py:184: error: Item "None" of "Connection | None" has no attribute "execute"  [union-attr]
src/rag/store.py:213: error: Item "None" of "Connection | None" has no attribute "execute"  [union-attr]
src/rag/store.py:214: error: Item "None" of "Connection | None" has no attribute "execute"  [union-attr]
src/rag/store.py:218: error: Item "None" of "Connection | None" has no attribute "execute"  [union-attr]
src/rag/store.py:219: error: Item "None" of "Connection | None" has no attribute "execute"  [union-attr]
src/rag/store.py:220: error: Item "None" of "Connection | None" has no attribute "executemany"  [union-attr]
src/rag/store.py:245: error: Item "None" of "Connection | None" has no attribute "executemany"  [union-attr]
src/rag/store.py:274: error: Item "None" of "Connection | None" has no attribute "executemany"  [union-attr]
src/rag/store.py:294: error: Item "None" of "Connection | None" has no attribute "executemany"  [union-attr]
src/rag/store.py:298: error: Call to untyped function "_meta" in typed context  [no-untyped-call]
src/rag/store.py:299: error: Call to untyped function "_set_meta" in typed context  [no-untyped-call]
src/rag/store.py:300: error: Call to untyped function "_set_meta" in typed context  [no-untyped-call]
src/rag/store.py:301: error: Call to untyped function "_set_meta" in typed context  [no-untyped-call]
src/rag/store.py:302: error: Call to untyped function "_set_meta" in typed context  [no-untyped-call]
src/rag/store.py:303: error: Call to untyped function "_set_meta" in typed context  [no-untyped-call]
src/rag/store.py:304: error: Item "None" of "Connection | None" has no attribute "commit"  [union-attr]
src/rag/store.py:306: error: Item "None" of "Connection | None" has no attribute "rollback"  [union-attr]
src/rag/store.py:308: error: Call to untyped function "_load_matrix" in typed context  [no-untyped-call]
src/rag/store.py:310: error: Function is missing a type annotation  [no-untyped-def]
src/rag/store.py:313: error: Item "None" of "Connection | None" has no attribute "execute"  [union-attr]
src/rag/store.py:317: error: Item "None" of "Connection | None" has no attribute "execute"  [union-attr]
src/rag/store.py:322: error: Item "None" of "Connection | None" has no attribute "execute"  [union-attr]
src/rag/store.py:323: error: Item "None" of "Connection | None" has no attribute "execute"  [union-attr]
src/rag/store.py:324: error: Item "None" of "Connection | None" has no attribute "execute"  [union-attr]
src/rag/store.py:326: error: Item "None" of "Connection | None" has no attribute "execute"  [union-attr]
src/rag/store.py:327: error: Item "None" of "Connection | None" has no attribute "commit"  [union-attr]
src/rag/store.py:329: error: Function is missing a type annotation  [no-untyped-def]
src/rag/store.py:333: error: Function is missing a type annotation for one or more parameters  [no-untyped-def]
src/rag/store.py:334: error: Item "None" of "Connection | None" has no attribute "execute"  [union-attr]
src/rag/store.py:340: error: Item "None" of "Connection | None" has no attribute "execute"  [union-attr]
src/rag/store.py:343: error: Missing type arguments for generic type "dict"  [type-arg]
src/rag/store.py:344: error: Item "None" of "Connection | None" has no attribute "execute"  [union-attr]
src/rag/store.py:372: error: Item "None" of "Connection | None" has no attribute "execute"  [union-attr]
src/rag/store.py:373: error: Item "None" of "Connection | None" has no attribute "execute"  [union-attr]
src/rag/store.py:377: error: Item "None" of "Connection | None" has no attribute "execute"  [union-attr]
src/rag/store.py:378: error: Item "None" of "Connection | None" has no attribute "execute"  [union-attr]
src/rag/store.py:379: error: Item "None" of "Connection | None" has no attribute "execute"  [union-attr]
src/rag/store.py:380: error: Item "None" of "Connection | None" has no attribute "commit"  [union-attr]
src/rag/store.py:381: error: Call to untyped function "_load_matrix" in typed context  [no-untyped-call]
src/rag/store.py:383: error: Function is missing a type annotation for one or more parameters  [no-untyped-def]
src/rag/store.py:392: error: Function is missing a type annotation  [no-untyped-def]
src/rag/store.py:440: error: Function is missing a type annotation  [no-untyped-def]
src/rag/store.py:446: error: Item "None" of "Connection | None" has no attribute "execute"  [union-attr]
src/rag/store.py:457: error: Item "None" of "Connection | None" has no attribute "execute"  [union-attr]
src/rag/store.py:469: error: Item "None" of "Connection | None" has no attribute "execute"  [union-attr]
src/rag/store.py:486: error: Function is missing a type annotation  [no-untyped-def]
src/rag/store.py:491: error: Item "None" of "Connection | None" has no attribute "execute"  [union-attr]
src/rag/store.py:534: error: Call to untyped function "_meta" in typed context  [no-untyped-call]
src/rag/store.py:536: error: Function is missing a return type annotation  [no-untyped-def]
src/rag/store.py:537: error: Call to untyped function "_meta" in typed context  [no-untyped-call]
src/rag/store.py:544: error: Function is missing a return type annotation  [no-untyped-def]
src/rag/store.py:544: note: Use "-> None" if function does not return a value
src/rag/store.py:545: error: Item "None" of "Connection | None" has no attribute "executescript"  [union-attr]
src/rag/store.py:625: error: Function is missing a return type annotation  [no-untyped-def]
src/rag/store.py:625: note: Use "-> None" if function does not return a value
src/rag/store.py:626: error: Item "None" of "Connection | None" has no attribute "execute"  [union-attr]
src/rag/store.py:628: error: Item "None" of "Connection | None" has no attribute "execute"  [union-attr]
src/rag/store.py:629: error: Item "None" of "Connection | None" has no attribute "commit"  [union-attr]
src/rag/store.py:630: error: Item "None" of "Connection | None" has no attribute "execute"  [union-attr]
src/rag/store.py:640: error: Item "None" of "Connection | None" has no attribute "execute"  [union-attr]
src/rag/store.py:641: error: Item "None" of "Connection | None" has no attribute "commit"  [union-attr]
src/rag/store.py:643: error: Function is missing a return type annotation  [no-untyped-def]
src/rag/store.py:643: note: Use "-> None" if function does not return a value
src/rag/store.py:644: error: Call to untyped function "_meta" in typed context  [no-untyped-call]
src/rag/store.py:647: error: Call to untyped function "_meta" in typed context  [no-untyped-call]
src/rag/store.py:648: error: Call to untyped function "_meta" in typed context  [no-untyped-call]
src/rag/store.py:655: error: Function is missing a return type annotation  [no-untyped-def]
src/rag/store.py:655: note: Use "-> None" if function does not return a value
src/rag/store.py:656: error: Item "None" of "Connection | None" has no attribute "execute"  [union-attr]
src/rag/store.py:686: error: Incompatible types in assignment (expression has type "ndarray[tuple[Any, ...], dtype[floating[_32Bit]]]", variable has type "None")  [assignment]
src/rag/store.py:689: error: Function is missing a type annotation  [no-untyped-def]
src/rag/store.py:690: error: Item "None" of "Connection | None" has no attribute "execute"  [union-attr]
src/rag/store.py:695: error: Function is missing a type annotation  [no-untyped-def]
src/rag/store.py:696: error: Item "None" of "Connection | None" has no attribute "execute"  [union-attr]
src/rag/store.py:704: error: Item "None" of "Connection | None" has no attribute "commit"  [union-attr]
src/rag/parse.py:147: error: Call to untyped function "HTMLText" in typed context  [no-untyped-call]
src/rag/parse.py:149: error: Call to untyped function "close" in typed context  [no-untyped-call]
src/rag/parse.py:197: error: Function is missing a type annotation for one or more parameters  [no-untyped-def]
src/rag/parse.py:217: error: Missing type arguments for generic type "list"  [type-arg]
src/rag/parse.py:279: error: Function is missing a return type annotation  [no-untyped-def]
src/rag/parse.py:280: error: Function is missing a type annotation  [no-untyped-def]
src/rag/parse.py:295: error: Function is missing a type annotation  [no-untyped-def]
src/rag/parse.py:298: error: Cannot find implementation or library stub for module named "docling"  [import-not-found]
src/rag/parse.py:305: error: Function is missing a type annotation for one or more parameters  [no-untyped-def]
src/rag/parse.py:305: error: Missing type arguments for generic type "list"  [type-arg]
src/rag/parse.py:363: error: Function is missing a type annotation for one or more parameters  [no-untyped-def]
src/rag/parse.py:383: error: Function is missing a type annotation for one or more parameters  [no-untyped-def]
src/rag/parse.py:394: error: Function is missing a type annotation for one or more parameters  [no-untyped-def]
src/rag/parse.py:405: error: Function is missing a type annotation for one or more parameters  [no-untyped-def]
src/rag/parse.py:417: error: Function is missing a type annotation for one or more parameters  [no-untyped-def]
src/rag/parse.py:419: error: Library stubs not installed for "lxml"  [import-untyped]
src/rag/parse.py:419: note: Hint: "python3 -m pip install lxml-stubs"
src/rag/parse.py:421: error: Need type annotation for "out" (hint: "out: list[<type>] = ...")  [var-annotated]
src/rag/parse.py:505: error: Missing type arguments for generic type "list"  [type-arg]
src/rag/rerank.py:36: error: Function is missing a type annotation for one or more parameters  [no-untyped-def]
src/rag/rerank.py:40: error: Function is missing a return type annotation  [no-untyped-def]
src/rag/rerank.py:45: error: Call to untyped function "load_reranker" in typed context  [no-untyped-call]
src/rag/rerank.py:51: error: Call to untyped function "_load" in typed context  [no-untyped-call]
src/rag/embed.py:14: error: Function is missing a type annotation  [no-untyped-def]
src/rag/embed.py:15: error: Missing type arguments for generic type "list"  [type-arg]
src/rag/embed.py:38: error: Function is missing a type annotation  [no-untyped-def]
src/rag/embed.py:41: error: Call to untyped function "load_embedder" in typed context  [no-untyped-call]
src/rag/embed.py:52: error: Missing type arguments for generic type "tuple"  [type-arg]
src/rag/embed.py:53: error: Call to untyped function "load_embedder" in typed context  [no-untyped-call]
src/rag/embed.py:74: error: Call to untyped function "load_embedder" in typed context  [no-untyped-call]
src/rag/embed.py:77: error: Function is missing a return type annotation  [no-untyped-def]
src/rag/embed.py:96: error: Function is missing a return type annotation  [no-untyped-def]
src/rag/pipeline.py:12: error: Function is missing a type annotation for one or more parameters  [no-untyped-def]
src/rag/pipeline.py:40: error: Call to untyped function "open" in typed context  [no-untyped-call]
src/rag/pipeline.py:78: error: Call to untyped function "close" in typed context  [no-untyped-call]
src/rag/pipeline.py:81: error: Function is missing a type annotation  [no-untyped-def]
src/rag/pipeline.py:93: error: Call to untyped function "open" in typed context  [no-untyped-call]
src/rag/pipeline.py:97: error: Call to untyped function "close" in typed context  [no-untyped-call]
src/rag/pipeline.py:100: error: Function is missing a type annotation for one or more parameters  [no-untyped-def]
src/rag/pipeline.py:176: error: Call to untyped function "embed_texts" in typed context  [no-untyped-call]
src/rag/evaluate.py:10: error: Library stubs not installed for "yaml"  [import-untyped]
src/rag/evaluate.py:10: note: Hint: "python3 -m pip install types-PyYAML"
src/rag/evaluate.py:10: note: (or run "mypy --install-types" to install all missing stub packages)
src/rag/evaluate.py:10: note: See https://mypy.readthedocs.io/en/stable/running_mypy.html#missing-imports
src/rag/evaluate.py:46: error: Function is missing a type annotation for one or more parameters  [no-untyped-def]
src/rag/evaluate.py:46: error: Missing type arguments for generic type "dict"  [type-arg]
src/rag/evaluate.py:55: error: Function is missing a type annotation for one or more parameters  [no-untyped-def]
src/rag/evaluate.py:55: error: Missing type arguments for generic type "dict"  [type-arg]
src/rag/evaluate.py:56: error: Returning Any from function declared to return "dict[Any, Any]"  [no-any-return]
src/rag/evaluate.py:59: error: Function is missing a type annotation for one or more parameters  [no-untyped-def]
src/rag/evaluate.py:59: error: Missing type arguments for generic type "dict"  [type-arg]
src/rag/evaluate.py:66: error: Missing type arguments for generic type "dict"  [type-arg]
src/rag/evaluate.py:83: error: Missing type arguments for generic type "dict"  [type-arg]
src/rag/evaluate.py:101: error: Missing type arguments for generic type "dict"  [type-arg]
src/rag/evaluate.py:106: error: Missing type arguments for generic type "dict"  [type-arg]
src/rag/evaluate.py:133: error: Missing type arguments for generic type "dict"  [type-arg]
src/rag/evaluate.py:143: error: Missing type arguments for generic type "dict"  [type-arg]
src/rag/evaluate.py:162: error: Missing type arguments for generic type "dict"  [type-arg]
src/rag/evaluate.py:174: error: Missing type arguments for generic type "dict"  [type-arg]
src/rag/evaluate.py:181: error: Missing type arguments for generic type "dict"  [type-arg]
src/rag/evaluate.py:202: error: Function is missing a type annotation for one or more parameters  [no-untyped-def]
src/rag/evaluate.py:213: error: Function is missing a type annotation for one or more parameters  [no-untyped-def]
src/rag/evaluate.py:241: error: Function is missing a type annotation for one or more parameters  [no-untyped-def]
src/rag/evaluate.py:244: error: Missing type arguments for generic type "list"  [type-arg]
src/rag/evaluate.py:246: error: Function is missing a type annotation  [no-untyped-def]
src/rag/evaluate.py:263: error: Call to untyped function "clocked" in typed context  [no-untyped-call]
src/rag/evaluate.py:274: error: Call to untyped function "clocked" in typed context  [no-untyped-call]
src/rag/evaluate.py:343: error: Missing type arguments for generic type "list"  [type-arg]
src/rag/evaluate.py:349: error: Returning Any from function declared to return "float | None"  [no-any-return]
src/rag/evaluate.py:352: error: Function is missing a type annotation for one or more parameters  [no-untyped-def]
src/rag/evaluate.py:392: error: Missing type arguments for generic type "dict"  [type-arg]
src/rag/evaluate.py:409: error: Missing type arguments for generic type "dict"  [type-arg]
src/rag/evaluate.py:413: error: Missing type arguments for generic type "dict"  [type-arg]
src/rag/evaluate.py:415: error: Missing type arguments for generic type "dict"  [type-arg]
src/rag/evaluate.py:416: error: Missing type arguments for generic type "dict"  [type-arg]
src/rag/server.py:48: error: Function is missing a return type annotation  [no-untyped-def]
src/rag/server.py:55: error: Call to untyped function "open" in typed context  [no-untyped-call]
src/rag/server.py:62: error: Call to untyped function "load_embedder" in typed context  [no-untyped-call]
src/rag/server.py:75: error: Call to untyped function "close" in typed context  [no-untyped-call]
src/rag/server.py:146: error: Need type annotation for "TITLES" (hint: "TITLES: dict[<type>, <type>] = ...")  [var-annotated]
src/rag/server.py:149: error: Function is missing a type annotation for one or more parameters  [no-untyped-def]
src/rag/server.py:149: error: Missing type arguments for generic type "dict"  [type-arg]
src/rag/server.py:178: error: Function is missing a return type annotation  [no-untyped-def]
src/rag/server.py:178: error: Function is missing a type annotation for one or more parameters  [no-untyped-def]
src/rag/server.py:199: error: Call to untyped function "_iter_query_traced" in typed context  [no-untyped-call]
src/rag/server.py:213: error: Function is missing a type annotation  [no-untyped-def]
src/rag/server.py:459: error: Missing type arguments for generic type "dict"  [type-arg]
src/rag/server.py:463: error: Function is missing a type annotation for one or more parameters  [no-untyped-def]
src/rag/server.py:480: error: Function is missing a type annotation for one or more parameters  [no-untyped-def]
src/rag/server.py:480: error: Missing type arguments for generic type "dict"  [type-arg]
src/rag/server.py:487: error: Call to untyped function "open" in typed context  [no-untyped-call]
src/rag/server.py:489: error: Function is missing a type annotation  [no-untyped-def]
src/rag/server.py:494: error: Call to untyped function "close" in typed context  [no-untyped-call]
src/rag/server.py:529: error: Missing type arguments for generic type "dict"  [type-arg]
src/rag/server.py:572: error: Function is missing a type annotation  [no-untyped-def]
src/rag/server.py:573: error: Call to untyped function "query" in typed context  [no-untyped-call]
src/rag/server.py:577: error: Function is missing a return type annotation  [no-untyped-def]
src/rag/server.py:594: error: Function is missing a return type annotation  [no-untyped-def]
src/rag/server.py:601: error: Function is missing a return type annotation  [no-untyped-def]
src/rag/server.py:605: error: Call to untyped function "open" in typed context  [no-untyped-call]
src/rag/server.py:609: error: Call to untyped function "close" in typed context  [no-untyped-call]
src/rag/server.py:613: error: Function is missing a return type annotation  [no-untyped-def]
src/rag/server.py:618: error: Call to untyped function "acquire" in typed context  [no-untyped-call]
src/rag/server.py:626: error: Function is missing a type annotation  [no-untyped-def]
src/rag/server.py:627: error: Call to untyped function "_search" in typed context  [no-untyped-call]
src/rag/server.py:629: error: Function is missing a return type annotation  [no-untyped-def]
src/rag/server.py:630: error: Missing type arguments for generic type "Queue"  [type-arg]
src/rag/server.py:631: error: Missing type arguments for generic type "Queue"  [type-arg]
src/rag/server.py:693: error: Call to untyped function "release" in typed context  [no-untyped-call]
src/rag/server.py:696: error: Call to untyped function "gen" in typed context  [no-untyped-call]
src/rag/server.py:709: error: Function is missing a return type annotation  [no-untyped-def]
src/rag/server.py:712: error: Call to untyped function "clear" in typed context  [no-untyped-call]
src/rag/server.py:735: error: Function is missing a return type annotation  [no-untyped-def]
src/rag/server.py:743: error: Function is missing a return type annotation  [no-untyped-def]
src/rag/server.py:751: error: Function is missing a return type annotation  [no-untyped-def]
src/rag/server.py:751: note: Use "-> None" if function does not return a value
src/rag/server.py:758: error: Call to untyped function "main" in typed context  [no-untyped-call]
src/rag/calibrate.py:16: error: Function is missing a type annotation for one or more parameters  [no-untyped-def]
src/rag/calibrate.py:48: error: Returning Any from function declared to return "float | None"  [no-any-return]
src/rag/calibrate.py:51: error: Function is missing a type annotation for one or more parameters  [no-untyped-def]
src/rag/calibrate.py:51: error: Missing type arguments for generic type "dict"  [type-arg]
src/rag/calibrate.py:58: error: Need type annotation for "report"  [var-annotated]
src/rag/calibrate.py:87: error: Function is missing a type annotation for one or more parameters  [no-untyped-def]
src/rag/calibrate.py:87: error: Missing type arguments for generic type "dict"  [type-arg]
src/rag/cli.py:21: error: Function is missing a type annotation for one or more parameters  [no-untyped-def]
src/rag/cli.py:65: error: Call to untyped function "query" in typed context  [no-untyped-call]
src/rag/cli.py:88: error: Function is missing a type annotation for one or more parameters  [no-untyped-def]
src/rag/cli.py:115: error: Call to untyped function "open" in typed context  [no-untyped-call]
src/rag/cli.py:117: error: Function is missing a type annotation  [no-untyped-def]
src/rag/cli.py:122: error: Call to untyped function "close" in typed context  [no-untyped-call]
src/rag/cli.py:144: error: Function is missing a type annotation for one or more parameters  [no-untyped-def]
src/rag/cli.py:154: error: Call to untyped function "open" in typed context  [no-untyped-call]
src/rag/cli.py:156: error: Function is missing a type annotation  [no-untyped-def]
src/rag/cli.py:161: error: Call to untyped function "close" in typed context  [no-untyped-call]
src/rag/cli.py:166: error: Function is missing a type annotation for one or more parameters  [no-untyped-def]
src/rag/cli.py:173: error: Returning Any from function declared to return "str"  [no-any-return]
Found 344 errors in 23 files (checked 26 source files)
