 Image rag-week6-web Building 
 Image rag-week6-api Building 
#1 [internal] load local bake definitions
#1 reading from stdin 965B done
#1 DONE 0.0s

#2 [api internal] load build definition from Dockerfile
#2 transferring dockerfile: 705B done
#2 DONE 0.0s

#3 [web internal] load build definition from Dockerfile
#3 transferring dockerfile: 261B done
#3 DONE 0.0s

#4 [web internal] load metadata for docker.io/library/node:22-alpine
#4 DONE 0.0s

#5 [web internal] load metadata for docker.io/library/nginx:alpine
#5 DONE 0.4s

#6 [api internal] load metadata for docker.io/library/python:3.11-slim-bookworm
#6 DONE 0.4s

#7 [web internal] load .dockerignore
#7 transferring context: 58B done
#7 DONE 0.0s

#8 [api internal] load .dockerignore
#8 transferring context: 147B done
#8 DONE 0.0s

#9 [web build 1/6] FROM docker.io/library/node:22-alpine@sha256:b6f26b36c8ff49624cfdac716b8ea1138d606df02586a77d364bb5536a634f85
#9 resolve docker.io/library/node:22-alpine@sha256:b6f26b36c8ff49624cfdac716b8ea1138d606df02586a77d364bb5536a634f85 0.0s done
#9 DONE 0.0s

#10 [web stage-1 1/3] FROM docker.io/library/nginx:alpine@sha256:62ff2089abf5a9ed33bd232895bef5e22f7bb4b200675cec49a5ebc48e3d4ac8
#10 resolve docker.io/library/nginx:alpine@sha256:62ff2089abf5a9ed33bd232895bef5e22f7bb4b200675cec49a5ebc48e3d4ac8 0.0s done
#10 DONE 0.0s

#11 [api  1/10] FROM docker.io/library/python:3.11-slim-bookworm@sha256:a36c24f9cbdf4fd0f52d67f0823eeac19c2028c637cecc392d97f980d4fec56b
#11 resolve docker.io/library/python:3.11-slim-bookworm@sha256:a36c24f9cbdf4fd0f52d67f0823eeac19c2028c637cecc392d97f980d4fec56b 0.0s done
#11 DONE 0.0s

#12 [web internal] load build context
#12 transferring context: 3.40kB done
#12 DONE 0.0s

#13 [web build 3/6] COPY package.json ./
#13 CACHED

#14 [web build 2/6] WORKDIR /web
#14 CACHED

#15 [web build 4/6] RUN npm install
#15 CACHED

#16 [api internal] load build context
#16 transferring context: 638.59kB 0.0s done
#16 DONE 0.0s

#17 [api  2/10] WORKDIR /app
#17 CACHED

#18 [api  3/10] RUN apt-get update && apt-get install -y --no-install-recommends build-essential     && rm -rf /var/lib/apt/lists/*
#18 CACHED

#19 [api  4/10] COPY pyproject.toml .
#19 DONE 0.0s

#20 [web build 5/6] COPY . .
#20 DONE 0.0s

#21 [api  5/10] COPY src ./src
#21 DONE 0.0s

#22 [api  6/10] COPY documents ./documents
#22 DONE 0.0s

#23 [api  7/10] COPY evals ./evals
#23 DONE 0.0s

#24 [web build 6/6] RUN npm run build
#24 0.382 
#24 0.382 > build
#24 0.382 > vite build
#24 0.382 
#24 0.666 vite v7.3.6 building client environment for production...
#24 0.721 transforming...
#24 2.982 ✓ 2297 modules transformed.
#24 3.163 rendering chunks...
#24 3.177 computing gzip size...
#24 3.188 dist/index.html                   0.62 kB │ gzip:   0.33 kB
#24 3.189 dist/assets/index-xLr3gz-H.css   11.10 kB │ gzip:   2.92 kB
#24 3.189 dist/assets/index-wpPpVEqj.js   374.94 kB │ gzip: 120.08 kB
#24 3.189 ✓ built in 2.50s
#24 DONE 3.3s

#25 [api  8/10] RUN pip install --no-cache-dir .
#25 1.514 Processing /app
#25 1.517   Installing build dependencies: started
#25 ...

#26 [web stage-1 2/3] COPY nginx.conf /etc/nginx/conf.d/default.conf
#26 CACHED

#27 [web stage-1 3/3] COPY --from=build /web/dist /usr/share/nginx/html
#27 CACHED

#28 [web] exporting to image
#28 exporting layers done
#28 exporting manifest sha256:9a7723e5fcba035e0a64f14afc44511c7283b2971be604ce2431eda8d61dd347 done
#28 exporting config sha256:be3b85ce688d2279816ebf0638fc0ad259d20090cf8ab987044715ee77266e0e done
#28 exporting attestation manifest sha256:f2898cbdfd54a3a4c43b82eaba7b3c4f534a6d06f4ceafc2da7ebebbd65643b5 0.0s done
#28 exporting manifest list sha256:07da0f4b52c6e41bd90f430f0f12ab45b472a9c95f0f1f6789fa74a97b9df02b done
#28 naming to docker.io/library/rag-week6-web:latest done
#28 unpacking to docker.io/library/rag-week6-web:latest done
#28 DONE 0.1s

#29 [web] resolving provenance for metadata file
#29 DONE 0.0s

#25 [api  8/10] RUN pip install --no-cache-dir .
#25 3.688   Installing build dependencies: finished with status 'done'
#25 3.689   Getting requirements to build wheel: started
#25 4.150   Getting requirements to build wheel: finished with status 'done'
#25 4.152   Preparing metadata (pyproject.toml): started
#25 4.483   Preparing metadata (pyproject.toml): finished with status 'done'
#25 4.763 Collecting numpy>=1.26.0 (from rag==0.1.0)
#25 4.867   Downloading numpy-2.4.6-cp311-cp311-manylinux_2_27_aarch64.manylinux_2_28_aarch64.whl.metadata (6.6 kB)
#25 4.901 Collecting sentence-transformers>=3.0.0 (from rag==0.1.0)
#25 4.922   Downloading sentence_transformers-6.1.0-py3-none-any.whl.metadata (20 kB)
#25 4.959 Collecting pdfplumber>=0.11.0 (from rag==0.1.0)
#25 4.979   Downloading pdfplumber-0.11.10-py3-none-any.whl.metadata (43 kB)
#25 4.992      ━━━━━━━━━━━━━━━━━━━━━━━━━━━━━━━━━━━━━━━━ 43.7/43.7 kB 3.8 MB/s eta 0:00:00
#25 5.017 Collecting python-docx>=1.1.0 (from rag==0.1.0)
#25 5.046   Downloading python_docx-1.2.0-py3-none-any.whl.metadata (2.0 kB)
#25 5.099 Collecting fastapi>=0.115.0 (from rag==0.1.0)
#25 5.125   Downloading fastapi-0.141.1-py3-none-any.whl.metadata (27 kB)
#25 5.175 Collecting uvicorn>=0.32.0 (from rag==0.1.0)
#25 5.198   Downloading uvicorn-0.53.0-py3-none-any.whl.metadata (6.6 kB)
#25 5.261 Collecting pyyaml>=6.0 (from rag==0.1.0)
#25 5.281   Downloading pyyaml-6.0.3-cp311-cp311-manylinux2014_aarch64.manylinux_2_17_aarch64.manylinux_2_28_aarch64.whl.metadata (2.4 kB)
#25 5.330 Collecting starlette>=0.46.0 (from fastapi>=0.115.0->rag==0.1.0)
#25 5.356   Downloading starlette-1.6.0-py3-none-any.whl.metadata (6.4 kB)
#25 5.453 Collecting pydantic>=2.9.0 (from fastapi>=0.115.0->rag==0.1.0)
#25 5.478   Downloading pydantic-2.13.5-py3-none-any.whl.metadata (110 kB)
#25 5.495      ━━━━━━━━━━━━━━━━━━━━━━━━━━━━━━━━━━━━━━━ 110.2/110.2 kB 7.2 MB/s eta 0:00:00
#25 5.531 Collecting typing-extensions>=4.8.0 (from fastapi>=0.115.0->rag==0.1.0)
#25 5.564   Downloading typing_extensions-4.16.0-py3-none-any.whl.metadata (3.3 kB)
#25 5.589 Collecting typing-inspection>=0.4.2 (from fastapi>=0.115.0->rag==0.1.0)
#25 5.612   Downloading typing_inspection-0.4.4-py3-none-any.whl.metadata (2.6 kB)
#25 5.640 Collecting annotated-doc>=0.0.2 (from fastapi>=0.115.0->rag==0.1.0)
#25 5.656   Downloading annotated_doc-0.0.5-py3-none-any.whl.metadata (6.5 kB)
#25 5.689 Collecting pdfminer.six==20260107 (from pdfplumber>=0.11.0->rag==0.1.0)
#25 5.707   Downloading pdfminer_six-20260107-py3-none-any.whl.metadata (4.3 kB)
#25 5.833 Collecting Pillow>=12.2.0 (from pdfplumber>=0.11.0->rag==0.1.0)
#25 5.862   Downloading pillow-12.3.0-cp311-cp311-manylinux_2_27_aarch64.manylinux_2_28_aarch64.whl.metadata (9.1 kB)
#25 6.033 Collecting pypdfium2>=5.9.0 (from pdfplumber>=0.11.0->rag==0.1.0)
#25 6.065   Downloading pypdfium2-5.13.0-py3-none-manylinux_2_17_aarch64.manylinux2014_aarch64.whl.metadata (66 kB)
#25 6.068      ━━━━━━━━━━━━━━━━━━━━━━━━━━━━━━━━━━━━━━━━ 66.5/66.5 kB 52.4 MB/s eta 0:00:00
#25 6.185 Collecting charset-normalizer>=2.0.0 (from pdfminer.six==20260107->pdfplumber>=0.11.0->rag==0.1.0)
#25 6.205   Downloading charset_normalizer-3.5.1-cp311-cp311-manylinux2014_aarch64.manylinux_2_17_aarch64.manylinux_2_28_aarch64.whl.metadata (45 kB)
#25 6.211      ━━━━━━━━━━━━━━━━━━━━━━━━━━━━━━━━━━━━━━━━ 45.9/45.9 kB 8.7 MB/s eta 0:00:00
#25 6.366 Collecting cryptography>=36.0.0 (from pdfminer.six==20260107->pdfplumber>=0.11.0->rag==0.1.0)
#25 6.398   Downloading cryptography-50.0.1-cp311-abi3-manylinux_2_34_aarch64.whl.metadata (4.3 kB)
#25 6.651 Collecting lxml>=3.1.0 (from python-docx>=1.1.0->rag==0.1.0)
#25 6.683   Downloading lxml-6.1.3-cp311-cp311-manylinux_2_26_aarch64.manylinux_2_28_aarch64.whl.metadata (3.3 kB)
#25 6.747 Collecting transformers<6.0.0,>=5.0.0 (from sentence-transformers>=3.0.0->rag==0.1.0)
#25 6.771   Downloading transformers-5.17.0-py3-none-any.whl.metadata (32 kB)
#25 6.927 Collecting tokenizers>=0.19 (from sentence-transformers>=3.0.0->rag==0.1.0)
#25 6.948   Downloading tokenizers-0.23.2-cp310-abi3-manylinux_2_17_aarch64.manylinux2014_aarch64.whl.metadata (9.8 kB)
#25 7.015 Collecting huggingface-hub<2.0.0,>=1.3.0 (from sentence-transformers>=3.0.0->rag==0.1.0)
#25 7.032   Downloading huggingface_hub-1.32.0-py3-none-any.whl.metadata (16 kB)
#25 7.088 Collecting torch>=2.2 (from sentence-transformers>=3.0.0->rag==0.1.0)
#25 7.108   Downloading torch-2.14.0-cp311-cp311-manylinux_2_28_aarch64.whl.metadata (37 kB)
#25 7.188 Collecting scikit-learn>=1.1.0 (from sentence-transformers>=3.0.0->rag==0.1.0)
#25 7.210   Downloading scikit_learn-1.9.1-cp311-cp311-manylinux_2_27_aarch64.manylinux_2_28_aarch64.whl.metadata (9.3 kB)
#25 7.303 Collecting scipy>=1.0.0 (from sentence-transformers>=3.0.0->rag==0.1.0)
#25 7.988   Downloading scipy-1.17.1-cp311-cp311-manylinux_2_27_aarch64.manylinux_2_28_aarch64.whl.metadata (62 kB)
#25 7.990      ━━━━━━━━━━━━━━━━━━━━━━━━━━━━━━━━━━━━━━━ 62.1/62.1 kB 495.9 MB/s eta 0:00:00
#25 8.043 Collecting tqdm>=4.0.0 (from sentence-transformers>=3.0.0->rag==0.1.0)
#25 8.080   Downloading tqdm-4.70.1-py3-none-any.whl.metadata (57 kB)
#25 8.101      ━━━━━━━━━━━━━━━━━━━━━━━━━━━━━━━━━━━━━━━ 57.4/57.4 kB 477.2 MB/s eta 0:00:00
#25 8.225 Collecting click>=7.0 (from uvicorn>=0.32.0->rag==0.1.0)
#25 8.246   Downloading click-8.5.0-py3-none-any.whl.metadata (2.6 kB)
#25 8.274 Collecting h11>=0.8 (from uvicorn>=0.32.0->rag==0.1.0)
#25 8.296   Downloading h11-0.16.0-py3-none-any.whl.metadata (8.3 kB)
#25 8.373 Collecting filelock>=3.10.0 (from huggingface-hub<2.0.0,>=1.3.0->sentence-transformers>=3.0.0->rag==0.1.0)
#25 8.398   Downloading filelock-4.0.1-py3-none-any.whl.metadata (2.0 kB)
#25 8.434 Collecting fsspec>=2023.5.0 (from huggingface-hub<2.0.0,>=1.3.0->sentence-transformers>=3.0.0->rag==0.1.0)
#25 8.456   Downloading fsspec-2026.9.0-py3-none-any.whl.metadata (10 kB)
#25 8.522 Collecting hf-xet<2.0.0,>=1.5.2 (from huggingface-hub<2.0.0,>=1.3.0->sentence-transformers>=3.0.0->rag==0.1.0)
#25 8.545   Downloading hf_xet-1.6.0-cp38-abi3-manylinux_2_28_aarch64.whl.metadata (4.9 kB)
#25 8.582 Collecting httpx<1,>=0.23.0 (from huggingface-hub<2.0.0,>=1.3.0->sentence-transformers>=3.0.0->rag==0.1.0)
#25 8.600   Downloading httpx-0.28.1-py3-none-any.whl.metadata (7.1 kB)
#25 8.605 Requirement already satisfied: packaging>=20.9 in /usr/local/lib/python3.11/site-packages (from huggingface-hub<2.0.0,>=1.3.0->sentence-transformers>=3.0.0->rag==0.1.0) (26.3)
#25 8.659 Collecting annotated-types>=0.6.0 (from pydantic>=2.9.0->fastapi>=0.115.0->rag==0.1.0)
#25 8.687   Downloading annotated_types-0.8.0-py3-none-any.whl.metadata (15 kB)
#25 9.265 Collecting pydantic-core==2.46.5 (from pydantic>=2.9.0->fastapi>=0.115.0->rag==0.1.0)
#25 9.292   Downloading pydantic_core-2.46.5-cp311-cp311-manylinux_2_17_aarch64.manylinux2014_aarch64.whl.metadata (6.6 kB)
#25 9.347 Collecting joblib>=1.4.0 (from scikit-learn>=1.1.0->sentence-transformers>=3.0.0->rag==0.1.0)
#25 9.370   Downloading joblib-1.6.0-py3-none-any.whl.metadata (6.5 kB)
#25 9.434 Collecting narwhals>=2.0.1 (from scikit-learn>=1.1.0->sentence-transformers>=3.0.0->rag==0.1.0)
#25 9.455   Downloading narwhals-2.26.0-py3-none-any.whl.metadata (15 kB)
#25 9.484 Collecting threadpoolctl>=3.5.0 (from scikit-learn>=1.1.0->sentence-transformers>=3.0.0->rag==0.1.0)
#25 9.507   Downloading threadpoolctl-3.7.0-py3-none-any.whl.metadata (24 kB)
#25 9.575 Collecting anyio<5,>=3.6.2 (from starlette>=0.46.0->fastapi>=0.115.0->rag==0.1.0)
#25 9.608   Downloading anyio-4.15.1-py3-none-any.whl.metadata (4.7 kB)
#25 9.651 Requirement already satisfied: setuptools>=77.0.3 in /usr/local/lib/python3.11/site-packages (from torch>=2.2->sentence-transformers>=3.0.0->rag==0.1.0) (79.0.1)
#25 9.688 Collecting sympy>=1.13.3 (from torch>=2.2->sentence-transformers>=3.0.0->rag==0.1.0)
#25 9.717   Downloading sympy-1.14.0-py3-none-any.whl.metadata (12 kB)
#25 9.753 Collecting networkx>=2.5.1 (from torch>=2.2->sentence-transformers>=3.0.0->rag==0.1.0)
#25 9.775   Downloading networkx-3.6.1-py3-none-any.whl.metadata (6.8 kB)
#25 9.814 Collecting jinja2 (from torch>=2.2->sentence-transformers>=3.0.0->rag==0.1.0)
#25 9.843   Downloading jinja2-3.1.6-py3-none-any.whl.metadata (2.9 kB)
#25 9.873 Collecting cuda-toolkit==13.0.3 (from cuda-toolkit[cublas,cudart,cufft,cufile,cupti,curand,cusolver,cusparse,nvjitlink,nvrtc,nvtx]==13.0.3; platform_system == "Linux"->torch>=2.2->sentence-transformers>=3.0.0->rag==0.1.0)
#25 9.900   Downloading cuda_toolkit-13.0.3.0-py2.py3-none-any.whl.metadata (17 kB)
#25 9.944 Collecting cuda-bindings<14,>=13.0.3 (from torch>=2.2->sentence-transformers>=3.0.0->rag==0.1.0)
#25 9.964   Downloading cuda_bindings-13.4.2-cp311-cp311-manylinux_2_24_aarch64.manylinux_2_28_aarch64.whl.metadata (2.4 kB)
#25 14.73 Collecting nvidia-cudnn-cu13==9.24.0.43 (from torch>=2.2->sentence-transformers>=3.0.0->rag==0.1.0)
#25 14.77   Downloading nvidia_cudnn_cu13-9.24.0.43-py3-none-manylinux_2_27_aarch64.whl.metadata (1.9 kB)
#25 14.78 Collecting nvidia-cusparselt-cu13==0.8.1 (from torch>=2.2->sentence-transformers>=3.0.0->rag==0.1.0)
#25 14.80   Downloading nvidia_cusparselt_cu13-0.8.1-py3-none-manylinux2014_aarch64.whl.metadata (12 kB)
#25 14.83 Collecting nvidia-nccl-cu13==2.30.7 (from torch>=2.2->sentence-transformers>=3.0.0->rag==0.1.0)
#25 14.85   Downloading nvidia_nccl_cu13-2.30.7-py3-none-manylinux_2_18_aarch64.whl.metadata (2.1 kB)
#25 14.87 Collecting nvidia-nvshmem-cu13==3.4.5 (from torch>=2.2->sentence-transformers>=3.0.0->rag==0.1.0)
#25 14.90   Downloading nvidia_nvshmem_cu13-3.4.5-py3-none-manylinux2014_aarch64.manylinux_2_17_aarch64.whl.metadata (2.1 kB)
#25 14.93 Collecting triton~=3.8.0 (from torch>=2.2->sentence-transformers>=3.0.0->rag==0.1.0)
#25 14.95   Downloading triton-3.8.0-cp311-cp311-manylinux_2_27_aarch64.manylinux_2_28_aarch64.whl.metadata (978 bytes)
#25 15.13 Collecting nvidia-cublas==13.1.1.3.* (from cuda-toolkit[cublas,cudart,cufft,cufile,cupti,curand,cusolver,cusparse,nvjitlink,nvrtc,nvtx]==13.0.3; platform_system == "Linux"->torch>=2.2->sentence-transformers>=3.0.0->rag==0.1.0)
#25 15.15   Downloading nvidia_cublas-13.1.1.3-py3-none-manylinux_2_27_aarch64.whl.metadata (1.8 kB)
#25 15.17 Collecting nvidia-cuda-nvrtc==13.0.88.* (from cuda-toolkit[cublas,cudart,cufft,cufile,cupti,curand,cusolver,cusparse,nvjitlink,nvrtc,nvtx]==13.0.3; platform_system == "Linux"->torch>=2.2->sentence-transformers>=3.0.0->rag==0.1.0)
#25 15.20   Downloading nvidia_cuda_nvrtc-13.0.88-py3-none-manylinux2014_aarch64.manylinux_2_17_aarch64.whl.metadata (1.7 kB)
#25 15.22 Collecting nvidia-cuda-runtime==13.0.96.* (from cuda-toolkit[cublas,cudart,cufft,cufile,cupti,curand,cusolver,cusparse,nvjitlink,nvrtc,nvtx]==13.0.3; platform_system == "Linux"->torch>=2.2->sentence-transformers>=3.0.0->rag==0.1.0)
#25 15.25   Downloading nvidia_cuda_runtime-13.0.96-py3-none-manylinux2014_aarch64.manylinux_2_17_aarch64.whl.metadata (1.7 kB)
#25 15.28 Collecting nvidia-cufft==12.0.0.61.* (from cuda-toolkit[cublas,cudart,cufft,cufile,cupti,curand,cusolver,cusparse,nvjitlink,nvrtc,nvtx]==13.0.3; platform_system == "Linux"->torch>=2.2->sentence-transformers>=3.0.0->rag==0.1.0)
#25 15.30   Downloading nvidia_cufft-12.0.0.61-py3-none-manylinux2014_aarch64.manylinux_2_17_aarch64.whl.metadata (1.8 kB)
#25 15.33 Collecting nvidia-nvjitlink<14,>=13.0.88 (from cuda-toolkit[cublas,cudart,cufft,cufile,cupti,curand,cusolver,cusparse,nvjitlink,nvrtc,nvtx]==13.0.3; platform_system == "Linux"->torch>=2.2->sentence-transformers>=3.0.0->rag==0.1.0)
#25 15.35   Downloading nvidia_nvjitlink-13.4.92-py3-none-manylinux2014_aarch64.manylinux_2_17_aarch64.whl.metadata (1.8 kB)
#25 15.38 Collecting nvidia-cufile==1.15.1.6.* (from cuda-toolkit[cublas,cudart,cufft,cufile,cupti,curand,cusolver,cusparse,nvjitlink,nvrtc,nvtx]==13.0.3; platform_system == "Linux"->torch>=2.2->sentence-transformers>=3.0.0->rag==0.1.0)
#25 15.40   Downloading nvidia_cufile-1.15.1.6-py3-none-manylinux_2_27_aarch64.whl.metadata (1.7 kB)
#25 15.43 Collecting nvidia-cuda-cupti==13.0.85.* (from cuda-toolkit[cublas,cudart,cufft,cufile,cupti,curand,cusolver,cusparse,nvjitlink,nvrtc,nvtx]==13.0.3; platform_system == "Linux"->torch>=2.2->sentence-transformers>=3.0.0->rag==0.1.0)
#25 15.47   Downloading nvidia_cuda_cupti-13.0.85-py3-none-manylinux_2_25_aarch64.whl.metadata (1.7 kB)
#25 15.50 Collecting nvidia-curand==10.4.0.35.* (from cuda-toolkit[cublas,cudart,cufft,cufile,cupti,curand,cusolver,cusparse,nvjitlink,nvrtc,nvtx]==13.0.3; platform_system == "Linux"->torch>=2.2->sentence-transformers>=3.0.0->rag==0.1.0)
#25 15.54   Downloading nvidia_curand-10.4.0.35-py3-none-manylinux_2_27_aarch64.whl.metadata (1.7 kB)
#25 15.57 Collecting nvidia-cusolver==12.0.4.66.* (from cuda-toolkit[cublas,cudart,cufft,cufile,cupti,curand,cusolver,cusparse,nvjitlink,nvrtc,nvtx]==13.0.3; platform_system == "Linux"->torch>=2.2->sentence-transformers>=3.0.0->rag==0.1.0)
#25 15.60   Downloading nvidia_cusolver-12.0.4.66-py3-none-manylinux_2_27_aarch64.whl.metadata (1.8 kB)
#25 15.62 Collecting nvidia-cusparse==12.6.3.3.* (from cuda-toolkit[cublas,cudart,cufft,cufile,cupti,curand,cusolver,cusparse,nvjitlink,nvrtc,nvtx]==13.0.3; platform_system == "Linux"->torch>=2.2->sentence-transformers>=3.0.0->rag==0.1.0)
#25 15.65   Downloading nvidia_cusparse-12.6.3.3-py3-none-manylinux2014_aarch64.manylinux_2_17_aarch64.whl.metadata (1.8 kB)
#25 15.68 Collecting nvidia-nvtx==13.0.85.* (from cuda-toolkit[cublas,cudart,cufft,cufile,cupti,curand,cusolver,cusparse,nvjitlink,nvrtc,nvtx]==13.0.3; platform_system == "Linux"->torch>=2.2->sentence-transformers>=3.0.0->rag==0.1.0)
#25 15.71   Downloading nvidia_nvtx-13.0.85-py3-none-manylinux2014_aarch64.manylinux_2_17_aarch64.whl.metadata (1.8 kB)
#25 16.16 Collecting regex>=2025.10.22 (from transformers<6.0.0,>=5.0.0->sentence-transformers>=3.0.0->rag==0.1.0)
#25 16.18   Downloading regex-2026.9.10-cp311-cp311-manylinux2014_aarch64.manylinux_2_17_aarch64.manylinux_2_28_aarch64.whl.metadata (40 kB)
#25 16.18      ━━━━━━━━━━━━━━━━━━━━━━━━━━━━━━━━━━━━━━━ 40.6/40.6 kB 427.9 MB/s eta 0:00:00
#25 16.22 Collecting typer (from transformers<6.0.0,>=5.0.0->sentence-transformers>=3.0.0->rag==0.1.0)
#25 16.25   Downloading typer-0.27.2-py3-none-any.whl.metadata (16 kB)
#25 16.33 Collecting safetensors>=0.8.0 (from transformers<6.0.0,>=5.0.0->sentence-transformers>=3.0.0->rag==0.1.0)
#25 16.36   Downloading safetensors-0.8.0-cp310-abi3-manylinux_2_17_aarch64.manylinux2014_aarch64.whl.metadata (4.2 kB)
#25 16.42 Collecting idna>=2.8 (from anyio<5,>=3.6.2->starlette>=0.46.0->fastapi>=0.115.0->rag==0.1.0)
#25 16.44   Downloading idna-3.20-py3-none-any.whl.metadata (7.2 kB)
#25 16.55 Collecting cffi>=2.0.0 (from cryptography>=36.0.0->pdfminer.six==20260107->pdfplumber>=0.11.0->rag==0.1.0)
#25 16.58   Downloading cffi-2.1.1-cp311-cp311-manylinux2014_aarch64.manylinux_2_17_aarch64.whl.metadata (2.5 kB)
#25 16.61 Collecting cuda-pathfinder>=1.4.2 (from cuda-bindings<14,>=13.0.3->torch>=2.2->sentence-transformers>=3.0.0->rag==0.1.0)
#25 16.63   Downloading cuda_pathfinder-1.8.2-py3-none-any.whl.metadata (1.9 kB)
#25 16.69 Collecting certifi (from httpx<1,>=0.23.0->huggingface-hub<2.0.0,>=1.3.0->sentence-transformers>=3.0.0->rag==0.1.0)
#25 16.71   Downloading certifi-2026.7.22-py3-none-any.whl.metadata (2.5 kB)
#25 16.74 Collecting httpcore==1.* (from httpx<1,>=0.23.0->huggingface-hub<2.0.0,>=1.3.0->sentence-transformers>=3.0.0->rag==0.1.0)
#25 16.76   Downloading httpcore-1.0.9-py3-none-any.whl.metadata (21 kB)
#25 16.80 Collecting cloudpickle>=3.0 (from joblib>=1.4.0->scikit-learn>=1.1.0->sentence-transformers>=3.0.0->rag==0.1.0)
#25 16.82   Downloading cloudpickle-3.1.2-py3-none-any.whl.metadata (7.1 kB)
#25 16.91 Collecting mpmath<1.4,>=1.1.0 (from sympy>=1.13.3->torch>=2.2->sentence-transformers>=3.0.0->rag==0.1.0)
#25 16.93   Downloading mpmath-1.3.0-py3-none-any.whl.metadata (8.6 kB)
#25 16.99 Collecting MarkupSafe>=2.0 (from jinja2->torch>=2.2->sentence-transformers>=3.0.0->rag==0.1.0)
#25 17.02   Downloading markupsafe-3.0.3-cp311-cp311-manylinux2014_aarch64.manylinux_2_17_aarch64.manylinux_2_28_aarch64.whl.metadata (2.7 kB)
#25 17.06 Collecting shellingham>=1.3.0 (from typer->transformers<6.0.0,>=5.0.0->sentence-transformers>=3.0.0->rag==0.1.0)
#25 17.08   Downloading shellingham-1.5.4-py2.py3-none-any.whl.metadata (3.5 kB)
#25 17.13 Collecting rich>=13.8.0 (from typer->transformers<6.0.0,>=5.0.0->sentence-transformers>=3.0.0->rag==0.1.0)
#25 17.16   Downloading rich-15.0.0-py3-none-any.whl.metadata (18 kB)
#25 17.20 Collecting pycparser (from cffi>=2.0.0->cryptography>=36.0.0->pdfminer.six==20260107->pdfplumber>=0.11.0->rag==0.1.0)
#25 17.23   Downloading pycparser-3.0-py3-none-any.whl.metadata (8.2 kB)
#25 17.41 Collecting markdown-it-py>=2.2.0 (from rich>=13.8.0->typer->transformers<6.0.0,>=5.0.0->sentence-transformers>=3.0.0->rag==0.1.0)
#25 17.43   Downloading markdown_it_py-4.2.0-py3-none-any.whl.metadata (7.4 kB)
#25 17.46 Collecting pygments<3.0.0,>=2.13.0 (from rich>=13.8.0->typer->transformers<6.0.0,>=5.0.0->sentence-transformers>=3.0.0->rag==0.1.0)
#25 17.48   Downloading pygments-2.21.0-py3-none-any.whl.metadata (2.5 kB)
#25 17.52 Collecting mdurl~=0.1 (from markdown-it-py>=2.2.0->rich>=13.8.0->typer->transformers<6.0.0,>=5.0.0->sentence-transformers>=3.0.0->rag==0.1.0)
#25 17.54   Downloading mdurl-0.1.2-py3-none-any.whl.metadata (1.6 kB)
#25 17.58 Downloading fastapi-0.141.1-py3-none-any.whl (131 kB)
#25 17.58    ━━━━━━━━━━━━━━━━━━━━━━━━━━━━━━━━━━━━━━━━ 132.0/132.0 kB 29.7 MB/s eta 0:00:00
#25 17.61 Downloading numpy-2.4.6-cp311-cp311-manylinux_2_27_aarch64.manylinux_2_28_aarch64.whl (16.0 MB)
#25 17.83    ━━━━━━━━━━━━━━━━━━━━━━━━━━━━━━━━━━━━━━━━ 16.0/16.0 MB 74.9 MB/s eta 0:00:00
#25 17.86 Downloading pdfplumber-0.11.10-py3-none-any.whl (60 kB)
#25 17.86    ━━━━━━━━━━━━━━━━━━━━━━━━━━━━━━━━━━━━━━━━ 60.0/60.0 kB 46.7 MB/s eta 0:00:00
#25 17.90 Downloading pdfminer_six-20260107-py3-none-any.whl (6.6 MB)
#25 18.02    ━━━━━━━━━━━━━━━━━━━━━━━━━━━━━━━━━━━━━━━━ 6.6/6.6 MB 54.6 MB/s eta 0:00:00
#25 18.04 Downloading python_docx-1.2.0-py3-none-any.whl (252 kB)
#25 18.05    ━━━━━━━━━━━━━━━━━━━━━━━━━━━━━━━━━━━━━━━━ 253.0/253.0 kB 37.7 MB/s eta 0:00:00
#25 18.07 Downloading pyyaml-6.0.3-cp311-cp311-manylinux2014_aarch64.manylinux_2_17_aarch64.manylinux_2_28_aarch64.whl (775 kB)
#25 18.08    ━━━━━━━━━━━━━━━━━━━━━━━━━━━━━━━━━━━━━━━ 775.6/775.6 kB 112.9 MB/s eta 0:00:00
#25 18.11 Downloading sentence_transformers-6.1.0-py3-none-any.whl (740 kB)
#25 18.11    ━━━━━━━━━━━━━━━━━━━━━━━━━━━━━━━━━━━━━━━ 740.6/740.6 kB 119.9 MB/s eta 0:00:00
#25 18.13 Downloading uvicorn-0.53.0-py3-none-any.whl (87 kB)
#25 18.14    ━━━━━━━━━━━━━━━━━━━━━━━━━━━━━━━━━━━━━━━━ 87.1/87.1 kB 121.3 MB/s eta 0:00:00
#25 18.15 Downloading annotated_doc-0.0.5-py3-none-any.whl (5.3 kB)
#25 18.18 Downloading click-8.5.0-py3-none-any.whl (125 kB)
#25 18.18    ━━━━━━━━━━━━━━━━━━━━━━━━━━━━━━━━━━━━━━━ 125.3/125.3 kB 143.8 MB/s eta 0:00:00
#25 18.20 Downloading h11-0.16.0-py3-none-any.whl (37 kB)
#25 18.23 Downloading huggingface_hub-1.32.0-py3-none-any.whl (842 kB)
#25 18.24    ━━━━━━━━━━━━━━━━━━━━━━━━━━━━━━━━━━━━━━━━ 842.9/842.9 kB 81.9 MB/s eta 0:00:00
#25 18.26 Downloading lxml-6.1.3-cp311-cp311-manylinux_2_26_aarch64.manylinux_2_28_aarch64.whl (5.0 MB)
#25 18.30    ━━━━━━━━━━━━━━━━━━━━━━━━━━━━━━━━━━━━━━━━ 5.0/5.0 MB 146.1 MB/s eta 0:00:00
#25 18.33 Downloading pillow-12.3.0-cp311-cp311-manylinux_2_27_aarch64.manylinux_2_28_aarch64.whl (6.3 MB)
#25 18.42    ━━━━━━━━━━━━━━━━━━━━━━━━━━━━━━━━━━━━━━━━ 6.3/6.3 MB 69.5 MB/s eta 0:00:00
#25 18.44 Downloading pydantic-2.13.5-py3-none-any.whl (472 kB)
#25 18.45    ━━━━━━━━━━━━━━━━━━━━━━━━━━━━━━━━━━━━━━━ 472.6/472.6 kB 122.7 MB/s eta 0:00:00
#25 18.48 Downloading pydantic_core-2.46.5-cp311-cp311-manylinux_2_17_aarch64.manylinux2014_aarch64.whl (1.9 MB)
#25 18.49    ━━━━━━━━━━━━━━━━━━━━━━━━━━━━━━━━━━━━━━━━ 1.9/1.9 MB 133.7 MB/s eta 0:00:00
#25 18.52 Downloading pypdfium2-5.13.0-py3-none-manylinux_2_17_aarch64.manylinux2014_aarch64.whl (3.7 MB)
#25 18.55    ━━━━━━━━━━━━━━━━━━━━━━━━━━━━━━━━━━━━━━━━ 3.7/3.7 MB 131.6 MB/s eta 0:00:00
#25 18.57 Downloading scikit_learn-1.9.1-cp311-cp311-manylinux_2_27_aarch64.manylinux_2_28_aarch64.whl (9.0 MB)
#25 18.66    ━━━━━━━━━━━━━━━━━━━━━━━━━━━━━━━━━━━━━━━━ 9.0/9.0 MB 97.4 MB/s eta 0:00:00
#25 18.69 Downloading scipy-1.17.1-cp311-cp311-manylinux_2_27_aarch64.manylinux_2_28_aarch64.whl (33.1 MB)
#25 19.23    ━━━━━━━━━━━━━━━━━━━━━━━━━━━━━━━━━━━━━━━━ 33.1/33.1 MB 54.0 MB/s eta 0:00:00
#25 19.27 Downloading starlette-1.6.0-py3-none-any.whl (75 kB)
#25 19.27    ━━━━━━━━━━━━━━━━━━━━━━━━━━━━━━━━━━━━━━━━ 76.0/76.0 kB 55.5 MB/s eta 0:00:00
#25 19.29 Downloading tokenizers-0.23.2-cp310-abi3-manylinux_2_17_aarch64.manylinux2014_aarch64.whl (3.5 MB)
#25 19.34    ━━━━━━━━━━━━━━━━━━━━━━━━━━━━━━━━━━━━━━━━ 3.5/3.5 MB 81.9 MB/s eta 0:00:00
#25 19.38 Downloading torch-2.14.0-cp311-cp311-manylinux_2_28_aarch64.whl (454.0 MB)
#25 24.54    ━━━━━━━━━━━━━━━━━━━━━━━━━━━━━━━━━━━━━━━━ 454.0/454.0 MB 69.6 MB/s eta 0:00:00
#25 24.56 Downloading cuda_toolkit-13.0.3.0-py2.py3-none-any.whl (2.5 kB)
#25 24.59 Downloading nvidia_cudnn_cu13-9.24.0.43-py3-none-manylinux_2_27_aarch64.whl (651.0 MB)
#25 31.59    ━━━━━━━━━━━━━━━━━━━━━━━━━━━━━━━━━━━━━━━━ 651.0/651.0 MB 61.3 MB/s eta 0:00:00
#25 31.63 Downloading nvidia_cusparselt_cu13-0.8.1-py3-none-manylinux2014_aarch64.whl (221.1 MB)
#25 34.52    ━━━━━━━━━━━━━━━━━━━━━━━━━━━━━━━━━━━━━━━ 221.1/221.1 MB 116.7 MB/s eta 0:00:00
#25 34.55 Downloading nvidia_nccl_cu13-2.30.7-py3-none-manylinux_2_18_aarch64.whl (216.0 MB)
#25 36.75    ━━━━━━━━━━━━━━━━━━━━━━━━━━━━━━━━━━━━━━━━ 216.0/216.0 MB 84.8 MB/s eta 0:00:00
#25 36.79 Downloading nvidia_nvshmem_cu13-3.4.5-py3-none-manylinux2014_aarch64.manylinux_2_17_aarch64.whl (60.2 MB)
#25 37.38    ━━━━━━━━━━━━━━━━━━━━━━━━━━━━━━━━━━━━━━━━ 60.2/60.2 MB 90.1 MB/s eta 0:00:00
#25 37.41 Downloading nvidia_cublas-13.1.1.3-py3-none-manylinux_2_27_aarch64.whl (542.8 MB)
#25 42.68    ━━━━━━━━━━━━━━━━━━━━━━━━━━━━━━━━━━━━━━━━ 542.8/542.8 MB 88.4 MB/s eta 0:00:00
#25 42.71 Downloading nvidia_cuda_cupti-13.0.85-py3-none-manylinux_2_25_aarch64.whl (10.3 MB)
#25 42.79    ━━━━━━━━━━━━━━━━━━━━━━━━━━━━━━━━━━━━━━━━ 10.3/10.3 MB 124.4 MB/s eta 0:00:00
#25 42.81 Downloading nvidia_cuda_nvrtc-13.0.88-py3-none-manylinux2014_aarch64.manylinux_2_17_aarch64.whl (43.0 MB)
#25 43.35    ━━━━━━━━━━━━━━━━━━━━━━━━━━━━━━━━━━━━━━━━ 43.0/43.0 MB 92.4 MB/s eta 0:00:00
#25 43.39 Downloading nvidia_cuda_runtime-13.0.96-py3-none-manylinux2014_aarch64.manylinux_2_17_aarch64.whl (2.3 MB)
#25 43.40    ━━━━━━━━━━━━━━━━━━━━━━━━━━━━━━━━━━━━━━━━ 2.3/2.3 MB 208.6 MB/s eta 0:00:00
#25 43.44 Downloading nvidia_cufft-12.0.0.61-py3-none-manylinux2014_aarch64.manylinux_2_17_aarch64.whl (214.1 MB)
#25 45.51    ━━━━━━━━━━━━━━━━━━━━━━━━━━━━━━━━━━━━━━━ 214.1/214.1 MB 135.6 MB/s eta 0:00:00
#25 45.53 Downloading nvidia_cufile-1.15.1.6-py3-none-manylinux_2_27_aarch64.whl (1.1 MB)
#25 45.54    ━━━━━━━━━━━━━━━━━━━━━━━━━━━━━━━━━━━━━━━━ 1.1/1.1 MB 142.2 MB/s eta 0:00:00
#25 45.57 Downloading nvidia_curand-10.4.0.35-py3-none-manylinux_2_27_aarch64.whl (62.0 MB)
#25 46.12    ━━━━━━━━━━━━━━━━━━━━━━━━━━━━━━━━━━━━━━━━ 62.0/62.0 MB 116.6 MB/s eta 0:00:00
#25 46.15 Downloading nvidia_cusolver-12.0.4.66-py3-none-manylinux_2_27_aarch64.whl (223.5 MB)
#25 48.56    ━━━━━━━━━━━━━━━━━━━━━━━━━━━━━━━━━━━━━━━━ 223.5/223.5 MB 88.1 MB/s eta 0:00:00
#25 48.58 Downloading nvidia_cusparse-12.6.3.3-py3-none-manylinux2014_aarch64.manylinux_2_17_aarch64.whl (162.2 MB)
#25 50.16    ━━━━━━━━━━━━━━━━━━━━━━━━━━━━━━━━━━━━━━━ 162.2/162.2 MB 107.7 MB/s eta 0:00:00
#25 50.17 Downloading nvidia_nvtx-13.0.85-py3-none-manylinux2014_aarch64.manylinux_2_17_aarch64.whl (148 kB)
#25 50.17    ━━━━━━━━━━━━━━━━━━━━━━━━━━━━━━━━━━━━━━━ 148.9/148.9 kB 110.7 MB/s eta 0:00:00
#25 50.20 Downloading tqdm-4.70.1-py3-none-any.whl (80 kB)
#25 50.20    ━━━━━━━━━━━━━━━━━━━━━━━━━━━━━━━━━━━━━━━━ 80.2/80.2 kB 113.7 MB/s eta 0:00:00
#25 50.23 Downloading transformers-5.17.0-py3-none-any.whl (12.3 MB)
#25 50.32    ━━━━━━━━━━━━━━━━━━━━━━━━━━━━━━━━━━━━━━━━ 12.3/12.3 MB 130.5 MB/s eta 0:00:00
#25 50.34 Downloading typing_extensions-4.16.0-py3-none-any.whl (45 kB)
#25 50.34    ━━━━━━━━━━━━━━━━━━━━━━━━━━━━━━━━━━━━━━━━ 45.6/45.6 kB 753.7 MB/s eta 0:00:00
#25 50.37 Downloading typing_inspection-0.4.4-py3-none-any.whl (14 kB)
#25 50.39 Downloading annotated_types-0.8.0-py3-none-any.whl (13 kB)
#25 50.41 Downloading anyio-4.15.1-py3-none-any.whl (132 kB)
#25 50.42    ━━━━━━━━━━━━━━━━━━━━━━━━━━━━━━━━━━━━━━━━ 132.1/132.1 kB 58.6 MB/s eta 0:00:00
#25 50.45 Downloading charset_normalizer-3.5.1-cp311-cp311-manylinux2014_aarch64.manylinux_2_17_aarch64.manylinux_2_28_aarch64.whl (251 kB)
#25 50.45    ━━━━━━━━━━━━━━━━━━━━━━━━━━━━━━━━━━━━━━━ 251.2/251.2 kB 172.9 MB/s eta 0:00:00
#25 50.47 Downloading cryptography-50.0.1-cp311-abi3-manylinux_2_34_aarch64.whl (4.7 MB)
#25 50.52    ━━━━━━━━━━━━━━━━━━━━━━━━━━━━━━━━━━━━━━━━ 4.7/4.7 MB 105.9 MB/s eta 0:00:00
#25 50.54 Downloading cuda_bindings-13.4.2-cp311-cp311-manylinux_2_24_aarch64.manylinux_2_28_aarch64.whl (6.5 MB)
#25 50.60    ━━━━━━━━━━━━━━━━━━━━━━━━━━━━━━━━━━━━━━━━ 6.5/6.5 MB 112.2 MB/s eta 0:00:00
#25 50.63 Downloading filelock-4.0.1-py3-none-any.whl (106 kB)
#25 50.63    ━━━━━━━━━━━━━━━━━━━━━━━━━━━━━━━━━━━━━━━ 106.2/106.2 kB 420.6 MB/s eta 0:00:00
#25 50.66 Downloading fsspec-2026.9.0-py3-none-any.whl (221 kB)
#25 50.66    ━━━━━━━━━━━━━━━━━━━━━━━━━━━━━━━━━━━━━━━━ 221.7/221.7 kB 77.8 MB/s eta 0:00:00
#25 50.68 Downloading hf_xet-1.6.0-cp38-abi3-manylinux_2_28_aarch64.whl (4.3 MB)
#25 50.71    ━━━━━━━━━━━━━━━━━━━━━━━━━━━━━━━━━━━━━━━━ 4.3/4.3 MB 151.6 MB/s eta 0:00:00
#25 50.73 Downloading httpx-0.28.1-py3-none-any.whl (73 kB)
#25 50.74    ━━━━━━━━━━━━━━━━━━━━━━━━━━━━━━━━━━━━━━━━ 73.5/73.5 kB 130.1 MB/s eta 0:00:00
#25 50.75 Downloading httpcore-1.0.9-py3-none-any.whl (78 kB)
#25 50.76    ━━━━━━━━━━━━━━━━━━━━━━━━━━━━━━━━━━━━━━━━ 78.8/78.8 kB 31.1 MB/s eta 0:00:00
#25 50.78 Downloading joblib-1.6.0-py3-none-any.whl (306 kB)
#25 50.79    ━━━━━━━━━━━━━━━━━━━━━━━━━━━━━━━━━━━━━━━━ 306.1/306.1 kB 77.7 MB/s eta 0:00:00
#25 50.81 Downloading narwhals-2.26.0-py3-none-any.whl (474 kB)
#25 50.82    ━━━━━━━━━━━━━━━━━━━━━━━━━━━━━━━━━━━━━━━━ 474.0/474.0 kB 79.1 MB/s eta 0:00:00
#25 50.84 Downloading networkx-3.6.1-py3-none-any.whl (2.1 MB)
#25 50.85    ━━━━━━━━━━━━━━━━━━━━━━━━━━━━━━━━━━━━━━━━ 2.1/2.1 MB 159.7 MB/s eta 0:00:00
#25 50.89 Downloading regex-2026.9.10-cp311-cp311-manylinux2014_aarch64.manylinux_2_17_aarch64.manylinux_2_28_aarch64.whl (796 kB)
#25 50.90    ━━━━━━━━━━━━━━━━━━━━━━━━━━━━━━━━━━━━━━━ 796.4/796.4 kB 248.7 MB/s eta 0:00:00
#25 50.93 Downloading safetensors-0.8.0-cp310-abi3-manylinux_2_17_aarch64.manylinux2014_aarch64.whl (502 kB)
#25 50.93    ━━━━━━━━━━━━━━━━━━━━━━━━━━━━━━━━━━━━━━━ 502.8/502.8 kB 131.5 MB/s eta 0:00:00
#25 50.95 Downloading sympy-1.14.0-py3-none-any.whl (6.3 MB)
#25 51.00    ━━━━━━━━━━━━━━━━━━━━━━━━━━━━━━━━━━━━━━━━ 6.3/6.3 MB 145.4 MB/s eta 0:00:00
#25 51.02 Downloading threadpoolctl-3.7.0-py3-none-any.whl (26 kB)
#25 51.06 Downloading triton-3.8.0-cp311-cp311-manylinux_2_27_aarch64.manylinux_2_28_aarch64.whl (226.5 MB)
#25 53.66    ━━━━━━━━━━━━━━━━━━━━━━━━━━━━━━━━━━━━━━━ 226.5/226.5 MB 139.7 MB/s eta 0:00:00
#25 53.68 Downloading jinja2-3.1.6-py3-none-any.whl (134 kB)
#25 53.68    ━━━━━━━━━━━━━━━━━━━━━━━━━━━━━━━━━━━━━━━ 134.9/134.9 kB 323.3 MB/s eta 0:00:00
#25 53.71 Downloading typer-0.27.2-py3-none-any.whl (123 kB)
#25 53.71    ━━━━━━━━━━━━━━━━━━━━━━━━━━━━━━━━━━━━━━━━ 123.1/123.1 kB 68.5 MB/s eta 0:00:00
#25 53.73 Downloading cffi-2.1.1-cp311-cp311-manylinux2014_aarch64.manylinux_2_17_aarch64.whl (218 kB)
#25 53.74    ━━━━━━━━━━━━━━━━━━━━━━━━━━━━━━━━━━━━━━━ 218.7/218.7 kB 231.7 MB/s eta 0:00:00
#25 53.76 Downloading cloudpickle-3.1.2-py3-none-any.whl (22 kB)
#25 53.80 Downloading cuda_pathfinder-1.8.2-py3-none-any.whl (62 kB)
#25 53.80    ━━━━━━━━━━━━━━━━━━━━━━━━━━━━━━━━━━━━━━━━ 62.6/62.6 kB 119.9 MB/s eta 0:00:00
#25 53.82 Downloading idna-3.20-py3-none-any.whl (69 kB)
#25 53.83    ━━━━━━━━━━━━━━━━━━━━━━━━━━━━━━━━━━━━━━━━ 69.6/69.6 kB 152.0 MB/s eta 0:00:00
#25 53.85 Downloading markupsafe-3.0.3-cp311-cp311-manylinux2014_aarch64.manylinux_2_17_aarch64.manylinux_2_28_aarch64.whl (24 kB)
#25 53.88 Downloading mpmath-1.3.0-py3-none-any.whl (536 kB)
#25 53.88    ━━━━━━━━━━━━━━━━━━━━━━━━━━━━━━━━━━━━━━━ 536.2/536.2 kB 264.6 MB/s eta 0:00:00
#25 53.91 Downloading nvidia_nvjitlink-13.4.92-py3-none-manylinux2014_aarch64.manylinux_2_17_aarch64.whl (40.4 MB)
#25 54.29    ━━━━━━━━━━━━━━━━━━━━━━━━━━━━━━━━━━━━━━━━ 40.4/40.4 MB 80.6 MB/s eta 0:00:00
#25 54.32 Downloading rich-15.0.0-py3-none-any.whl (310 kB)
#25 54.33    ━━━━━━━━━━━━━━━━━━━━━━━━━━━━━━━━━━━━━━━ 310.7/310.7 kB 125.2 MB/s eta 0:00:00
#25 54.34 Downloading shellingham-1.5.4-py2.py3-none-any.whl (9.8 kB)
#25 54.37 Downloading certifi-2026.7.22-py3-none-any.whl (136 kB)
#25 54.37    ━━━━━━━━━━━━━━━━━━━━━━━━━━━━━━━━━━━━━━━ 137.0/137.0 kB 356.7 MB/s eta 0:00:00
#25 54.39 Downloading markdown_it_py-4.2.0-py3-none-any.whl (91 kB)
#25 54.40    ━━━━━━━━━━━━━━━━━━━━━━━━━━━━━━━━━━━━━━━━ 91.7/91.7 kB 335.0 MB/s eta 0:00:00
#25 54.42 Downloading pygments-2.21.0-py3-none-any.whl (1.3 MB)
#25 54.43    ━━━━━━━━━━━━━━━━━━━━━━━━━━━━━━━━━━━━━━━━ 1.3/1.3 MB 167.6 MB/s eta 0:00:00
#25 54.45 Downloading pycparser-3.0-py3-none-any.whl (48 kB)
#25 54.45    ━━━━━━━━━━━━━━━━━━━━━━━━━━━━━━━━━━━━━━━━ 48.2/48.2 kB 221.1 MB/s eta 0:00:00
#25 54.47 Downloading mdurl-0.1.2-py3-none-any.whl (10.0 kB)
#25 59.75 Building wheels for collected packages: rag
#25 59.76   Building wheel for rag (pyproject.toml): started
#25 60.03   Building wheel for rag (pyproject.toml): finished with status 'done'
#25 60.03   Created wheel for rag: filename=rag-0.1.0-py3-none-any.whl size=61461 sha256=17736a9652f7c862155520b406ca9bffc37dd50d5684347d2e20c54f18fad6a5
#25 60.03   Stored in directory: /tmp/pip-ephem-wheel-cache-rleclu3q/wheels/57/0f/98/bb57b2b57b95807699b822a35c022f139d38a02c27922f27ce
#25 60.04 Successfully built rag
#25 60.40 Installing collected packages: nvidia-cusparselt-cu13, mpmath, cuda-toolkit, typing-extensions, triton, tqdm, threadpoolctl, sympy, shellingham, safetensors, regex, pyyaml, pypdfium2, pygments, pycparser, Pillow, nvidia-nvtx, nvidia-nvshmem-cu13, nvidia-nvjitlink, nvidia-nccl-cu13, nvidia-curand, nvidia-cufile, nvidia-cuda-runtime, nvidia-cuda-nvrtc, nvidia-cuda-cupti, numpy, networkx, narwhals, mdurl, MarkupSafe, lxml, idna, hf-xet, h11, fsspec, filelock, cuda-pathfinder, cloudpickle, click, charset-normalizer, certifi, annotated-types, annotated-doc, uvicorn, typing-inspection, scipy, python-docx, pydantic-core, nvidia-cusparse, nvidia-cufft, nvidia-cublas, markdown-it-py, joblib, jinja2, httpcore, cuda-bindings, cffi, anyio, starlette, scikit-learn, rich, pydantic, nvidia-cusolver, nvidia-cudnn-cu13, httpx, cryptography, typer, pdfminer.six, huggingface-hub, fastapi, torch, tokenizers, pdfplumber, transformers, sentence-transformers, rag
#25 92.36 Successfully installed MarkupSafe-3.0.3 Pillow-12.3.0 annotated-doc-0.0.5 annotated-types-0.8.0 anyio-4.15.1 certifi-2026.7.22 cffi-2.1.1 charset-normalizer-3.5.1 click-8.5.0 cloudpickle-3.1.2 cryptography-50.0.1 cuda-bindings-13.4.2 cuda-pathfinder-1.8.2 cuda-toolkit-13.0.3.0 fastapi-0.141.1 filelock-4.0.1 fsspec-2026.9.0 h11-0.16.0 hf-xet-1.6.0 httpcore-1.0.9 httpx-0.28.1 huggingface-hub-1.32.0 idna-3.20 jinja2-3.1.6 joblib-1.6.0 lxml-6.1.3 markdown-it-py-4.2.0 mdurl-0.1.2 mpmath-1.3.0 narwhals-2.26.0 networkx-3.6.1 numpy-2.4.6 nvidia-cublas-13.1.1.3 nvidia-cuda-cupti-13.0.85 nvidia-cuda-nvrtc-13.0.88 nvidia-cuda-runtime-13.0.96 nvidia-cudnn-cu13-9.24.0.43 nvidia-cufft-12.0.0.61 nvidia-cufile-1.15.1.6 nvidia-curand-10.4.0.35 nvidia-cusolver-12.0.4.66 nvidia-cusparse-12.6.3.3 nvidia-cusparselt-cu13-0.8.1 nvidia-nccl-cu13-2.30.7 nvidia-nvjitlink-13.4.92 nvidia-nvshmem-cu13-3.4.5 nvidia-nvtx-13.0.85 pdfminer.six-20260107 pdfplumber-0.11.10 pycparser-3.0 pydantic-2.13.5 pydantic-core-2.46.5 pygments-2.21.0 pypdfium2-5.13.0 python-docx-1.2.0 pyyaml-6.0.3 rag-0.1.0 regex-2026.9.10 rich-15.0.0 safetensors-0.8.0 scikit-learn-1.9.1 scipy-1.17.1 sentence-transformers-6.1.0 shellingham-1.5.4 starlette-1.6.0 sympy-1.14.0 threadpoolctl-3.7.0 tokenizers-0.23.2 torch-2.14.0 tqdm-4.70.1 transformers-5.17.0 triton-3.8.0 typer-0.27.2 typing-extensions-4.16.0 typing-inspection-0.4.4 uvicorn-0.53.0
#25 92.36 WARNING: Running pip as the 'root' user can result in broken permissions and conflicting behaviour with the system package manager. It is recommended to use a virtual environment instead: https://pip.pypa.io/warnings/venv
#25 92.49 
#25 92.49 [notice] A new release of pip is available: 24.0 -> 26.2.1
#25 92.49 [notice] To update, run: pip install --upgrade pip
#25 DONE 93.8s

#30 [api  9/10] COPY docker/entrypoint.sh /entrypoint.sh
#30 DONE 0.1s

#31 [api 10/10] RUN chmod +x /entrypoint.sh
#31 DONE 0.1s

#32 [api] exporting to image
#32 exporting layers
#32 exporting layers 85.5s done
#32 exporting manifest sha256:26fc1765e4b36376200518bb2db1c9cba61fb21e0163d2f75896962c3958b9cf 0.0s done
#32 exporting config sha256:d85151493cddbdb49cc2716b4a050df2e96c70094a337265eb62b3ca6d4ddc33 0.0s done
#32 exporting attestation manifest sha256:cf4a109eedf2f9ddfcabba982c12dda95c1efe1abef08fa8222b91b6e847c66b done
#32 exporting manifest list sha256:2c97ffd9695f6132e16c639db693ac114d308e843a0ad2e793268fc455b91e34 done
#32 naming to docker.io/library/rag-week6-api:latest done
#32 unpacking to docker.io/library/rag-week6-api:latest
#32 unpacking to docker.io/library/rag-week6-api:latest 15.6s done
#32 DONE 101.2s

#33 [api] resolving provenance for metadata file
#33 DONE 0.0s
 Image rag-week6-api Built 
 Image rag-week6-web Built 
